<html>
<body>
<pre>
<h1>µVision Build Log</h1>
<h2>Tool Versions:</h2>
IDE-Version: ¦ÌVision V5.16.0.0
Copyright (C) 2015 ARM Ltd and ARM Germany GmbH. All rights reserved.
License Information: PIAO RAN, CHENGDONGDIANZI.INC, LIC=IK130-BWBAM-DXZU3-ACDHW-AQN6U-9304R
 
Tool Versions:
Toolchain:       MDK-ARM Standard  Version: 5.16.0.0
Toolchain Path:  D:\Keil_v5\ARM\ARMCC\Bin
C Compiler:      Armcc.exe V5.06 (build 20)
Assembler:       Armasm.exe V5.06 (build 20)
Linker/Locator:  ArmLink.exe V5.06 (build 20)
Library Manager: ArmAr.exe V5.06 (build 20)
Hex Converter:   FromElf.exe V5.06 (build 20)
CPU DLL:         SARMCM3.DLL V5.16.0.0
Dialog DLL:      DARMCM1.DLL V1.12.0.0
Target DLL:      UL2CM3.DLL V1.155.12.0
Dialog DLL:      TARMCM1.DLL V1.9.0.0
 
<h2>Project:</h2>
C:\Users\Administrator\Desktop\13LIS3DH Gsensor_iospi\Module_samples.uvprojx
Project File Date:  07/22/2016

<h2>Output:</h2>
*** Using Compiler 'V5.06 (build 20)', folder: 'D:\Keil_v5\ARM\ARMCC\Bin'
Build target 'Module_samples'
Clean started - Project: 'Module_samples'
   deleting intermediate output files for target 'Module_samples'
compiling main.c...
compiling led.c...
compiling key.c...
compiling oled.c...
compiling lis3dh.c...
compiling syd8801_gpio.c...
compiling syd8801_delay.c...
compiling syd8801_timer.c...
compiling syd8801_uart.c...
compiling syd8801_wdt.c...
compiling syd8801_pwm.c...
compiling syd8801_debug.c...
compiling syd8801_adc.c...
compiling syd8801_ioi2c.c...
compiling syd8801_iospi.c...
assembling startup_ARMCM0.s...
compiling system_ARMCM0.c...
linking...
Program Size: Code=6296 RO-data=248 RW-data=44 ZI-data=1164  
".\Objects\Module_samples.axf" - 0 Error(s), 0 Warning(s).

*** Performing Cross-Module-Optimization:
compiling main.c...
compiling led.c...
compiling key.c...
compiling oled.c...
compiling lis3dh.c...
compiling syd8801_gpio.c...
compiling syd8801_delay.c...
compiling syd8801_timer.c...
compiling syd8801_uart.c...
compiling syd8801_wdt.c...
compiling syd8801_pwm.c...
compiling syd8801_debug.c...
compiling syd8801_adc.c...
compiling syd8801_ioi2c.c...
compiling syd8801_iospi.c...
compiling system_ARMCM0.c...
linking...
Program Size: Code=6296 RO-data=248 RW-data=44 ZI-data=1164  
FromELF: creating hex file...
".\Objects\Module_samples.axf" - 0 Error(s), 0 Warning(s).
*** Completed Cross-Module-Optimization after 2 iteration(s).

<h2>Software Packages used:</h2>

Package Vendor: ARM
                http://www.keil.com/pack/ARM.CMSIS.4.5.0.pack
                ARM::CMSIS:CORE:4.3.0
                CMSIS (Cortex Microcontroller Software Interface Standard)
   * Component: CORE Version: 4.3.0
   * Component: Startup Version: 1.0.1

<h2>Collection of Component include folders:</h2>
  C:\Users\Administrator\Desktop\13LIS3DH Gsensor_iospi\RTE
  D:\Keil_v5\ARM\PACK\ARM\CMSIS\4.5.0\CMSIS\Include
  D:\Keil_v5\ARM\PACK\ARM\CMSIS\4.5.0\Device\ARM\ARMCM0\Include

<h2>Collection of Component Files used:</h2>

   * Component: ARM::CMSIS:CORE:4.3.0

   * Component: ARM::Device:Startup:1.0.1
      Include file:  Device\ARM\ARMCM0\Include\ARMCM0.h
      Source file:   Device\ARM\ARMCM0\Source\ARM\startup_ARMCM0.s
      Source file:   Device\ARM\ARMCM0\Source\system_ARMCM0.c
Build Time Elapsed:  00:00:06
</pre>
</body>
</html>
