Component: ARM Compiler 5.06 (build 20) Tool: armlink [4d35a3]

==============================================================================

Section Cross References

    main.o(.text) refers to debug.o(.text) for dbg_printf
    main.o(.text) refers to gpio.o(.text) for GPIO_Set_Output
    main.o(.text) refers to oled.o(.text) for oled_init
    main.o(.text) refers to delay.o(.text) for delay_ms
    oled.o(.text) refers to i2c.o(.text) for i2c_1_write
    oled.o(.text) refers to gpio.o(.text) for GPIO_Set_Output
    oled.o(.text) refers to delay.o(.text) for delay_ms
    oled.o(.text) refers to printfa.o(i.__0vsprintf) for __c89vsprintf
    oled.o(.text) refers to oled.o(.constdata) for F8X16
    oled.o(.text) refers to oled.o(.bss) for s_formatBuffer
    oled.o(.text) refers to oled.o(.text) for oled_set_pos
    oled.o(.text) refers to oled.o(.constdata) for F6x8
    oled.o(.text) refers to oled.o(.text) for oled_set_pos
    oled.o(.text) refers to oled.o(.constdata) for codeGB_16
    i2c.o(.text) refers to gpio.o(.text) for PIN_Set_GPIO
    i2c.o(.text) refers to memcpya.o(.text) for __aeabi_memcpy
    i2c.o(.text) refers to i2c.o(.data) for I2C_0_CTRL
    i2c.o(.text) refers to memcpya.o(.text) for __aeabi_memcpy
    i2c.o(.text) refers to i2c.o(.data) for I2C_0_CTRL
    i2c.o(.text) refers to memcpya.o(.text) for __aeabi_memcpy
    i2c.o(.text) refers to i2c.o(.data) for I2C_0_CTRL
    i2c.o(.text) refers to memcpya.o(.text) for __aeabi_memcpy
    i2c.o(.text) refers to i2c.o(.data) for I2C_1_CTRL
    debug.o(.text) refers to uart.o(.text) for uart_0_init
    debug.o(.text) refers to printfa.o(i.__0vsprintf) for __c89vsprintf
    debug.o(.text) refers to uart.o(.text) for uart_0_write
    debug.o(.text) refers to debug.o(.bss) for s_formatBuffer
    debug.o(.text) refers to debug.o(.text) for dbg_printf
    uart.o(.text) refers to uart.o(.text) for NVIC_EnableIRQ
    uart.o(.text) refers to gpio.o(.data) for PIN_CONFIG
    uart.o(.text) refers to uart.o(.data) for UART_0_CTRL
    uart.o(.text) refers to uart.o(.data) for UART_0_CTRL
    uart.o(.text) refers to uart.o(.text) for NVIC_DisableIRQ
    uart.o(.text) refers to uart.o(.data) for UART_0_CTRL
    uart.o(.text) refers to uart.o(.text) for NVIC_EnableIRQ
    uart.o(.text) refers to gpio.o(.data) for PIN_CONFIG
    uart.o(.text) refers to uart.o(.data) for UART_1_CTRL
    uart.o(.text) refers to uart.o(.data) for UART_1_CTRL
    uart.o(.text) refers to uart.o(.text) for NVIC_DisableIRQ
    uart.o(.text) refers to uart.o(.data) for UART_1_CTRL
    gpio.o(.text) refers to gpio.o(.data) for PIN_CONFIG
    gpio.o(.text) refers to gpio.o(.data) for pinmuxtab48
    gpio.o(.text) refers to gpio.o(.data) for GPIO_CTRL
    gpio.o(.text) refers to gpio.o(.data) for GPI_CTRL
    gpio.o(.text) refers to gpio.o(.data) for GPI_CTRL
    gpio.o(.text) refers to gpio.o(.data) for GPI_CTRL
    gpio.o(.text) refers to gpio.o(.data) for GPIO_IRQ_CTRL
    gpio.o(.text) refers to gpio.o(.data) for GPIO_IRQ_CTRL
    gpio.o(.text) refers to gpio.o(.data) for GPIO_IRQ_CTRL
    startup_armcm0.o(RESET) refers to startup_armcm0.o(STACK) for __initial_sp
    startup_armcm0.o(RESET) refers to startup_armcm0.o(.text) for Reset_Handler
    startup_armcm0.o(RESET) refers to uart.o(.text) for UART0_IRQHandler
    startup_armcm0.o(RESET) refers to gpio.o(.text) for GPIO_IRQHandler
    startup_armcm0.o(.text) refers to system_armcm0.o(.text) for SystemInit
    startup_armcm0.o(.text) refers to entry.o(.ARM.Collect$$$$00000000) for __main
    system_armcm0.o(.text) refers to system_armcm0.o(.data) for SystemCoreClock
    system_armcm0.o(.text) refers to system_armcm0.o(.data) for SystemCoreClock
    entry.o(.ARM.Collect$$$$00000000) refers (Special) to entry10a.o(.ARM.Collect$$$$0000000D) for __rt_final_cpp
    entry.o(.ARM.Collect$$$$00000000) refers (Special) to entry11a.o(.ARM.Collect$$$$0000000F) for __rt_final_exit
    entry.o(.ARM.Collect$$$$00000000) refers (Special) to entry7b.o(.ARM.Collect$$$$00000008) for _main_clock
    entry.o(.ARM.Collect$$$$00000000) refers (Special) to entry8b.o(.ARM.Collect$$$$0000000A) for _main_cpp_init
    entry.o(.ARM.Collect$$$$00000000) refers (Special) to entry9a.o(.ARM.Collect$$$$0000000B) for _main_init
    entry.o(.ARM.Collect$$$$00000000) refers (Special) to entry5.o(.ARM.Collect$$$$00000004) for _main_scatterload
    entry.o(.ARM.Collect$$$$00000000) refers (Special) to entry2.o(.ARM.Collect$$$$00000001) for _main_stk
    printfa.o(i.__0fprintf) refers (Special) to iusefp.o(.text) for __I$use$fp
    printfa.o(i.__0fprintf) refers to printfa.o(i._printf_core) for _printf_core
    printfa.o(i.__0fprintf) refers to fputc.o(i.fputc) for fputc
    printfa.o(i.__0printf) refers (Special) to iusefp.o(.text) for __I$use$fp
    printfa.o(i.__0printf) refers to printfa.o(i._printf_core) for _printf_core
    printfa.o(i.__0printf) refers to fputc.o(i.fputc) for fputc
    printfa.o(i.__0printf) refers to stdout.o(.data) for __stdout
    printfa.o(i.__0snprintf) refers (Special) to iusefp.o(.text) for __I$use$fp
    printfa.o(i.__0snprintf) refers to printfa.o(i._printf_core) for _printf_core
    printfa.o(i.__0snprintf) refers to printfa.o(i._snputc) for _snputc
    printfa.o(i.__0sprintf) refers (Special) to iusefp.o(.text) for __I$use$fp
    printfa.o(i.__0sprintf) refers to printfa.o(i._printf_core) for _printf_core
    printfa.o(i.__0sprintf) refers to printfa.o(i._sputc) for _sputc
    printfa.o(i.__0vfprintf) refers (Special) to iusefp.o(.text) for __I$use$fp
    printfa.o(i.__0vfprintf) refers to printfa.o(i._printf_core) for _printf_core
    printfa.o(i.__0vfprintf) refers to fputc.o(i.fputc) for fputc
    printfa.o(i.__0vprintf) refers (Special) to iusefp.o(.text) for __I$use$fp
    printfa.o(i.__0vprintf) refers to printfa.o(i._printf_core) for _printf_core
    printfa.o(i.__0vprintf) refers to fputc.o(i.fputc) for fputc
    printfa.o(i.__0vprintf) refers to stdout.o(.data) for __stdout
    printfa.o(i.__0vsnprintf) refers (Special) to iusefp.o(.text) for __I$use$fp
    printfa.o(i.__0vsnprintf) refers to printfa.o(i._printf_core) for _printf_core
    printfa.o(i.__0vsnprintf) refers to printfa.o(i._snputc) for _snputc
    printfa.o(i.__0vsprintf) refers (Special) to iusefp.o(.text) for __I$use$fp
    printfa.o(i.__0vsprintf) refers to printfa.o(i._printf_core) for _printf_core
    printfa.o(i.__0vsprintf) refers to printfa.o(i._sputc) for _sputc
    printfa.o(i._fp_digits) refers (Special) to iusefp.o(.text) for __I$use$fp
    printfa.o(i._fp_digits) refers to dmul.o(.text) for __aeabi_dmul
    printfa.o(i._fp_digits) refers to ddiv.o(.text) for __aeabi_ddiv
    printfa.o(i._fp_digits) refers to cdrcmple.o(.text) for __aeabi_cdrcmple
    printfa.o(i._fp_digits) refers to dadd.o(.text) for __aeabi_dadd
    printfa.o(i._fp_digits) refers to dfixul.o(.text) for __aeabi_d2ulz
    printfa.o(i._fp_digits) refers to uldiv.o(.text) for __aeabi_uldivmod
    printfa.o(i._printf_core) refers (Special) to iusefp.o(.text) for __I$use$fp
    printfa.o(i._printf_core) refers to printfa.o(i._printf_pre_padding) for _printf_pre_padding
    printfa.o(i._printf_core) refers to uldiv.o(.text) for __aeabi_uldivmod
    printfa.o(i._printf_core) refers to printfa.o(i._printf_post_padding) for _printf_post_padding
    printfa.o(i._printf_core) refers to printfa.o(i._fp_digits) for _fp_digits
    printfa.o(i._printf_core) refers to uidiv.o(.text) for __aeabi_uidivmod
    printfa.o(i._printf_post_padding) refers (Special) to iusefp.o(.text) for __I$use$fp
    printfa.o(i._printf_pre_padding) refers (Special) to iusefp.o(.text) for __I$use$fp
    printfa.o(i._snputc) refers (Special) to iusefp.o(.text) for __I$use$fp
    printfa.o(i._sputc) refers (Special) to iusefp.o(.text) for __I$use$fp
    entry2.o(.ARM.Collect$$$$00000001) refers to entry2.o(.ARM.Collect$$$$00002712) for __lit__00000000
    entry2.o(.ARM.Collect$$$$00002712) refers to startup_armcm0.o(STACK) for __initial_sp
    entry2.o(__vectab_stack_and_reset_area) refers to startup_armcm0.o(STACK) for __initial_sp
    entry2.o(__vectab_stack_and_reset_area) refers to entry.o(.ARM.Collect$$$$00000000) for __main
    entry5.o(.ARM.Collect$$$$00000004) refers to init.o(.text) for __scatterload
    entry9a.o(.ARM.Collect$$$$0000000B) refers to main.o(.text) for main
    entry9b.o(.ARM.Collect$$$$0000000C) refers to main.o(.text) for main
    fputc.o(i.fputc) refers (Special) to iusesemip.o(.text) for __I$use$semihosting$fputc
    fputc.o(i.fputc) refers (Special) to semi.o(.text) for __semihosting_library_function
    uldiv.o(.text) refers to llushr.o(.text) for __aeabi_llsr
    uldiv.o(.text) refers to llshl.o(.text) for __aeabi_llsl
    dadd.o(.text) refers to llshl.o(.text) for __aeabi_llsl
    dadd.o(.text) refers to llsshr.o(.text) for __aeabi_lasr
    dadd.o(.text) refers to depilogue.o(.text) for _double_epilogue
    dmul.o(.text) refers to depilogue.o(.text) for _double_epilogue
    ddiv.o(.text) refers to depilogue.o(.text) for _double_round
    dfixul.o(.text) refers to llushr.o(.text) for __aeabi_llsr
    dfixul.o(.text) refers to llshl.o(.text) for __aeabi_llsl
    init.o(.text) refers to entry5.o(.ARM.Collect$$$$00000004) for __main_after_scatterload
    depilogue.o(.text) refers to depilogue.o(i.__ARM_clz) for __ARM_clz
    depilogue.o(.text) refers to llshl.o(.text) for __aeabi_llsl
    depilogue.o(.text) refers to llushr.o(.text) for __aeabi_llsr


==============================================================================

Removing Unused input sections from the image.

    Removing main.o(.rev16_text), (4 bytes).
    Removing main.o(.revsh_text), (4 bytes).
    Removing oled.o(.rev16_text), (4 bytes).
    Removing oled.o(.revsh_text), (4 bytes).
    Removing oled.o(.text), (100 bytes).
    Removing oled.o(.text), (160 bytes).
    Removing i2c.o(.rev16_text), (4 bytes).
    Removing i2c.o(.revsh_text), (4 bytes).
    Removing i2c.o(.text), (240 bytes).
    Removing i2c.o(.text), (244 bytes).
    Removing i2c.o(.text), (244 bytes).
    Removing debug.o(.rev16_text), (4 bytes).
    Removing debug.o(.revsh_text), (4 bytes).
    Removing debug.o(.text), (8 bytes).
    Removing debug.o(.text), (60 bytes).
    Removing uart.o(.rev16_text), (4 bytes).
    Removing uart.o(.revsh_text), (4 bytes).
    Removing uart.o(.text), (348 bytes).
    Removing uart.o(.text), (32 bytes).
    Removing uart.o(.text), (348 bytes).
    Removing uart.o(.text), (44 bytes).
    Removing uart.o(.text), (32 bytes).
    Removing uart.o(.text), (20 bytes).
    Removing uart.o(.text), (20 bytes).
    Removing gpio.o(.rev16_text), (4 bytes).
    Removing gpio.o(.revsh_text), (4 bytes).
    Removing gpio.o(.text), (160 bytes).
    Removing gpio.o(.text), (208 bytes).
    Removing gpio.o(.text), (56 bytes).
    Removing gpio.o(.text), (56 bytes).
    Removing gpio.o(.text), (40 bytes).
    Removing gpio.o(.text), (156 bytes).
    Removing gpio.o(.text), (56 bytes).
    Removing gpio.o(.text), (64 bytes).
    Removing delay.o(.rev16_text), (4 bytes).
    Removing delay.o(.revsh_text), (4 bytes).
    Removing delay.o(.text), (26 bytes).
    Removing startup_armcm0.o(HEAP), (3072 bytes).
    Removing system_armcm0.o(.rev16_text), (4 bytes).
    Removing system_armcm0.o(.revsh_text), (4 bytes).
    Removing system_armcm0.o(.text), (16 bytes).

41 unused section(s) (total 5874 bytes) removed from the image.

==============================================================================

Image Symbol Table

    Local Symbols

    Symbol Name                              Value     Ov Type        Size  Object(Section)

    ../clib/microlib/division.c              0x00000000   Number         0  uidiv.o ABSOLUTE
    ../clib/microlib/division.c              0x00000000   Number         0  uldiv.o ABSOLUTE
    ../clib/microlib/init/entry.s            0x00000000   Number         0  entry2.o ABSOLUTE
    ../clib/microlib/init/entry.s            0x00000000   Number         0  entry5.o ABSOLUTE
    ../clib/microlib/init/entry.s            0x00000000   Number         0  entry10b.o ABSOLUTE
    ../clib/microlib/init/entry.s            0x00000000   Number         0  entry7b.o ABSOLUTE
    ../clib/microlib/init/entry.s            0x00000000   Number         0  entry8b.o ABSOLUTE
    ../clib/microlib/init/entry.s            0x00000000   Number         0  entry7a.o ABSOLUTE
    ../clib/microlib/init/entry.s            0x00000000   Number         0  entry11b.o ABSOLUTE
    ../clib/microlib/init/entry.s            0x00000000   Number         0  entry11a.o ABSOLUTE
    ../clib/microlib/init/entry.s            0x00000000   Number         0  entry9a.o ABSOLUTE
    ../clib/microlib/init/entry.s            0x00000000   Number         0  entry9b.o ABSOLUTE
    ../clib/microlib/init/entry.s            0x00000000   Number         0  entry8a.o ABSOLUTE
    ../clib/microlib/init/entry.s            0x00000000   Number         0  entry.o ABSOLUTE
    ../clib/microlib/init/entry.s            0x00000000   Number         0  entry10a.o ABSOLUTE
    ../clib/microlib/longlong.c              0x00000000   Number         0  llshl.o ABSOLUTE
    ../clib/microlib/longlong.c              0x00000000   Number         0  llushr.o ABSOLUTE
    ../clib/microlib/longlong.c              0x00000000   Number         0  llsshr.o ABSOLUTE
    ../clib/microlib/printf/printf.c         0x00000000   Number         0  printfa.o ABSOLUTE
    ../clib/microlib/stdio/fputc.c           0x00000000   Number         0  fputc.o ABSOLUTE
    ../clib/microlib/stdio/semi.s            0x00000000   Number         0  semi.o ABSOLUTE
    ../clib/microlib/stdio/streams.c         0x00000000   Number         0  stdout.o ABSOLUTE
    ../clib/microlib/string/memcpy.c         0x00000000   Number         0  memcpyb.o ABSOLUTE
    ../clib/microlib/string/memcpy.c         0x00000000   Number         0  memcpya.o ABSOLUTE
    ../clib/microlib/stubs.s                 0x00000000   Number         0  iusefp.o ABSOLUTE
    ../clib/microlib/stubs.s                 0x00000000   Number         0  iusesemip.o ABSOLUTE
    ../fplib/microlib/fpadd.c                0x00000000   Number         0  dadd.o ABSOLUTE
    ../fplib/microlib/fpdiv.c                0x00000000   Number         0  ddiv.o ABSOLUTE
    ../fplib/microlib/fpepilogue.c           0x00000000   Number         0  depilogue.o ABSOLUTE
    ../fplib/microlib/fpfix.c                0x00000000   Number         0  dfixul.o ABSOLUTE
    ../fplib/microlib/fpmul.c                0x00000000   Number         0  dmul.o ABSOLUTE
    ..\..\..\Driver\debug.c                  0x00000000   Number         0  debug.o ABSOLUTE
    ..\..\..\Driver\delay.c                  0x00000000   Number         0  delay.o ABSOLUTE
    ..\..\..\Driver\gpio.c                   0x00000000   Number         0  gpio.o ABSOLUTE
    ..\..\..\Driver\i2c.c                    0x00000000   Number         0  i2c.o ABSOLUTE
    ..\..\..\Driver\uart.c                   0x00000000   Number         0  uart.o ABSOLUTE
    ..\\..\\..\\Driver\\debug.c              0x00000000   Number         0  debug.o ABSOLUTE
    ..\\..\\..\\Driver\\delay.c              0x00000000   Number         0  delay.o ABSOLUTE
    ..\\..\\..\\Driver\\gpio.c               0x00000000   Number         0  gpio.o ABSOLUTE
    ..\\..\\..\\Driver\\i2c.c                0x00000000   Number         0  i2c.o ABSOLUTE
    ..\\..\\..\\Driver\\uart.c               0x00000000   Number         0  uart.o ABSOLUTE
    ..\\main.c                               0x00000000   Number         0  main.o ABSOLUTE
    ..\\oled.c                               0x00000000   Number         0  oled.o ABSOLUTE
    ..\main.c                                0x00000000   Number         0  main.o ABSOLUTE
    ..\oled.c                                0x00000000   Number         0  oled.o ABSOLUTE
    RTE\Device\ARMCM0\startup_ARMCM0.s       0x00000000   Number         0  startup_armcm0.o ABSOLUTE
    RTE\Device\ARMCM0\system_ARMCM0.c        0x00000000   Number         0  system_armcm0.o ABSOLUTE
    RTE\\Device\\ARMCM0\\system_ARMCM0.c     0x00000000   Number         0  system_armcm0.o ABSOLUTE
    cdrcmple.s                               0x00000000   Number         0  cdrcmple.o ABSOLUTE
    dc.s                                     0x00000000   Number         0  dc.o ABSOLUTE
    handlers.s                               0x00000000   Number         0  handlers.o ABSOLUTE
    init.s                                   0x00000000   Number         0  init.o ABSOLUTE
    RESET                                    0x10000000   Section      192  startup_armcm0.o(RESET)
    .ARM.Collect$$$$00000000                 0x100000c0   Section        0  entry.o(.ARM.Collect$$$$00000000)
    .ARM.Collect$$$$00000001                 0x100000c0   Section        4  entry2.o(.ARM.Collect$$$$00000001)
    .ARM.Collect$$$$00000004                 0x100000c4   Section        4  entry5.o(.ARM.Collect$$$$00000004)
    .ARM.Collect$$$$00000008                 0x100000c8   Section        0  entry7b.o(.ARM.Collect$$$$00000008)
    .ARM.Collect$$$$0000000A                 0x100000c8   Section        0  entry8b.o(.ARM.Collect$$$$0000000A)
    .ARM.Collect$$$$0000000B                 0x100000c8   Section        8  entry9a.o(.ARM.Collect$$$$0000000B)
    .ARM.Collect$$$$0000000D                 0x100000d0   Section        0  entry10a.o(.ARM.Collect$$$$0000000D)
    .ARM.Collect$$$$0000000F                 0x100000d0   Section        0  entry11a.o(.ARM.Collect$$$$0000000F)
    .ARM.Collect$$$$00002712                 0x100000d0   Section        4  entry2.o(.ARM.Collect$$$$00002712)
    __lit__00000000                          0x100000d0   Data           4  entry2.o(.ARM.Collect$$$$00002712)
    .text                                    0x100000d4   Section        0  main.o(.text)
    .text                                    0x10000190   Section        0  oled.o(.text)
    oled_wrcmd                               0x10000191   Thumb Code    22  oled.o(.text)
    oled_fill                                0x100001bd   Thumb Code    58  oled.o(.text)
    .text                                    0x100003e4   Section        0  i2c.o(.text)
    .text                                    0x1000054c   Section        0  debug.o(.text)
    .text                                    0x10000598   Section        0  uart.o(.text)
    .text                                    0x1000072c   Section        0  gpio.o(.text)
    .text                                    0x10000960   Section        0  delay.o(.text)
    .text                                    0x10000980   Section       28  startup_armcm0.o(.text)
    .text                                    0x1000099c   Section        0  system_armcm0.o(.text)
    .text                                    0x100009ac   Section        0  memcpya.o(.text)
    .text                                    0x100009d0   Section        0  uidiv.o(.text)
    .text                                    0x100009fc   Section        0  uldiv.o(.text)
    .text                                    0x10000a5c   Section        0  iusefp.o(.text)
    .text                                    0x10000a5c   Section        0  dadd.o(.text)
    .text                                    0x10000bc0   Section        0  dmul.o(.text)
    .text                                    0x10000c90   Section        0  ddiv.o(.text)
    .text                                    0x10000d80   Section        0  dfixul.o(.text)
    .text                                    0x10000dc0   Section       40  cdrcmple.o(.text)
    .text                                    0x10000de8   Section       36  init.o(.text)
    .text                                    0x10000e0c   Section        0  llshl.o(.text)
    .text                                    0x10000e2c   Section        0  llushr.o(.text)
    .text                                    0x10000e4e   Section        0  llsshr.o(.text)
    .text                                    0x10000e74   Section        0  depilogue.o(.text)
    i.__0vsprintf                            0x10000f34   Section        0  printfa.o(i.__0vsprintf)
    i.__ARM_clz                              0x10000f58   Section        0  depilogue.o(i.__ARM_clz)
    i.__scatterload_copy                     0x10000f86   Section       14  handlers.o(i.__scatterload_copy)
    i.__scatterload_null                     0x10000f94   Section        2  handlers.o(i.__scatterload_null)
    i.__scatterload_zeroinit                 0x10000f96   Section       14  handlers.o(i.__scatterload_zeroinit)
    i._fp_digits                             0x10000fa4   Section        0  printfa.o(i._fp_digits)
    _fp_digits                               0x10000fa5   Thumb Code   316  printfa.o(i._fp_digits)
    i._printf_core                           0x100010fc   Section        0  printfa.o(i._printf_core)
    _printf_core                             0x100010fd   Thumb Code  1754  printfa.o(i._printf_core)
    i._printf_post_padding                   0x100017e8   Section        0  printfa.o(i._printf_post_padding)
    _printf_post_padding                     0x100017e9   Thumb Code    32  printfa.o(i._printf_post_padding)
    i._printf_pre_padding                    0x10001808   Section        0  printfa.o(i._printf_pre_padding)
    _printf_pre_padding                      0x10001809   Thumb Code    44  printfa.o(i._printf_pre_padding)
    i._sputc                                 0x10001834   Section        0  printfa.o(i._sputc)
    _sputc                                   0x10001835   Thumb Code    10  printfa.o(i._sputc)
    .constdata                               0x1000183e   Section     2457  oled.o(.constdata)
    .data                                    0x20003000   Section       24  i2c.o(.data)
    I2C_0_CTRL                               0x20003000   Data           4  i2c.o(.data)
    I2C_0_TXD                                0x20003004   Data           4  i2c.o(.data)
    I2C_0_RXD                                0x20003008   Data           4  i2c.o(.data)
    I2C_1_CTRL                               0x2000300c   Data           4  i2c.o(.data)
    I2C_1_TXD                                0x20003010   Data           4  i2c.o(.data)
    I2C_1_RXD                                0x20003014   Data           4  i2c.o(.data)
    .data                                    0x20003018   Section        8  uart.o(.data)
    UART_0_CTRL                              0x20003018   Data           4  uart.o(.data)
    UART_1_CTRL                              0x2000301c   Data           4  uart.o(.data)
    .data                                    0x20003020   Section       72  gpio.o(.data)
    gpio_callback                            0x20003034   Data           4  gpio.o(.data)
    pinmuxtab48                              0x20003038   Data          24  gpio.o(.data)
    pinmuxtab32                              0x20003050   Data          24  gpio.o(.data)
    .data                                    0x20003068   Section        4  system_armcm0.o(.data)
    .bss                                     0x2000306c   Section      128  oled.o(.bss)
    s_formatBuffer                           0x2000306c   Data         128  oled.o(.bss)
    .bss                                     0x200030ec   Section      128  debug.o(.bss)
    s_formatBuffer                           0x200030ec   Data         128  debug.o(.bss)
    STACK                                    0x20003170   Section     1024  startup_armcm0.o(STACK)

    Global Symbols

    Symbol Name                              Value     Ov Type        Size  Object(Section)

    BuildAttributes$$THM_ISAv3M$S$PE$A:L22$X:L11$S22$IEEE1$IW$USESV6$~STKCKD$USESV7$~SHL$OSPACE$ROPI$EBA8$MICROLIB$REQ8$PRES8$EABIv2 0x00000000   Number         0  anon$$obj.o ABSOLUTE
    __ARM_use_no_argv                        0x00000000   Number         0  main.o ABSOLUTE
    __cpp_initialize__aeabi_                  - Undefined Weak Reference
    __cxa_finalize                            - Undefined Weak Reference
    __decompress                              - Undefined Weak Reference
    _clock_init                               - Undefined Weak Reference
    _microlib_exit                            - Undefined Weak Reference
    __Vectors_Size                           0x000000c0   Number         0  startup_armcm0.o ABSOLUTE
    __Vectors                                0x10000000   Data           4  startup_armcm0.o(RESET)
    __Vectors_End                            0x100000c0   Data           0  startup_armcm0.o(RESET)
    __main                                   0x100000c1   Thumb Code     0  entry.o(.ARM.Collect$$$$00000000)
    _main_stk                                0x100000c1   Thumb Code     0  entry2.o(.ARM.Collect$$$$00000001)
    _main_scatterload                        0x100000c5   Thumb Code     0  entry5.o(.ARM.Collect$$$$00000004)
    __main_after_scatterload                 0x100000c9   Thumb Code     0  entry5.o(.ARM.Collect$$$$00000004)
    _main_clock                              0x100000c9   Thumb Code     0  entry7b.o(.ARM.Collect$$$$00000008)
    _main_cpp_init                           0x100000c9   Thumb Code     0  entry8b.o(.ARM.Collect$$$$0000000A)
    _main_init                               0x100000c9   Thumb Code     0  entry9a.o(.ARM.Collect$$$$0000000B)
    __rt_final_cpp                           0x100000d1   Thumb Code     0  entry10a.o(.ARM.Collect$$$$0000000D)
    __rt_final_exit                          0x100000d1   Thumb Code     0  entry11a.o(.ARM.Collect$$$$0000000F)
    main                                     0x100000d5   Thumb Code    90  main.o(.text)
    oled_wrdat                               0x100001a7   Thumb Code    22  oled.o(.text)
    oled_set_pos                             0x100001f7   Thumb Code    46  oled.o(.text)
    oled_init                                0x10000225   Thumb Code   234  oled.o(.text)
    oled_8x16str                             0x1000030f   Thumb Code   134  oled.o(.text)
    oled_printf                              0x10000395   Thumb Code    70  oled.o(.text)
    i2c_Init                                 0x100003e5   Thumb Code   116  i2c.o(.text)
    i2c_1_write                              0x10000459   Thumb Code   232  i2c.o(.text)
    dbg_printf                               0x1000054d   Thumb Code    72  debug.o(.text)
    uart_0_write                             0x10000599   Thumb Code    40  uart.o(.text)
    uart_0_read                              0x100005c1   Thumb Code    72  uart.o(.text)
    UART0_IRQHandler                         0x10000609   Thumb Code   106  uart.o(.text)
    uart_1_read                              0x10000673   Thumb Code    72  uart.o(.text)
    UART1_IRQHandler                         0x100006bb   Thumb Code   106  uart.o(.text)
    PIN_Set_GPIO                             0x1000072d   Thumb Code    50  gpio.o(.text)
    PIN_Pullup_Enable                        0x1000075f   Thumb Code   150  gpio.o(.text)
    GPIO_Set_Output                          0x100007f5   Thumb Code    50  gpio.o(.text)
    GPIO_Pin_Set                             0x10000827   Thumb Code    50  gpio.o(.text)
    GPIO_Pin_Clear                           0x10000859   Thumb Code    50  gpio.o(.text)
    GPIO_Pin_Turn                            0x1000088b   Thumb Code    50  gpio.o(.text)
    GPIO_IRQHandler                          0x100008bd   Thumb Code   132  gpio.o(.text)
    delay_ms                                 0x10000961   Thumb Code    28  delay.o(.text)
    Reset_Handler                            0x10000981   Thumb Code     8  startup_armcm0.o(.text)
    NMI_Handler                              0x10000989   Thumb Code     2  startup_armcm0.o(.text)
    HardFault_Handler                        0x1000098b   Thumb Code     2  startup_armcm0.o(.text)
    SVC_Handler                              0x1000098d   Thumb Code     2  startup_armcm0.o(.text)
    PendSV_Handler                           0x1000098f   Thumb Code     2  startup_armcm0.o(.text)
    SysTick_Handler                          0x10000991   Thumb Code     2  startup_armcm0.o(.text)
    CAP_IRQHandler                           0x10000993   Thumb Code     0  startup_armcm0.o(.text)
    GPADC_IRQHandler                         0x10000993   Thumb Code     0  startup_armcm0.o(.text)
    HID_IRQHandler                           0x10000993   Thumb Code     0  startup_armcm0.o(.text)
    HPWM_IRQHandler                          0x10000993   Thumb Code     0  startup_armcm0.o(.text)
    HTIMER_IRQHandler                        0x10000993   Thumb Code     0  startup_armcm0.o(.text)
    I2C0_IRQHandler                          0x10000993   Thumb Code     0  startup_armcm0.o(.text)
    I2C1_IRQHandler                          0x10000993   Thumb Code     0  startup_armcm0.o(.text)
    IR_Rx_IRQHandler                         0x10000993   Thumb Code     0  startup_armcm0.o(.text)
    IR_Tx_IRQHandler                         0x10000993   Thumb Code     0  startup_armcm0.o(.text)
    ISO_7816_IRQHandler                      0x10000993   Thumb Code     0  startup_armcm0.o(.text)
    LLC2_IRQHandler                          0x10000993   Thumb Code     0  startup_armcm0.o(.text)
    LLC_IRQHandler                           0x10000993   Thumb Code     0  startup_armcm0.o(.text)
    RTC_IRQHandler                           0x10000993   Thumb Code     0  startup_armcm0.o(.text)
    SPIM_IRQHandler                          0x10000993   Thumb Code     0  startup_armcm0.o(.text)
    SW_IRQHandler                            0x10000993   Thumb Code     0  startup_armcm0.o(.text)
    TIMER0_IRQHandler                        0x10000993   Thumb Code     0  startup_armcm0.o(.text)
    TIMER1_IRQHandler                        0x10000993   Thumb Code     0  startup_armcm0.o(.text)
    TIMER2_IRQHandler                        0x10000993   Thumb Code     0  startup_armcm0.o(.text)
    TIMER3_IRQHandler                        0x10000993   Thumb Code     0  startup_armcm0.o(.text)
    TOUCH_IRQHandler                         0x10000993   Thumb Code     0  startup_armcm0.o(.text)
    SystemInit                               0x1000099d   Thumb Code     8  system_armcm0.o(.text)
    __aeabi_memcpy                           0x100009ad   Thumb Code    36  memcpya.o(.text)
    __aeabi_memcpy4                          0x100009ad   Thumb Code     0  memcpya.o(.text)
    __aeabi_memcpy8                          0x100009ad   Thumb Code     0  memcpya.o(.text)
    __aeabi_uidiv                            0x100009d1   Thumb Code     0  uidiv.o(.text)
    __aeabi_uidivmod                         0x100009d1   Thumb Code    44  uidiv.o(.text)
    __aeabi_uldivmod                         0x100009fd   Thumb Code    96  uldiv.o(.text)
    __I$use$fp                               0x10000a5d   Thumb Code     0  iusefp.o(.text)
    __aeabi_dadd                             0x10000a5d   Thumb Code   328  dadd.o(.text)
    __aeabi_dsub                             0x10000ba5   Thumb Code    12  dadd.o(.text)
    __aeabi_drsub                            0x10000bb1   Thumb Code    12  dadd.o(.text)
    __aeabi_dmul                             0x10000bc1   Thumb Code   202  dmul.o(.text)
    __aeabi_ddiv                             0x10000c91   Thumb Code   234  ddiv.o(.text)
    __aeabi_d2ulz                            0x10000d81   Thumb Code    54  dfixul.o(.text)
    __aeabi_cdrcmple                         0x10000dc1   Thumb Code    38  cdrcmple.o(.text)
    __scatterload                            0x10000de9   Thumb Code    28  init.o(.text)
    __scatterload_rt2                        0x10000de9   Thumb Code     0  init.o(.text)
    __aeabi_llsl                             0x10000e0d   Thumb Code    32  llshl.o(.text)
    _ll_shift_l                              0x10000e0d   Thumb Code     0  llshl.o(.text)
    __aeabi_llsr                             0x10000e2d   Thumb Code    34  llushr.o(.text)
    _ll_ushift_r                             0x10000e2d   Thumb Code     0  llushr.o(.text)
    __aeabi_lasr                             0x10000e4f   Thumb Code    38  llsshr.o(.text)
    _ll_sshift_r                             0x10000e4f   Thumb Code     0  llsshr.o(.text)
    _double_round                            0x10000e75   Thumb Code    26  depilogue.o(.text)
    _double_epilogue                         0x10000e8f   Thumb Code   164  depilogue.o(.text)
    __0vsprintf                              0x10000f35   Thumb Code    30  printfa.o(i.__0vsprintf)
    __1vsprintf                              0x10000f35   Thumb Code     0  printfa.o(i.__0vsprintf)
    __2vsprintf                              0x10000f35   Thumb Code     0  printfa.o(i.__0vsprintf)
    __c89vsprintf                            0x10000f35   Thumb Code     0  printfa.o(i.__0vsprintf)
    vsprintf                                 0x10000f35   Thumb Code     0  printfa.o(i.__0vsprintf)
    __ARM_clz                                0x10000f59   Thumb Code    46  depilogue.o(i.__ARM_clz)
    __scatterload_copy                       0x10000f87   Thumb Code    14  handlers.o(i.__scatterload_copy)
    __scatterload_null                       0x10000f95   Thumb Code     2  handlers.o(i.__scatterload_null)
    __scatterload_zeroinit                   0x10000f97   Thumb Code    14  handlers.o(i.__scatterload_zeroinit)
    codeGB_16                                0x1000183e   Data         385  oled.o(.constdata)
    F6x8                                     0x100019bf   Data         552  oled.o(.constdata)
    F8X16                                    0x10001be7   Data        1520  oled.o(.constdata)
    Region$$Table$$Base                      0x100021d8   Number         0  anon$$obj.o(Region$$Table)
    Region$$Table$$Limit                     0x100021f8   Number         0  anon$$obj.o(Region$$Table)
    PIN_CONFIG                               0x20003020   Data           4  gpio.o(.data)
    GPIO_CTRL                                0x20003024   Data           4  gpio.o(.data)
    GPO_CTRL                                 0x20003028   Data           4  gpio.o(.data)
    GPI_CTRL                                 0x2000302c   Data           4  gpio.o(.data)
    GPIO_IRQ_CTRL                            0x20003030   Data           4  gpio.o(.data)
    SystemCoreClock                          0x20003068   Data           4  system_armcm0.o(.data)
    __initial_sp                             0x20003570   Data           0  startup_armcm0.o(STACK)



==============================================================================

Memory Map of the image

  Image Entry point : 0x100000c1

  Load Region LR_IROM1 (Base: 0x10000000, Size: 0x00002264, Max: 0x0003f000, ABSOLUTE)

    Execution Region ER_IROM1 (Base: 0x10000000, Size: 0x000021f8, Max: 0x0003f000, ABSOLUTE)

    Base Addr    Size         Type   Attr      Idx    E Section Name        Object

    0x10000000   0x000000c0   Data   RO          392    RESET               startup_armcm0.o
    0x100000c0   0x00000000   Code   RO          429  * .ARM.Collect$$$$00000000  mc_p.l(entry.o)
    0x100000c0   0x00000004   Code   RO          464    .ARM.Collect$$$$00000001  mc_p.l(entry2.o)
    0x100000c4   0x00000004   Code   RO          467    .ARM.Collect$$$$00000004  mc_p.l(entry5.o)
    0x100000c8   0x00000000   Code   RO          469    .ARM.Collect$$$$00000008  mc_p.l(entry7b.o)
    0x100000c8   0x00000000   Code   RO          471    .ARM.Collect$$$$0000000A  mc_p.l(entry8b.o)
    0x100000c8   0x00000008   Code   RO          472    .ARM.Collect$$$$0000000B  mc_p.l(entry9a.o)
    0x100000d0   0x00000000   Code   RO          474    .ARM.Collect$$$$0000000D  mc_p.l(entry10a.o)
    0x100000d0   0x00000000   Code   RO          476    .ARM.Collect$$$$0000000F  mc_p.l(entry11a.o)
    0x100000d0   0x00000004   Code   RO          465    .ARM.Collect$$$$00002712  mc_p.l(entry2.o)
    0x100000d4   0x000000bc   Code   RO            3    .text               main.o
    0x10000190   0x00000254   Code   RO           82    .text               oled.o
    0x100003e4   0x00000168   Code   RO          147    .text               i2c.o
    0x1000054c   0x0000004c   Code   RO          188    .text               debug.o
    0x10000598   0x00000194   Code   RO          225    .text               uart.o
    0x1000072c   0x00000234   Code   RO          292    .text               gpio.o
    0x10000960   0x00000020   Code   RO          366    .text               delay.o
    0x10000980   0x0000001c   Code   RO          393    .text               startup_armcm0.o
    0x1000099c   0x00000010   Code   RO          400    .text               system_armcm0.o
    0x100009ac   0x00000024   Code   RO          432    .text               mc_p.l(memcpya.o)
    0x100009d0   0x0000002c   Code   RO          481    .text               mc_p.l(uidiv.o)
    0x100009fc   0x00000060   Code   RO          483    .text               mc_p.l(uldiv.o)
    0x10000a5c   0x00000000   Code   RO          485    .text               mc_p.l(iusefp.o)
    0x10000a5c   0x00000164   Code   RO          486    .text               mf_p.l(dadd.o)
    0x10000bc0   0x000000d0   Code   RO          488    .text               mf_p.l(dmul.o)
    0x10000c90   0x000000f0   Code   RO          490    .text               mf_p.l(ddiv.o)
    0x10000d80   0x00000040   Code   RO          492    .text               mf_p.l(dfixul.o)
    0x10000dc0   0x00000028   Code   RO          494    .text               mf_p.l(cdrcmple.o)
    0x10000de8   0x00000024   Code   RO          496    .text               mc_p.l(init.o)
    0x10000e0c   0x00000020   Code   RO          499    .text               mc_p.l(llshl.o)
    0x10000e2c   0x00000022   Code   RO          501    .text               mc_p.l(llushr.o)
    0x10000e4e   0x00000026   Code   RO          503    .text               mc_p.l(llsshr.o)
    0x10000e74   0x000000be   Code   RO          506    .text               mf_p.l(depilogue.o)
    0x10000f32   0x00000002   PAD
    0x10000f34   0x00000024   Code   RO          443    i.__0vsprintf       mc_p.l(printfa.o)
    0x10000f58   0x0000002e   Code   RO          508    i.__ARM_clz         mf_p.l(depilogue.o)
    0x10000f86   0x0000000e   Code   RO          512    i.__scatterload_copy  mc_p.l(handlers.o)
    0x10000f94   0x00000002   Code   RO          513    i.__scatterload_null  mc_p.l(handlers.o)
    0x10000f96   0x0000000e   Code   RO          514    i.__scatterload_zeroinit  mc_p.l(handlers.o)
    0x10000fa4   0x00000158   Code   RO          444    i._fp_digits        mc_p.l(printfa.o)
    0x100010fc   0x000006ec   Code   RO          445    i._printf_core      mc_p.l(printfa.o)
    0x100017e8   0x00000020   Code   RO          446    i._printf_post_padding  mc_p.l(printfa.o)
    0x10001808   0x0000002c   Code   RO          447    i._printf_pre_padding  mc_p.l(printfa.o)
    0x10001834   0x0000000a   Code   RO          449    i._sputc            mc_p.l(printfa.o)
    0x1000183e   0x00000999   Data   RO           86    .constdata          oled.o
    0x100021d7   0x00000001   PAD
    0x100021d8   0x00000020   Data   RO          510    Region$$Table       anon$$obj.o


    Execution Region RW_IRAM1 (Base: 0x20003000, Size: 0x00000570, Max: 0x00005000, ABSOLUTE)

    Base Addr    Size         Type   Attr      Idx    E Section Name        Object

    0x20003000   0x00000018   Data   RW          151    .data               i2c.o
    0x20003018   0x00000008   Data   RW          232    .data               uart.o
    0x20003020   0x00000048   Data   RW          301    .data               gpio.o
    0x20003068   0x00000004   Data   RW          401    .data               system_armcm0.o
    0x2000306c   0x00000080   Zero   RW           85    .bss                oled.o
    0x200030ec   0x00000080   Zero   RW          190    .bss                debug.o
    0x2000316c   0x00000004   PAD
    0x20003170   0x00000400   Zero   RW          390    STACK               startup_armcm0.o


==============================================================================

Image component sizes


      Code (inc. data)   RO Data    RW Data    ZI Data      Debug   Object Name

        76          4          0          0        128       1361   debug.o
        32          4          0          0          0        503   delay.o
       564         32          0         72          0       2626   gpio.o
       360         12          0         24          0       1779   i2c.o
       188         98          0          0          0       4983   main.o
       596         10       2457          0        128      40240   oled.o
        28          8        192          0       1024        636   startup_armcm0.o
        16          8          0          4          0        703   system_armcm0.o
       404          8          0          8          0       2013   uart.o

    ----------------------------------------------------------------------
      2264        184       2682        108       1284      54844   Object Totals
         0          0         32          0          0          0   (incl. Generated)
         0          0          1          0          4          0   (incl. Padding)

    ----------------------------------------------------------------------

      Code (inc. data)   RO Data    RW Data    ZI Data      Debug   Library Member Name

         0          0          0          0          0          0   entry.o
         0          0          0          0          0          0   entry10a.o
         0          0          0          0          0          0   entry11a.o
         8          4          0          0          0          0   entry2.o
         4          0          0          0          0          0   entry5.o
         0          0          0          0          0          0   entry7b.o
         0          0          0          0          0          0   entry8b.o
         8          4          0          0          0          0   entry9a.o
        30          0          0          0          0          0   handlers.o
        36          8          0          0          0         68   init.o
         0          0          0          0          0          0   iusefp.o
        32          0          0          0          0         68   llshl.o
        38          0          0          0          0         68   llsshr.o
        34          0          0          0          0         68   llushr.o
        36          0          0          0          0         60   memcpya.o
      2238         96          0          0          0        460   printfa.o
        44          0          0          0          0         72   uidiv.o
        96          0          0          0          0         84   uldiv.o
        40          2          0          0          0         68   cdrcmple.o
       356          4          0          0          0        140   dadd.o
       240          6          0          0          0         84   ddiv.o
       236          0          0          0          0        216   depilogue.o
        64         10          0          0          0         68   dfixul.o
       208          6          0          0          0         88   dmul.o

    ----------------------------------------------------------------------
      3750        140          0          0          0       1612   Library Totals
         2          0          0          0          0          0   (incl. Padding)

    ----------------------------------------------------------------------

      Code (inc. data)   RO Data    RW Data    ZI Data      Debug   Library Name

      2604        112          0          0          0        948   mc_p.l
      1144         28          0          0          0        664   mf_p.l

    ----------------------------------------------------------------------
      3750        140          0          0          0       1612   Library Totals

    ----------------------------------------------------------------------

==============================================================================


      Code (inc. data)   RO Data    RW Data    ZI Data      Debug   

      6014        324       2682        108       1284      55500   Grand Totals
      6014        324       2682        108       1284      55500   ELF Image Totals
      6014        324       2682        108          0          0   ROM Totals

==============================================================================

    Total RO  Size (Code + RO Data)                 8696 (   8.49kB)
    Total RW  Size (RW Data + ZI Data)              1392 (   1.36kB)
    Total ROM Size (Code + RO Data + RW Data)       8804 (   8.60kB)

==============================================================================

