Component: ARM Compiler 5.06 (build 20) Tool: armlink [4d35a3]

==============================================================================

Section Cross References

    main.o(.text) refers to gpio.o(.text) for GPIO_Set_Output
    main.o(.text) refers to main.o(.text) for SetAdvParams
    main.o(.text) refers to segger_rtt_printf.o(.text) for SEGGER_RTT_printf
    main.o(.text) refers to timer.o(.text) for Timer_Evt_Stop
    main.o(.text) refers to uread4.o(.text) for __aeabi_uread4
    main.o(.text) refers to memcpya.o(.text) for __aeabi_memcpy
    main.o(.text) refers to ota.o(.text) for ota_rsp
    main.o(.text) refers to gpio.o(.data) for PIN_CONFIG
    main.o(.text) refers to main.o(.data) for .data
    main.o(.text) refers to main.o(.bss) for .bss
    main.o(.text) refers to main.o(i.__ARM_common_switch8) for __ARM_common_switch8
    main.o(.text) refers to delay.o(.text) for delay_ms
    main.o(.text) refers to uart.o(.text) for uart_0_ClrFiFo
    main.o(.text) refers to segger_rtt.o(.text) for SEGGER_RTT_Init
    main.o(.text) refers to timer_handler.o(.text) for Timer_Evt_List
    main.o(.text) refers to rtc.o(.text) for SYD_RTC_Init
    main.o(.text) refers to rtc_handler.o(.text) for RTC_Evt_List
    main.o(.text) refers to ota.o(.data) for ota_state
    main.o(.text) refers to timer_handler.o(.bss) for syd_sysTimer
    main.o(.text) refers to rtc_handler.o(.bss) for syd_rtc
    main.o(.text) refers to timer.o(.data) for TIMER_EVT
    main.o(.text) refers to rtc.o(.data) for RTC_EVT
    main.o(.text) refers to uart_protocol.o(.text) for uart_cmd
    main.o(.text) refers to uwrite4.o(.text) for __aeabi_uwrite4
    uart_protocol.o(.text) refers to uart.o(.text) for uart_0_read
    uart_protocol.o(.text) refers to main.o(.bss) for uart_rx_buf
    ota.o(.text) refers to memcpya.o(.text) for __aeabi_memcpy
    ota.o(.text) refers to main.o(.text) for CodeErase
    ota.o(.text) refers to uread4.o(.text) for __aeabi_uread4
    ota.o(.text) refers to main.o(.text) for BLSetConnectionUpdate
    ota.o(.text) refers to segger_rtt_printf.o(.text) for SEGGER_RTT_printf
    ota.o(.text) refers to timer.o(.text) for Timer_Evt_Start
    ota.o(.text) refers to ota.o(.data) for .data
    ota.o(.text) refers to ota.o(.bss) for .bss
    gpio.o(.text) refers to gpio.o(.data) for .data
    gpio.o(.text) refers to gpio.o(.data) for .data
    gpio.o(.text) refers to gpio.o(.data) for .data
    gpio.o(.text) refers to gpio.o(.data) for .data
    gpio.o(.text) refers to gpio.o(.data) for .data
    gpio.o(.text) refers to gpio.o(.data) for .data
    uart.o(.text) refers to uart_protocol.o(.text) for uartRx_callback
    uart.o(.text) refers to gpio.o(.data) for PIN_CONFIG
    uart.o(.text) refers to uart.o(.data) for .data
    uart.o(.text) refers to uart.o(.data) for .data
    uart.o(.text) refers to gpio.o(.data) for PIN_CONFIG
    uart.o(.text) refers to uart.o(.data) for .data
    uart.o(.text) refers to uart.o(.data) for .data
    uart.o(.text) refers to uart.o(.data) for .data
    uart.o(.text) refers to uart.o(.data) for .data
    timer_handler.o(.text) refers to timer.o(.text) for Timer_Evt_Creat
    timer_handler.o(.text) refers to timer.o(.data) for TIMER_EVT
    rtc_handler.o(.text) refers to rtc.o(.text) for RTC_EVT_Creat
    rtc_handler.o(.text) refers to rtc.o(.data) for RTC_EVT
    segger_rtt.o(.text) refers to strcpy.o(.text) for strcpy
    segger_rtt.o(.text) refers to memcpya.o(.text) for __aeabi_memcpy
    segger_rtt.o(.text) refers to segger_rtt.o(.bss) for .bss
    segger_rtt.o(.text) refers to segger_rtt.o(.text) for _DoInit
    segger_rtt.o(.text) refers to memcpya.o(.text) for __aeabi_memcpy
    segger_rtt.o(.text) refers to segger_rtt.o(.bss) for .bss
    segger_rtt.o(.text) refers to segger_rtt.o(.text) for SEGGER_RTT_ReadNoLock
    segger_rtt.o(.text) refers to memcpya.o(.text) for __aeabi_memcpy
    segger_rtt.o(.text) refers to segger_rtt.o(.bss) for .bss
    segger_rtt.o(.text) refers to memcpya.o(.text) for __aeabi_memcpy
    segger_rtt.o(.text) refers to segger_rtt.o(.bss) for .bss
    segger_rtt.o(.text) refers to strlen.o(.text) for strlen
    segger_rtt.o(.text) refers to segger_rtt.o(.text) for SEGGER_RTT_Write
    segger_rtt.o(.text) refers to segger_rtt.o(.bss) for .bss
    segger_rtt.o(.text) refers to segger_rtt.o(.text) for _DoInit
    segger_rtt.o(.text) refers to segger_rtt.o(.bss) for .bss
    segger_rtt.o(.text) refers to segger_rtt.o(.text) for _DoInit
    segger_rtt.o(.text) refers to segger_rtt.o(.bss) for .bss
    segger_rtt.o(.text) refers to segger_rtt.o(.text) for SEGGER_RTT_Read
    segger_rtt.o(.text) refers to segger_rtt.o(.text) for SEGGER_RTT_GetKey
    segger_rtt.o(.text) refers to segger_rtt.o(.text) for _DoInit
    segger_rtt.o(.text) refers to segger_rtt.o(.bss) for .bss
    segger_rtt.o(.text) refers to segger_rtt.o(.bss) for .bss
    segger_rtt.o(.text) refers to segger_rtt.o(.text) for _DoInit
    segger_rtt.o(.text) refers to segger_rtt.o(.bss) for .bss
[...]
    printf4.o(i.__0printf$4) refers to fputc.o(i.fputc) for fputc
    printf4.o(i.__0printf$4) refers to stdout.o(.data) for __stdout
    printf4.o(i.__0snprintf$4) refers to printf4.o(i._printf_core) for _printf_core
    printf4.o(i.__0snprintf$4) refers to printf4.o(i._snputc) for _snputc
    printf4.o(i.__0sprintf$4) refers to printf4.o(i._printf_core) for _printf_core
    printf4.o(i.__0sprintf$4) refers to printf4.o(i._sputc) for _sputc
    printf4.o(i.__0vfprintf$4) refers to printf4.o(i._printf_core) for _printf_core
    printf4.o(i.__0vfprintf$4) refers to fputc.o(i.fputc) for fputc
    printf4.o(i.__0vprintf$4) refers to printf4.o(i._printf_core) for _printf_core
    printf4.o(i.__0vprintf$4) refers to fputc.o(i.fputc) for fputc
    printf4.o(i.__0vprintf$4) refers to stdout.o(.data) for __stdout
    printf4.o(i.__0vsnprintf$4) refers to printf4.o(i._printf_core) for _printf_core
    printf4.o(i.__0vsnprintf$4) refers to printf4.o(i._snputc) for _snputc
    printf4.o(i.__0vsprintf$4) refers to printf4.o(i._printf_core) for _printf_core
    printf4.o(i.__0vsprintf$4) refers to printf4.o(i._sputc) for _sputc
    printf4.o(i._printf_core) refers to uldiv.o(.text) for __aeabi_uldivmod
    printf5.o(i.__0fprintf$5) refers to printf5.o(i._printf_core) for _printf_core
    printf5.o(i.__0fprintf$5) refers to fputc.o(i.fputc) for fputc
    printf5.o(i.__0printf$5) refers to printf5.o(i._printf_core) for _printf_core
    printf5.o(i.__0printf$5) refers to fputc.o(i.fputc) for fputc
    printf5.o(i.__0printf$5) refers to stdout.o(.data) for __stdout
    printf5.o(i.__0snprintf$5) refers to printf5.o(i._printf_core) for _printf_core
    printf5.o(i.__0snprintf$5) refers to printf5.o(i._snputc) for _snputc
    printf5.o(i.__0sprintf$5) refers to printf5.o(i._printf_core) for _printf_core
    printf5.o(i.__0sprintf$5) refers to printf5.o(i._sputc) for _sputc
    printf5.o(i.__0vfprintf$5) refers to printf5.o(i._printf_core) for _printf_core
    printf5.o(i.__0vfprintf$5) refers to fputc.o(i.fputc) for fputc
    printf5.o(i.__0vprintf$5) refers to printf5.o(i._printf_core) for _printf_core
    printf5.o(i.__0vprintf$5) refers to fputc.o(i.fputc) for fputc
    printf5.o(i.__0vprintf$5) refers to stdout.o(.data) for __stdout
    printf5.o(i.__0vsnprintf$5) refers to printf5.o(i._printf_core) for _printf_core
    printf5.o(i.__0vsnprintf$5) refers to printf5.o(i._snputc) for _snputc
    printf5.o(i.__0vsprintf$5) refers to printf5.o(i._printf_core) for _printf_core
    printf5.o(i.__0vsprintf$5) refers to printf5.o(i._sputc) for _sputc
    printf5.o(i._printf_core) refers to uldiv.o(.text) for __aeabi_uldivmod
    printf6.o(i.__0fprintf$6) refers to printf6.o(i._printf_core) for _printf_core
    printf6.o(i.__0fprintf$6) refers to fputc.o(i.fputc) for fputc
    printf6.o(i.__0printf$6) refers to printf6.o(i._printf_core) for _printf_core
    printf6.o(i.__0printf$6) refers to fputc.o(i.fputc) for fputc
    printf6.o(i.__0printf$6) refers to stdout.o(.data) for __stdout
    printf6.o(i.__0snprintf$6) refers to printf6.o(i._printf_core) for _printf_core
    printf6.o(i.__0snprintf$6) refers to printf6.o(i._snputc) for _snputc
    printf6.o(i.__0sprintf$6) refers to printf6.o(i._printf_core) for _printf_core
    printf6.o(i.__0sprintf$6) refers to printf6.o(i._sputc) for _sputc
    printf6.o(i.__0vfprintf$6) refers to printf6.o(i._printf_core) for _printf_core
    printf6.o(i.__0vfprintf$6) refers to fputc.o(i.fputc) for fputc
    printf6.o(i.__0vprintf$6) refers to printf6.o(i._printf_core) for _printf_core
    printf6.o(i.__0vprintf$6) refers to fputc.o(i.fputc) for fputc
    printf6.o(i.__0vprintf$6) refers to stdout.o(.data) for __stdout
    printf6.o(i.__0vsnprintf$6) refers to printf6.o(i._printf_core) for _printf_core
    printf6.o(i.__0vsnprintf$6) refers to printf6.o(i._snputc) for _snputc
    printf6.o(i.__0vsprintf$6) refers to printf6.o(i._printf_core) for _printf_core
    printf6.o(i.__0vsprintf$6) refers to printf6.o(i._sputc) for _sputc
    printf6.o(i._printf_core) refers to printf6.o(i._printf_pre_padding) for _printf_pre_padding
    printf6.o(i._printf_core) refers to printf6.o(i._printf_post_padding) for _printf_post_padding
    printf6.o(i._printf_core) refers to uidiv.o(.text) for __aeabi_uidivmod
    printf7.o(i.__0fprintf$7) refers to printf7.o(i._printf_core) for _printf_core
    printf7.o(i.__0fprintf$7) refers to fputc.o(i.fputc) for fputc
    printf7.o(i.__0printf$7) refers to printf7.o(i._printf_core) for _printf_core
    printf7.o(i.__0printf$7) refers to fputc.o(i.fputc) for fputc
    printf7.o(i.__0printf$7) refers to stdout.o(.data) for __stdout
    printf7.o(i.__0snprintf$7) refers to printf7.o(i._printf_core) for _printf_core
    printf7.o(i.__0snprintf$7) refers to printf7.o(i._snputc) for _snputc
    printf7.o(i.__0sprintf$7) refers to printf7.o(i._printf_core) for _printf_core
    printf7.o(i.__0sprintf$7) refers to printf7.o(i._sputc) for _sputc
    printf7.o(i.__0vfprintf$7) refers to printf7.o(i._printf_core) for _printf_core
    printf7.o(i.__0vfprintf$7) refers to fputc.o(i.fputc) for fputc
    printf7.o(i.__0vprintf$7) refers to printf7.o(i._printf_core) for _printf_core
    printf7.o(i.__0vprintf$7) refers to fputc.o(i.fputc) for fputc
    printf7.o(i.__0vprintf$7) refers to stdout.o(.data) for __stdout
    printf7.o(i.__0vsnprintf$7) refers to printf7.o(i._printf_core) for _printf_core
    printf7.o(i.__0vsnprintf$7) refers to printf7.o(i._snputc) for _snputc
    printf7.o(i.__0vsprintf$7) refers to printf7.o(i._printf_core) for _printf_core
    printf7.o(i.__0vsprintf$7) refers to printf7.o(i._sputc) for _sputc
    printf7.o(i._printf_core) refers to printf7.o(i._printf_pre_padding) for _printf_pre_padding
    printf7.o(i._printf_core) refers to printf7.o(i._printf_post_padding) for _printf_post_padding
    printf7.o(i._printf_core) refers to uldiv.o(.text) for __aeabi_uldivmod
    printf8.o(i.__0fprintf$8) refers to printf8.o(i._printf_core) for _printf_core
    printf8.o(i.__0fprintf$8) refers to fputc.o(i.fputc) for fputc
    printf8.o(i.__0printf$8) refers to printf8.o(i._printf_core) for _printf_core
    printf8.o(i.__0printf$8) refers to fputc.o(i.fputc) for fputc
    printf8.o(i.__0printf$8) refers to stdout.o(.data) for __stdout
    printf8.o(i.__0snprintf$8) refers to printf8.o(i._printf_core) for _printf_core
    printf8.o(i.__0snprintf$8) refers to printf8.o(i._snputc) for _snputc
    printf8.o(i.__0sprintf$8) refers to printf8.o(i._printf_core) for _printf_core
    printf8.o(i.__0sprintf$8) refers to printf8.o(i._sputc) for _sputc
    printf8.o(i.__0vfprintf$8) refers to printf8.o(i._printf_core) for _printf_core
    printf8.o(i.__0vfprintf$8) refers to fputc.o(i.fputc) for fputc
    printf8.o(i.__0vprintf$8) refers to printf8.o(i._printf_core) for _printf_core
    printf8.o(i.__0vprintf$8) refers to fputc.o(i.fputc) for fputc
    printf8.o(i.__0vprintf$8) refers to stdout.o(.data) for __stdout
    printf8.o(i.__0vsnprintf$8) refers to printf8.o(i._printf_core) for _printf_core
    printf8.o(i.__0vsnprintf$8) refers to printf8.o(i._snputc) for _snputc
    printf8.o(i.__0vsprintf$8) refers to printf8.o(i._printf_core) for _printf_core
    printf8.o(i.__0vsprintf$8) refers to printf8.o(i._sputc) for _sputc
    printf8.o(i._printf_core) refers to printf8.o(i._printf_pre_padding) for _printf_pre_padding
    printf8.o(i._printf_core) refers to printf8.o(i._printf_post_padding) for _printf_post_padding
    printf8.o(i._printf_core) refers to uldiv.o(.text) for __aeabi_uldivmod
    printfa.o(i.__0fprintf) refers (Special) to iusefp.o(.text) for __I$use$fp
    printfa.o(i.__0fprintf) refers to printfa.o(i._printf_core) for _printf_core
    printfa.o(i.__0fprintf) refers to fputc.o(i.fputc) for fputc
    printfa.o(i.__0printf) refers (Special) to iusefp.o(.text) for __I$use$fp
    printfa.o(i.__0printf) refers to printfa.o(i._printf_core) for _printf_core
    printfa.o(i.__0printf) refers to fputc.o(i.fputc) for fputc
    printfa.o(i.__0printf) refers to stdout.o(.data) for __stdout
    printfa.o(i.__0snprintf) refers (Special) to iusefp.o(.text) for __I$use$fp
    printfa.o(i.__0snprintf) refers to printfa.o(i._printf_core) for _printf_core
    printfa.o(i.__0snprintf) refers to printfa.o(i._snputc) for _snputc
    printfa.o(i.__0sprintf) refers (Special) to iusefp.o(.text) for __I$use$fp
    printfa.o(i.__0sprintf) refers to printfa.o(i._printf_core) for _printf_core
    printfa.o(i.__0sprintf) refers to printfa.o(i._sputc) for _sputc
    printfa.o(i.__0vfprintf) refers (Special) to iusefp.o(.text) for __I$use$fp
    printfa.o(i.__0vfprintf) refers to printfa.o(i._printf_core) for _printf_core
    printfa.o(i.__0vfprintf) refers to fputc.o(i.fputc) for fputc
    printfa.o(i.__0vprintf) refers (Special) to iusefp.o(.text) for __I$use$fp
    printfa.o(i.__0vprintf) refers to printfa.o(i._printf_core) for _printf_core
    printfa.o(i.__0vprintf) refers to fputc.o(i.fputc) for fputc
    printfa.o(i.__0vprintf) refers to stdout.o(.data) for __stdout
    printfa.o(i.__0vsnprintf) refers (Special) to iusefp.o(.text) for __I$use$fp
    printfa.o(i.__0vsnprintf) refers to printfa.o(i._printf_core) for _printf_core
    printfa.o(i.__0vsnprintf) refers to printfa.o(i._snputc) for _snputc
    printfa.o(i.__0vsprintf) refers (Special) to iusefp.o(.text) for __I$use$fp
    printfa.o(i.__0vsprintf) refers to printfa.o(i._printf_core) for _printf_core
    printfa.o(i.__0vsprintf) refers to printfa.o(i._sputc) for _sputc
    printfa.o(i._fp_digits) refers (Special) to iusefp.o(.text) for __I$use$fp
    printfa.o(i._fp_digits) refers to dmul.o(.text) for __aeabi_dmul
    printfa.o(i._fp_digits) refers to ddiv.o(.text) for __aeabi_ddiv
    printfa.o(i._fp_digits) refers to cdrcmple.o(.text) for __aeabi_cdrcmple
    printfa.o(i._fp_digits) refers to dadd.o(.text) for __aeabi_dadd
    printfa.o(i._fp_digits) refers to dfixul.o(.text) for __aeabi_d2ulz
    printfa.o(i._fp_digits) refers to uldiv.o(.text) for __aeabi_uldivmod
    printfa.o(i._printf_core) refers (Special) to iusefp.o(.text) for __I$use$fp
    printfa.o(i._printf_core) refers to printfa.o(i._printf_pre_padding) for _printf_pre_padding
    printfa.o(i._printf_core) refers to uldiv.o(.text) for __aeabi_uldivmod
    printfa.o(i._printf_core) refers to printfa.o(i._printf_post_padding) for _printf_post_padding
    printfa.o(i._printf_core) refers to printfa.o(i._fp_digits) for _fp_digits
    printfa.o(i._printf_core) refers to uidiv.o(.text) for __aeabi_uidivmod
    printfa.o(i._printf_post_padding) refers (Special) to iusefp.o(.text) for __I$use$fp
    printfa.o(i._printf_pre_padding) refers (Special) to iusefp.o(.text) for __I$use$fp
    printfa.o(i._snputc) refers (Special) to iusefp.o(.text) for __I$use$fp
    printfa.o(i._sputc) refers (Special) to iusefp.o(.text) for __I$use$fp
    fadd.o(.text) refers (Special) to iusefp.o(.text) for __I$use$fp
    fadd.o(.text) refers to fepilogue.o(.text) for _float_epilogue
    dadd.o(.text) refers (Special) to iusefp.o(.text) for __I$use$fp
    dadd.o(.text) refers to llshl.o(.text) for __aeabi_llsl
    dadd.o(.text) refers to llsshr.o(.text) for __aeabi_lasr
    dadd.o(.text) refers to depilogue.o(.text) for _double_epilogue
    dmul.o(.text) refers (Special) to iusefp.o(.text) for __I$use$fp
    dmul.o(.text) refers to depilogue.o(.text) for _double_epilogue
    ddiv.o(.text) refers (Special) to iusefp.o(.text) for __I$use$fp
    ddiv.o(.text) refers to depilogue.o(.text) for _double_round
    ffltui.o(.text) refers (Special) to iusefp.o(.text) for __I$use$fp
    ffltui.o(.text) refers to fepilogue.o(.text) for _float_epilogue
    dflti.o(.text) refers (Special) to iusefp.o(.text) for __I$use$fp
    dflti.o(.text) refers to depilogue.o(.text) for _double_epilogue
    dfltui.o(.text) refers (Special) to iusefp.o(.text) for __I$use$fp
    dfltui.o(.text) refers to depilogue.o(.text) for _double_epilogue
    dfixui.o(.text) refers (Special) to iusefp.o(.text) for __I$use$fp
    dfixui.o(.text) refers to llushr.o(.text) for __aeabi_llsr
    f2d.o(.text) refers (Special) to iusefp.o(.text) for __I$use$fp
    entry2.o(.ARM.Collect$$$$00000001) refers to entry2.o(.ARM.Collect$$$$00002712) for __lit__00000000
    entry2.o(.ARM.Collect$$$$00002712) refers to startup_armcm0.o(STACK) for __initial_sp
    entry2.o(__vectab_stack_and_reset_area) refers to startup_armcm0.o(STACK) for __initial_sp
    entry2.o(__vectab_stack_and_reset_area) refers to entry.o(.ARM.Collect$$$$00000000) for __main
    entry5.o(.ARM.Collect$$$$00000004) refers to init.o(.text) for __scatterload
    entry9a.o(.ARM.Collect$$$$0000000B) refers to main.o(.text) for main
    entry9b.o(.ARM.Collect$$$$0000000C) refers to main.o(.text) for main
    uldiv.o(.text) refers to llushr.o(.text) for __aeabi_llsr
    uldiv.o(.text) refers to llshl.o(.text) for __aeabi_llsl
    depilogue.o(.text) refers to depilogue.o(i.__ARM_clz) for __ARM_clz
    depilogue.o(.text) refers to llshl.o(.text) for __aeabi_llsl
    depilogue.o(.text) refers to llushr.o(.text) for __aeabi_llsr
    dfixul.o(.text) refers to llushr.o(.text) for __aeabi_llsr
    dfixul.o(.text) refers to llshl.o(.text) for __aeabi_llsl
    init.o(.text) refers to entry5.o(.ARM.Collect$$$$00000004) for __main_after_scatterload


==============================================================================

Removing Unused input sections from the image.

    Removing main.o(.rev16_text), (4 bytes).
    Removing main.o(.revsh_text), (4 bytes).
    Removing uart_protocol.o(.rev16_text), (4 bytes).
    Removing uart_protocol.o(.revsh_text), (4 bytes).
    Removing delay.o(.rev16_text), (4 bytes).
    Removing delay.o(.revsh_text), (4 bytes).
    Removing delay.o(.text), (24 bytes).
    Removing ota.o(.rev16_text), (4 bytes).
    Removing ota.o(.revsh_text), (4 bytes).
    Removing gpio.o(.rev16_text), (4 bytes).
    Removing gpio.o(.revsh_text), (4 bytes).
    Removing gpio.o(.text), (36 bytes).
    Removing gpio.o(.text), (52 bytes).
    Removing gpio.o(.text), (52 bytes).
    Removing gpio.o(.text), (56 bytes).
    Removing gpio.o(.text), (48 bytes).
    Removing uart.o(.rev16_text), (4 bytes).
    Removing uart.o(.revsh_text), (4 bytes).
    Removing uart.o(.text), (28 bytes).
    Removing uart.o(.text), (184 bytes).
    Removing uart.o(.text), (28 bytes).
    Removing uart.o(.text), (56 bytes).
    Removing uart.o(.text), (28 bytes).
    Removing timer_handler.o(.rev16_text), (4 bytes).
    Removing timer_handler.o(.revsh_text), (4 bytes).
    Removing rtc_handler.o(.rev16_text), (4 bytes).
    Removing rtc_handler.o(.revsh_text), (4 bytes).
    Removing segger_rtt.o(.rev16_text), (4 bytes).
    Removing segger_rtt.o(.revsh_text), (4 bytes).
    Removing segger_rtt.o(.text), (128 bytes).
    Removing segger_rtt.o(.text), (24 bytes).
    Removing segger_rtt.o(.text), (144 bytes).
    Removing segger_rtt.o(.text), (108 bytes).
    Removing segger_rtt.o(.text), (24 bytes).
    Removing segger_rtt.o(.text), (52 bytes).
    Removing segger_rtt.o(.text), (80 bytes).
    Removing segger_rtt.o(.text), (92 bytes).
    Removing segger_rtt.o(.text), (28 bytes).
    Removing segger_rtt.o(.text), (12 bytes).
    Removing segger_rtt.o(.text), (36 bytes).
    Removing segger_rtt.o(.text), (20 bytes).
    Removing segger_rtt.o(.text), (100 bytes).
    Removing segger_rtt.o(.text), (100 bytes).
    Removing segger_rtt.o(.text), (92 bytes).
    Removing segger_rtt.o(.text), (92 bytes).
    Removing segger_rtt.o(.text), (64 bytes).
    Removing segger_rtt.o(.text), (64 bytes).
    Removing segger_rtt.o(.text), (64 bytes).
    Removing segger_rtt.o(.text), (64 bytes).
    Removing segger_rtt.o(.text), (132 bytes).
    Removing segger_rtt.o(.text), (172 bytes).
    Removing segger_rtt.o(.text), (28 bytes).
    Removing segger_rtt.o(.data), (17 bytes).
    Removing segger_rtt_printf.o(.rev16_text), (4 bytes).
    Removing segger_rtt_printf.o(.revsh_text), (4 bytes).
    Removing segger_rtt_syscalls_keil.o(.rev16_text), (4 bytes).
    Removing segger_rtt_syscalls_keil.o(.revsh_text), (4 bytes).
    Removing segger_rtt_syscalls_keil.o(.text), (20 bytes).
    Removing segger_rtt_syscalls_keil.o(.text), (52 bytes).
    Removing segger_rtt_syscalls_keil.o(.text), (4 bytes).
    Removing segger_rtt_syscalls_keil.o(.text), (28 bytes).
    Removing segger_rtt_syscalls_keil.o(.text), (4 bytes).
    Removing segger_rtt_syscalls_keil.o(.text), (16 bytes).
    Removing segger_rtt_syscalls_keil.o(.text), (4 bytes).
    Removing segger_rtt_syscalls_keil.o(.text), (6 bytes).
    Removing segger_rtt_syscalls_keil.o(.text), (4 bytes).
    Removing segger_rtt_syscalls_keil.o(.text), (4 bytes).
    Removing segger_rtt_syscalls_keil.o(.text), (2 bytes).
    Removing segger_rtt_syscalls_keil.o(.text), (2 bytes).
    Removing segger_rtt_syscalls_keil.o(.constdata), (6 bytes).
    Removing segger_rtt_syscalls_keil.o(.constdata), (14 bytes).
    Removing startup_armcm0.o(HEAP), (3072 bytes).
    Removing system_armcm0.o(.rev16_text), (4 bytes).
    Removing system_armcm0.o(.revsh_text), (4 bytes).
    Removing system_armcm0.o(.text), (16 bytes).
    Removing main.o(.rev16_text), (4 bytes).
    Removing main.o(.revsh_text), (4 bytes).
    Removing timer.o(.rev16_text), (4 bytes).
    Removing timer.o(.revsh_text), (4 bytes).
    Removing rtc.o(.rev16_text), (4 bytes).
    Removing rtc.o(.revsh_text), (4 bytes).

81 unused section(s) (total 5703 bytes) removed from the image.

==============================================================================

Image Symbol Table

    Local Symbols

    Symbol Name                              Value     Ov Type        Size  Object(Section)

    ../clib/../cmprslib/zerorunl2.c          0x00000000   Number         0  __dczerorl2.o ABSOLUTE
    ../clib/microlib/division.c              0x00000000   Number         0  uidiv.o ABSOLUTE
    ../clib/microlib/division.c              0x00000000   Number         0  uldiv.o ABSOLUTE
    ../clib/microlib/division.c              0x00000000   Number         0  idiv.o ABSOLUTE
    ../clib/microlib/init/entry.s            0x00000000   Number         0  entry10a.o ABSOLUTE
    ../clib/microlib/init/entry.s            0x00000000   Number         0  entry10b.o ABSOLUTE
    ../clib/microlib/init/entry.s            0x00000000   Number         0  entry7b.o ABSOLUTE
    ../clib/microlib/init/entry.s            0x00000000   Number         0  entry9b.o ABSOLUTE
    ../clib/microlib/init/entry.s            0x00000000   Number         0  entry.o ABSOLUTE
    ../clib/microlib/init/entry.s            0x00000000   Number         0  entry2.o ABSOLUTE
    ../clib/microlib/init/entry.s            0x00000000   Number         0  entry7a.o ABSOLUTE
    ../clib/microlib/init/entry.s            0x00000000   Number         0  entry5.o ABSOLUTE
    ../clib/microlib/init/entry.s            0x00000000   Number         0  entry11a.o ABSOLUTE
    ../clib/microlib/init/entry.s            0x00000000   Number         0  entry9a.o ABSOLUTE
    ../clib/microlib/init/entry.s            0x00000000   Number         0  entry11b.o ABSOLUTE
    ../clib/microlib/init/entry.s            0x00000000   Number         0  entry8b.o ABSOLUTE
    ../clib/microlib/init/entry.s            0x00000000   Number         0  entry8a.o ABSOLUTE
    ../clib/microlib/longlong.c              0x00000000   Number         0  llsshr.o ABSOLUTE
    ../clib/microlib/longlong.c              0x00000000   Number         0  llushr.o ABSOLUTE
    ../clib/microlib/longlong.c              0x00000000   Number         0  llshl.o ABSOLUTE
    ../clib/microlib/printf/printf.c         0x00000000   Number         0  printf8.o ABSOLUTE
    ../clib/microlib/printf/printf.c         0x00000000   Number         0  printf7.o ABSOLUTE
    ../clib/microlib/printf/printf.c         0x00000000   Number         0  printf6.o ABSOLUTE
    ../clib/microlib/printf/printf.c         0x00000000   Number         0  printf5.o ABSOLUTE
    ../clib/microlib/printf/printf.c         0x00000000   Number         0  printf4.o ABSOLUTE
    ../clib/microlib/printf/printf.c         0x00000000   Number         0  printfb.o ABSOLUTE
    ../clib/microlib/printf/printf.c         0x00000000   Number         0  printf3.o ABSOLUTE
    ../clib/microlib/printf/printf.c         0x00000000   Number         0  printf1.o ABSOLUTE
    ../clib/microlib/printf/printf.c         0x00000000   Number         0  printfa.o ABSOLUTE
    ../clib/microlib/printf/printf.c         0x00000000   Number         0  printf0.o ABSOLUTE
    ../clib/microlib/printf/printf.c         0x00000000   Number         0  printf2.o ABSOLUTE
    ../clib/microlib/printf/stubs.s          0x00000000   Number         0  stubs.o ABSOLUTE
    ../clib/microlib/stdio/fflush.c          0x00000000   Number         0  fflush.o ABSOLUTE
    ../clib/microlib/stdio/fputc.c           0x00000000   Number         0  fputc.o ABSOLUTE
    ../clib/microlib/stdio/semi.s            0x00000000   Number         0  semi.o ABSOLUTE
    ../clib/microlib/stdio/streams.c         0x00000000   Number         0  stdout.o ABSOLUTE
    ../clib/microlib/string/memcmp.c         0x00000000   Number         0  memcmp.o ABSOLUTE
    ../clib/microlib/string/memcpy.c         0x00000000   Number         0  memcpya.o ABSOLUTE
    ../clib/microlib/string/memcpy.c         0x00000000   Number         0  memcpyb.o ABSOLUTE
    ../clib/microlib/string/memset.c         0x00000000   Number         0  memseta.o ABSOLUTE
    ../clib/microlib/string/strcmp.c         0x00000000   Number         0  strcmp.o ABSOLUTE
    ../clib/microlib/string/strcpy.c         0x00000000   Number         0  strcpy.o ABSOLUTE
    ../clib/microlib/string/strlen.c         0x00000000   Number         0  strlen.o ABSOLUTE
    ../clib/microlib/stubs.s                 0x00000000   Number         0  iusefp.o ABSOLUTE
    ../clib/microlib/stubs.s                 0x00000000   Number         0  iusesemip.o ABSOLUTE
    ../clib/microlib/stubs.s                 0x00000000   Number         0  useno.o ABSOLUTE
    ../clib/microlib/unhosted.c              0x00000000   Number         0  uread4.o ABSOLUTE
    ../clib/microlib/unhosted.c              0x00000000   Number         0  uwrite4.o ABSOLUTE
    ../fplib/microlib/f2d.c                  0x00000000   Number         0  f2d.o ABSOLUTE
    ../fplib/microlib/fpadd.c                0x00000000   Number         0  dadd.o ABSOLUTE
    ../fplib/microlib/fpadd.c                0x00000000   Number         0  fadd.o ABSOLUTE
    ../fplib/microlib/fpdiv.c                0x00000000   Number         0  ddiv.o ABSOLUTE
    ../fplib/microlib/fpepilogue.c           0x00000000   Number         0  fepilogue.o ABSOLUTE
    ../fplib/microlib/fpepilogue.c           0x00000000   Number         0  depilogue.o ABSOLUTE
    ../fplib/microlib/fpfix.c                0x00000000   Number         0  dfixui.o ABSOLUTE
    ../fplib/microlib/fpfix.c                0x00000000   Number         0  dfixul.o ABSOLUTE
    ../fplib/microlib/fpflt.c                0x00000000   Number         0  dfltui.o ABSOLUTE
    ../fplib/microlib/fpflt.c                0x00000000   Number         0  dflti.o ABSOLUTE
    ../fplib/microlib/fpflt.c                0x00000000   Number         0  ffltui.o ABSOLUTE
    ../fplib/microlib/fpmul.c                0x00000000   Number         0  dmul.o ABSOLUTE
    ..\..\..\Driver\delay.c                  0x00000000   Number         0  delay.o ABSOLUTE
    ..\..\..\Driver\gpio.c                   0x00000000   Number         0  gpio.o ABSOLUTE
    ..\..\..\Rtt\SEGGER_RTT.c                0x00000000   Number         0  segger_rtt.o ABSOLUTE
    ..\..\..\Rtt\SEGGER_RTT_Syscalls_KEIL.c  0x00000000   Number         0  segger_rtt_syscalls_keil.o ABSOLUTE
    ..\..\..\Rtt\SEGGER_RTT_printf.c         0x00000000   Number         0  segger_rtt_printf.o ABSOLUTE
    ..\..\..\ble\ota.c                       0x00000000   Number         0  ota.o ABSOLUTE
    ..\\..\\..\\Driver\\delay.c              0x00000000   Number         0  delay.o ABSOLUTE
    ..\\..\\..\\Driver\\gpio.c               0x00000000   Number         0  gpio.o ABSOLUTE
    ..\\..\\..\\Rtt\\SEGGER_RTT.c            0x00000000   Number         0  segger_rtt.o ABSOLUTE
    ..\\..\\..\\Rtt\\SEGGER_RTT_Syscalls_KEIL.c 0x00000000   Number         0  segger_rtt_syscalls_keil.o ABSOLUTE
    ..\\..\\..\\Rtt\\SEGGER_RTT_printf.c     0x00000000   Number         0  segger_rtt_printf.o ABSOLUTE
    ..\\..\\..\\ble\\ota.c                   0x00000000   Number         0  ota.o ABSOLUTE
    ..\\main.c                               0x00000000   Number         0  main.o ABSOLUTE
    ..\\rtc_handler.c                        0x00000000   Number         0  rtc_handler.o ABSOLUTE
    ..\\timer_handler.c                      0x00000000   Number         0  timer_handler.o ABSOLUTE
    ..\\uart.c                               0x00000000   Number         0  uart.o ABSOLUTE
    ..\\uart_protocol.c                      0x00000000   Number         0  uart_protocol.o ABSOLUTE
    ..\main.c                                0x00000000   Number         0  main.o ABSOLUTE
    ..\rtc_handler.c                         0x00000000   Number         0  rtc_handler.o ABSOLUTE
    ..\timer_handler.c                       0x00000000   Number         0  timer_handler.o ABSOLUTE
    ..\uart.c                                0x00000000   Number         0  uart.o ABSOLUTE
    ..\uart_protocol.c                       0x00000000   Number         0  uart_protocol.o ABSOLUTE
    Driver\\rtc.c                            0x00000000   Number         0  rtc.o ABSOLUTE
    Driver\\timer.c                          0x00000000   Number         0  timer.o ABSOLUTE
    Driver\rtc.c                             0x00000000   Number         0  rtc.o ABSOLUTE
    Driver\timer.c                           0x00000000   Number         0  timer.o ABSOLUTE
    Main\\main.c                             0x00000000   Number         0  main.o ABSOLUTE
    Main\main.c                              0x00000000   Number         0  main.o ABSOLUTE
    RTE\Device\ARMCM0\startup_ARMCM0.s       0x00000000   Number         0  startup_armcm0.o ABSOLUTE
    RTE\Device\ARMCM0\system_ARMCM0.c        0x00000000   Number         0  system_armcm0.o ABSOLUTE
    RTE\\Device\\ARMCM0\\system_ARMCM0.c     0x00000000   Number         0  system_armcm0.o ABSOLUTE
    cdrcmple.s                               0x00000000   Number         0  cdrcmple.o ABSOLUTE
    dc.s                                     0x00000000   Number         0  dc.o ABSOLUTE
    handlers.s                               0x00000000   Number         0  handlers.o ABSOLUTE
    init.s                                   0x00000000   Number         0  init.o ABSOLUTE
    RESET                                    0x10000000   Section      192  startup_armcm0.o(RESET)
    .ARM.Collect$$$$00000000                 0x100000c0   Section        0  entry.o(.ARM.Collect$$$$00000000)
    .ARM.Collect$$$$00000001                 0x100000c0   Section        4  entry2.o(.ARM.Collect$$$$00000001)
    .ARM.Collect$$$$00000004                 0x100000c4   Section        4  entry5.o(.ARM.Collect$$$$00000004)
    .ARM.Collect$$$$00000008                 0x100000c8   Section        0  entry7b.o(.ARM.Collect$$$$00000008)
    .ARM.Collect$$$$0000000A                 0x100000c8   Section        0  entry8b.o(.ARM.Collect$$$$0000000A)
    .ARM.Collect$$$$0000000B                 0x100000c8   Section        8  entry9a.o(.ARM.Collect$$$$0000000B)
    .ARM.Collect$$$$0000000D                 0x100000d0   Section        0  entry10a.o(.ARM.Collect$$$$0000000D)
    .ARM.Collect$$$$0000000F                 0x100000d0   Section        0  entry11a.o(.ARM.Collect$$$$0000000F)
    .ARM.Collect$$$$00002712                 0x100000d0   Section        4  entry2.o(.ARM.Collect$$$$00002712)
    __lit__00000000                          0x100000d0   Data           4  entry2.o(.ARM.Collect$$$$00002712)
    .text                                    0x100000d4   Section        0  main.o(.text)
    NVIC_SetPriority                         0x100000d5   Thumb Code    60  main.o(.text)
    setup_adv_data                           0x100001af   Thumb Code   100  main.o(.text)
    timer_1_callback                         0x100002b5   Thumb Code    36  main.o(.text)
    send_to_master                           0x100002d9   Thumb Code   176  main.o(.text)
    user_gpio_callback                       0x1000067b   Thumb Code    80  main.o(.text)
    ble_gatt_write                           0x100008ad   Thumb Code    88  main.o(.text)
    sendToUart                               0x10000905   Thumb Code   556  main.o(.text)
    ble_init                                 0x10000b31   Thumb Code   114  main.o(.text)
    .text                                    0x10000bac   Section        0  uart_protocol.o(.text)
    .text                                    0x10000c08   Section        0  delay.o(.text)
    .text                                    0x10000c28   Section        0  ota.o(.text)
    EvtCommandComplete                       0x10000c29   Thumb Code    24  ota.o(.text)
    Cmd4KSETTINGWrite                        0x10000e9d   Thumb Code    78  ota.o(.text)
    CmdFwWriteStart                          0x10000eeb   Thumb Code    30  ota.o(.text)
    CmdFwUpgradev20                          0x10000f09   Thumb Code   110  ota.o(.text)
    CmdFlashdataUpgradev30                   0x10000f77   Thumb Code    80  ota.o(.text)
    .text                                    0x10001138   Section        0  gpio.o(.text)
    .text                                    0x10001484   Section        0  uart.o(.text)
    .text                                    0x100015d4   Section        0  timer_handler.o(.text)
    .text                                    0x10001620   Section        0  rtc_handler.o(.text)
    .text                                    0x1000164c   Section        0  segger_rtt.o(.text)
    _DoInit                                  0x1000164d   Thumb Code    74  segger_rtt.o(.text)
    _WriteBlocking                           0x10001697   Thumb Code    96  segger_rtt.o(.text)
    _WriteNoCheck                            0x100016f7   Thumb Code    60  segger_rtt.o(.text)
    _GetAvailWriteSpace                      0x100017bb   Thumb Code    22  segger_rtt.o(.text)
    .text                                    0x100017f0   Section        0  segger_rtt_printf.o(.text)
    _StoreChar                               0x100017f1   Thumb Code    62  segger_rtt_printf.o(.text)
    _PrintUnsigned                           0x1000182f   Thumb Code   210  segger_rtt_printf.o(.text)
    _PrintInt                                0x10001b31   Thumb Code   200  segger_rtt_printf.o(.text)
    .text                                    0x10001c18   Section       28  startup_armcm0.o(.text)
    .text                                    0x10001c34   Section        0  system_armcm0.o(.text)
    .text                                    0x10001c44   Section        0  main.o(.text)
    _LCDisConnect                            0x10001c45   Thumb Code    46  main.o(.text)
    _LCTimer_Handler                         0x10001c73   Thumb Code   248  main.o(.text)
    _LCRxPkt_Handler                         0x10001d6b   Thumb Code   200  main.o(.text)
    _LCTxPkt_Handler                         0x10001e33   Thumb Code   316  main.o(.text)
    _LLENCReq                                0x100026db   Thumb Code   260  main.o(.text)
    _GAPStartAdv                             0x10002c35   Thumb Code   616  main.o(.text)
    WaitLLCOverSlpth                         0x10003c6b   Thumb Code    38  main.o(.text)
    _BBRXFIFORead                            0x10003c91   Thumb Code   138  main.o(.text)
    GetOverSlpth                             0x10003d1b   Thumb Code    26  main.o(.text)
    .text                                    0x10003d40   Section        0  timer.o(.text)
    Timer_Evt_Trigger                        0x10003e0d   Thumb Code   110  timer.o(.text)
    __NVIC_EnableIRQ                         0x100041dd   Thumb Code    18  timer.o(.text)
    __NVIC_DisableIRQ                        0x100041ef   Thumb Code    28  timer.o(.text)
    .text                                    0x10004218   Section        0  rtc.o(.text)
    Timer_RTCEVT_Trigger                     0x100043a7   Thumb Code   158  rtc.o(.text)
    .text                                    0x100047e8   Section        0  uidiv.o(.text)
    .text                                    0x10004814   Section        0  idiv.o(.text)
    .text                                    0x1000483c   Section        0  memcpya.o(.text)
    .text                                    0x10004860   Section        0  memseta.o(.text)
    .text                                    0x10004884   Section        0  memcmp.o(.text)
    .text                                    0x1000489e   Section        0  strcpy.o(.text)
    .text                                    0x100048b0   Section        0  uread4.o(.text)
    .text                                    0x100048c4   Section        0  uwrite4.o(.text)
    .text                                    0x100048d6   Section        0  fadd.o(.text)
    .text                                    0x10004988   Section        0  dadd.o(.text)
    .text                                    0x10004aec   Section        0  dmul.o(.text)
    .text                                    0x10004bbc   Section        0  ddiv.o(.text)
    .text                                    0x10004cac   Section        0  ffltui.o(.text)
    .text                                    0x10004cbc   Section        0  dflti.o(.text)
    .text                                    0x10004ce4   Section        0  dfltui.o(.text)
    .text                                    0x10004d00   Section        0  dfixui.o(.text)
    .text                                    0x10004d3c   Section        0  f2d.o(.text)
    .text                                    0x10004d64   Section        0  uldiv.o(.text)
    .text                                    0x10004dc4   Section        0  llshl.o(.text)
    .text                                    0x10004de4   Section        0  llushr.o(.text)
    .text                                    0x10004e06   Section        0  llsshr.o(.text)
    .text                                    0x10004e2c   Section        0  fepilogue.o(.text)
    .text                                    0x10004e2c   Section        0  iusefp.o(.text)
    .text                                    0x10004eae   Section        0  depilogue.o(.text)
    .text                                    0x10004f6c   Section        0  dfixul.o(.text)
    .text                                    0x10004fac   Section       40  cdrcmple.o(.text)
    .text                                    0x10004fd4   Section       36  init.o(.text)
    .text                                    0x10004ff8   Section        0  __dczerorl2.o(.text)
    i.__0sprintf                             0x10005050   Section        0  printfa.o(i.__0sprintf)
    i.__ARM_clz                              0x10005078   Section        0  depilogue.o(i.__ARM_clz)
    i.__ARM_common_switch8                   0x100050a6   Section        0  main.o(i.__ARM_common_switch8)
    i.__scatterload_copy                     0x100050c0   Section       14  handlers.o(i.__scatterload_copy)
    i.__scatterload_null                     0x100050ce   Section        2  handlers.o(i.__scatterload_null)
    i.__scatterload_zeroinit                 0x100050d0   Section       14  handlers.o(i.__scatterload_zeroinit)
    i._fp_digits                             0x100050e0   Section        0  printfa.o(i._fp_digits)
    _fp_digits                               0x100050e1   Thumb Code   316  printfa.o(i._fp_digits)
    i._printf_core                           0x10005238   Section        0  printfa.o(i._printf_core)
    _printf_core                             0x10005239   Thumb Code  1754  printfa.o(i._printf_core)
    i._printf_post_padding                   0x10005924   Section        0  printfa.o(i._printf_post_padding)
    _printf_post_padding                     0x10005925   Thumb Code    32  printfa.o(i._printf_post_padding)
    i._printf_pre_padding                    0x10005944   Section        0  printfa.o(i._printf_pre_padding)
    _printf_pre_padding                      0x10005945   Thumb Code    44  printfa.o(i._printf_pre_padding)
    i._sputc                                 0x10005970   Section        0  printfa.o(i._sputc)
    _sputc                                   0x10005971   Thumb Code    10  printfa.o(i._sputc)
    .constdata                               0x1000597a   Section       16  segger_rtt_printf.o(.constdata)
    _aV2C                                    0x1000597a   Data          16  segger_rtt_printf.o(.constdata)
    .data                                    0x20003000   Section       59  main.o(.data)
    latency_state                            0x20003001   Data           1  main.o(.data)
    start_tx                                 0x20003003   Data           1  main.o(.data)
    uart_delay_cnt                           0x20003004   Data           2  main.o(.data)
    g_report                                 0x20003008   Data           4  main.o(.data)
    .data                                    0x2000303c   Section       28  ota.o(.data)
    EvtBuf                                   0x20003050   Data           8  ota.o(.data)
    .data                                    0x20003058   Section       72  gpio.o(.data)
    gpio_callback                            0x2000306c   Data           4  gpio.o(.data)
    pinmuxtab48                              0x20003070   Data          24  gpio.o(.data)
    pinmuxtab32                              0x20003088   Data          24  gpio.o(.data)
    .data                                    0x200030a0   Section        8  uart.o(.data)
    UART_0_CTRL                              0x200030a0   Data           4  uart.o(.data)
    UART_1_CTRL                              0x200030a4   Data           4  uart.o(.data)
    .data                                    0x200030a8   Section        4  rtc_handler.o(.data)
    .data                                    0x200030ac   Section        4  system_armcm0.o(.data)
    .data                                    0x200030b0   Section       56  main.o(.data)
    syd_confirm                              0x200030b0   Data           1  main.o(.data)
    ww_minus_cnt                             0x200030b1   Data           1  main.o(.data)
    ext_uart_en                              0x200030b2   Data           1  main.o(.data)
    get_bond_device_idx                      0x200030b3   Data           1  main.o(.data)
    rssi_rx                                  0x200030b4   Data           1  main.o(.data)
    p_flash_hdr                              0x200030b8   Data           4  main.o(.data)
    p_lclink                                 0x200030bc   Data           4  main.o(.data)
    p_txpdu                                  0x200030c0   Data           4  main.o(.data)
    p_rxbuf                                  0x200030c4   Data           4  main.o(.data)
    p_flash                                  0x200030c8   Data           4  main.o(.data)
    p_dump_key                               0x200030cc   Data           4  main.o(.data)
    EFUSE_CTRL                               0x200030d0   Data           4  main.o(.data)
    BB_CTRL                                  0x200030d4   Data           4  main.o(.data)
    PW_CTRL                                  0x200030d8   Data           4  main.o(.data)
    PIN_CONFIG                               0x200030dc   Data           4  main.o(.data)
    g_evt                                    0x200030e0   Data           8  main.o(.data)
    .data                                    0x200030e8   Section       28  timer.o(.data)
    TIMER_CTRL                               0x200030ec   Data           4  timer.o(.data)
    .data                                    0x20003104   Section       40  rtc.o(.data)
    enabled                                  0x20003104   Data           1  rtc.o(.data)
    irq_cb                                   0x20003124   Data           4  rtc.o(.data)
    .bss                                     0x2000312c   Section     2192  main.o(.bss)
    .bss                                     0x200039bc   Section       40  ota.o(.bss)
    .bss                                     0x200039e4   Section       48  timer_handler.o(.bss)
    .bss                                     0x20003a14   Section       24  rtc_handler.o(.bss)
    .bss                                     0x20003a2c   Section     1112  segger_rtt.o(.bss)
    _acUpBuffer                              0x20003a74   Data        1024  segger_rtt.o(.bss)
    _acDownBuffer                            0x20003e74   Data          16  segger_rtt.o(.bss)
    .bss                                     0x20003e84   Section      104  main.o(.bss)
    code_hdr                                 0x20003e84   Data          87  main.o(.bss)
    smart_update_ctrol                       0x20003edb   Data          17  main.o(.bss)
    .bss                                     0x20003eec   Section       12  timer.o(.bss)
    timer_callback                           0x20003eec   Data          12  timer.o(.bss)
    STACK                                    0x20003ef8   Section     1024  startup_armcm0.o(STACK)

    Global Symbols

    Symbol Name                              Value     Ov Type        Size  Object(Section)

    BuildAttributes$$THM_ISAv3M$S$PE$A:L22$X:L11$S22$IEEE1$IW$USESV6$~STKCKD$USESV7$~SHL$OTIME$ROPI$EBA8$MICROLIB$REQ8$PRES8$EABIv2 0x00000000   Number         0  anon$$obj.o ABSOLUTE
    __ARM_use_no_argv                        0x00000000   Number         0  main.o ABSOLUTE
    __use_no_errno                           0x00000000   Number         0  useno.o ABSOLUTE
    __use_no_exception_handling              0x00000000   Number         0  useno.o ABSOLUTE
    __use_no_fp                              0x00000000   Number         0  useno.o ABSOLUTE
    __use_no_heap                            0x00000000   Number         0  useno.o ABSOLUTE
    __use_no_heap_region                     0x00000000   Number         0  useno.o ABSOLUTE
    __use_no_semihosting                     0x00000000   Number         0  useno.o ABSOLUTE
    __use_no_semihosting_swi                 0x00000000   Number         0  useno.o ABSOLUTE
    __use_no_signal_handling                 0x00000000   Number         0  useno.o ABSOLUTE
    _printf_a                                0x00000000   Number         0  stubs.o ABSOLUTE
    _printf_c                                0x00000000   Number         0  stubs.o ABSOLUTE
    _printf_charcount                        0x00000000   Number         0  stubs.o ABSOLUTE
    _printf_d                                0x00000000   Number         0  stubs.o ABSOLUTE
    _printf_e                                0x00000000   Number         0  stubs.o ABSOLUTE
    _printf_f                                0x00000000   Number         0  stubs.o ABSOLUTE
    _printf_flags                            0x00000000   Number         0  stubs.o ABSOLUTE
    _printf_fp_dec                           0x00000000   Number         0  stubs.o ABSOLUTE
    _printf_fp_hex                           0x00000000   Number         0  stubs.o ABSOLUTE
    _printf_g                                0x00000000   Number         0  stubs.o ABSOLUTE
    _printf_i                                0x00000000   Number         0  stubs.o ABSOLUTE
    _printf_int_dec                          0x00000000   Number         0  stubs.o ABSOLUTE
    _printf_l                                0x00000000   Number         0  stubs.o ABSOLUTE
    _printf_lc                               0x00000000   Number         0  stubs.o ABSOLUTE
    _printf_ll                               0x00000000   Number         0  stubs.o ABSOLUTE
    _printf_lld                              0x00000000   Number         0  stubs.o ABSOLUTE
    _printf_lli                              0x00000000   Number         0  stubs.o ABSOLUTE
    _printf_llo                              0x00000000   Number         0  stubs.o ABSOLUTE
    _printf_llu                              0x00000000   Number         0  stubs.o ABSOLUTE
    _printf_llx                              0x00000000   Number         0  stubs.o ABSOLUTE
    _printf_longlong_dec                     0x00000000   Number         0  stubs.o ABSOLUTE
    _printf_longlong_hex                     0x00000000   Number         0  stubs.o ABSOLUTE
    _printf_longlong_oct                     0x00000000   Number         0  stubs.o ABSOLUTE
    _printf_ls                               0x00000000   Number         0  stubs.o ABSOLUTE
    _printf_mbtowc                           0x00000000   Number         0  stubs.o ABSOLUTE
    _printf_n                                0x00000000   Number         0  stubs.o ABSOLUTE
    _printf_o                                0x00000000   Number         0  stubs.o ABSOLUTE
    _printf_p                                0x00000000   Number         0  stubs.o ABSOLUTE
    _printf_percent                          0x00000000   Number         0  stubs.o ABSOLUTE
    _printf_pre_padding                      0x00000000   Number         0  stubs.o ABSOLUTE
    _printf_return_value                     0x00000000   Number         0  stubs.o ABSOLUTE
    _printf_s                                0x00000000   Number         0  stubs.o ABSOLUTE
    _printf_sizespec                         0x00000000   Number         0  stubs.o ABSOLUTE
    _printf_str                              0x00000000   Number         0  stubs.o ABSOLUTE
    _printf_truncate_signed                  0x00000000   Number         0  stubs.o ABSOLUTE
    _printf_truncate_unsigned                0x00000000   Number         0  stubs.o ABSOLUTE
    _printf_u                                0x00000000   Number         0  stubs.o ABSOLUTE
    _printf_wc                               0x00000000   Number         0  stubs.o ABSOLUTE
    _printf_wctomb                           0x00000000   Number         0  stubs.o ABSOLUTE
    _printf_widthprec                        0x00000000   Number         0  stubs.o ABSOLUTE
    _printf_x                                0x00000000   Number         0  stubs.o ABSOLUTE
    __cpp_initialize__aeabi_                  - Undefined Weak Reference
    __cxa_finalize                            - Undefined Weak Reference
    _clock_init                               - Undefined Weak Reference
    _microlib_exit                            - Undefined Weak Reference
    __Vectors_Size                           0x000000c0   Number         0  startup_armcm0.o ABSOLUTE
    __Vectors                                0x10000000   Data           4  startup_armcm0.o(RESET)
    __Vectors_End                            0x100000c0   Data           0  startup_armcm0.o(RESET)
    __main                                   0x100000c1   Thumb Code     0  entry.o(.ARM.Collect$$$$00000000)
    _main_stk                                0x100000c1   Thumb Code     0  entry2.o(.ARM.Collect$$$$00000001)
    _main_scatterload                        0x100000c5   Thumb Code     0  entry5.o(.ARM.Collect$$$$00000004)
    __main_after_scatterload                 0x100000c9   Thumb Code     0  entry5.o(.ARM.Collect$$$$00000004)
    _main_clock                              0x100000c9   Thumb Code     0  entry7b.o(.ARM.Collect$$$$00000008)
    _main_cpp_init                           0x100000c9   Thumb Code     0  entry8b.o(.ARM.Collect$$$$0000000A)
    _main_init                               0x100000c9   Thumb Code     0  entry9a.o(.ARM.Collect$$$$0000000B)
    __rt_final_cpp                           0x100000d1   Thumb Code     0  entry10a.o(.ARM.Collect$$$$0000000D)
    __rt_final_exit                          0x100000d1   Thumb Code     0  entry11a.o(.ARM.Collect$$$$0000000F)
    gpio_init                                0x10000111   Thumb Code   158  main.o(.text)
    BLSetConnectionUpdate                    0x10000213   Thumb Code    78  main.o(.text)
    Connection_latency                       0x10000261   Thumb Code    38  main.o(.text)
    BLE_SendUARTData                         0x10000287   Thumb Code    46  main.o(.text)
    ble_evt_callback                         0x10000389   Thumb Code   638  main.o(.text)
    ota_manage                               0x10000607   Thumb Code   116  main.o(.text)
    nvic_priority                            0x100006cb   Thumb Code   188  main.o(.text)
    main                                     0x10000787   Thumb Code   284  main.o(.text)
    HardFault_Handler                        0x100008a3   Thumb Code    10  main.o(.text)
    uartRx_callback                          0x10000bad   Thumb Code    58  uart_protocol.o(.text)
    uart_cmd                                 0x10000be7   Thumb Code    26  uart_protocol.o(.text)
    delay_ms                                 0x10000c09   Thumb Code    26  delay.o(.text)
    CmdFwErase                               0x10000c41   Thumb Code    22  ota.o(.text)
    ota_variable_clear                       0x10000c57   Thumb Code    24  ota.o(.text)
    ota_cmd                                  0x10000c6f   Thumb Code   522  ota.o(.text)
    ota_rsp                                  0x10000e79   Thumb Code    36  ota.o(.text)
    PIN_Pullup_Enable                        0x10001139   Thumb Code   102  gpio.o(.text)
    PIN_Pullup_Disable                       0x1000119f   Thumb Code   102  gpio.o(.text)
    GPIO_Set_Output                          0x10001205   Thumb Code    48  gpio.o(.text)
    GPIO_Set_Input                           0x10001235   Thumb Code   172  gpio.o(.text)
    GPIO_Pin_Set                             0x100012e1   Thumb Code    48  gpio.o(.text)
    GPIO_Pin_Clear                           0x10001311   Thumb Code    48  gpio.o(.text)
    GPIO_Pin_Turn                            0x10001341   Thumb Code    48  gpio.o(.text)
    GPIO_Pin_Read                            0x10001371   Thumb Code    34  gpio.o(.text)
    io_irq_enable                            0x10001393   Thumb Code   114  gpio.o(.text)
    GPIO_IRQHandler                          0x10001405   Thumb Code   116  gpio.o(.text)
    uart_0_init                              0x10001485   Thumb Code   168  uart.o(.text)
    uart_0_write                             0x1000152d   Thumb Code    22  uart.o(.text)
    uart_0_read                              0x10001543   Thumb Code    52  uart.o(.text)
    uart_0_ClrFiFo                           0x10001577   Thumb Code    14  uart.o(.text)
    UART0_IRQHandler                         0x10001585   Thumb Code    42  uart.o(.text)
    UART1_IRQHandler                         0x100015af   Thumb Code    26  uart.o(.text)
    Timer_Evt_2s                             0x100015d5   Thumb Code    14  timer_handler.o(.text)
    Timer_EVT_1S_OTA                         0x100015e3   Thumb Code    14  timer_handler.o(.text)
    Timer_Evt_List                           0x100015f1   Thumb Code    36  timer_handler.o(.text)
    RTC_Evt_185s                             0x10001621   Thumb Code    12  rtc_handler.o(.text)
    RTC_Evt_List                             0x1000162d   Thumb Code    22  rtc_handler.o(.text)
    SEGGER_RTT_WriteNoLock                   0x10001733   Thumb Code    86  segger_rtt.o(.text)
    SEGGER_RTT_Write                         0x10001789   Thumb Code    48  segger_rtt.o(.text)
    SEGGER_RTT_Init                          0x100017b9   Thumb Code     2  segger_rtt.o(.text)
    SEGGER_RTT_vprintf                       0x10001901   Thumb Code   452  segger_rtt_printf.o(.text)
    SEGGER_RTT_printf                        0x10001ac5   Thumb Code    24  segger_rtt_printf.o(.text)
    SEGGER_RTT_hexdump                       0x10001add   Thumb Code    84  segger_rtt_printf.o(.text)
    Reset_Handler                            0x10001c19   Thumb Code     8  startup_armcm0.o(.text)
    NMI_Handler                              0x10001c21   Thumb Code     2  startup_armcm0.o(.text)
    SVC_Handler                              0x10001c25   Thumb Code     2  startup_armcm0.o(.text)
    PendSV_Handler                           0x10001c27   Thumb Code     2  startup_armcm0.o(.text)
    SysTick_Handler                          0x10001c29   Thumb Code     2  startup_armcm0.o(.text)
    CAP_IRQHandler                           0x10001c2b   Thumb Code     0  startup_armcm0.o(.text)
    GPADC_IRQHandler                         0x10001c2b   Thumb Code     0  startup_armcm0.o(.text)
    HID_IRQHandler                           0x10001c2b   Thumb Code     0  startup_armcm0.o(.text)
    HPWM_IRQHandler                          0x10001c2b   Thumb Code     0  startup_armcm0.o(.text)
    HTIMER_IRQHandler                        0x10001c2b   Thumb Code     0  startup_armcm0.o(.text)
    I2C0_IRQHandler                          0x10001c2b   Thumb Code     0  startup_armcm0.o(.text)
    I2C1_IRQHandler                          0x10001c2b   Thumb Code     0  startup_armcm0.o(.text)
    IR_Rx_IRQHandler                         0x10001c2b   Thumb Code     0  startup_armcm0.o(.text)
    IR_Tx_IRQHandler                         0x10001c2b   Thumb Code     0  startup_armcm0.o(.text)
    ISO_7816_IRQHandler                      0x10001c2b   Thumb Code     0  startup_armcm0.o(.text)
    LLC2_IRQHandler                          0x10001c2b   Thumb Code     0  startup_armcm0.o(.text)
    LLC_IRQHandler                           0x10001c2b   Thumb Code     0  startup_armcm0.o(.text)
    SPIM_IRQHandler                          0x10001c2b   Thumb Code     0  startup_armcm0.o(.text)
    SW_IRQHandler                            0x10001c2b   Thumb Code     0  startup_armcm0.o(.text)
    TIMER3_IRQHandler                        0x10001c2b   Thumb Code     0  startup_armcm0.o(.text)
    TOUCH_IRQHandler                         0x10001c2b   Thumb Code     0  startup_armcm0.o(.text)
    SystemInit                               0x10001c35   Thumb Code     8  system_armcm0.o(.text)
    _BBGetMask                               0x10001f6f   Thumb Code    92  main.o(.text)
    Lib_LLEvtCallback                        0x10001fcb   Thumb Code   252  main.o(.text)
    ConnectionLatencyMode                    0x100020c7   Thumb Code   112  main.o(.text)
    sw_timer_latency_callback                0x10002137   Thumb Code    42  main.o(.text)
    TimerStart                               0x10002161   Thumb Code    10  main.o(.text)
    smart_latency_start                      0x1000216b   Thumb Code   212  main.o(.text)
    smart_update_latency_updatersp           0x1000223f   Thumb Code   150  main.o(.text)
    BBRFRead                                 0x100022d5   Thumb Code     4  main.o(.text)
    BBRFWrite                                0x100022d9   Thumb Code     6  main.o(.text)
    RCOSCCalibration                         0x100022df   Thumb Code    64  main.o(.text)
    RFSleep                                  0x1000231f   Thumb Code    10  main.o(.text)
    UartEn                                   0x10002329   Thumb Code    32  main.o(.text)
    _SYS32kClockSwitch                       0x10002349   Thumb Code   222  main.o(.text)
    ClockSwitch                              0x10002427   Thumb Code    10  main.o(.text)
    RFWakeup                                 0x10002431   Thumb Code    24  main.o(.text)
    LPOCalibration                           0x10002449   Thumb Code   260  main.o(.text)
    smart_latency_clear                      0x1000254d   Thumb Code    12  main.o(.text)
    Lib_EvtCallback                          0x10002559   Thumb Code   242  main.o(.text)
    _BMGetNextBondDevice                     0x1000264b   Thumb Code   144  main.o(.text)
    TimerStop                                0x100027df   Thumb Code     4  main.o(.text)
    smart_update_retry                       0x100027e3   Thumb Code   124  main.o(.text)
    sw_timer_update_callback                 0x1000285f   Thumb Code   114  main.o(.text)
    smart_update_latency_updatareq           0x100028d1   Thumb Code   496  main.o(.text)
    Lib_ProtocolHookCallback                 0x10002ac1   Thumb Code   104  main.o(.text)
    Lib_MiscCallback                         0x10002b29   Thumb Code    14  main.o(.text)
    BleInit                                  0x10002b37   Thumb Code   170  main.o(.text)
    DisConnect                               0x10002be1   Thumb Code    12  main.o(.text)
    SetDevAddr                               0x10002bed   Thumb Code    12  main.o(.text)
    GetDevAddr                               0x10002bf9   Thumb Code    12  main.o(.text)
    SetLEFeature                             0x10002c05   Thumb Code    12  main.o(.text)
    SetAdvAccCode                            0x10002c11   Thumb Code    12  main.o(.text)
    SetAdvParams                             0x10002c1d   Thumb Code    12  main.o(.text)
    SetAdvData                               0x10002c29   Thumb Code    12  main.o(.text)
    StartAdv                                 0x10002e9d   Thumb Code    10  main.o(.text)
    StopAdv                                  0x10002ea7   Thumb Code    22  main.o(.text)
    StopAdv_Noreset                          0x10002ebd   Thumb Code    38  main.o(.text)
    SetScanParams                            0x10002ee3   Thumb Code    10  main.o(.text)
    StartScan                                0x10002eed   Thumb Code    12  main.o(.text)
    StopScan                                 0x10002ef9   Thumb Code    10  main.o(.text)
    SetSecParams                             0x10002f03   Thumb Code    12  main.o(.text)
    SetConnectionUpdate                      0x10002f0f   Thumb Code    12  main.o(.text)
    GetLinkParameters                        0x10002f1b   Thumb Code    12  main.o(.text)
    SetWinWideMinusCnt                       0x10002f27   Thumb Code     8  main.o(.text)
    SetPasskey                               0x10002f2f   Thumb Code    12  main.o(.text)
    SecurityReq                              0x10002f3b   Thumb Code    12  main.o(.text)
    SetEvtCallback                           0x10002f47   Thumb Code    54  main.o(.text)
    GetGATTReportHandle                      0x10002f7d   Thumb Code    10  main.o(.text)
    SetGATTReadRsp                           0x10002f87   Thumb Code    12  main.o(.text)
    CheckFIFOFull                            0x10002f93   Thumb Code    18  main.o(.text)
    GATTDataSend                             0x10002fa5   Thumb Code    48  main.o(.text)
    ATTCSetCallback                          0x10002fd5   Thumb Code     4  main.o(.text)
    ATTCMTUReq                               0x10002fd9   Thumb Code    24  main.o(.text)
    ATTCFindInfoReq                          0x10002ff1   Thumb Code    28  main.o(.text)
    ATTCFindByTypeValueReq                   0x1000300d   Thumb Code    42  main.o(.text)
    ATTCReadByTypeReq                        0x10003037   Thumb Code    36  main.o(.text)
    ATTCReadReq                              0x1000305b   Thumb Code    24  main.o(.text)
    ATTCReadBlobReq                          0x10003073   Thumb Code    28  main.o(.text)
    ATTCReadMultipleReq                      0x1000308f   Thumb Code    28  main.o(.text)
    ATTCReadByGroupTypeReq                   0x100030ab   Thumb Code    34  main.o(.text)
    ATTCWriteReq                             0x100030cd   Thumb Code    32  main.o(.text)
    ATTCWriteCmdReq                          0x100030ed   Thumb Code    32  main.o(.text)
    ATTCPrepareWriteReq                      0x1000310d   Thumb Code    36  main.o(.text)
    ATTCExecuteWriteReq                      0x10003131   Thumb Code    24  main.o(.text)
    ATTCConfirmation                         0x10003149   Thumb Code    84  main.o(.text)
    _SYSClockSwitch                          0x1000319d   Thumb Code    86  main.o(.text)
    MCUClockSwitch                           0x100031f3   Thumb Code     2  main.o(.text)
    GetMCUClock                              0x100031f5   Thumb Code    14  main.o(.text)
    GetClock                                 0x10003203   Thumb Code    16  main.o(.text)
    WakeupConfig                             0x10003213   Thumb Code    12  main.o(.text)
    LLSleep                                  0x1000321f   Thumb Code    12  main.o(.text)
    Rand                                     0x1000322b   Thumb Code     4  main.o(.text)
    DelayUS                                  0x1000322f   Thumb Code     4  main.o(.text)
    DelayMS                                  0x10003233   Thumb Code     6  main.o(.text)
    GetCompanyID                             0x10003239   Thumb Code    18  main.o(.text)
    GetQFNType                               0x1000324b   Thumb Code    20  main.o(.text)
    RFRead                                   0x1000325f   Thumb Code     8  main.o(.text)
    RFWrite                                  0x10003267   Thumb Code     8  main.o(.text)
    lib_check_ble_fsm_state                  0x1000326f   Thumb Code    26  main.o(.text)
    SystemSleep                              0x10003289   Thumb Code    20  main.o(.text)
    SystemPowerDown                          0x1000329d   Thumb Code    80  main.o(.text)
    SystemReset                              0x100032ed   Thumb Code    12  main.o(.text)
    CapdetEn                                 0x100032f9   Thumb Code    12  main.o(.text)
    PowerDownLPOEn                           0x10003305   Thumb Code    12  main.o(.text)
    SetBondManagerIndex                      0x10003311   Thumb Code    12  main.o(.text)
    GetBondDevice                            0x1000331d   Thumb Code     6  main.o(.text)
    AddBondDevice                            0x10003323   Thumb Code    12  main.o(.text)
    DelAllBondDevice                         0x1000332f   Thumb Code    10  main.o(.text)
    DelBondDevice                            0x10003339   Thumb Code    12  main.o(.text)
    ReadProfileData                          0x10003345   Thumb Code     6  main.o(.text)
    WriteProfileData                         0x1000334b   Thumb Code     6  main.o(.text)
    EraseFlashData                           0x10003351   Thumb Code    78  main.o(.text)
    ReadFlashData                            0x1000339f   Thumb Code    58  main.o(.text)
    WriteFlashData                           0x100033d9   Thumb Code    58  main.o(.text)
    CodeErase                                0x10003413   Thumb Code   100  main.o(.text)
    CodeErase_sector                         0x10003477   Thumb Code    72  main.o(.text)
    _FMCodeWrite                             0x100034bf   Thumb Code    58  main.o(.text)
    CodeWrite                                0x100034f9   Thumb Code    32  main.o(.text)
    CodeUpdate                               0x10003519   Thumb Code    10  main.o(.text)
    FlashDataUpdate                          0x10003523   Thumb Code   166  main.o(.text)
    ble_sched_execute                        0x100035c9   Thumb Code   146  main.o(.text)
    ble_sched_finish                         0x1000365b   Thumb Code     4  main.o(.text)
    syd52832_chip_confirm                    0x1000365f   Thumb Code    24  main.o(.text)
    gap_s_smart_update_latency               0x10003677   Thumb Code   160  main.o(.text)
    eFuseManual                              0x10003717   Thumb Code    28  main.o(.text)
    GPADC_Manual_Calibration                 0x10003733   Thumb Code    34  main.o(.text)
    GPADC_Get_Calibration                    0x10003755   Thumb Code    22  main.o(.text)
    GAPGetUartEn                             0x1000376b   Thumb Code     6  main.o(.text)
    GAPUartEn                                0x10003771   Thumb Code     6  main.o(.text)
    GAPBBDelayUS                             0x10003777   Thumb Code     4  main.o(.text)
    GAPBBDelayMS                             0x1000377b   Thumb Code     6  main.o(.text)
    GAPGetRFAutoSleep                        0x10003781   Thumb Code     4  main.o(.text)
    GAPSetRFAutoSleep                        0x10003785   Thumb Code     6  main.o(.text)
    Setting4kUpdate                          0x1000378b   Thumb Code   116  main.o(.text)
    SetDevAddr_toflash                       0x100037ff   Thumb Code    72  main.o(.text)
    gap_s_verdor_datas_get                   0x10003847   Thumb Code    28  main.o(.text)
    gap_s_verdor_datas_set                   0x10003863   Thumb Code    66  main.o(.text)
    gap_s_is_ll_start_enc                    0x100038a5   Thumb Code    26  main.o(.text)
    GAPBBTXFIFO0Write                        0x100038bf   Thumb Code     4  main.o(.text)
    flash_peotect_key_confirm                0x100038c3   Thumb Code   148  main.o(.text)
    flash_data_offect_get                    0x10003957   Thumb Code    52  main.o(.text)
    EraseCodeB                               0x1000398b   Thumb Code   108  main.o(.text)
    ReadCodeB                                0x100039f7   Thumb Code    62  main.o(.text)
    WriteCodeB                               0x10003a35   Thumb Code    62  main.o(.text)
    ble_SetTxPower                           0x10003a73   Thumb Code   248  main.o(.text)
    flash_data_size_get                      0x10003b6b   Thumb Code    20  main.o(.text)
    code_idx_get                             0x10003b7f   Thumb Code     6  main.o(.text)
    flash_data_size_set                      0x10003b85   Thumb Code   148  main.o(.text)
    Get_RSSI_Last_RX                         0x10003c19   Thumb Code    82  main.o(.text)
    Timer_Evt_Creat                          0x10003d41   Thumb Code    50  timer.o(.text)
    Min                                      0x10003d73   Thumb Code     8  timer.o(.text)
    timer_0_disable                          0x10003d7b   Thumb Code    48  timer.o(.text)
    timer_0_enable                           0x10003dab   Thumb Code    96  timer.o(.text)
    timer_0_start                            0x10003e0b   Thumb Code     2  timer.o(.text)
    Timer_Evt_Clr                            0x10003e7b   Thumb Code    10  timer.o(.text)
    timer_0_get                              0x10003e85   Thumb Code    32  timer.o(.text)
    Timer_Evt_Stop                           0x10003ea5   Thumb Code   114  timer.o(.text)
    Timer_Evt_Start                          0x10003f17   Thumb Code   144  timer.o(.text)
    Timer_Get_State                          0x10003fa7   Thumb Code    34  timer.o(.text)
    SYD_Timer_Init                           0x10003fc9   Thumb Code    34  timer.o(.text)
    timer_0_delay_32us                       0x10003feb   Thumb Code    66  timer.o(.text)
    TIMER0_IRQHandler                        0x1000402d   Thumb Code    32  timer.o(.text)
    timer_1_enable                           0x1000404d   Thumb Code    96  timer.o(.text)
    timer_1_disable                          0x100040ad   Thumb Code    48  timer.o(.text)
    TIMER1_IRQHandler                        0x100040dd   Thumb Code    32  timer.o(.text)
    timer_2_enable                           0x100040fd   Thumb Code   110  timer.o(.text)
    timer_2_get_val                          0x1000416b   Thumb Code    34  timer.o(.text)
    timer_2_disable                          0x1000418d   Thumb Code    48  timer.o(.text)
    TIMER2_IRQHandler                        0x100041bd   Thumb Code    32  timer.o(.text)
    rtc_get_calendar                         0x10004219   Thumb Code    40  rtc.o(.text)
    RTC_RUN                                  0x10004241   Thumb Code    66  rtc.o(.text)
    rtc_set_compare                          0x10004283   Thumb Code    68  rtc.o(.text)
    RTC_SET                                  0x100042c7   Thumb Code    84  rtc.o(.text)
    RTC_Refressh                             0x1000431b   Thumb Code    76  rtc.o(.text)
    RTC_EVT_Creat                            0x10004367   Thumb Code    32  rtc.o(.text)
    Min_RTC                                  0x10004387   Thumb Code     8  rtc.o(.text)
    rtc_int_disable                          0x1000438f   Thumb Code    24  rtc.o(.text)
    RTC_EVT_Clr                              0x10004445   Thumb Code    10  rtc.o(.text)
    RTC_EVT_Stop                             0x1000444f   Thumb Code   112  rtc.o(.text)
    RTC_EVT_Start                            0x100044bf   Thumb Code   146  rtc.o(.text)
    RTC_EVT_whole_minute_setid               0x10004551   Thumb Code     6  rtc.o(.text)
    RTC_EVT_whole_minute_adj                 0x10004557   Thumb Code   132  rtc.o(.text)
    RTC_Get_State                            0x100045db   Thumb Code    54  rtc.o(.text)
    rtc_start                                0x10004611   Thumb Code    28  rtc.o(.text)
    rtc_set_interrupt_callback               0x1000462d   Thumb Code     6  rtc.o(.text)
    rtc_int_enable                           0x10004633   Thumb Code    22  rtc.o(.text)
    rtc_int_clear                            0x10004649   Thumb Code    22  rtc.o(.text)
    rtc_set_calendar                         0x1000465f   Thumb Code    40  rtc.o(.text)
    rtc_set_prescaler                        0x10004687   Thumb Code    34  rtc.o(.text)
    rtc_clear                                0x100046a9   Thumb Code    18  rtc.o(.text)
    rtc_stop                                 0x100046bb   Thumb Code    30  rtc.o(.text)
    rtc_init                                 0x100046d9   Thumb Code   126  rtc.o(.text)
    SYD_RTC_Init                             0x10004757   Thumb Code    40  rtc.o(.text)
    RTC_IRQHandler                           0x1000477f   Thumb Code    30  rtc.o(.text)
    rtc_status                               0x1000479d   Thumb Code     6  rtc.o(.text)
    rtc_get_compare                          0x100047a3   Thumb Code    52  rtc.o(.text)
    __aeabi_uidiv                            0x100047e9   Thumb Code     0  uidiv.o(.text)
    __aeabi_uidivmod                         0x100047e9   Thumb Code    44  uidiv.o(.text)
    __aeabi_idiv                             0x10004815   Thumb Code     0  idiv.o(.text)
    __aeabi_idivmod                          0x10004815   Thumb Code    40  idiv.o(.text)
    __aeabi_memcpy                           0x1000483d   Thumb Code    36  memcpya.o(.text)
    __aeabi_memcpy4                          0x1000483d   Thumb Code     0  memcpya.o(.text)
    __aeabi_memcpy8                          0x1000483d   Thumb Code     0  memcpya.o(.text)
    __aeabi_memset                           0x10004861   Thumb Code    14  memseta.o(.text)
    __aeabi_memset4                          0x10004861   Thumb Code     0  memseta.o(.text)
    __aeabi_memset8                          0x10004861   Thumb Code     0  memseta.o(.text)
    __aeabi_memclr                           0x1000486f   Thumb Code     4  memseta.o(.text)
    __aeabi_memclr4                          0x1000486f   Thumb Code     0  memseta.o(.text)
    __aeabi_memclr8                          0x1000486f   Thumb Code     0  memseta.o(.text)
    _memset$wrapper                          0x10004873   Thumb Code    18  memseta.o(.text)
    memcmp                                   0x10004885   Thumb Code    26  memcmp.o(.text)
    strcpy                                   0x1000489f   Thumb Code    18  strcpy.o(.text)
    __aeabi_uread4                           0x100048b1   Thumb Code    20  uread4.o(.text)
    __rt_uread4                              0x100048b1   Thumb Code     0  uread4.o(.text)
    _uread4                                  0x100048b1   Thumb Code     0  uread4.o(.text)
    __aeabi_uwrite4                          0x100048c5   Thumb Code    18  uwrite4.o(.text)
    __rt_uwrite4                             0x100048c5   Thumb Code     0  uwrite4.o(.text)
    _uwrite4                                 0x100048c5   Thumb Code     0  uwrite4.o(.text)
    __aeabi_fadd                             0x100048d7   Thumb Code   162  fadd.o(.text)
    __aeabi_fsub                             0x10004979   Thumb Code     8  fadd.o(.text)
    __aeabi_frsub                            0x10004981   Thumb Code     8  fadd.o(.text)
    __aeabi_dadd                             0x10004989   Thumb Code   328  dadd.o(.text)
    __aeabi_dsub                             0x10004ad1   Thumb Code    12  dadd.o(.text)
    __aeabi_drsub                            0x10004add   Thumb Code    12  dadd.o(.text)
    __aeabi_dmul                             0x10004aed   Thumb Code   202  dmul.o(.text)
    __aeabi_ddiv                             0x10004bbd   Thumb Code   234  ddiv.o(.text)
    __aeabi_ui2f                             0x10004cad   Thumb Code    14  ffltui.o(.text)
    __aeabi_i2d                              0x10004cbd   Thumb Code    34  dflti.o(.text)
    __aeabi_ui2d                             0x10004ce5   Thumb Code    24  dfltui.o(.text)
    __aeabi_d2uiz                            0x10004d01   Thumb Code    50  dfixui.o(.text)
    __aeabi_f2d                              0x10004d3d   Thumb Code    40  f2d.o(.text)
    __aeabi_uldivmod                         0x10004d65   Thumb Code    96  uldiv.o(.text)
    __aeabi_llsl                             0x10004dc5   Thumb Code    32  llshl.o(.text)
    _ll_shift_l                              0x10004dc5   Thumb Code     0  llshl.o(.text)
    __aeabi_llsr                             0x10004de5   Thumb Code    34  llushr.o(.text)
    _ll_ushift_r                             0x10004de5   Thumb Code     0  llushr.o(.text)
    __aeabi_lasr                             0x10004e07   Thumb Code    38  llsshr.o(.text)
    _ll_sshift_r                             0x10004e07   Thumb Code     0  llsshr.o(.text)
    __I$use$fp                               0x10004e2d   Thumb Code     0  iusefp.o(.text)
    _float_round                             0x10004e2d   Thumb Code    16  fepilogue.o(.text)
    _float_epilogue                          0x10004e3d   Thumb Code   114  fepilogue.o(.text)
    _double_round                            0x10004eaf   Thumb Code    26  depilogue.o(.text)
    _double_epilogue                         0x10004ec9   Thumb Code   164  depilogue.o(.text)
    __aeabi_d2ulz                            0x10004f6d   Thumb Code    54  dfixul.o(.text)
    __aeabi_cdrcmple                         0x10004fad   Thumb Code    38  cdrcmple.o(.text)
    __scatterload                            0x10004fd5   Thumb Code    28  init.o(.text)
    __scatterload_rt2                        0x10004fd5   Thumb Code     0  init.o(.text)
    __decompress                             0x10004ff9   Thumb Code     0  __dczerorl2.o(.text)
    __decompress1                            0x10004ff9   Thumb Code    86  __dczerorl2.o(.text)
    __0sprintf                               0x10005051   Thumb Code    36  printfa.o(i.__0sprintf)
    __1sprintf                               0x10005051   Thumb Code     0  printfa.o(i.__0sprintf)
    __2sprintf                               0x10005051   Thumb Code     0  printfa.o(i.__0sprintf)
    __c89sprintf                             0x10005051   Thumb Code     0  printfa.o(i.__0sprintf)
    sprintf                                  0x10005051   Thumb Code     0  printfa.o(i.__0sprintf)
    __ARM_clz                                0x10005079   Thumb Code    46  depilogue.o(i.__ARM_clz)
    __ARM_common_switch8                     0x100050a7   Thumb Code    26  main.o(i.__ARM_common_switch8)
    __scatterload_copy                       0x100050c1   Thumb Code    14  handlers.o(i.__scatterload_copy)
    __scatterload_null                       0x100050cf   Thumb Code     2  handlers.o(i.__scatterload_null)
    __scatterload_zeroinit                   0x100050d1   Thumb Code    14  handlers.o(i.__scatterload_zeroinit)
    Region$$Table$$Base                      0x1000598c   Number         0  anon$$obj.o(Region$$Table)
    Region$$Table$$Limit                     0x100059ac   Number         0  anon$$obj.o(Region$$Table)
    connect_flag                             0x20003000   Data           1  main.o(.data)
    update_latency_mode                      0x20003002   Data           1  main.o(.data)
    ADV_DATA                                 0x2000300c   Data          27  main.o(.data)
    SCAN_DATA                                0x20003027   Data          20  main.o(.data)
    ota_state                                0x2000303c   Data           1  ota.o(.data)
    ota_writecnt                             0x2000303d   Data           1  ota.o(.data)
    ota_section_size                         0x2000303e   Data           2  ota.o(.data)
    ota_receive_size                         0x20003040   Data           2  ota.o(.data)
    ota_section_check                        0x20003042   Data           2  ota.o(.data)
    ota_receive_check                        0x20003044   Data           2  ota.o(.data)
    ota_section_offset                       0x20003048   Data           4  ota.o(.data)
    pevt                                     0x2000304c   Data           4  ota.o(.data)
    PIN_CONFIG                               0x20003058   Data           4  gpio.o(.data)
    GPIO_CTRL                                0x2000305c   Data           4  gpio.o(.data)
    GPO_CTRL                                 0x20003060   Data           4  gpio.o(.data)
    GPI_CTRL                                 0x20003064   Data           4  gpio.o(.data)
    GPIO_IRQ_CTRL                            0x20003068   Data           4  gpio.o(.data)
    syd_history_setting_str                  0x200030a8   Data           4  rtc_handler.o(.data)
    SystemCoreClock                          0x200030ac   Data           4  system_armcm0.o(.data)
    Event_Num                                0x200030e8   Data           1  timer.o(.data)
    max_trigger_timer                        0x200030f0   Data           4  timer.o(.data)
    TIMER_EVT                                0x200030f4   Data           4  timer.o(.data)
    Timer_Evt_Trigger_Loop_now               0x200030f8   Data           4  timer.o(.data)
    sys_timer_max_p                          0x200030fc   Data           4  timer.o(.data)
    sys_timer_current_p                      0x20003100   Data           4  timer.o(.data)
    RTC_Event_Num                            0x20003105   Data           1  rtc.o(.data)
    max_trigger_rtc                          0x20003108   Data           4  rtc.o(.data)
    RTC_EVT                                  0x2000310c   Data           4  rtc.o(.data)
    RTC_RTCEVT_Trigger_Loop_now              0x20003110   Data           4  rtc.o(.data)
    RTC_second_now                           0x20003114   Data           4  rtc.o(.data)
    sys_rtc_max_p                            0x20003118   Data           4  rtc.o(.data)
    sys_rtc_current_p                        0x2000311c   Data           4  rtc.o(.data)
    RTCEVT_whole_minute_id                   0x20003120   Data           4  rtc.o(.data)
    RTC_second_last                          0x20003128   Data           4  rtc.o(.data)
    uart_rx_buf                              0x2000312c   Data        1032  main.o(.bss)
    uart_tx_buf                              0x20003534   Data        1160  main.o(.bss)
    ota_w                                    0x200039bc   Data          40  ota.o(.bss)
    syd_sysTimer                             0x200039e4   Data          48  timer_handler.o(.bss)
    syd_rtc                                  0x20003a14   Data          24  rtc_handler.o(.bss)
    _SEGGER_RTT                              0x20003a2c   Data          72  segger_rtt.o(.bss)
    __initial_sp                             0x200042f8   Data           0  startup_armcm0.o(STACK)



==============================================================================

Memory Map of the image

  Image Entry point : 0x100000c1

  Load Region LR_IROM1 (Base: 0x10000000, Size: 0x00005ad8, Max: 0x0003f000, ABSOLUTE, COMPRESSED[0x00005a40])

    Execution Region ER_IROM1 (Base: 0x10000000, Size: 0x000059ac, Max: 0x0003f000, ABSOLUTE)

    Base Addr    Size         Type   Attr      Idx    E Section Name        Object

    0x10000000   0x000000c0   Data   RO          689    RESET               startup_armcm0.o
    0x100000c0   0x00000000   Code   RO          899  * .ARM.Collect$$$$00000000  mc_p.l(entry.o)
    0x100000c0   0x00000004   Code   RO         1208    .ARM.Collect$$$$00000001  mc_p.l(entry2.o)
    0x100000c4   0x00000004   Code   RO         1211    .ARM.Collect$$$$00000004  mc_p.l(entry5.o)
    0x100000c8   0x00000000   Code   RO         1213    .ARM.Collect$$$$00000008  mc_p.l(entry7b.o)
    0x100000c8   0x00000000   Code   RO         1215    .ARM.Collect$$$$0000000A  mc_p.l(entry8b.o)
    0x100000c8   0x00000008   Code   RO         1216    .ARM.Collect$$$$0000000B  mc_p.l(entry9a.o)
    0x100000d0   0x00000000   Code   RO         1218    .ARM.Collect$$$$0000000D  mc_p.l(entry10a.o)
    0x100000d0   0x00000000   Code   RO         1220    .ARM.Collect$$$$0000000F  mc_p.l(entry11a.o)
    0x100000d0   0x00000004   Code   RO         1209    .ARM.Collect$$$$00002712  mc_p.l(entry2.o)
    0x100000d4   0x00000ad8   Code   RO            3    .text               main.o
    0x10000bac   0x0000005c   Code   RO          101    .text               uart_protocol.o
    0x10000c08   0x00000020   Code   RO          128    .text               delay.o
    0x10000c28   0x00000510   Code   RO          154    .text               ota.o
    0x10001138   0x0000034c   Code   RO          197    .text               gpio.o
    0x10001484   0x00000150   Code   RO          255    .text               uart.o
    0x100015d4   0x0000004c   Code   RO          317    .text               timer_handler.o
    0x10001620   0x0000002c   Code   RO          350    .text               rtc_handler.o
    0x1000164c   0x000001a4   Code   RO          378    .text               segger_rtt.o
    0x100017f0   0x00000428   Code   RO          547    .text               segger_rtt_printf.o
    0x10001c18   0x0000001c   Code   RO          690    .text               startup_armcm0.o
    0x10001c34   0x00000010   Code   RO          697    .text               system_armcm0.o
    0x10001c44   0x000020fc   Code   RO          728    .text               syd8811_ble_lib.lib(main.o)
    0x10003d40   0x000004d8   Code   RO          806    .text               Syd8811_softtimer_lib.lib(timer.o)
    0x10004218   0x000005d0   Code   RO          864    .text               Syd8811_softtimer_lib.lib(rtc.o)
    0x100047e8   0x0000002c   Code   RO          907    .text               mc_p.l(uidiv.o)
    0x10004814   0x00000028   Code   RO          909    .text               mc_p.l(idiv.o)
    0x1000483c   0x00000024   Code   RO          911    .text               mc_p.l(memcpya.o)
    0x10004860   0x00000024   Code   RO          913    .text               mc_p.l(memseta.o)
    0x10004884   0x0000001a   Code   RO          919    .text               mc_p.l(memcmp.o)
    0x1000489e   0x00000012   Code   RO          921    .text               mc_p.l(strcpy.o)
    0x100048b0   0x00000014   Code   RO         1186    .text               mc_p.l(uread4.o)
    0x100048c4   0x00000012   Code   RO         1188    .text               mc_p.l(uwrite4.o)
    0x100048d6   0x000000b2   Code   RO         1190    .text               mf_p.l(fadd.o)
    0x10004988   0x00000164   Code   RO         1192    .text               mf_p.l(dadd.o)
    0x10004aec   0x000000d0   Code   RO         1194    .text               mf_p.l(dmul.o)
    0x10004bbc   0x000000f0   Code   RO         1196    .text               mf_p.l(ddiv.o)
    0x10004cac   0x0000000e   Code   RO         1198    .text               mf_p.l(ffltui.o)
    0x10004cba   0x00000002   PAD
    0x10004cbc   0x00000028   Code   RO         1200    .text               mf_p.l(dflti.o)
    0x10004ce4   0x0000001c   Code   RO         1202    .text               mf_p.l(dfltui.o)
    0x10004d00   0x0000003c   Code   RO         1204    .text               mf_p.l(dfixui.o)
    0x10004d3c   0x00000028   Code   RO         1206    .text               mf_p.l(f2d.o)
    0x10004d64   0x00000060   Code   RO         1223    .text               mc_p.l(uldiv.o)
    0x10004dc4   0x00000020   Code   RO         1225    .text               mc_p.l(llshl.o)
    0x10004de4   0x00000022   Code   RO         1227    .text               mc_p.l(llushr.o)
    0x10004e06   0x00000026   Code   RO         1229    .text               mc_p.l(llsshr.o)
    0x10004e2c   0x00000000   Code   RO         1231    .text               mc_p.l(iusefp.o)
    0x10004e2c   0x00000082   Code   RO         1233    .text               mf_p.l(fepilogue.o)
    0x10004eae   0x000000be   Code   RO         1235    .text               mf_p.l(depilogue.o)
    0x10004f6c   0x00000040   Code   RO         1239    .text               mf_p.l(dfixul.o)
    0x10004fac   0x00000028   Code   RO         1241    .text               mf_p.l(cdrcmple.o)
    0x10004fd4   0x00000024   Code   RO         1243    .text               mc_p.l(init.o)
    0x10004ff8   0x00000056   Code   RO         1253    .text               mc_p.l(__dczerorl2.o)
    0x1000504e   0x00000002   PAD
    0x10005050   0x00000028   Code   RO         1160    i.__0sprintf        mc_p.l(printfa.o)
    0x10005078   0x0000002e   Code   RO         1237    i.__ARM_clz         mf_p.l(depilogue.o)
    0x100050a6   0x0000001a   Code   RO           23    i.__ARM_common_switch8  main.o
    0x100050c0   0x0000000e   Code   RO         1247    i.__scatterload_copy  mc_p.l(handlers.o)
    0x100050ce   0x00000002   Code   RO         1248    i.__scatterload_null  mc_p.l(handlers.o)
    0x100050d0   0x0000000e   Code   RO         1249    i.__scatterload_zeroinit  mc_p.l(handlers.o)
    0x100050de   0x00000002   PAD
    0x100050e0   0x00000158   Code   RO         1165    i._fp_digits        mc_p.l(printfa.o)
    0x10005238   0x000006ec   Code   RO         1166    i._printf_core      mc_p.l(printfa.o)
    0x10005924   0x00000020   Code   RO         1167    i._printf_post_padding  mc_p.l(printfa.o)
    0x10005944   0x0000002c   Code   RO         1168    i._printf_pre_padding  mc_p.l(printfa.o)
    0x10005970   0x0000000a   Code   RO         1170    i._sputc            mc_p.l(printfa.o)
    0x1000597a   0x00000010   Data   RO          548    .constdata          segger_rtt_printf.o
    0x1000598a   0x00000002   PAD
    0x1000598c   0x00000020   Data   RO         1245    Region$$Table       anon$$obj.o


    Execution Region RW_IRAM1 (Base: 0x20003000, Size: 0x000012f8, Max: 0x00005000, ABSOLUTE, COMPRESSED[0x00000094])

    Base Addr    Size         Type   Attr      Idx    E Section Name        Object

    0x20003000   0x0000003b   Data   RW            5    .data               main.o
    0x2000303b   0x00000001   PAD
    0x2000303c   0x0000001c   Data   RW          156    .data               ota.o
    0x20003058   0x00000048   Data   RW          202    .data               gpio.o
    0x200030a0   0x00000008   Data   RW          261    .data               uart.o
    0x200030a8   0x00000004   Data   RW          352    .data               rtc_handler.o
    0x200030ac   0x00000004   Data   RW          698    .data               system_armcm0.o
    0x200030b0   0x00000038   Data   RW          730    .data               syd8811_ble_lib.lib(main.o)
    0x200030e8   0x0000001c   Data   RW          808    .data               Syd8811_softtimer_lib.lib(timer.o)
    0x20003104   0x00000028   Data   RW          865    .data               Syd8811_softtimer_lib.lib(rtc.o)
    0x2000312c   0x00000890   Zero   RW            4    .bss                main.o
    0x200039bc   0x00000028   Zero   RW          155    .bss                ota.o
    0x200039e4   0x00000030   Zero   RW          318    .bss                timer_handler.o
    0x20003a14   0x00000018   Zero   RW          351    .bss                rtc_handler.o
    0x20003a2c   0x00000458   Zero   RW          402    .bss                segger_rtt.o
    0x20003e84   0x00000068   Zero   RW          729    .bss                syd8811_ble_lib.lib(main.o)
    0x20003eec   0x0000000c   Zero   RW          807    .bss                Syd8811_softtimer_lib.lib(timer.o)
    0x20003ef8   0x00000400   Zero   RW          687    STACK               startup_armcm0.o


==============================================================================

Image component sizes


      Code (inc. data)   RO Data    RW Data    ZI Data      Debug   Object Name

        32          6          0          0          0        603   delay.o
       844         12          0         72          0      10419   gpio.o
      2802        698          0         59       2192      52749   main.o
      1296        370          0         28         40      35397   ota.o
        44         10          0          4         24       3015   rtc_handler.o
       420         32          0          0       1112       6956   segger_rtt.o
      1064         32         16          0          0       6184   segger_rtt_printf.o
        28          8        192          0       1024        672   startup_armcm0.o
        16          8          0          4          0        775   system_armcm0.o
        76         12          0          0         48       3098   timer_handler.o
       336         12          0          8          0       8544   uart.o
        92          8          0          0          0       1291   uart_protocol.o

    ----------------------------------------------------------------------
      7050       1208        242        176       4440     129703   Object Totals
         0          0         32          0          0          0   (incl. Generated)
         0          0          2          1          0          0   (incl. Padding)

    ----------------------------------------------------------------------

      Code (inc. data)   RO Data    RW Data    ZI Data      Debug   Library Member Name

      1488         38          0         40          0      17407   rtc.o
      1240         26          0         28         12      40773   timer.o
        86          0          0          0          0          0   __dczerorl2.o
         0          0          0          0          0          0   entry.o
         0          0          0          0          0          0   entry10a.o
         0          0          0          0          0          0   entry11a.o
         8          4          0          0          0          0   entry2.o
         4          0          0          0          0          0   entry5.o
         0          0          0          0          0          0   entry7b.o
         0          0          0          0          0          0   entry8b.o
         8          4          0          0          0          0   entry9a.o
        30          0          0          0          0          0   handlers.o
        40          0          0          0          0         72   idiv.o
        36          8          0          0          0         68   init.o
         0          0          0          0          0          0   iusefp.o
        32          0          0          0          0         68   llshl.o
        38          0          0          0          0         68   llsshr.o
        34          0          0          0          0         68   llushr.o
        26          0          0          0          0         72   memcmp.o
        36          0          0          0          0         60   memcpya.o
        36          0          0          0          0        100   memseta.o
      2242         94          0          0          0        472   printfa.o
        18          0          0          0          0         60   strcpy.o
        44          0          0          0          0         72   uidiv.o
        96          0          0          0          0         84   uldiv.o
        20          0          0          0          0         60   uread4.o
        18          0          0          0          0         60   uwrite4.o
        40          2          0          0          0         68   cdrcmple.o
       356          4          0          0          0        140   dadd.o
       240          6          0          0          0         84   ddiv.o
       236          0          0          0          0        216   depilogue.o
        60         10          0          0          0         68   dfixui.o
        64         10          0          0          0         68   dfixul.o
        40          6          0          0          0         68   dflti.o
        28          4          0          0          0         68   dfltui.o
       208          6          0          0          0         88   dmul.o
        40          0          0          0          0         60   f2d.o
       178          0          0          0          0        108   fadd.o
       130          0          0          0          0        144   fepilogue.o
        14          0          0          0          0         68   ffltui.o
      8444        424          0         56        104     100682   main.o

    ----------------------------------------------------------------------
     15664        646          0        124        116     161494   Library Totals
         6          0          0          0          0          0   (incl. Padding)

    ----------------------------------------------------------------------

      Code (inc. data)   RO Data    RW Data    ZI Data      Debug   Library Name

      2728         64          0         68         12      58180   Syd8811_softtimer_lib.lib
      2852        110          0          0          0       1384   mc_p.l
      1634         48          0          0          0       1248   mf_p.l
      8444        424          0         56        104     100682   syd8811_ble_lib.lib

    ----------------------------------------------------------------------
     15664        646          0        124        116     161494   Library Totals

    ----------------------------------------------------------------------

==============================================================================


      Code (inc. data)   RO Data    RW Data    ZI Data      Debug   

     22714       1854        242        300       4556     288729   Grand Totals
     22714       1854        242        148       4556     288729   ELF Image Totals (compressed)
     22714       1854        242        148          0          0   ROM Totals

==============================================================================

    Total RO  Size (Code + RO Data)                22956 (  22.42kB)
    Total RW  Size (RW Data + ZI Data)              4856 (   4.74kB)
    Total ROM Size (Code + RO Data + RW Data)      23104 (  22.56kB)

==============================================================================

