Component: ARM Compiler 5.06 (build 20) Tool: armlink [4d35a3]

==============================================================================

Section Cross References

    main.o(.text) refers to main.o(.text) for SetAdvParams
    main.o(.text) refers to segger_rtt_printf.o(.text) for SEGGER_RTT_hexdump
    main.o(.text) refers to ota.o(.text) for ota_rsp
    main.o(.text) refers to uread4.o(.text) for __aeabi_uread4
    main.o(.text) refers to timer.o(.text) for Timer_Evt_Stop
    main.o(.text) refers to main.o(.data) for dev_addr
    main.o(.text) refers to memcpya.o(.text) for __aeabi_memcpy
    main.o(.text) refers to main.o(i.__ARM_common_switch8) for __ARM_common_switch8
    main.o(.text) refers to uwrite4.o(.text) for __aeabi_uwrite4
    main.o(.text) refers to delay.o(.text) for delay_ms
    main.o(.text) refers to gpio.o(.text) for PIN_Set_GPIO
    main.o(.text) refers to segger_rtt.o(.text) for SEGGER_RTT_Init
    main.o(.text) refers to debug.o(.text) for dbg_init
    main.o(.text) refers to timer_handler.o(.text) for Timer_Evt_List
    main.o(.text) refers to rtc.o(.text) for SYD_RTC_Init
    main.o(.text) refers to rtc_handler.o(.text) for RTC_Evt_List
    main.o(.text) refers to ota.o(.data) for ota_state
    main.o(.text) refers to gpio.o(.data) for PIN_CONFIG
    main.o(.text) refers to timer_handler.o(.bss) for syd_sysTimer
    main.o(.text) refers to rtc_handler.o(.bss) for syd_rtc
    main.o(.text) refers to timer.o(.data) for TIMER_EVT
    main.o(.text) refers to rtc.o(.data) for RTC_EVT
    main.o(.text) refers to main.o(.text) for GATTDataSend
    main.o(.text) refers to main.o(.data) for start_tx
    debug.o(.text) refers to uart.o(.text) for uart_0_init
    debug.o(.text) refers to printfa.o(i.__0vsprintf) for __c89vsprintf
    debug.o(.text) refers to uart.o(.text) for uart_0_write
    debug.o(.text) refers to debug.o(.bss) for s_formatBuffer
    debug.o(.text) refers to debug.o(.text) for dbg_printf
    gpio.o(.text) refers to gpio.o(.data) for PIN_CONFIG
    gpio.o(.text) refers to gpio.o(.data) for pinmuxtab48
    gpio.o(.text) refers to gpio.o(.data) for GPI_CTRL
    gpio.o(.text) refers to gpio.o(.data) for GPIO_IRQ_CTRL
    gpio.o(.text) refers to gpio.o(.data) for GPIO_IRQ_CTRL
    uart.o(.text) refers to gpio.o(.data) for PIN_CONFIG
    uart.o(.text) refers to uart.o(.data) for UART_0_CTRL
    uart.o(.text) refers to uart.o(.data) for UART_0_CTRL
    uart.o(.text) refers to uart.o(.text) for NVIC_DisableIRQ
    uart.o(.text) refers to uart.o(.data) for UART_0_CTRL
    uart.o(.text) refers to uart.o(.text) for NVIC_EnableIRQ
    uart.o(.text) refers to gpio.o(.data) for PIN_CONFIG
    uart.o(.text) refers to uart.o(.data) for UART_1_CTRL
    uart.o(.text) refers to uart.o(.data) for UART_1_CTRL
    uart.o(.text) refers to uart.o(.text) for NVIC_DisableIRQ
    uart.o(.text) refers to uart.o(.data) for UART_1_CTRL
    ota.o(.text) refers to memcpya.o(.text) for __aeabi_memcpy
    ota.o(.text) refers to main.o(.text) for CodeErase
    ota.o(.text) refers to segger_rtt_printf.o(.text) for SEGGER_RTT_printf
    ota.o(.text) refers to uread4.o(.text) for __aeabi_uread4
    ota.o(.text) refers to main.o(.text) for BLSetConnectionUpdate
    ota.o(.text) refers to timer.o(.text) for Timer_Evt_Start
    ota.o(.text) refers to ota.o(.data) for pevt
    ota.o(.text) refers to ota.o(.bss) for ota_w
    timer_handler.o(.text) refers to timer.o(.text) for Timer_Evt_Creat
    timer_handler.o(.text) refers to timer.o(.data) for TIMER_EVT
    rtc_handler.o(.text) refers to rtc.o(.text) for RTC_EVT_Creat
    rtc_handler.o(.text) refers to rtc.o(.data) for RTC_EVT
    segger_rtt.o(.text) refers to strcpy.o(.text) for strcpy
    segger_rtt.o(.text) refers to memcpya.o(.text) for __aeabi_memcpy
    segger_rtt.o(.text) refers to segger_rtt.o(.bss) for _SEGGER_RTT
    segger_rtt.o(.text) refers to segger_rtt.o(.data) for _aTerminalId
    segger_rtt.o(.text) refers to segger_rtt.o(.text) for _DoInit
    segger_rtt.o(.text) refers to memcpya.o(.text) for __aeabi_memcpy
    segger_rtt.o(.text) refers to segger_rtt.o(.bss) for _SEGGER_RTT
    segger_rtt.o(.text) refers to segger_rtt.o(.text) for SEGGER_RTT_ReadNoLock
    segger_rtt.o(.text) refers to memcpya.o(.text) for __aeabi_memcpy
    segger_rtt.o(.text) refers to segger_rtt.o(.bss) for _SEGGER_RTT
    segger_rtt.o(.text) refers to memcpya.o(.text) for __aeabi_memcpy
    segger_rtt.o(.text) refers to segger_rtt.o(.bss) for _SEGGER_RTT
    segger_rtt.o(.text) refers to strlen.o(.text) for strlen
    segger_rtt.o(.text) refers to segger_rtt.o(.text) for SEGGER_RTT_Write
    segger_rtt.o(.text) refers to segger_rtt.o(.bss) for _SEGGER_RTT
    segger_rtt.o(.text) refers to segger_rtt.o(.text) for _DoInit
    segger_rtt.o(.text) refers to segger_rtt.o(.bss) for _SEGGER_RTT
    segger_rtt.o(.text) refers to segger_rtt.o(.text) for _DoInit
    segger_rtt.o(.text) refers to segger_rtt.o(.bss) for _SEGGER_RTT
[...]
    printf5.o(i.__0sprintf$5) refers to printf5.o(i._sputc) for _sputc
    printf5.o(i.__0vfprintf$5) refers to printf5.o(i._printf_core) for _printf_core
    printf5.o(i.__0vfprintf$5) refers to fputc.o(i.fputc) for fputc
    printf5.o(i.__0vprintf$5) refers to printf5.o(i._printf_core) for _printf_core
    printf5.o(i.__0vprintf$5) refers to fputc.o(i.fputc) for fputc
    printf5.o(i.__0vprintf$5) refers to stdout.o(.data) for __stdout
    printf5.o(i.__0vsnprintf$5) refers to printf5.o(i._printf_core) for _printf_core
    printf5.o(i.__0vsnprintf$5) refers to printf5.o(i._snputc) for _snputc
    printf5.o(i.__0vsprintf$5) refers to printf5.o(i._printf_core) for _printf_core
    printf5.o(i.__0vsprintf$5) refers to printf5.o(i._sputc) for _sputc
    printf5.o(i._printf_core) refers to uldiv.o(.text) for __aeabi_uldivmod
    printf6.o(i.__0fprintf$6) refers to printf6.o(i._printf_core) for _printf_core
    printf6.o(i.__0fprintf$6) refers to fputc.o(i.fputc) for fputc
    printf6.o(i.__0printf$6) refers to printf6.o(i._printf_core) for _printf_core
    printf6.o(i.__0printf$6) refers to fputc.o(i.fputc) for fputc
    printf6.o(i.__0printf$6) refers to stdout.o(.data) for __stdout
    printf6.o(i.__0snprintf$6) refers to printf6.o(i._printf_core) for _printf_core
    printf6.o(i.__0snprintf$6) refers to printf6.o(i._snputc) for _snputc
    printf6.o(i.__0sprintf$6) refers to printf6.o(i._printf_core) for _printf_core
    printf6.o(i.__0sprintf$6) refers to printf6.o(i._sputc) for _sputc
    printf6.o(i.__0vfprintf$6) refers to printf6.o(i._printf_core) for _printf_core
    printf6.o(i.__0vfprintf$6) refers to fputc.o(i.fputc) for fputc
    printf6.o(i.__0vprintf$6) refers to printf6.o(i._printf_core) for _printf_core
    printf6.o(i.__0vprintf$6) refers to fputc.o(i.fputc) for fputc
    printf6.o(i.__0vprintf$6) refers to stdout.o(.data) for __stdout
    printf6.o(i.__0vsnprintf$6) refers to printf6.o(i._printf_core) for _printf_core
    printf6.o(i.__0vsnprintf$6) refers to printf6.o(i._snputc) for _snputc
    printf6.o(i.__0vsprintf$6) refers to printf6.o(i._printf_core) for _printf_core
    printf6.o(i.__0vsprintf$6) refers to printf6.o(i._sputc) for _sputc
    printf6.o(i._printf_core) refers to printf6.o(i._printf_pre_padding) for _printf_pre_padding
    printf6.o(i._printf_core) refers to printf6.o(i._printf_post_padding) for _printf_post_padding
    printf6.o(i._printf_core) refers to uidiv.o(.text) for __aeabi_uidivmod
    printf7.o(i.__0fprintf$7) refers to printf7.o(i._printf_core) for _printf_core
    printf7.o(i.__0fprintf$7) refers to fputc.o(i.fputc) for fputc
    printf7.o(i.__0printf$7) refers to printf7.o(i._printf_core) for _printf_core
    printf7.o(i.__0printf$7) refers to fputc.o(i.fputc) for fputc
    printf7.o(i.__0printf$7) refers to stdout.o(.data) for __stdout
    printf7.o(i.__0snprintf$7) refers to printf7.o(i._printf_core) for _printf_core
    printf7.o(i.__0snprintf$7) refers to printf7.o(i._snputc) for _snputc
    printf7.o(i.__0sprintf$7) refers to printf7.o(i._printf_core) for _printf_core
    printf7.o(i.__0sprintf$7) refers to printf7.o(i._sputc) for _sputc
    printf7.o(i.__0vfprintf$7) refers to printf7.o(i._printf_core) for _printf_core
    printf7.o(i.__0vfprintf$7) refers to fputc.o(i.fputc) for fputc
    printf7.o(i.__0vprintf$7) refers to printf7.o(i._printf_core) for _printf_core
    printf7.o(i.__0vprintf$7) refers to fputc.o(i.fputc) for fputc
    printf7.o(i.__0vprintf$7) refers to stdout.o(.data) for __stdout
    printf7.o(i.__0vsnprintf$7) refers to printf7.o(i._printf_core) for _printf_core
    printf7.o(i.__0vsnprintf$7) refers to printf7.o(i._snputc) for _snputc
    printf7.o(i.__0vsprintf$7) refers to printf7.o(i._printf_core) for _printf_core
    printf7.o(i.__0vsprintf$7) refers to printf7.o(i._sputc) for _sputc
    printf7.o(i._printf_core) refers to printf7.o(i._printf_pre_padding) for _printf_pre_padding
    printf7.o(i._printf_core) refers to printf7.o(i._printf_post_padding) for _printf_post_padding
    printf7.o(i._printf_core) refers to uldiv.o(.text) for __aeabi_uldivmod
    printf8.o(i.__0fprintf$8) refers to printf8.o(i._printf_core) for _printf_core
    printf8.o(i.__0fprintf$8) refers to fputc.o(i.fputc) for fputc
    printf8.o(i.__0printf$8) refers to printf8.o(i._printf_core) for _printf_core
    printf8.o(i.__0printf$8) refers to fputc.o(i.fputc) for fputc
    printf8.o(i.__0printf$8) refers to stdout.o(.data) for __stdout
    printf8.o(i.__0snprintf$8) refers to printf8.o(i._printf_core) for _printf_core
    printf8.o(i.__0snprintf$8) refers to printf8.o(i._snputc) for _snputc
    printf8.o(i.__0sprintf$8) refers to printf8.o(i._printf_core) for _printf_core
    printf8.o(i.__0sprintf$8) refers to printf8.o(i._sputc) for _sputc
    printf8.o(i.__0vfprintf$8) refers to printf8.o(i._printf_core) for _printf_core
    printf8.o(i.__0vfprintf$8) refers to fputc.o(i.fputc) for fputc
    printf8.o(i.__0vprintf$8) refers to printf8.o(i._printf_core) for _printf_core
    printf8.o(i.__0vprintf$8) refers to fputc.o(i.fputc) for fputc
    printf8.o(i.__0vprintf$8) refers to stdout.o(.data) for __stdout
    printf8.o(i.__0vsnprintf$8) refers to printf8.o(i._printf_core) for _printf_core
    printf8.o(i.__0vsnprintf$8) refers to printf8.o(i._snputc) for _snputc
    printf8.o(i.__0vsprintf$8) refers to printf8.o(i._printf_core) for _printf_core
    printf8.o(i.__0vsprintf$8) refers to printf8.o(i._sputc) for _sputc
    printf8.o(i._printf_core) refers to printf8.o(i._printf_pre_padding) for _printf_pre_padding
    printf8.o(i._printf_core) refers to printf8.o(i._printf_post_padding) for _printf_post_padding
    printf8.o(i._printf_core) refers to uldiv.o(.text) for __aeabi_uldivmod
    printfa.o(i.__0fprintf) refers (Special) to iusefp.o(.text) for __I$use$fp
    printfa.o(i.__0fprintf) refers to printfa.o(i._printf_core) for _printf_core
    printfa.o(i.__0fprintf) refers to fputc.o(i.fputc) for fputc
    printfa.o(i.__0printf) refers (Special) to iusefp.o(.text) for __I$use$fp
    printfa.o(i.__0printf) refers to printfa.o(i._printf_core) for _printf_core
    printfa.o(i.__0printf) refers to fputc.o(i.fputc) for fputc
    printfa.o(i.__0printf) refers to stdout.o(.data) for __stdout
    printfa.o(i.__0snprintf) refers (Special) to iusefp.o(.text) for __I$use$fp
    printfa.o(i.__0snprintf) refers to printfa.o(i._printf_core) for _printf_core
    printfa.o(i.__0snprintf) refers to printfa.o(i._snputc) for _snputc
    printfa.o(i.__0sprintf) refers (Special) to iusefp.o(.text) for __I$use$fp
    printfa.o(i.__0sprintf) refers to printfa.o(i._printf_core) for _printf_core
    printfa.o(i.__0sprintf) refers to printfa.o(i._sputc) for _sputc
    printfa.o(i.__0vfprintf) refers (Special) to iusefp.o(.text) for __I$use$fp
    printfa.o(i.__0vfprintf) refers to printfa.o(i._printf_core) for _printf_core
    printfa.o(i.__0vfprintf) refers to fputc.o(i.fputc) for fputc
    printfa.o(i.__0vprintf) refers (Special) to iusefp.o(.text) for __I$use$fp
    printfa.o(i.__0vprintf) refers to printfa.o(i._printf_core) for _printf_core
    printfa.o(i.__0vprintf) refers to fputc.o(i.fputc) for fputc
    printfa.o(i.__0vprintf) refers to stdout.o(.data) for __stdout
    printfa.o(i.__0vsnprintf) refers (Special) to iusefp.o(.text) for __I$use$fp
    printfa.o(i.__0vsnprintf) refers to printfa.o(i._printf_core) for _printf_core
    printfa.o(i.__0vsnprintf) refers to printfa.o(i._snputc) for _snputc
    printfa.o(i.__0vsprintf) refers (Special) to iusefp.o(.text) for __I$use$fp
    printfa.o(i.__0vsprintf) refers to printfa.o(i._printf_core) for _printf_core
    printfa.o(i.__0vsprintf) refers to printfa.o(i._sputc) for _sputc
    printfa.o(i._fp_digits) refers (Special) to iusefp.o(.text) for __I$use$fp
    printfa.o(i._fp_digits) refers to dmul.o(.text) for __aeabi_dmul
    printfa.o(i._fp_digits) refers to ddiv.o(.text) for __aeabi_ddiv
    printfa.o(i._fp_digits) refers to cdrcmple.o(.text) for __aeabi_cdrcmple
    printfa.o(i._fp_digits) refers to dadd.o(.text) for __aeabi_dadd
    printfa.o(i._fp_digits) refers to dfixul.o(.text) for __aeabi_d2ulz
    printfa.o(i._fp_digits) refers to uldiv.o(.text) for __aeabi_uldivmod
    printfa.o(i._printf_core) refers (Special) to iusefp.o(.text) for __I$use$fp
    printfa.o(i._printf_core) refers to printfa.o(i._printf_pre_padding) for _printf_pre_padding
    printfa.o(i._printf_core) refers to uldiv.o(.text) for __aeabi_uldivmod
    printfa.o(i._printf_core) refers to printfa.o(i._printf_post_padding) for _printf_post_padding
    printfa.o(i._printf_core) refers to printfa.o(i._fp_digits) for _fp_digits
    printfa.o(i._printf_core) refers to uidiv.o(.text) for __aeabi_uidivmod
    printfa.o(i._printf_post_padding) refers (Special) to iusefp.o(.text) for __I$use$fp
    printfa.o(i._printf_pre_padding) refers (Special) to iusefp.o(.text) for __I$use$fp
    printfa.o(i._snputc) refers (Special) to iusefp.o(.text) for __I$use$fp
    printfa.o(i._sputc) refers (Special) to iusefp.o(.text) for __I$use$fp
    fadd.o(.text) refers (Special) to iusefp.o(.text) for __I$use$fp
    fadd.o(.text) refers to fepilogue.o(.text) for _float_epilogue
    dadd.o(.text) refers (Special) to iusefp.o(.text) for __I$use$fp
    dadd.o(.text) refers to llshl.o(.text) for __aeabi_llsl
    dadd.o(.text) refers to llsshr.o(.text) for __aeabi_lasr
    dadd.o(.text) refers to depilogue.o(.text) for _double_epilogue
    dmul.o(.text) refers (Special) to iusefp.o(.text) for __I$use$fp
    dmul.o(.text) refers to depilogue.o(.text) for _double_epilogue
    ddiv.o(.text) refers (Special) to iusefp.o(.text) for __I$use$fp
    ddiv.o(.text) refers to depilogue.o(.text) for _double_round
    ffltui.o(.text) refers (Special) to iusefp.o(.text) for __I$use$fp
    ffltui.o(.text) refers to fepilogue.o(.text) for _float_epilogue
    dflti.o(.text) refers (Special) to iusefp.o(.text) for __I$use$fp
    dflti.o(.text) refers to depilogue.o(.text) for _double_epilogue
    dfltui.o(.text) refers (Special) to iusefp.o(.text) for __I$use$fp
    dfltui.o(.text) refers to depilogue.o(.text) for _double_epilogue
    dfixui.o(.text) refers (Special) to iusefp.o(.text) for __I$use$fp
    dfixui.o(.text) refers to llushr.o(.text) for __aeabi_llsr
    f2d.o(.text) refers (Special) to iusefp.o(.text) for __I$use$fp
    entry2.o(.ARM.Collect$$$$00000001) refers to entry2.o(.ARM.Collect$$$$00002712) for __lit__00000000
    entry2.o(.ARM.Collect$$$$00002712) refers to startup_armcm0.o(STACK) for __initial_sp
    entry2.o(__vectab_stack_and_reset_area) refers to startup_armcm0.o(STACK) for __initial_sp
    entry2.o(__vectab_stack_and_reset_area) refers to entry.o(.ARM.Collect$$$$00000000) for __main
    entry5.o(.ARM.Collect$$$$00000004) refers to init.o(.text) for __scatterload
    entry9a.o(.ARM.Collect$$$$0000000B) refers to main.o(.text) for main
    entry9b.o(.ARM.Collect$$$$0000000C) refers to main.o(.text) for main
    uldiv.o(.text) refers to llushr.o(.text) for __aeabi_llsr
    uldiv.o(.text) refers to llshl.o(.text) for __aeabi_llsl
    depilogue.o(.text) refers to depilogue.o(i.__ARM_clz) for __ARM_clz
    depilogue.o(.text) refers to llshl.o(.text) for __aeabi_llsl
    depilogue.o(.text) refers to llushr.o(.text) for __aeabi_llsr
    dfixul.o(.text) refers to llushr.o(.text) for __aeabi_llsr
    dfixul.o(.text) refers to llshl.o(.text) for __aeabi_llsl
    init.o(.text) refers to entry5.o(.ARM.Collect$$$$00000004) for __main_after_scatterload


==============================================================================

Removing Unused input sections from the image.

    Removing main.o(.rev16_text), (4 bytes).
    Removing main.o(.revsh_text), (4 bytes).
    Removing main.o(.text), (56 bytes).
    Removing main.o(.constdata), (874 bytes).
    Removing debug.o(.rev16_text), (4 bytes).
    Removing debug.o(.revsh_text), (4 bytes).
    Removing debug.o(.text), (76 bytes).
    Removing debug.o(.text), (60 bytes).
    Removing debug.o(.bss), (128 bytes).
    Removing gpio.o(.rev16_text), (4 bytes).
    Removing gpio.o(.revsh_text), (4 bytes).
    Removing gpio.o(.text), (160 bytes).
    Removing gpio.o(.text), (56 bytes).
    Removing gpio.o(.text), (56 bytes).
    Removing gpio.o(.text), (64 bytes).
    Removing uart.o(.rev16_text), (4 bytes).
    Removing uart.o(.revsh_text), (4 bytes).
    Removing uart.o(.text), (44 bytes).
    Removing uart.o(.text), (32 bytes).
    Removing uart.o(.text), (348 bytes).
    Removing uart.o(.text), (44 bytes).
    Removing uart.o(.text), (32 bytes).
    Removing uart.o(.text), (20 bytes).
    Removing delay.o(.rev16_text), (4 bytes).
    Removing delay.o(.revsh_text), (4 bytes).
    Removing delay.o(.text), (26 bytes).
    Removing ota.o(.rev16_text), (4 bytes).
    Removing ota.o(.revsh_text), (4 bytes).
    Removing timer_handler.o(.rev16_text), (4 bytes).
    Removing timer_handler.o(.revsh_text), (4 bytes).
    Removing rtc_handler.o(.rev16_text), (4 bytes).
    Removing rtc_handler.o(.revsh_text), (4 bytes).
    Removing segger_rtt.o(.rev16_text), (4 bytes).
    Removing segger_rtt.o(.revsh_text), (4 bytes).
    Removing segger_rtt.o(.text), (172 bytes).
    Removing segger_rtt.o(.text), (50 bytes).
    Removing segger_rtt.o(.text), (172 bytes).
    Removing segger_rtt.o(.text), (180 bytes).
    Removing segger_rtt.o(.text), (26 bytes).
    Removing segger_rtt.o(.text), (52 bytes).
    Removing segger_rtt.o(.text), (100 bytes).
    Removing segger_rtt.o(.text), (112 bytes).
    Removing segger_rtt.o(.text), (32 bytes).
    Removing segger_rtt.o(.text), (14 bytes).
    Removing segger_rtt.o(.text), (44 bytes).
    Removing segger_rtt.o(.text), (24 bytes).
    Removing segger_rtt.o(.text), (168 bytes).
    Removing segger_rtt.o(.text), (168 bytes).
    Removing segger_rtt.o(.text), (148 bytes).
    Removing segger_rtt.o(.text), (148 bytes).
    Removing segger_rtt.o(.text), (80 bytes).
    Removing segger_rtt.o(.text), (80 bytes).
    Removing segger_rtt.o(.text), (84 bytes).
    Removing segger_rtt.o(.text), (84 bytes).
    Removing segger_rtt.o(.text), (152 bytes).
    Removing segger_rtt.o(.text), (256 bytes).
    Removing segger_rtt_printf.o(.rev16_text), (4 bytes).
    Removing segger_rtt_printf.o(.revsh_text), (4 bytes).
    Removing segger_rtt_syscalls_keil.o(.rev16_text), (4 bytes).
    Removing segger_rtt_syscalls_keil.o(.revsh_text), (4 bytes).
    Removing segger_rtt_syscalls_keil.o(.text), (24 bytes).
    Removing segger_rtt_syscalls_keil.o(.text), (56 bytes).
    Removing segger_rtt_syscalls_keil.o(.text), (6 bytes).
    Removing segger_rtt_syscalls_keil.o(.text), (40 bytes).
    Removing segger_rtt_syscalls_keil.o(.text), (8 bytes).
    Removing segger_rtt_syscalls_keil.o(.text), (18 bytes).
    Removing segger_rtt_syscalls_keil.o(.text), (6 bytes).
    Removing segger_rtt_syscalls_keil.o(.text), (8 bytes).
    Removing segger_rtt_syscalls_keil.o(.text), (6 bytes).
    Removing segger_rtt_syscalls_keil.o(.text), (6 bytes).
    Removing segger_rtt_syscalls_keil.o(.text), (2 bytes).
    Removing segger_rtt_syscalls_keil.o(.text), (4 bytes).
    Removing segger_rtt_syscalls_keil.o(.constdata), (20 bytes).
    Removing startup_armcm0.o(HEAP), (3072 bytes).
    Removing system_armcm0.o(.rev16_text), (4 bytes).
    Removing system_armcm0.o(.revsh_text), (4 bytes).
    Removing system_armcm0.o(.text), (16 bytes).
    Removing timer.o(.rev16_text), (4 bytes).
    Removing timer.o(.revsh_text), (4 bytes).
    Removing rtc.o(.rev16_text), (4 bytes).
    Removing rtc.o(.revsh_text), (4 bytes).
    Removing main.o(.rev16_text), (4 bytes).
    Removing main.o(.revsh_text), (4 bytes).

83 unused section(s) (total 7834 bytes) removed from the image.

==============================================================================

Image Symbol Table

    Local Symbols

    Symbol Name                              Value     Ov Type        Size  Object(Section)

    ../clib/../cmprslib/zerorunl2.c          0x00000000   Number         0  __dczerorl2.o ABSOLUTE
    ../clib/microlib/division.c              0x00000000   Number         0  uidiv.o ABSOLUTE
    ../clib/microlib/division.c              0x00000000   Number         0  uldiv.o ABSOLUTE
    ../clib/microlib/division.c              0x00000000   Number         0  idiv.o ABSOLUTE
    ../clib/microlib/init/entry.s            0x00000000   Number         0  entry.o ABSOLUTE
    ../clib/microlib/init/entry.s            0x00000000   Number         0  entry11a.o ABSOLUTE
    ../clib/microlib/init/entry.s            0x00000000   Number         0  entry9a.o ABSOLUTE
    ../clib/microlib/init/entry.s            0x00000000   Number         0  entry8b.o ABSOLUTE
    ../clib/microlib/init/entry.s            0x00000000   Number         0  entry8a.o ABSOLUTE
    ../clib/microlib/init/entry.s            0x00000000   Number         0  entry7b.o ABSOLUTE
    ../clib/microlib/init/entry.s            0x00000000   Number         0  entry7a.o ABSOLUTE
    ../clib/microlib/init/entry.s            0x00000000   Number         0  entry5.o ABSOLUTE
    ../clib/microlib/init/entry.s            0x00000000   Number         0  entry2.o ABSOLUTE
    ../clib/microlib/init/entry.s            0x00000000   Number         0  entry10a.o ABSOLUTE
    ../clib/microlib/init/entry.s            0x00000000   Number         0  entry10b.o ABSOLUTE
    ../clib/microlib/init/entry.s            0x00000000   Number         0  entry11b.o ABSOLUTE
    ../clib/microlib/init/entry.s            0x00000000   Number         0  entry9b.o ABSOLUTE
    ../clib/microlib/longlong.c              0x00000000   Number         0  llsshr.o ABSOLUTE
    ../clib/microlib/longlong.c              0x00000000   Number         0  llshl.o ABSOLUTE
    ../clib/microlib/longlong.c              0x00000000   Number         0  llushr.o ABSOLUTE
    ../clib/microlib/printf/printf.c         0x00000000   Number         0  printf4.o ABSOLUTE
    ../clib/microlib/printf/printf.c         0x00000000   Number         0  printf3.o ABSOLUTE
    ../clib/microlib/printf/printf.c         0x00000000   Number         0  printfb.o ABSOLUTE
    ../clib/microlib/printf/printf.c         0x00000000   Number         0  printf2.o ABSOLUTE
    ../clib/microlib/printf/printf.c         0x00000000   Number         0  printfa.o ABSOLUTE
    ../clib/microlib/printf/printf.c         0x00000000   Number         0  printf0.o ABSOLUTE
    ../clib/microlib/printf/printf.c         0x00000000   Number         0  printf1.o ABSOLUTE
    ../clib/microlib/printf/printf.c         0x00000000   Number         0  printf8.o ABSOLUTE
    ../clib/microlib/printf/printf.c         0x00000000   Number         0  printf7.o ABSOLUTE
    ../clib/microlib/printf/printf.c         0x00000000   Number         0  printf6.o ABSOLUTE
    ../clib/microlib/printf/printf.c         0x00000000   Number         0  printf5.o ABSOLUTE
    ../clib/microlib/printf/stubs.s          0x00000000   Number         0  stubs.o ABSOLUTE
    ../clib/microlib/stdio/fflush.c          0x00000000   Number         0  fflush.o ABSOLUTE
    ../clib/microlib/stdio/fputc.c           0x00000000   Number         0  fputc.o ABSOLUTE
    ../clib/microlib/stdio/semi.s            0x00000000   Number         0  semi.o ABSOLUTE
    ../clib/microlib/stdio/streams.c         0x00000000   Number         0  stdout.o ABSOLUTE
    ../clib/microlib/string/memcmp.c         0x00000000   Number         0  memcmp.o ABSOLUTE
    ../clib/microlib/string/memcpy.c         0x00000000   Number         0  memcpya.o ABSOLUTE
    ../clib/microlib/string/memcpy.c         0x00000000   Number         0  memcpyb.o ABSOLUTE
    ../clib/microlib/string/memset.c         0x00000000   Number         0  memseta.o ABSOLUTE
    ../clib/microlib/string/strcmp.c         0x00000000   Number         0  strcmp.o ABSOLUTE
    ../clib/microlib/string/strcpy.c         0x00000000   Number         0  strcpy.o ABSOLUTE
    ../clib/microlib/string/strlen.c         0x00000000   Number         0  strlen.o ABSOLUTE
    ../clib/microlib/stubs.s                 0x00000000   Number         0  iusefp.o ABSOLUTE
    ../clib/microlib/stubs.s                 0x00000000   Number         0  iusesemip.o ABSOLUTE
    ../clib/microlib/stubs.s                 0x00000000   Number         0  useno.o ABSOLUTE
    ../clib/microlib/unhosted.c              0x00000000   Number         0  uread4.o ABSOLUTE
    ../clib/microlib/unhosted.c              0x00000000   Number         0  uwrite4.o ABSOLUTE
    ../fplib/microlib/f2d.c                  0x00000000   Number         0  f2d.o ABSOLUTE
    ../fplib/microlib/fpadd.c                0x00000000   Number         0  dadd.o ABSOLUTE
    ../fplib/microlib/fpadd.c                0x00000000   Number         0  fadd.o ABSOLUTE
    ../fplib/microlib/fpdiv.c                0x00000000   Number         0  ddiv.o ABSOLUTE
    ../fplib/microlib/fpepilogue.c           0x00000000   Number         0  fepilogue.o ABSOLUTE
    ../fplib/microlib/fpepilogue.c           0x00000000   Number         0  depilogue.o ABSOLUTE
    ../fplib/microlib/fpfix.c                0x00000000   Number         0  dfixui.o ABSOLUTE
    ../fplib/microlib/fpfix.c                0x00000000   Number         0  dfixul.o ABSOLUTE
    ../fplib/microlib/fpflt.c                0x00000000   Number         0  dfltui.o ABSOLUTE
    ../fplib/microlib/fpflt.c                0x00000000   Number         0  dflti.o ABSOLUTE
    ../fplib/microlib/fpflt.c                0x00000000   Number         0  ffltui.o ABSOLUTE
    ../fplib/microlib/fpmul.c                0x00000000   Number         0  dmul.o ABSOLUTE
    ..\..\..\BLE\ota.c                       0x00000000   Number         0  ota.o ABSOLUTE
    ..\..\..\Driver\debug.c                  0x00000000   Number         0  debug.o ABSOLUTE
    ..\..\..\Driver\delay.c                  0x00000000   Number         0  delay.o ABSOLUTE
    ..\..\..\Driver\gpio.c                   0x00000000   Number         0  gpio.o ABSOLUTE
    ..\..\..\Driver\uart.c                   0x00000000   Number         0  uart.o ABSOLUTE
    ..\..\..\Rtt\SEGGER_RTT.c                0x00000000   Number         0  segger_rtt.o ABSOLUTE
    ..\..\..\Rtt\SEGGER_RTT_Syscalls_KEIL.c  0x00000000   Number         0  segger_rtt_syscalls_keil.o ABSOLUTE
    ..\..\..\Rtt\SEGGER_RTT_printf.c         0x00000000   Number         0  segger_rtt_printf.o ABSOLUTE
    ..\\..\\..\\BLE\\ota.c                   0x00000000   Number         0  ota.o ABSOLUTE
    ..\\..\\..\\Driver\\debug.c              0x00000000   Number         0  debug.o ABSOLUTE
    ..\\..\\..\\Driver\\delay.c              0x00000000   Number         0  delay.o ABSOLUTE
    ..\\..\\..\\Driver\\gpio.c               0x00000000   Number         0  gpio.o ABSOLUTE
    ..\\..\\..\\Driver\\uart.c               0x00000000   Number         0  uart.o ABSOLUTE
    ..\\..\\..\\Rtt\\SEGGER_RTT.c            0x00000000   Number         0  segger_rtt.o ABSOLUTE
    ..\\..\\..\\Rtt\\SEGGER_RTT_Syscalls_KEIL.c 0x00000000   Number         0  segger_rtt_syscalls_keil.o ABSOLUTE
    ..\\..\\..\\Rtt\\SEGGER_RTT_printf.c     0x00000000   Number         0  segger_rtt_printf.o ABSOLUTE
    ..\\main.c                               0x00000000   Number         0  main.o ABSOLUTE
    ..\\rtc_handler.c                        0x00000000   Number         0  rtc_handler.o ABSOLUTE
    ..\\timer_handler.c                      0x00000000   Number         0  timer_handler.o ABSOLUTE
    ..\main.c                                0x00000000   Number         0  main.o ABSOLUTE
    ..\rtc_handler.c                         0x00000000   Number         0  rtc_handler.o ABSOLUTE
    ..\timer_handler.c                       0x00000000   Number         0  timer_handler.o ABSOLUTE
    Driver\\rtc.c                            0x00000000   Number         0  rtc.o ABSOLUTE
    Driver\\timer.c                          0x00000000   Number         0  timer.o ABSOLUTE
    Driver\rtc.c                             0x00000000   Number         0  rtc.o ABSOLUTE
    Driver\timer.c                           0x00000000   Number         0  timer.o ABSOLUTE
    Main\\main.c                             0x00000000   Number         0  main.o ABSOLUTE
    Main\main.c                              0x00000000   Number         0  main.o ABSOLUTE
    RTE\Device\ARMCM0\startup_ARMCM0.s       0x00000000   Number         0  startup_armcm0.o ABSOLUTE
    RTE\Device\ARMCM0\system_ARMCM0.c        0x00000000   Number         0  system_armcm0.o ABSOLUTE
    RTE\\Device\\ARMCM0\\system_ARMCM0.c     0x00000000   Number         0  system_armcm0.o ABSOLUTE
    cdrcmple.s                               0x00000000   Number         0  cdrcmple.o ABSOLUTE
    dc.s                                     0x00000000   Number         0  dc.o ABSOLUTE
    handlers.s                               0x00000000   Number         0  handlers.o ABSOLUTE
    init.s                                   0x00000000   Number         0  init.o ABSOLUTE
    RESET                                    0x10000000   Section      192  startup_armcm0.o(RESET)
    .ARM.Collect$$$$00000000                 0x100000c0   Section        0  entry.o(.ARM.Collect$$$$00000000)
    .ARM.Collect$$$$00000001                 0x100000c0   Section        4  entry2.o(.ARM.Collect$$$$00000001)
    .ARM.Collect$$$$00000004                 0x100000c4   Section        4  entry5.o(.ARM.Collect$$$$00000004)
    .ARM.Collect$$$$00000008                 0x100000c8   Section        0  entry7b.o(.ARM.Collect$$$$00000008)
    .ARM.Collect$$$$0000000A                 0x100000c8   Section        0  entry8b.o(.ARM.Collect$$$$0000000A)
    .ARM.Collect$$$$0000000B                 0x100000c8   Section        8  entry9a.o(.ARM.Collect$$$$0000000B)
    .ARM.Collect$$$$0000000D                 0x100000d0   Section        0  entry10a.o(.ARM.Collect$$$$0000000D)
    .ARM.Collect$$$$0000000F                 0x100000d0   Section        0  entry11a.o(.ARM.Collect$$$$0000000F)
    .ARM.Collect$$$$00002712                 0x100000d0   Section        4  entry2.o(.ARM.Collect$$$$00002712)
    __lit__00000000                          0x100000d0   Data           4  entry2.o(.ARM.Collect$$$$00002712)
    .text                                    0x100000d4   Section        0  main.o(.text)
    setup_adv_data                           0x100000d5   Thumb Code   110  main.o(.text)
    ble_gatt_read                            0x1000019f   Thumb Code   126  main.o(.text)
    ble_gatt_write                           0x1000021d   Thumb Code   150  main.o(.text)
    ble_init                                 0x10000797   Thumb Code   130  main.o(.text)
    gpio_callback                            0x100008c1   Thumb Code    22  main.o(.text)
    .text                                    0x10000f0c   Section        0  debug.o(.text)
    .text                                    0x10000f14   Section        0  gpio.o(.text)
    .text                                    0x100012fc   Section        0  uart.o(.text)
    NVIC_EnableIRQ                           0x100015b5   Thumb Code    14  uart.o(.text)
    .text                                    0x100015d4   Section        0  delay.o(.text)
    .text                                    0x100015f4   Section        0  ota.o(.text)
    EvtCommandComplete                       0x100015f5   Thumb Code    46  ota.o(.text)
    Cmd4KSETTINGWrite                        0x10001639   Thumb Code   120  ota.o(.text)
    CmdFwWriteStart                          0x100016b1   Thumb Code    36  ota.o(.text)
    Cmd4KSETTINGUpgrade                      0x100016d5   Thumb Code    80  ota.o(.text)
    CmdFwUpgradev20                          0x10001725   Thumb Code   134  ota.o(.text)
    CmdFlashdataUpgradev30                   0x100017ab   Thumb Code   104  ota.o(.text)
    .text                                    0x10001cec   Section        0  timer_handler.o(.text)
    .text                                    0x10001d3c   Section        0  rtc_handler.o(.text)
    .text                                    0x10001d68   Section        0  segger_rtt.o(.text)
    _DoInit                                  0x10001d69   Thumb Code    74  segger_rtt.o(.text)
    _WriteBlocking                           0x10001db3   Thumb Code   122  segger_rtt.o(.text)
    _WriteNoCheck                            0x10001e2d   Thumb Code    74  segger_rtt.o(.text)
    _PostTerminalSwitch                      0x10001e77   Thumb Code    32  segger_rtt.o(.text)
    _GetAvailWriteSpace                      0x10001e97   Thumb Code    28  segger_rtt.o(.text)
    .text                                    0x10001fa8   Section        0  segger_rtt_printf.o(.text)
    _StoreChar                               0x10001fa9   Thumb Code    68  segger_rtt_printf.o(.text)
    _PrintUnsigned                           0x10001fed   Thumb Code   280  segger_rtt_printf.o(.text)
    _PrintInt                                0x10002105   Thumb Code   270  segger_rtt_printf.o(.text)
    .text                                    0x1000254c   Section       28  startup_armcm0.o(.text)
    .text                                    0x10002568   Section        0  system_armcm0.o(.text)
    .text                                    0x10002578   Section        0  timer.o(.text)
    Timer_Evt_Trigger                        0x10002645   Thumb Code   110  timer.o(.text)
    __NVIC_EnableIRQ                         0x10002a15   Thumb Code    18  timer.o(.text)
    __NVIC_DisableIRQ                        0x10002a27   Thumb Code    28  timer.o(.text)
    .text                                    0x10002a50   Section        0  rtc.o(.text)
    Timer_RTCEVT_Trigger                     0x10002bdf   Thumb Code   158  rtc.o(.text)
    .text                                    0x10003020   Section        0  main.o(.text)
    _LCDisConnect                            0x10003021   Thumb Code    46  main.o(.text)
    _LCTimer_Handler                         0x1000304f   Thumb Code   248  main.o(.text)
    _LCRxPkt_Handler                         0x10003147   Thumb Code   200  main.o(.text)
    _LCTxPkt_Handler                         0x1000320f   Thumb Code   316  main.o(.text)
    _LLENCReq                                0x10003ab7   Thumb Code   244  main.o(.text)
    _GAPStartAdv                             0x1000400b   Thumb Code   620  main.o(.text)
    WaitLLCOverSlpth                         0x100050fb   Thumb Code    38  main.o(.text)
    _BBRXFIFORead                            0x10005121   Thumb Code   138  main.o(.text)
    STKSetRand                               0x100051ab   Thumb Code    30  main.o(.text)
    AttWriteFlash                            0x100051c9   Thumb Code   112  main.o(.text)
    GetOverSlpth                             0x10005239   Thumb Code    26  main.o(.text)
    .text                                    0x1000526c   Section        0  uidiv.o(.text)
    .text                                    0x10005298   Section        0  idiv.o(.text)
    .text                                    0x100052c0   Section        0  memcpya.o(.text)
    .text                                    0x100052e4   Section        0  memseta.o(.text)
    .text                                    0x10005308   Section        0  memcmp.o(.text)
    .text                                    0x10005322   Section        0  strcpy.o(.text)
    .text                                    0x10005334   Section        0  uread4.o(.text)
    .text                                    0x10005348   Section        0  uwrite4.o(.text)
    .text                                    0x1000535a   Section        0  fadd.o(.text)
    .text                                    0x1000540c   Section        0  dadd.o(.text)
    .text                                    0x10005570   Section        0  dmul.o(.text)
    .text                                    0x10005640   Section        0  ddiv.o(.text)
    .text                                    0x10005730   Section        0  ffltui.o(.text)
    .text                                    0x10005740   Section        0  dflti.o(.text)
    .text                                    0x10005768   Section        0  dfltui.o(.text)
    .text                                    0x10005784   Section        0  dfixui.o(.text)
    .text                                    0x100057c0   Section        0  f2d.o(.text)
    .text                                    0x100057e8   Section        0  uldiv.o(.text)
    .text                                    0x10005848   Section        0  llshl.o(.text)
    .text                                    0x10005868   Section        0  llushr.o(.text)
    .text                                    0x1000588a   Section        0  llsshr.o(.text)
    .text                                    0x100058b0   Section        0  fepilogue.o(.text)
    .text                                    0x100058b0   Section        0  iusefp.o(.text)
    .text                                    0x10005932   Section        0  depilogue.o(.text)
    .text                                    0x100059f0   Section        0  dfixul.o(.text)
    .text                                    0x10005a30   Section       40  cdrcmple.o(.text)
    .text                                    0x10005a58   Section       36  init.o(.text)
    .text                                    0x10005a7c   Section        0  __dczerorl2.o(.text)
    i.__0sprintf                             0x10005ad4   Section        0  printfa.o(i.__0sprintf)
    i.__ARM_clz                              0x10005afc   Section        0  depilogue.o(i.__ARM_clz)
    i.__ARM_common_switch8                   0x10005b2a   Section        0  main.o(i.__ARM_common_switch8)
    i.__scatterload_copy                     0x10005b44   Section       14  handlers.o(i.__scatterload_copy)
    i.__scatterload_null                     0x10005b52   Section        2  handlers.o(i.__scatterload_null)
    i.__scatterload_zeroinit                 0x10005b54   Section       14  handlers.o(i.__scatterload_zeroinit)
    i._fp_digits                             0x10005b64   Section        0  printfa.o(i._fp_digits)
    _fp_digits                               0x10005b65   Thumb Code   316  printfa.o(i._fp_digits)
    i._printf_core                           0x10005cbc   Section        0  printfa.o(i._printf_core)
    _printf_core                             0x10005cbd   Thumb Code  1754  printfa.o(i._printf_core)
    i._printf_post_padding                   0x100063a8   Section        0  printfa.o(i._printf_post_padding)
    _printf_post_padding                     0x100063a9   Thumb Code    32  printfa.o(i._printf_post_padding)
    i._printf_pre_padding                    0x100063c8   Section        0  printfa.o(i._printf_pre_padding)
    _printf_pre_padding                      0x100063c9   Thumb Code    44  printfa.o(i._printf_pre_padding)
    i._sputc                                 0x100063f4   Section        0  printfa.o(i._sputc)
    _sputc                                   0x100063f5   Thumb Code    10  printfa.o(i._sputc)
    .constdata                               0x100063fe   Section       16  segger_rtt_printf.o(.constdata)
    _aV2C                                    0x100063fe   Data          16  segger_rtt_printf.o(.constdata)
    .data                                    0x20003000   Section       73  main.o(.data)
    g_report                                 0x20003000   Data           4  main.o(.data)
    start_tx                                 0x20003005   Data           1  main.o(.data)
    service_change_tx                        0x20003008   Data           1  main.o(.data)
    dev_addr                                 0x20003042   Data           7  main.o(.data)
    .data                                    0x2000304c   Section       72  gpio.o(.data)
    gpio_callback                            0x20003060   Data           4  gpio.o(.data)
    pinmuxtab48                              0x20003064   Data          24  gpio.o(.data)
    pinmuxtab32                              0x2000307c   Data          24  gpio.o(.data)
    .data                                    0x20003094   Section        8  uart.o(.data)
    UART_0_CTRL                              0x20003094   Data           4  uart.o(.data)
    UART_1_CTRL                              0x20003098   Data           4  uart.o(.data)
    .data                                    0x2000309c   Section       28  ota.o(.data)
    EvtBuf                                   0x200030ac   Data           8  ota.o(.data)
    .data                                    0x200030b8   Section        4  rtc_handler.o(.data)
    .data                                    0x200030bc   Section       17  segger_rtt.o(.data)
    _aTerminalId                             0x200030bc   Data          16  segger_rtt.o(.data)
    _ActiveTerminal                          0x200030cc   Data           1  segger_rtt.o(.data)
    .data                                    0x200030d0   Section        4  system_armcm0.o(.data)
    .data                                    0x200030d4   Section       28  timer.o(.data)
    TIMER_CTRL                               0x200030d8   Data           4  timer.o(.data)
    .data                                    0x200030f0   Section       40  rtc.o(.data)
    enabled                                  0x200030f0   Data           1  rtc.o(.data)
    irq_cb                                   0x20003110   Data           4  rtc.o(.data)
    .data                                    0x20003118   Section       60  main.o(.data)
    syd_confirm                              0x20003118   Data           1  main.o(.data)
    ww_minus_cnt                             0x20003119   Data           1  main.o(.data)
    ext_uart_en                              0x2000311a   Data           1  main.o(.data)
    get_bond_device_idx                      0x2000311b   Data           1  main.o(.data)
    rssi_rx                                  0x2000311c   Data           1  main.o(.data)
    p_flash_hdr                              0x20003120   Data           4  main.o(.data)
    p_lclink                                 0x20003124   Data           4  main.o(.data)
    p_txpdu                                  0x20003128   Data           4  main.o(.data)
    p_rxbuf                                  0x2000312c   Data           4  main.o(.data)
    p_flash                                  0x20003130   Data           4  main.o(.data)
    p_dump_key                               0x20003138   Data           4  main.o(.data)
    EFUSE_CTRL                               0x2000313c   Data           4  main.o(.data)
    BB_CTRL                                  0x20003140   Data           4  main.o(.data)
    PW_CTRL                                  0x20003144   Data           4  main.o(.data)
    PIN_CONFIG                               0x20003148   Data           4  main.o(.data)
    g_evt                                    0x2000314c   Data           8  main.o(.data)
    .bss                                     0x20003154   Section       40  ota.o(.bss)
    .bss                                     0x2000317c   Section       48  timer_handler.o(.bss)
    .bss                                     0x200031ac   Section       24  rtc_handler.o(.bss)
    .bss                                     0x200031c4   Section     1112  segger_rtt.o(.bss)
    _acUpBuffer                              0x2000320c   Data        1024  segger_rtt.o(.bss)
    _acDownBuffer                            0x2000360c   Data          16  segger_rtt.o(.bss)
    .bss                                     0x2000361c   Section       12  timer.o(.bss)
    timer_callback                           0x2000361c   Data          12  timer.o(.bss)
    .bss                                     0x20003628   Section      104  main.o(.bss)
    code_hdr                                 0x20003628   Data          87  main.o(.bss)
    smart_update_ctrol                       0x2000367f   Data          17  main.o(.bss)
    STACK                                    0x20003690   Section     3072  startup_armcm0.o(STACK)

    Global Symbols

    Symbol Name                              Value     Ov Type        Size  Object(Section)

    BuildAttributes$$THM_ISAv3M$S$PE$A:L22$X:L11$S22$IEEE1$IW$USESV6$~STKCKD$USESV7$~SHL$OTIME$ROPI$EBA8$MICROLIB$REQ8$PRES8$EABIv2 0x00000000   Number         0  anon$$obj.o ABSOLUTE
    __ARM_use_no_argv                        0x00000000   Number         0  main.o ABSOLUTE
    __use_no_errno                           0x00000000   Number         0  useno.o ABSOLUTE
    __use_no_exception_handling              0x00000000   Number         0  useno.o ABSOLUTE
    __use_no_fp                              0x00000000   Number         0  useno.o ABSOLUTE
    __use_no_heap                            0x00000000   Number         0  useno.o ABSOLUTE
    __use_no_heap_region                     0x00000000   Number         0  useno.o ABSOLUTE
    __use_no_semihosting                     0x00000000   Number         0  useno.o ABSOLUTE
    __use_no_semihosting_swi                 0x00000000   Number         0  useno.o ABSOLUTE
    __use_no_signal_handling                 0x00000000   Number         0  useno.o ABSOLUTE
    _printf_a                                0x00000000   Number         0  stubs.o ABSOLUTE
    _printf_c                                0x00000000   Number         0  stubs.o ABSOLUTE
    _printf_charcount                        0x00000000   Number         0  stubs.o ABSOLUTE
    _printf_d                                0x00000000   Number         0  stubs.o ABSOLUTE
    _printf_e                                0x00000000   Number         0  stubs.o ABSOLUTE
    _printf_f                                0x00000000   Number         0  stubs.o ABSOLUTE
    _printf_flags                            0x00000000   Number         0  stubs.o ABSOLUTE
    _printf_fp_dec                           0x00000000   Number         0  stubs.o ABSOLUTE
    _printf_fp_hex                           0x00000000   Number         0  stubs.o ABSOLUTE
    _printf_g                                0x00000000   Number         0  stubs.o ABSOLUTE
    _printf_i                                0x00000000   Number         0  stubs.o ABSOLUTE
    _printf_int_dec                          0x00000000   Number         0  stubs.o ABSOLUTE
    _printf_l                                0x00000000   Number         0  stubs.o ABSOLUTE
    _printf_lc                               0x00000000   Number         0  stubs.o ABSOLUTE
    _printf_ll                               0x00000000   Number         0  stubs.o ABSOLUTE
    _printf_lld                              0x00000000   Number         0  stubs.o ABSOLUTE
    _printf_lli                              0x00000000   Number         0  stubs.o ABSOLUTE
    _printf_llo                              0x00000000   Number         0  stubs.o ABSOLUTE
    _printf_llu                              0x00000000   Number         0  stubs.o ABSOLUTE
    _printf_llx                              0x00000000   Number         0  stubs.o ABSOLUTE
    _printf_longlong_dec                     0x00000000   Number         0  stubs.o ABSOLUTE
    _printf_longlong_hex                     0x00000000   Number         0  stubs.o ABSOLUTE
    _printf_longlong_oct                     0x00000000   Number         0  stubs.o ABSOLUTE
    _printf_ls                               0x00000000   Number         0  stubs.o ABSOLUTE
    _printf_mbtowc                           0x00000000   Number         0  stubs.o ABSOLUTE
    _printf_n                                0x00000000   Number         0  stubs.o ABSOLUTE
    _printf_o                                0x00000000   Number         0  stubs.o ABSOLUTE
    _printf_p                                0x00000000   Number         0  stubs.o ABSOLUTE
    _printf_percent                          0x00000000   Number         0  stubs.o ABSOLUTE
    _printf_pre_padding                      0x00000000   Number         0  stubs.o ABSOLUTE
    _printf_return_value                     0x00000000   Number         0  stubs.o ABSOLUTE
    _printf_s                                0x00000000   Number         0  stubs.o ABSOLUTE
    _printf_sizespec                         0x00000000   Number         0  stubs.o ABSOLUTE
    _printf_str                              0x00000000   Number         0  stubs.o ABSOLUTE
    _printf_truncate_signed                  0x00000000   Number         0  stubs.o ABSOLUTE
    _printf_truncate_unsigned                0x00000000   Number         0  stubs.o ABSOLUTE
    _printf_u                                0x00000000   Number         0  stubs.o ABSOLUTE
    _printf_wc                               0x00000000   Number         0  stubs.o ABSOLUTE
    _printf_wctomb                           0x00000000   Number         0  stubs.o ABSOLUTE
    _printf_widthprec                        0x00000000   Number         0  stubs.o ABSOLUTE
    _printf_x                                0x00000000   Number         0  stubs.o ABSOLUTE
    __cpp_initialize__aeabi_                  - Undefined Weak Reference
    __cxa_finalize                            - Undefined Weak Reference
    _clock_init                               - Undefined Weak Reference
    _microlib_exit                            - Undefined Weak Reference
    __Vectors_Size                           0x000000c0   Number         0  startup_armcm0.o ABSOLUTE
    __Vectors                                0x10000000   Data           4  startup_armcm0.o(RESET)
    __Vectors_End                            0x100000c0   Data           0  startup_armcm0.o(RESET)
    __main                                   0x100000c1   Thumb Code     0  entry.o(.ARM.Collect$$$$00000000)
    _main_stk                                0x100000c1   Thumb Code     0  entry2.o(.ARM.Collect$$$$00000001)
    _main_scatterload                        0x100000c5   Thumb Code     0  entry5.o(.ARM.Collect$$$$00000004)
    __main_after_scatterload                 0x100000c9   Thumb Code     0  entry5.o(.ARM.Collect$$$$00000004)
    _main_clock                              0x100000c9   Thumb Code     0  entry7b.o(.ARM.Collect$$$$00000008)
    _main_cpp_init                           0x100000c9   Thumb Code     0  entry8b.o(.ARM.Collect$$$$0000000A)
    _main_init                               0x100000c9   Thumb Code     0  entry9a.o(.ARM.Collect$$$$0000000B)
    __rt_final_cpp                           0x100000d1   Thumb Code     0  entry10a.o(.ARM.Collect$$$$0000000D)
    __rt_final_exit                          0x100000d1   Thumb Code     0  entry11a.o(.ARM.Collect$$$$0000000F)
    BLSetConnectionUpdate                    0x10000143   Thumb Code    92  main.o(.text)
    BLE_Indicate_Service_Changed             0x100002b3   Thumb Code   122  main.o(.text)
    HID_Key_Vlaue_Send                       0x1000032d   Thumb Code    74  main.o(.text)
    ble_evt_callback                         0x10000377   Thumb Code  1056  main.o(.text)
    ota_manage                               0x10000819   Thumb Code   168  main.o(.text)
    gpio_init                                0x100008d7   Thumb Code   172  main.o(.text)
    main                                     0x10000983   Thumb Code  1150  main.o(.text)
    dbg_init                                 0x10000f0d   Thumb Code     8  debug.o(.text)
    PIN_Set_GPIO                             0x10000f15   Thumb Code    50  gpio.o(.text)
    PIN_Pullup_Enable                        0x10000f47   Thumb Code   150  gpio.o(.text)
    GPIO_Set_Output                          0x10000fdd   Thumb Code    50  gpio.o(.text)
    GPIO_Set_Input                           0x1000100f   Thumb Code   200  gpio.o(.text)
    GPIO_Input_Enable                        0x100010d7   Thumb Code    50  gpio.o(.text)
    GPIO_Pin_Set                             0x10001109   Thumb Code    50  gpio.o(.text)
    GPIO_Pin_Clear                           0x1000113b   Thumb Code    50  gpio.o(.text)
    GPIO_Pin_Turn                            0x1000116d   Thumb Code    50  gpio.o(.text)
    GPIO_Pin_Read                            0x1000119f   Thumb Code    34  gpio.o(.text)
    io_irq_enable                            0x100011c1   Thumb Code   142  gpio.o(.text)
    GPIO_IRQHandler                          0x1000124f   Thumb Code   132  gpio.o(.text)
    uart_0_init                              0x100012fd   Thumb Code   340  uart.o(.text)
    uart_0_read                              0x10001451   Thumb Code    72  uart.o(.text)
    UART0_IRQHandler                         0x10001499   Thumb Code   106  uart.o(.text)
    uart_1_read                              0x10001503   Thumb Code    72  uart.o(.text)
    UART1_IRQHandler                         0x1000154b   Thumb Code   106  uart.o(.text)
    delay_ms                                 0x100015d5   Thumb Code    28  delay.o(.text)
    CmdFwErase                               0x10001623   Thumb Code    22  ota.o(.text)
    ota_variable_clear                       0x10001813   Thumb Code    38  ota.o(.text)
    ota_cmd                                  0x10001839   Thumb Code  1048  ota.o(.text)
    ota_rsp                                  0x10001c51   Thumb Code    42  ota.o(.text)
    Timer_Evt_2s                             0x10001ced   Thumb Code    16  timer_handler.o(.text)
    Timer_EVT_1S_OTA                         0x10001cfd   Thumb Code    16  timer_handler.o(.text)
    Timer_Evt_List                           0x10001d0d   Thumb Code    36  timer_handler.o(.text)
    RTC_Evt_185s                             0x10001d3d   Thumb Code    14  rtc_handler.o(.text)
    RTC_Evt_List                             0x10001d4b   Thumb Code    22  rtc_handler.o(.text)
    SEGGER_RTT_WriteNoLock                   0x10001eb3   Thumb Code   130  segger_rtt.o(.text)
    SEGGER_RTT_Write                         0x10001f35   Thumb Code    66  segger_rtt.o(.text)
    SEGGER_RTT_Init                          0x10001f77   Thumb Code     8  segger_rtt.o(.text)
    SEGGER_RTT_vprintf                       0x10002213   Thumb Code   646  segger_rtt_printf.o(.text)
    SEGGER_RTT_printf                        0x10002499   Thumb Code    36  segger_rtt_printf.o(.text)
    SEGGER_RTT_hexdump                       0x100024bd   Thumb Code   122  segger_rtt_printf.o(.text)
    Reset_Handler                            0x1000254d   Thumb Code     8  startup_armcm0.o(.text)
    NMI_Handler                              0x10002555   Thumb Code     2  startup_armcm0.o(.text)
    HardFault_Handler                        0x10002557   Thumb Code     2  startup_armcm0.o(.text)
    SVC_Handler                              0x10002559   Thumb Code     2  startup_armcm0.o(.text)
    PendSV_Handler                           0x1000255b   Thumb Code     2  startup_armcm0.o(.text)
    SysTick_Handler                          0x1000255d   Thumb Code     2  startup_armcm0.o(.text)
    CAP_IRQHandler                           0x1000255f   Thumb Code     0  startup_armcm0.o(.text)
    GPADC_IRQHandler                         0x1000255f   Thumb Code     0  startup_armcm0.o(.text)
    HID_IRQHandler                           0x1000255f   Thumb Code     0  startup_armcm0.o(.text)
    HPWM_IRQHandler                          0x1000255f   Thumb Code     0  startup_armcm0.o(.text)
    HTIMER_IRQHandler                        0x1000255f   Thumb Code     0  startup_armcm0.o(.text)
    I2C0_IRQHandler                          0x1000255f   Thumb Code     0  startup_armcm0.o(.text)
    I2C1_IRQHandler                          0x1000255f   Thumb Code     0  startup_armcm0.o(.text)
    IR_Rx_IRQHandler                         0x1000255f   Thumb Code     0  startup_armcm0.o(.text)
    IR_Tx_IRQHandler                         0x1000255f   Thumb Code     0  startup_armcm0.o(.text)
    ISO_7816_IRQHandler                      0x1000255f   Thumb Code     0  startup_armcm0.o(.text)
    LLC2_IRQHandler                          0x1000255f   Thumb Code     0  startup_armcm0.o(.text)
    LLC_IRQHandler                           0x1000255f   Thumb Code     0  startup_armcm0.o(.text)
    SPIM_IRQHandler                          0x1000255f   Thumb Code     0  startup_armcm0.o(.text)
    SW_IRQHandler                            0x1000255f   Thumb Code     0  startup_armcm0.o(.text)
    TIMER3_IRQHandler                        0x1000255f   Thumb Code     0  startup_armcm0.o(.text)
    TOUCH_IRQHandler                         0x1000255f   Thumb Code     0  startup_armcm0.o(.text)
    SystemInit                               0x10002569   Thumb Code     8  system_armcm0.o(.text)
    Timer_Evt_Creat                          0x10002579   Thumb Code    50  timer.o(.text)
    Min                                      0x100025ab   Thumb Code     8  timer.o(.text)
    timer_0_disable                          0x100025b3   Thumb Code    48  timer.o(.text)
    timer_0_enable                           0x100025e3   Thumb Code    96  timer.o(.text)
    timer_0_start                            0x10002643   Thumb Code     2  timer.o(.text)
    Timer_Evt_Clr                            0x100026b3   Thumb Code    10  timer.o(.text)
    timer_0_get                              0x100026bd   Thumb Code    32  timer.o(.text)
    Timer_Evt_Stop                           0x100026dd   Thumb Code   114  timer.o(.text)
    Timer_Evt_Start                          0x1000274f   Thumb Code   144  timer.o(.text)
    Timer_Get_State                          0x100027df   Thumb Code    34  timer.o(.text)
    SYD_Timer_Init                           0x10002801   Thumb Code    34  timer.o(.text)
    timer_0_delay_32us                       0x10002823   Thumb Code    66  timer.o(.text)
    TIMER0_IRQHandler                        0x10002865   Thumb Code    32  timer.o(.text)
    timer_1_enable                           0x10002885   Thumb Code    96  timer.o(.text)
    timer_1_disable                          0x100028e5   Thumb Code    48  timer.o(.text)
    TIMER1_IRQHandler                        0x10002915   Thumb Code    32  timer.o(.text)
    timer_2_enable                           0x10002935   Thumb Code   110  timer.o(.text)
    timer_2_get_val                          0x100029a3   Thumb Code    34  timer.o(.text)
    timer_2_disable                          0x100029c5   Thumb Code    48  timer.o(.text)
    TIMER2_IRQHandler                        0x100029f5   Thumb Code    32  timer.o(.text)
    rtc_get_calendar                         0x10002a51   Thumb Code    40  rtc.o(.text)
    RTC_RUN                                  0x10002a79   Thumb Code    66  rtc.o(.text)
    rtc_set_compare                          0x10002abb   Thumb Code    68  rtc.o(.text)
    RTC_SET                                  0x10002aff   Thumb Code    84  rtc.o(.text)
    RTC_Refressh                             0x10002b53   Thumb Code    76  rtc.o(.text)
    RTC_EVT_Creat                            0x10002b9f   Thumb Code    32  rtc.o(.text)
    Min_RTC                                  0x10002bbf   Thumb Code     8  rtc.o(.text)
    rtc_int_disable                          0x10002bc7   Thumb Code    24  rtc.o(.text)
    RTC_EVT_Clr                              0x10002c7d   Thumb Code    10  rtc.o(.text)
    RTC_EVT_Stop                             0x10002c87   Thumb Code   112  rtc.o(.text)
    RTC_EVT_Start                            0x10002cf7   Thumb Code   146  rtc.o(.text)
    RTC_EVT_whole_minute_setid               0x10002d89   Thumb Code     6  rtc.o(.text)
    RTC_EVT_whole_minute_adj                 0x10002d8f   Thumb Code   132  rtc.o(.text)
    RTC_Get_State                            0x10002e13   Thumb Code    54  rtc.o(.text)
    rtc_start                                0x10002e49   Thumb Code    28  rtc.o(.text)
    rtc_set_interrupt_callback               0x10002e65   Thumb Code     6  rtc.o(.text)
    rtc_int_enable                           0x10002e6b   Thumb Code    22  rtc.o(.text)
    rtc_int_clear                            0x10002e81   Thumb Code    22  rtc.o(.text)
    rtc_set_calendar                         0x10002e97   Thumb Code    40  rtc.o(.text)
    rtc_set_prescaler                        0x10002ebf   Thumb Code    34  rtc.o(.text)
    rtc_clear                                0x10002ee1   Thumb Code    18  rtc.o(.text)
    rtc_stop                                 0x10002ef3   Thumb Code    30  rtc.o(.text)
    rtc_init                                 0x10002f11   Thumb Code   126  rtc.o(.text)
    SYD_RTC_Init                             0x10002f8f   Thumb Code    40  rtc.o(.text)
    RTC_IRQHandler                           0x10002fb7   Thumb Code    30  rtc.o(.text)
    rtc_status                               0x10002fd5   Thumb Code     6  rtc.o(.text)
    rtc_get_compare                          0x10002fdb   Thumb Code    52  rtc.o(.text)
    _BBGetMask                               0x1000334b   Thumb Code    92  main.o(.text)
    Lib_LLEvtCallback                        0x100033a7   Thumb Code   252  main.o(.text)
    ConnectionLatencyMode                    0x100034a3   Thumb Code   112  main.o(.text)
    sw_timer_latency_callback                0x10003513   Thumb Code    42  main.o(.text)
    TimerStart                               0x1000353d   Thumb Code    10  main.o(.text)
    smart_latency_start                      0x10003547   Thumb Code   212  main.o(.text)
    smart_update_latency_updatersp           0x1000361b   Thumb Code   150  main.o(.text)
    BBRFRead                                 0x100036b1   Thumb Code     4  main.o(.text)
    BBRFWrite                                0x100036b5   Thumb Code     6  main.o(.text)
    RCOSCCalibration                         0x100036bb   Thumb Code    64  main.o(.text)
    RFSleep                                  0x100036fb   Thumb Code    10  main.o(.text)
    UartEn                                   0x10003705   Thumb Code    32  main.o(.text)
    _SYS32kClockSwitch                       0x10003725   Thumb Code   222  main.o(.text)
    ClockSwitch                              0x10003803   Thumb Code    10  main.o(.text)
    RFWakeup                                 0x1000380d   Thumb Code    24  main.o(.text)
    LPOCalibration                           0x10003825   Thumb Code   254  main.o(.text)
    smart_latency_clear                      0x10003923   Thumb Code    12  main.o(.text)
    Lib_EvtCallback                          0x1000392f   Thumb Code   248  main.o(.text)
    _BMGetNextBondDevice                     0x10003a27   Thumb Code   144  main.o(.text)
    TimerStop                                0x10003bab   Thumb Code     4  main.o(.text)
    smart_update_retry                       0x10003baf   Thumb Code   124  main.o(.text)
    sw_timer_update_callback                 0x10003c2b   Thumb Code    60  main.o(.text)
    smart_update_latency_updatareq           0x10003c67   Thumb Code   558  main.o(.text)
    Lib_ProtocolHookCallback                 0x10003e95   Thumb Code   104  main.o(.text)
    Lib_MiscCallback                         0x10003efd   Thumb Code    14  main.o(.text)
    BleInit                                  0x10003f0b   Thumb Code   172  main.o(.text)
    DisConnect                               0x10003fb7   Thumb Code    12  main.o(.text)
    SetDevAddr                               0x10003fc3   Thumb Code    12  main.o(.text)
    GetDevAddr                               0x10003fcf   Thumb Code    12  main.o(.text)
    SetLEFeature                             0x10003fdb   Thumb Code    12  main.o(.text)
    SetAdvAccCode                            0x10003fe7   Thumb Code    12  main.o(.text)
    SetAdvParams                             0x10003ff3   Thumb Code    12  main.o(.text)
    SetAdvData                               0x10003fff   Thumb Code    12  main.o(.text)
    StartAdv                                 0x10004277   Thumb Code    10  main.o(.text)
    StopAdv                                  0x10004281   Thumb Code    22  main.o(.text)
    StopAdv_Noreset                          0x10004297   Thumb Code    38  main.o(.text)
    SetScanParams                            0x100042bd   Thumb Code    10  main.o(.text)
    StartScan                                0x100042c7   Thumb Code    12  main.o(.text)
    StopScan                                 0x100042d3   Thumb Code    10  main.o(.text)
    SetSecParams                             0x100042dd   Thumb Code    12  main.o(.text)
    SetConnectionUpdate                      0x100042e9   Thumb Code    12  main.o(.text)
    GetLinkParameters                        0x100042f5   Thumb Code    12  main.o(.text)
    SetWinWideMinusCnt                       0x10004301   Thumb Code     8  main.o(.text)
    SetPasskey                               0x10004309   Thumb Code    12  main.o(.text)
    SecurityReq                              0x10004315   Thumb Code    12  main.o(.text)
    SetEvtCallback                           0x10004321   Thumb Code    54  main.o(.text)
    GetGATTReportHandle                      0x10004357   Thumb Code    10  main.o(.text)
    SetGATTReadRsp                           0x10004361   Thumb Code    12  main.o(.text)
    CheckFIFOFull                            0x1000436d   Thumb Code    18  main.o(.text)
    GATTDataSend                             0x1000437f   Thumb Code    48  main.o(.text)
    ATTCSetCallback                          0x100043af   Thumb Code     4  main.o(.text)
    ATTCMTUReq                               0x100043b3   Thumb Code    24  main.o(.text)
    ATTCFindInfoReq                          0x100043cb   Thumb Code    28  main.o(.text)
    ATTCFindByTypeValueReq                   0x100043e7   Thumb Code    42  main.o(.text)
    ATTCReadByTypeReq                        0x10004411   Thumb Code    36  main.o(.text)
    ATTCReadReq                              0x10004435   Thumb Code    24  main.o(.text)
    ATTCReadBlobReq                          0x1000444d   Thumb Code    28  main.o(.text)
    ATTCReadMultipleReq                      0x10004469   Thumb Code    28  main.o(.text)
    ATTCReadByGroupTypeReq                   0x10004485   Thumb Code    34  main.o(.text)
    ATTCWriteReq                             0x100044a7   Thumb Code    32  main.o(.text)
    ATTCWriteCmdReq                          0x100044c7   Thumb Code    32  main.o(.text)
    ATTCPrepareWriteReq                      0x100044e7   Thumb Code    36  main.o(.text)
    ATTCExecuteWriteReq                      0x1000450b   Thumb Code    24  main.o(.text)
    ATTCConfirmation                         0x10004523   Thumb Code    20  main.o(.text)
    _SYSClockSwitch                          0x10004537   Thumb Code    86  main.o(.text)
    MCUClockSwitch                           0x1000458d   Thumb Code     2  main.o(.text)
    GetMCUClock                              0x1000458f   Thumb Code    14  main.o(.text)
    GetClock                                 0x1000459d   Thumb Code    16  main.o(.text)
    WakeupConfig                             0x100045ad   Thumb Code    12  main.o(.text)
    LLSleep                                  0x100045b9   Thumb Code    12  main.o(.text)
    Rand                                     0x100045c5   Thumb Code     4  main.o(.text)
    DelayUS                                  0x100045c9   Thumb Code     6  main.o(.text)
    DelayMS                                  0x100045cf   Thumb Code     4  main.o(.text)
    GetCompanyID                             0x100045d3   Thumb Code    18  main.o(.text)
    GetQFNType                               0x100045e5   Thumb Code    20  main.o(.text)
    RFRead                                   0x100045f9   Thumb Code     8  main.o(.text)
    RFWrite                                  0x10004601   Thumb Code     8  main.o(.text)
    lib_check_ble_fsm_state                  0x10004609   Thumb Code    26  main.o(.text)
    SystemSleep                              0x10004623   Thumb Code    86  main.o(.text)
    SystemPowerDown                          0x10004679   Thumb Code    78  main.o(.text)
    SystemReset                              0x100046c7   Thumb Code    12  main.o(.text)
    CapdetEn                                 0x100046d3   Thumb Code    10  main.o(.text)
    PowerDownLPOEn                           0x100046dd   Thumb Code    12  main.o(.text)
    SetBondManagerIndex                      0x100046e9   Thumb Code    12  main.o(.text)
    GetBondDevice                            0x100046f5   Thumb Code     6  main.o(.text)
    AddBondDevice                            0x100046fb   Thumb Code    12  main.o(.text)
    DelAllBondDevice                         0x10004707   Thumb Code    10  main.o(.text)
    DelBondDevice                            0x10004711   Thumb Code    12  main.o(.text)
    ReadProfileData                          0x1000471d   Thumb Code     6  main.o(.text)
    WriteProfileData                         0x10004723   Thumb Code     6  main.o(.text)
    EraseFlashData                           0x10004729   Thumb Code    78  main.o(.text)
    ReadFlashData                            0x10004777   Thumb Code    58  main.o(.text)
    WriteFlashData                           0x100047b1   Thumb Code    58  main.o(.text)
    CodeErase                                0x100047eb   Thumb Code   100  main.o(.text)
    CodeErase_sector                         0x1000484f   Thumb Code    72  main.o(.text)
    _FMCodeWrite                             0x10004897   Thumb Code    58  main.o(.text)
    CodeWrite                                0x100048d1   Thumb Code    32  main.o(.text)
    CodeUpdate                               0x100048f1   Thumb Code    10  main.o(.text)
    FlashDataUpdate                          0x100048fb   Thumb Code   124  main.o(.text)
    ble_sched_execute                        0x10004977   Thumb Code   150  main.o(.text)
    ble_sched_finish                         0x10004a0d   Thumb Code     4  main.o(.text)
    syd52832_chip_confirm                    0x10004a11   Thumb Code    26  main.o(.text)
    gap_s_smart_update_latency               0x10004a2b   Thumb Code   210  main.o(.text)
    eFuseManual                              0x10004afd   Thumb Code    28  main.o(.text)
    GPADC_Manual_Calibration                 0x10004b19   Thumb Code    34  main.o(.text)
    GPADC_Get_Calibration                    0x10004b3b   Thumb Code    22  main.o(.text)
    GAPGetUartEn                             0x10004b51   Thumb Code     6  main.o(.text)
    GAPUartEn                                0x10004b57   Thumb Code     6  main.o(.text)
    GAPBBDelayUS                             0x10004b5d   Thumb Code     4  main.o(.text)
    GAPBBDelayMS                             0x10004b61   Thumb Code     6  main.o(.text)
    GAPGetRFAutoSleep                        0x10004b67   Thumb Code     4  main.o(.text)
    GAPSetRFAutoSleep                        0x10004b6b   Thumb Code     6  main.o(.text)
    Setting4kUpdate                          0x10004b71   Thumb Code   114  main.o(.text)
    SetDevAddr_toflash                       0x10004be3   Thumb Code    72  main.o(.text)
    gap_s_verdor_datas_get                   0x10004c2b   Thumb Code    28  main.o(.text)
    gap_s_verdor_datas_set                   0x10004c47   Thumb Code    66  main.o(.text)
    gap_s_is_ll_start_enc                    0x10004c89   Thumb Code    26  main.o(.text)
    GAPBBTXFIFO0Write                        0x10004ca3   Thumb Code     4  main.o(.text)
    flash_peotect_key_confirm                0x10004ca7   Thumb Code   148  main.o(.text)
    flash_data_offect_get                    0x10004d3b   Thumb Code    50  main.o(.text)
    EraseCodeB                               0x10004d6d   Thumb Code    56  main.o(.text)
    ReadCodeB                                0x10004da5   Thumb Code    62  main.o(.text)
    WriteCodeB                               0x10004de3   Thumb Code    62  main.o(.text)
    ble_SetTxPower                           0x10004e21   Thumb Code   280  main.o(.text)
    flash_data_size_get                      0x10004f39   Thumb Code    20  main.o(.text)
    code_idx_get                             0x10004f4d   Thumb Code     6  main.o(.text)
    flash_data_size_set                      0x10004f53   Thumb Code   148  main.o(.text)
    Get_RSSI_Last_RX                         0x10004fe7   Thumb Code    82  main.o(.text)
    APP_Read_Attribute_Encrypt               0x10005039   Thumb Code    62  main.o(.text)
    APP_Write_Attribute_Encrypt              0x10005077   Thumb Code    66  main.o(.text)
    APP_Read_Charact_Permission              0x100050b9   Thumb Code    66  main.o(.text)
    __aeabi_uidiv                            0x1000526d   Thumb Code     0  uidiv.o(.text)
    __aeabi_uidivmod                         0x1000526d   Thumb Code    44  uidiv.o(.text)
    __aeabi_idiv                             0x10005299   Thumb Code     0  idiv.o(.text)
    __aeabi_idivmod                          0x10005299   Thumb Code    40  idiv.o(.text)
    __aeabi_memcpy                           0x100052c1   Thumb Code    36  memcpya.o(.text)
    __aeabi_memcpy4                          0x100052c1   Thumb Code     0  memcpya.o(.text)
    __aeabi_memcpy8                          0x100052c1   Thumb Code     0  memcpya.o(.text)
    __aeabi_memset                           0x100052e5   Thumb Code    14  memseta.o(.text)
    __aeabi_memset4                          0x100052e5   Thumb Code     0  memseta.o(.text)
    __aeabi_memset8                          0x100052e5   Thumb Code     0  memseta.o(.text)
    __aeabi_memclr                           0x100052f3   Thumb Code     4  memseta.o(.text)
    __aeabi_memclr4                          0x100052f3   Thumb Code     0  memseta.o(.text)
    __aeabi_memclr8                          0x100052f3   Thumb Code     0  memseta.o(.text)
    _memset$wrapper                          0x100052f7   Thumb Code    18  memseta.o(.text)
    memcmp                                   0x10005309   Thumb Code    26  memcmp.o(.text)
    strcpy                                   0x10005323   Thumb Code    18  strcpy.o(.text)
    __aeabi_uread4                           0x10005335   Thumb Code    20  uread4.o(.text)
    __rt_uread4                              0x10005335   Thumb Code     0  uread4.o(.text)
    _uread4                                  0x10005335   Thumb Code     0  uread4.o(.text)
    __aeabi_uwrite4                          0x10005349   Thumb Code    18  uwrite4.o(.text)
    __rt_uwrite4                             0x10005349   Thumb Code     0  uwrite4.o(.text)
    _uwrite4                                 0x10005349   Thumb Code     0  uwrite4.o(.text)
    __aeabi_fadd                             0x1000535b   Thumb Code   162  fadd.o(.text)
    __aeabi_fsub                             0x100053fd   Thumb Code     8  fadd.o(.text)
    __aeabi_frsub                            0x10005405   Thumb Code     8  fadd.o(.text)
    __aeabi_dadd                             0x1000540d   Thumb Code   328  dadd.o(.text)
    __aeabi_dsub                             0x10005555   Thumb Code    12  dadd.o(.text)
    __aeabi_drsub                            0x10005561   Thumb Code    12  dadd.o(.text)
    __aeabi_dmul                             0x10005571   Thumb Code   202  dmul.o(.text)
    __aeabi_ddiv                             0x10005641   Thumb Code   234  ddiv.o(.text)
    __aeabi_ui2f                             0x10005731   Thumb Code    14  ffltui.o(.text)
    __aeabi_i2d                              0x10005741   Thumb Code    34  dflti.o(.text)
    __aeabi_ui2d                             0x10005769   Thumb Code    24  dfltui.o(.text)
    __aeabi_d2uiz                            0x10005785   Thumb Code    50  dfixui.o(.text)
    __aeabi_f2d                              0x100057c1   Thumb Code    40  f2d.o(.text)
    __aeabi_uldivmod                         0x100057e9   Thumb Code    96  uldiv.o(.text)
    __aeabi_llsl                             0x10005849   Thumb Code    32  llshl.o(.text)
    _ll_shift_l                              0x10005849   Thumb Code     0  llshl.o(.text)
    __aeabi_llsr                             0x10005869   Thumb Code    34  llushr.o(.text)
    _ll_ushift_r                             0x10005869   Thumb Code     0  llushr.o(.text)
    __aeabi_lasr                             0x1000588b   Thumb Code    38  llsshr.o(.text)
    _ll_sshift_r                             0x1000588b   Thumb Code     0  llsshr.o(.text)
    __I$use$fp                               0x100058b1   Thumb Code     0  iusefp.o(.text)
    _float_round                             0x100058b1   Thumb Code    16  fepilogue.o(.text)
    _float_epilogue                          0x100058c1   Thumb Code   114  fepilogue.o(.text)
    _double_round                            0x10005933   Thumb Code    26  depilogue.o(.text)
    _double_epilogue                         0x1000594d   Thumb Code   164  depilogue.o(.text)
    __aeabi_d2ulz                            0x100059f1   Thumb Code    54  dfixul.o(.text)
    __aeabi_cdrcmple                         0x10005a31   Thumb Code    38  cdrcmple.o(.text)
    __scatterload                            0x10005a59   Thumb Code    28  init.o(.text)
    __scatterload_rt2                        0x10005a59   Thumb Code     0  init.o(.text)
    __decompress                             0x10005a7d   Thumb Code     0  __dczerorl2.o(.text)
    __decompress1                            0x10005a7d   Thumb Code    86  __dczerorl2.o(.text)
    __0sprintf                               0x10005ad5   Thumb Code    36  printfa.o(i.__0sprintf)
    __1sprintf                               0x10005ad5   Thumb Code     0  printfa.o(i.__0sprintf)
    __2sprintf                               0x10005ad5   Thumb Code     0  printfa.o(i.__0sprintf)
    __c89sprintf                             0x10005ad5   Thumb Code     0  printfa.o(i.__0sprintf)
    sprintf                                  0x10005ad5   Thumb Code     0  printfa.o(i.__0sprintf)
    __ARM_clz                                0x10005afd   Thumb Code    46  depilogue.o(i.__ARM_clz)
    __ARM_common_switch8                     0x10005b2b   Thumb Code    26  main.o(i.__ARM_common_switch8)
    __scatterload_copy                       0x10005b45   Thumb Code    14  handlers.o(i.__scatterload_copy)
    __scatterload_null                       0x10005b53   Thumb Code     2  handlers.o(i.__scatterload_null)
    __scatterload_zeroinit                   0x10005b55   Thumb Code    14  handlers.o(i.__scatterload_zeroinit)
    Region$$Table$$Base                      0x10006410   Number         0  anon$$obj.o(Region$$Table)
    Region$$Table$$Limit                     0x10006430   Number         0  anon$$obj.o(Region$$Table)
    per_device_system                        0x20003004   Data           1  main.o(.data)
    battery_tx                               0x20003006   Data           1  main.o(.data)
    hid_key_tx                               0x20003007   Data           1  main.o(.data)
    service_change_state                     0x20003009   Data           1  main.o(.data)
    KEY1_Status                              0x2000300a   Data           1  main.o(.data)
    KEY2_Status                              0x2000300b   Data           1  main.o(.data)
    KEY3_Status                              0x2000300c   Data           1  main.o(.data)
    CAP_Status                               0x2000300d   Data           1  main.o(.data)
    key_loop                                 0x20003010   Data           4  main.o(.data)
    connect_flag                             0x20003014   Data           1  main.o(.data)
    update_latency_mode                      0x20003015   Data           1  main.o(.data)
    latency_state                            0x20003016   Data           1  main.o(.data)
    battery_value                            0x20003017   Data           1  main.o(.data)
    delay_tick                               0x20003018   Data           4  main.o(.data)
    syd_nosleep_control                      0x2000301c   Data           1  main.o(.data)
    ADV_DATA                                 0x2000301d   Data          30  main.o(.data)
    ADV_DATA_SZ                              0x2000303c   Data           2  main.o(.data)
    SCAN_DATA                                0x2000303e   Data           1  main.o(.data)
    SCAN_DATA_SZ                             0x20003040   Data           2  main.o(.data)
    PIN_CONFIG                               0x2000304c   Data           4  gpio.o(.data)
    GPIO_CTRL                                0x20003050   Data           4  gpio.o(.data)
    GPO_CTRL                                 0x20003054   Data           4  gpio.o(.data)
    GPI_CTRL                                 0x20003058   Data           4  gpio.o(.data)
    GPIO_IRQ_CTRL                            0x2000305c   Data           4  gpio.o(.data)
    ota_state                                0x2000309c   Data           1  ota.o(.data)
    ota_writecnt                             0x2000309d   Data           1  ota.o(.data)
    ota_section_size                         0x2000309e   Data           2  ota.o(.data)
    ota_receive_size                         0x200030a0   Data           2  ota.o(.data)
    ota_section_check                        0x200030a2   Data           2  ota.o(.data)
    ota_receive_check                        0x200030a4   Data           2  ota.o(.data)
    ota_section_offset                       0x200030a8   Data           4  ota.o(.data)
    pevt                                     0x200030b4   Data           4  ota.o(.data)
    syd_history_setting_str                  0x200030b8   Data           4  rtc_handler.o(.data)
    SystemCoreClock                          0x200030d0   Data           4  system_armcm0.o(.data)
    Event_Num                                0x200030d4   Data           1  timer.o(.data)
    max_trigger_timer                        0x200030dc   Data           4  timer.o(.data)
    TIMER_EVT                                0x200030e0   Data           4  timer.o(.data)
    Timer_Evt_Trigger_Loop_now               0x200030e4   Data           4  timer.o(.data)
    sys_timer_max_p                          0x200030e8   Data           4  timer.o(.data)
    sys_timer_current_p                      0x200030ec   Data           4  timer.o(.data)
    RTC_Event_Num                            0x200030f1   Data           1  rtc.o(.data)
    max_trigger_rtc                          0x200030f4   Data           4  rtc.o(.data)
    RTC_EVT                                  0x200030f8   Data           4  rtc.o(.data)
    RTC_RTCEVT_Trigger_Loop_now              0x200030fc   Data           4  rtc.o(.data)
    RTC_second_now                           0x20003100   Data           4  rtc.o(.data)
    sys_rtc_max_p                            0x20003104   Data           4  rtc.o(.data)
    sys_rtc_current_p                        0x20003108   Data           4  rtc.o(.data)
    RTCEVT_whole_minute_id                   0x2000310c   Data           4  rtc.o(.data)
    RTC_second_last                          0x20003114   Data           4  rtc.o(.data)
    p_gett_db_hdr                            0x20003134   Data           4  main.o(.data)
    ota_w                                    0x20003154   Data          40  ota.o(.bss)
    syd_sysTimer                             0x2000317c   Data          48  timer_handler.o(.bss)
    syd_rtc                                  0x200031ac   Data          24  rtc_handler.o(.bss)
    _SEGGER_RTT                              0x200031c4   Data          72  segger_rtt.o(.bss)
    __initial_sp                             0x20004290   Data           0  startup_armcm0.o(STACK)



==============================================================================

Memory Map of the image

  Image Entry point : 0x100000c1

  Load Region LR_IROM1 (Base: 0x10000000, Size: 0x00006584, Max: 0x0003f000, ABSOLUTE, COMPRESSED[0x000064dc])

    Execution Region ER_IROM1 (Base: 0x10000000, Size: 0x00006430, Max: 0x0003f000, ABSOLUTE)

    Base Addr    Size         Type   Attr      Idx    E Section Name        Object

    0x10000000   0x000000c0   Data   RO          701    RESET               startup_armcm0.o
    0x100000c0   0x00000000   Code   RO          915  * .ARM.Collect$$$$00000000  mc_p.l(entry.o)
    0x100000c0   0x00000004   Code   RO         1224    .ARM.Collect$$$$00000001  mc_p.l(entry2.o)
    0x100000c4   0x00000004   Code   RO         1227    .ARM.Collect$$$$00000004  mc_p.l(entry5.o)
    0x100000c8   0x00000000   Code   RO         1229    .ARM.Collect$$$$00000008  mc_p.l(entry7b.o)
    0x100000c8   0x00000000   Code   RO         1231    .ARM.Collect$$$$0000000A  mc_p.l(entry8b.o)
    0x100000c8   0x00000008   Code   RO         1232    .ARM.Collect$$$$0000000B  mc_p.l(entry9a.o)
    0x100000d0   0x00000000   Code   RO         1234    .ARM.Collect$$$$0000000D  mc_p.l(entry10a.o)
    0x100000d0   0x00000000   Code   RO         1236    .ARM.Collect$$$$0000000F  mc_p.l(entry11a.o)
    0x100000d0   0x00000004   Code   RO         1225    .ARM.Collect$$$$00002712  mc_p.l(entry2.o)
    0x100000d4   0x00000e38   Code   RO            3    .text               main.o
    0x10000f0c   0x00000008   Code   RO          106    .text               debug.o
    0x10000f14   0x000003e8   Code   RO          156    .text               gpio.o
    0x100012fc   0x000002d8   Code   RO          215    .text               uart.o
    0x100015d4   0x00000020   Code   RO          279    .text               delay.o
    0x100015f4   0x000006f8   Code   RO          311    .text               ota.o
    0x10001cec   0x00000050   Code   RO          342    .text               timer_handler.o
    0x10001d3c   0x0000002c   Code   RO          375    .text               rtc_handler.o
    0x10001d68   0x00000240   Code   RO          403    .text               segger_rtt.o
    0x10001fa8   0x000005a4   Code   RO          568    .text               segger_rtt_printf.o
    0x1000254c   0x0000001c   Code   RO          702    .text               startup_armcm0.o
    0x10002568   0x00000010   Code   RO          709    .text               system_armcm0.o
    0x10002578   0x000004d8   Code   RO          740    .text               Syd8811_softtimer_lib.lib(timer.o)
    0x10002a50   0x000005d0   Code   RO          798    .text               Syd8811_softtimer_lib.lib(rtc.o)
    0x10003020   0x0000224c   Code   RO          835    .text               syd8811_ble_lib.lib(main.o)
    0x1000526c   0x0000002c   Code   RO          923    .text               mc_p.l(uidiv.o)
    0x10005298   0x00000028   Code   RO          925    .text               mc_p.l(idiv.o)
    0x100052c0   0x00000024   Code   RO          927    .text               mc_p.l(memcpya.o)
    0x100052e4   0x00000024   Code   RO          929    .text               mc_p.l(memseta.o)
    0x10005308   0x0000001a   Code   RO          935    .text               mc_p.l(memcmp.o)
    0x10005322   0x00000012   Code   RO          937    .text               mc_p.l(strcpy.o)
    0x10005334   0x00000014   Code   RO         1202    .text               mc_p.l(uread4.o)
    0x10005348   0x00000012   Code   RO         1204    .text               mc_p.l(uwrite4.o)
    0x1000535a   0x000000b2   Code   RO         1206    .text               mf_p.l(fadd.o)
    0x1000540c   0x00000164   Code   RO         1208    .text               mf_p.l(dadd.o)
    0x10005570   0x000000d0   Code   RO         1210    .text               mf_p.l(dmul.o)
    0x10005640   0x000000f0   Code   RO         1212    .text               mf_p.l(ddiv.o)
    0x10005730   0x0000000e   Code   RO         1214    .text               mf_p.l(ffltui.o)
    0x1000573e   0x00000002   PAD
    0x10005740   0x00000028   Code   RO         1216    .text               mf_p.l(dflti.o)
    0x10005768   0x0000001c   Code   RO         1218    .text               mf_p.l(dfltui.o)
    0x10005784   0x0000003c   Code   RO         1220    .text               mf_p.l(dfixui.o)
    0x100057c0   0x00000028   Code   RO         1222    .text               mf_p.l(f2d.o)
    0x100057e8   0x00000060   Code   RO         1239    .text               mc_p.l(uldiv.o)
    0x10005848   0x00000020   Code   RO         1241    .text               mc_p.l(llshl.o)
    0x10005868   0x00000022   Code   RO         1243    .text               mc_p.l(llushr.o)
    0x1000588a   0x00000026   Code   RO         1245    .text               mc_p.l(llsshr.o)
    0x100058b0   0x00000000   Code   RO         1247    .text               mc_p.l(iusefp.o)
    0x100058b0   0x00000082   Code   RO         1249    .text               mf_p.l(fepilogue.o)
    0x10005932   0x000000be   Code   RO         1251    .text               mf_p.l(depilogue.o)
    0x100059f0   0x00000040   Code   RO         1255    .text               mf_p.l(dfixul.o)
    0x10005a30   0x00000028   Code   RO         1257    .text               mf_p.l(cdrcmple.o)
    0x10005a58   0x00000024   Code   RO         1259    .text               mc_p.l(init.o)
    0x10005a7c   0x00000056   Code   RO         1268    .text               mc_p.l(__dczerorl2.o)
    0x10005ad2   0x00000002   PAD
    0x10005ad4   0x00000028   Code   RO         1176    i.__0sprintf        mc_p.l(printfa.o)
    0x10005afc   0x0000002e   Code   RO         1253    i.__ARM_clz         mf_p.l(depilogue.o)
    0x10005b2a   0x0000001a   Code   RO          855    i.__ARM_common_switch8  syd8811_ble_lib.lib(main.o)
    0x10005b44   0x0000000e   Code   RO         1262    i.__scatterload_copy  mc_p.l(handlers.o)
    0x10005b52   0x00000002   Code   RO         1263    i.__scatterload_null  mc_p.l(handlers.o)
    0x10005b54   0x0000000e   Code   RO         1264    i.__scatterload_zeroinit  mc_p.l(handlers.o)
    0x10005b62   0x00000002   PAD
    0x10005b64   0x00000158   Code   RO         1181    i._fp_digits        mc_p.l(printfa.o)
    0x10005cbc   0x000006ec   Code   RO         1182    i._printf_core      mc_p.l(printfa.o)
    0x100063a8   0x00000020   Code   RO         1183    i._printf_post_padding  mc_p.l(printfa.o)
    0x100063c8   0x0000002c   Code   RO         1184    i._printf_pre_padding  mc_p.l(printfa.o)
    0x100063f4   0x0000000a   Code   RO         1186    i._sputc            mc_p.l(printfa.o)
    0x100063fe   0x00000010   Data   RO          569    .constdata          segger_rtt_printf.o
    0x1000640e   0x00000002   PAD
    0x10006410   0x00000020   Data   RO         1261    Region$$Table       anon$$obj.o


    Execution Region RW_IRAM1 (Base: 0x20003000, Size: 0x00001290, Max: 0x00005000, ABSOLUTE, COMPRESSED[0x000000ac])

    Base Addr    Size         Type   Attr      Idx    E Section Name        Object

    0x20003000   0x00000049   Data   RW            6    .data               main.o
    0x20003049   0x00000003   PAD
    0x2000304c   0x00000048   Data   RW          161    .data               gpio.o
    0x20003094   0x00000008   Data   RW          222    .data               uart.o
    0x2000309c   0x0000001c   Data   RW          313    .data               ota.o
    0x200030b8   0x00000004   Data   RW          377    .data               rtc_handler.o
    0x200030bc   0x00000011   Data   RW          427    .data               segger_rtt.o
    0x200030cd   0x00000003   PAD
    0x200030d0   0x00000004   Data   RW          710    .data               system_armcm0.o
    0x200030d4   0x0000001c   Data   RW          742    .data               Syd8811_softtimer_lib.lib(timer.o)
    0x200030f0   0x00000028   Data   RW          799    .data               Syd8811_softtimer_lib.lib(rtc.o)
    0x20003118   0x0000003c   Data   RW          837    .data               syd8811_ble_lib.lib(main.o)
    0x20003154   0x00000028   Zero   RW          312    .bss                ota.o
    0x2000317c   0x00000030   Zero   RW          343    .bss                timer_handler.o
    0x200031ac   0x00000018   Zero   RW          376    .bss                rtc_handler.o
    0x200031c4   0x00000458   Zero   RW          426    .bss                segger_rtt.o
    0x2000361c   0x0000000c   Zero   RW          741    .bss                Syd8811_softtimer_lib.lib(timer.o)
    0x20003628   0x00000068   Zero   RW          836    .bss                syd8811_ble_lib.lib(main.o)
    0x20003690   0x00000c00   Zero   RW          699    STACK               startup_armcm0.o


==============================================================================

Image component sizes


      Code (inc. data)   RO Data    RW Data    ZI Data      Debug   Object Name

         8          0          0          0          0       1027   debug.o
        32          4          0          0          0        531   delay.o
      1000         42          0         72          0      50011   gpio.o
      3640       1038          0         73          0      53386   main.o
      1784        436          0         28         40       6025   ota.o
        44          8          0          4         24       2983   rtc_handler.o
       576         42          0         17       1112       6676   segger_rtt.o
      1444         34         16          0          0       5002   segger_rtt_printf.o
        28          8        192          0       3072        664   startup_armcm0.o
        16          8          0          4          0        763   system_armcm0.o
        80         12          0          0         48       3070   timer_handler.o
       728         18          0          8          0       2272   uart.o

    ----------------------------------------------------------------------
      9380       1650        242        212       4296     132410   Object Totals
         0          0         32          0          0          0   (incl. Generated)
         0          0          2          6          0          0   (incl. Padding)

    ----------------------------------------------------------------------

      Code (inc. data)   RO Data    RW Data    ZI Data      Debug   Library Member Name

      1488         38          0         40          0      17407   rtc.o
      1240         26          0         28         12      40773   timer.o
        86          0          0          0          0          0   __dczerorl2.o
         0          0          0          0          0          0   entry.o
         0          0          0          0          0          0   entry10a.o
         0          0          0          0          0          0   entry11a.o
         8          4          0          0          0          0   entry2.o
         4          0          0          0          0          0   entry5.o
         0          0          0          0          0          0   entry7b.o
         0          0          0          0          0          0   entry8b.o
         8          4          0          0          0          0   entry9a.o
        30          0          0          0          0          0   handlers.o
        40          0          0          0          0         72   idiv.o
        36          8          0          0          0         68   init.o
         0          0          0          0          0          0   iusefp.o
        32          0          0          0          0         68   llshl.o
        38          0          0          0          0         68   llsshr.o
        34          0          0          0          0         68   llushr.o
        26          0          0          0          0         72   memcmp.o
        36          0          0          0          0         60   memcpya.o
        36          0          0          0          0        100   memseta.o
      2242         94          0          0          0        472   printfa.o
        18          0          0          0          0         60   strcpy.o
        44          0          0          0          0         72   uidiv.o
        96          0          0          0          0         84   uldiv.o
        20          0          0          0          0         60   uread4.o
        18          0          0          0          0         60   uwrite4.o
        40          2          0          0          0         68   cdrcmple.o
       356          4          0          0          0        140   dadd.o
       240          6          0          0          0         84   ddiv.o
       236          0          0          0          0        216   depilogue.o
        60         10          0          0          0         68   dfixui.o
        64         10          0          0          0         68   dfixul.o
        40          6          0          0          0         68   dflti.o
        28          4          0          0          0         68   dfltui.o
       208          6          0          0          0         88   dmul.o
        40          0          0          0          0         60   f2d.o
       178          0          0          0          0        108   fadd.o
       130          0          0          0          0        144   fepilogue.o
        14          0          0          0          0         68   ffltui.o
      8806        430          0         60        104     103117   main.o

    ----------------------------------------------------------------------
     16026        652          0        128        116     163929   Library Totals
         6          0          0          0          0          0   (incl. Padding)

    ----------------------------------------------------------------------

      Code (inc. data)   RO Data    RW Data    ZI Data      Debug   Library Name

      2728         64          0         68         12      58180   Syd8811_softtimer_lib.lib
      2852        110          0          0          0       1384   mc_p.l
      1634         48          0          0          0       1248   mf_p.l
      8806        430          0         60        104     103117   syd8811_ble_lib.lib

    ----------------------------------------------------------------------
     16026        652          0        128        116     163929   Library Totals

    ----------------------------------------------------------------------

==============================================================================


      Code (inc. data)   RO Data    RW Data    ZI Data      Debug   

     25406       2302        242        340       4412     294091   Grand Totals
     25406       2302        242        172       4412     294091   ELF Image Totals (compressed)
     25406       2302        242        172          0          0   ROM Totals

==============================================================================

    Total RO  Size (Code + RO Data)                25648 (  25.05kB)
    Total RW  Size (RW Data + ZI Data)              4752 (   4.64kB)
    Total ROM Size (Code + RO Data + RW Data)      25820 (  25.21kB)

==============================================================================

