Component: ARM Compiler 5.06 (build 20) Tool: armlink [4d35a3]

==============================================================================

Section Cross References

    main.o(.text) refers to main.o(i.__ARM_common_switch8) for __ARM_common_switch8
    main.o(.text) refers to gpio.o(.text) for GPIO_Set_Output
    main.o(.text) refers to main.o(.text) for SetAdvParams
    main.o(.text) refers to segger_rtt_printf.o(.text) for SEGGER_RTT_printf
    main.o(.text) refers to timer.o(.text) for Timer_Evt_Stop
    main.o(.text) refers to uread4.o(.text) for __aeabi_uread4
    main.o(.text) refers to memcpya.o(.text) for __aeabi_memcpy
    main.o(.text) refers to ota.o(.text) for ota_rsp
    main.o(.text) refers to delay.o(.text) for delay_ms
    main.o(.text) refers to gpio.o(.data) for PIN_CONFIG
    main.o(.text) refers to main.o(.data) for .data
    main.o(.text) refers to main.o(.bss) for .bss
    main.o(.text) refers to ota.o(.data) for ota_state
    main.o(.text) refers to segger_rtt.o(.text) for SEGGER_RTT_Init
    main.o(.text) refers to timer_handler.o(.text) for Timer_Evt_List
    main.o(.text) refers to rtc.o(.text) for SYD_RTC_Init
    main.o(.text) refers to rtc_handler.o(.text) for RTC_Evt_List
    main.o(.text) refers to oled.o(.text) for oled_init
    main.o(.text) refers to uwrite4.o(.text) for __aeabi_uwrite4
    main.o(.text) refers to timer_handler.o(.bss) for syd_sysTimer
    main.o(.text) refers to rtc_handler.o(.bss) for syd_rtc
    main.o(.text) refers to timer.o(.data) for TIMER_EVT
    main.o(.text) refers to rtc.o(.data) for RTC_EVT
    main.o(.text) refers to main.o(.text) for GATTDataSend
    main.o(.text) refers to main.o(.data) for .data
    uart_protocol.o(.text) refers to uart.o(.text) for uart_0_read
    uart_protocol.o(.text) refers to main.o(.bss) for uart_rx_buf
    uart_protocol.o(.text) refers to uart.o(.text) for uart_0_write
    oled.o(.text) refers to i2c.o(.text) for i2c_1_write
    oled.o(.text) refers to gpio.o(.text) for GPIO_Set_Output
    oled.o(.text) refers to delay.o(.text) for delay_ms
    oled.o(.text) refers to printfa.o(i.__0vsprintf) for __c89vsprintf
    oled.o(.text) refers to oled.o(.constdata) for .constdata
    oled.o(.text) refers to oled.o(.bss) for .bss
    oled.o(.text) refers to oled.o(.text) for oled_set_pos
    oled.o(.text) refers to oled.o(.constdata) for .constdata
    oled.o(.text) refers to oled.o(.text) for oled_set_pos
    oled.o(.text) refers to oled.o(.constdata) for .constdata
    ota.o(.text) refers to memcpya.o(.text) for __aeabi_memcpy
    ota.o(.text) refers to main.o(.text) for CodeErase
    ota.o(.text) refers to main.o(i.__ARM_common_switch8) for __ARM_common_switch8
    ota.o(.text) refers to main.o(.text) for BLSetConnectionUpdate
    ota.o(.text) refers to segger_rtt_printf.o(.text) for SEGGER_RTT_printf
    ota.o(.text) refers to timer.o(.text) for Timer_Evt_Start
    ota.o(.text) refers to uread4.o(.text) for __aeabi_uread4
    ota.o(.text) refers to ota.o(.data) for .data
    ota.o(.text) refers to ota.o(.bss) for .bss
    gpio.o(.text) refers to gpio.o(.data) for .data
    gpio.o(.text) refers to gpio.o(.data) for .data
    gpio.o(.text) refers to gpio.o(.data) for .data
    gpio.o(.text) refers to gpio.o(.data) for .data
    gpio.o(.text) refers to gpio.o(.data) for .data
    gpio.o(.text) refers to gpio.o(.data) for .data
    gpio.o(.text) refers to gpio.o(.data) for .data
    uart.o(.text) refers to gpio.o(.data) for PIN_CONFIG
    uart.o(.text) refers to uart.o(.data) for .data
    uart.o(.text) refers to uart.o(.data) for .data
    uart.o(.text) refers to uart_protocol.o(.text) for uartRx_callback
    uart.o(.text) refers to uart.o(.data) for .data
    uart.o(.text) refers to uart.o(.data) for .data
    uart.o(.text) refers to gpio.o(.data) for PIN_CONFIG
    uart.o(.text) refers to uart.o(.data) for .data
    uart.o(.text) refers to uart.o(.data) for .data
    uart.o(.text) refers to uart.o(.data) for .data
    uart.o(.text) refers to uart.o(.data) for .data
    timer_handler.o(.text) refers to timer.o(.text) for Timer_Evt_Creat
    timer_handler.o(.text) refers to timer.o(.data) for TIMER_EVT
    rtc_handler.o(.text) refers to rtc.o(.text) for RTC_EVT_Creat
    rtc_handler.o(.text) refers to rtc.o(.data) for RTC_EVT
    i2c.o(.text) refers to gpio.o(.text) for PIN_Set_GPIO
    i2c.o(.text) refers to memcpya.o(.text) for __aeabi_memcpy
    i2c.o(.text) refers to i2c.o(.data) for .data
    i2c.o(.text) refers to memcpya.o(.text) for __aeabi_memcpy
    i2c.o(.text) refers to i2c.o(.data) for .data
    i2c.o(.text) refers to memcpya.o(.text) for __aeabi_memcpy
    i2c.o(.text) refers to i2c.o(.data) for .data
    i2c.o(.text) refers to memcpya.o(.text) for __aeabi_memcpy
    i2c.o(.text) refers to i2c.o(.data) for .data
    segger_rtt.o(.text) refers to strcpy.o(.text) for strcpy
    segger_rtt.o(.text) refers to memcpya.o(.text) for __aeabi_memcpy
    segger_rtt.o(.text) refers to segger_rtt.o(.ARM.__AT_0x20007F00) for .ARM.__AT_0x20007F00
    segger_rtt.o(.text) refers to segger_rtt.o(.bss) for .bss
    segger_rtt.o(.text) refers to segger_rtt.o(.text) for _DoInit
    segger_rtt.o(.text) refers to memcpya.o(.text) for __aeabi_memcpy
    segger_rtt.o(.text) refers to segger_rtt.o(.ARM.__AT_0x20007F00) for .ARM.__AT_0x20007F00
    segger_rtt.o(.text) refers to segger_rtt.o(.text) for SEGGER_RTT_ReadNoLock
    segger_rtt.o(.text) refers to memcpya.o(.text) for __aeabi_memcpy
    segger_rtt.o(.text) refers to segger_rtt.o(.ARM.__AT_0x20007F00) for .ARM.__AT_0x20007F00
    segger_rtt.o(.text) refers to memcpya.o(.text) for __aeabi_memcpy
    segger_rtt.o(.text) refers to segger_rtt.o(.ARM.__AT_0x20007F00) for .ARM.__AT_0x20007F00
    segger_rtt.o(.text) refers to strlen.o(.text) for strlen
    segger_rtt.o(.text) refers to segger_rtt.o(.text) for SEGGER_RTT_Write
    segger_rtt.o(.text) refers to segger_rtt.o(.ARM.__AT_0x20007F00) for .ARM.__AT_0x20007F00
    segger_rtt.o(.text) refers to segger_rtt.o(.text) for _DoInit
    segger_rtt.o(.text) refers to segger_rtt.o(.ARM.__AT_0x20007F00) for .ARM.__AT_0x20007F00
    segger_rtt.o(.text) refers to segger_rtt.o(.text) for _DoInit
    segger_rtt.o(.text) refers to segger_rtt.o(.ARM.__AT_0x20007F00) for .ARM.__AT_0x20007F00
    segger_rtt.o(.text) refers to segger_rtt.o(.text) for SEGGER_RTT_Read
    segger_rtt.o(.text) refers to segger_rtt.o(.text) for SEGGER_RTT_GetKey
    segger_rtt.o(.text) refers to segger_rtt.o(.text) for _DoInit
    segger_rtt.o(.text) refers to segger_rtt.o(.ARM.__AT_0x20007F00) for .ARM.__AT_0x20007F00
    segger_rtt.o(.text) refers to segger_rtt.o(.ARM.__AT_0x20007F00) for .ARM.__AT_0x20007F00
    segger_rtt.o(.text) refers to segger_rtt.o(.text) for _DoInit
    segger_rtt.o(.text) refers to segger_rtt.o(.ARM.__AT_0x20007F00) for .ARM.__AT_0x20007F00
    segger_rtt.o(.text) refers to segger_rtt.o(.text) for _DoInit
    segger_rtt.o(.text) refers to segger_rtt.o(.ARM.__AT_0x20007F00) for .ARM.__AT_0x20007F00
    segger_rtt.o(.text) refers to segger_rtt.o(.text) for _DoInit
    segger_rtt.o(.text) refers to segger_rtt.o(.ARM.__AT_0x20007F00) for .ARM.__AT_0x20007F00
    segger_rtt.o(.text) refers to segger_rtt.o(.text) for _DoInit
    segger_rtt.o(.text) refers to segger_rtt.o(.ARM.__AT_0x20007F00) for .ARM.__AT_0x20007F00
    segger_rtt.o(.text) refers to segger_rtt.o(.text) for _DoInit
    segger_rtt.o(.text) refers to segger_rtt.o(.ARM.__AT_0x20007F00) for .ARM.__AT_0x20007F00
    segger_rtt.o(.text) refers to segger_rtt.o(.text) for _DoInit
    segger_rtt.o(.text) refers to segger_rtt.o(.ARM.__AT_0x20007F00) for .ARM.__AT_0x20007F00
    segger_rtt.o(.text) refers to segger_rtt.o(.text) for _DoInit
    segger_rtt.o(.text) refers to segger_rtt.o(.ARM.__AT_0x20007F00) for .ARM.__AT_0x20007F00
    segger_rtt.o(.text) refers to segger_rtt.o(.text) for _DoInit
    segger_rtt.o(.text) refers to segger_rtt.o(.ARM.__AT_0x20007F00) for .ARM.__AT_0x20007F00
    segger_rtt.o(.text) refers to segger_rtt.o(.text) for _DoInit
    segger_rtt.o(.text) refers to segger_rtt.o(.ARM.__AT_0x20007F00) for .ARM.__AT_0x20007F00
    segger_rtt.o(.text) refers to segger_rtt.o(.data) for .data
    segger_rtt.o(.text) refers to segger_rtt.o(.text) for _DoInit
    segger_rtt.o(.text) refers to strlen.o(.text) for strlen
    segger_rtt.o(.text) refers to segger_rtt.o(.text) for _PostTerminalSwitch
    segger_rtt.o(.text) refers to segger_rtt.o(.ARM.__AT_0x20007F00) for .ARM.__AT_0x20007F00
    segger_rtt.o(.text) refers to segger_rtt.o(.data) for .data
    segger_rtt.o(.text) refers to segger_rtt.o(.text) for _WriteBlocking
    segger_rtt.o(.text) refers to segger_rtt.o(.data) for .data
    segger_rtt_printf.o(.text) refers to segger_rtt.o(.text) for SEGGER_RTT_Write
    segger_rtt_printf.o(.text) refers to uidiv.o(.text) for __aeabi_uidivmod
    segger_rtt_printf.o(.text) refers to idiv.o(.text) for __aeabi_idivmod
    segger_rtt_printf.o(.text) refers to segger_rtt_printf.o(.constdata) for .constdata
    segger_rtt_syscalls_keil.o(.text) refers to fputc.o(i.fputc) for fputc
    segger_rtt_syscalls_keil.o(.text) refers to stdout.o(.data) for __stdout
    segger_rtt_syscalls_keil.o(.text) refers to strcmp.o(.text) for strcmp
    segger_rtt_syscalls_keil.o(.text) refers to segger_rtt_syscalls_keil.o(.constdata) for .constdata
    segger_rtt_syscalls_keil.o(.text) refers to segger_rtt.o(.text) for SEGGER_RTT_Write
    startup_armcm0.o(RESET) refers to startup_armcm0.o(STACK) for __initial_sp
    startup_armcm0.o(RESET) refers to startup_armcm0.o(.text) for Reset_Handler
    startup_armcm0.o(RESET) refers to main.o(.text) for HardFault_Handler
    startup_armcm0.o(RESET) refers to rtc.o(.text) for RTC_IRQHandler
    startup_armcm0.o(RESET) refers to uart.o(.text) for UART0_IRQHandler
    startup_armcm0.o(RESET) refers to timer.o(.text) for TIMER0_IRQHandler
    startup_armcm0.o(RESET) refers to gpio.o(.text) for GPIO_IRQHandler
    startup_armcm0.o(.text) refers to system_armcm0.o(.text) for SystemInit
    startup_armcm0.o(.text) refers to entry.o(.ARM.Collect$$$$00000000) for __main
    system_armcm0.o(.text) refers to system_armcm0.o(.data) for .data
    system_armcm0.o(.text) refers to system_armcm0.o(.data) for .data
    main.o(.text) refers to uread4.o(.text) for __aeabi_uread4
    main.o(.text) refers to uwrite4.o(.text) for __aeabi_uwrite4
    main.o(.text) refers to memcpya.o(.text) for __aeabi_memcpy
    main.o(.text) refers to main.o(.data) for .data
    main.o(.text) refers to dfltui.o(.text) for __aeabi_ui2d
    main.o(.text) refers to dmul.o(.text) for __aeabi_dmul
    main.o(.text) refers to dfixui.o(.text) for __aeabi_d2uiz
    main.o(.text) refers to idiv.o(.text) for __aeabi_idivmod
    main.o(.text) refers to main.o(.bss) for .bss
    main.o(.text) refers to memseta.o(.text) for __aeabi_memclr
    main.o(.text) refers to dflti.o(.text) for __aeabi_i2d
    main.o(.text) refers to dadd.o(.text) for __aeabi_dadd
    main.o(.text) refers to ffltui.o(.text) for __aeabi_ui2f
    main.o(.text) refers to fadd.o(.text) for __aeabi_fadd
    main.o(.text) refers to f2d.o(.text) for __aeabi_f2d
    main.o(.text) refers to ddiv.o(.text) for __aeabi_ddiv
    main.o(.text) refers to uidiv.o(.text) for __aeabi_uidivmod
    timer.o(.text) refers to uidiv.o(.text) for __aeabi_uidivmod
    timer.o(.text) refers to main.o(.text) for GAPBBDelayUS
    timer.o(.text) refers to timer.o(.data) for .data
    timer.o(.text) refers to timer.o(.bss) for .bss
    rtc.o(.text) refers to uidiv.o(.text) for __aeabi_uidivmod
    rtc.o(.text) refers to uread4.o(.text) for __aeabi_uread4
    rtc.o(.text) refers to main.o(.text) for GAPBBDelayUS
    rtc.o(.text) refers to rtc.o(.data) for .data
    rtc.o(.text) refers to rtc_handler.o(.data) for syd_history_setting_str
    entry.o(.ARM.Collect$$$$00000000) refers (Special) to entry10a.o(.ARM.Collect$$$$0000000D) for __rt_final_cpp
    entry.o(.ARM.Collect$$$$00000000) refers (Special) to entry11a.o(.ARM.Collect$$$$0000000F) for __rt_final_exit
    entry.o(.ARM.Collect$$$$00000000) refers (Special) to entry7b.o(.ARM.Collect$$$$00000008) for _main_clock
    entry.o(.ARM.Collect$$$$00000000) refers (Special) to entry8b.o(.ARM.Collect$$$$0000000A) for _main_cpp_init
    entry.o(.ARM.Collect$$$$00000000) refers (Special) to entry9a.o(.ARM.Collect$$$$0000000B) for _main_init
    entry.o(.ARM.Collect$$$$00000000) refers (Special) to entry5.o(.ARM.Collect$$$$00000004) for _main_scatterload
    entry.o(.ARM.Collect$$$$00000000) refers (Special) to entry2.o(.ARM.Collect$$$$00000001) for _main_stk
    fputc.o(i.fputc) refers (Special) to iusesemip.o(.text) for __I$use$semihosting$fputc
    fputc.o(i.fputc) refers (Special) to semi.o(.text) for __semihosting_library_function
    idiv.o(.text) refers to uidiv.o(.text) for __aeabi_uidivmod
    printfa.o(i.__0fprintf) refers (Special) to iusefp.o(.text) for __I$use$fp
    printfa.o(i.__0fprintf) refers to printfa.o(i._printf_core) for _printf_core
    printfa.o(i.__0fprintf) refers to fputc.o(i.fputc) for fputc
    printfa.o(i.__0printf) refers (Special) to iusefp.o(.text) for __I$use$fp
    printfa.o(i.__0printf) refers to printfa.o(i._printf_core) for _printf_core
    printfa.o(i.__0printf) refers to fputc.o(i.fputc) for fputc
    printfa.o(i.__0printf) refers to stdout.o(.data) for __stdout
    printfa.o(i.__0snprintf) refers (Special) to iusefp.o(.text) for __I$use$fp
    printfa.o(i.__0snprintf) refers to printfa.o(i._printf_core) for _printf_core
    printfa.o(i.__0snprintf) refers to printfa.o(i._snputc) for _snputc
    printfa.o(i.__0sprintf) refers (Special) to iusefp.o(.text) for __I$use$fp
    printfa.o(i.__0sprintf) refers to printfa.o(i._printf_core) for _printf_core
    printfa.o(i.__0sprintf) refers to printfa.o(i._sputc) for _sputc
    printfa.o(i.__0vfprintf) refers (Special) to iusefp.o(.text) for __I$use$fp
    printfa.o(i.__0vfprintf) refers to printfa.o(i._printf_core) for _printf_core
    printfa.o(i.__0vfprintf) refers to fputc.o(i.fputc) for fputc
    printfa.o(i.__0vprintf) refers (Special) to iusefp.o(.text) for __I$use$fp
    printfa.o(i.__0vprintf) refers to printfa.o(i._printf_core) for _printf_core
    printfa.o(i.__0vprintf) refers to fputc.o(i.fputc) for fputc
    printfa.o(i.__0vprintf) refers to stdout.o(.data) for __stdout
    printfa.o(i.__0vsnprintf) refers (Special) to iusefp.o(.text) for __I$use$fp
    printfa.o(i.__0vsnprintf) refers to printfa.o(i._printf_core) for _printf_core
    printfa.o(i.__0vsnprintf) refers to printfa.o(i._snputc) for _snputc
    printfa.o(i.__0vsprintf) refers (Special) to iusefp.o(.text) for __I$use$fp
    printfa.o(i.__0vsprintf) refers to printfa.o(i._printf_core) for _printf_core
    printfa.o(i.__0vsprintf) refers to printfa.o(i._sputc) for _sputc
    printfa.o(i._fp_digits) refers (Special) to iusefp.o(.text) for __I$use$fp
    printfa.o(i._fp_digits) refers to dmul.o(.text) for __aeabi_dmul
    printfa.o(i._fp_digits) refers to ddiv.o(.text) for __aeabi_ddiv
    printfa.o(i._fp_digits) refers to cdrcmple.o(.text) for __aeabi_cdrcmple
    printfa.o(i._fp_digits) refers to dadd.o(.text) for __aeabi_dadd
    printfa.o(i._fp_digits) refers to dfixul.o(.text) for __aeabi_d2ulz
    printfa.o(i._fp_digits) refers to uldiv.o(.text) for __aeabi_uldivmod
    printfa.o(i._printf_core) refers (Special) to iusefp.o(.text) for __I$use$fp
    printfa.o(i._printf_core) refers to printfa.o(i._printf_pre_padding) for _printf_pre_padding
    printfa.o(i._printf_core) refers to uldiv.o(.text) for __aeabi_uldivmod
    printfa.o(i._printf_core) refers to printfa.o(i._printf_post_padding) for _printf_post_padding
    printfa.o(i._printf_core) refers to printfa.o(i._fp_digits) for _fp_digits
    printfa.o(i._printf_core) refers to uidiv.o(.text) for __aeabi_uidivmod
    printfa.o(i._printf_post_padding) refers (Special) to iusefp.o(.text) for __I$use$fp
    printfa.o(i._printf_pre_padding) refers (Special) to iusefp.o(.text) for __I$use$fp
    printfa.o(i._snputc) refers (Special) to iusefp.o(.text) for __I$use$fp
    printfa.o(i._sputc) refers (Special) to iusefp.o(.text) for __I$use$fp
    fadd.o(.text) refers (Special) to iusefp.o(.text) for __I$use$fp
    fadd.o(.text) refers to fepilogue.o(.text) for _float_epilogue
    dadd.o(.text) refers (Special) to iusefp.o(.text) for __I$use$fp
    dadd.o(.text) refers to llshl.o(.text) for __aeabi_llsl
    dadd.o(.text) refers to llsshr.o(.text) for __aeabi_lasr
    dadd.o(.text) refers to depilogue.o(.text) for _double_epilogue
    dmul.o(.text) refers (Special) to iusefp.o(.text) for __I$use$fp
    dmul.o(.text) refers to depilogue.o(.text) for _double_epilogue
    ddiv.o(.text) refers (Special) to iusefp.o(.text) for __I$use$fp
    ddiv.o(.text) refers to depilogue.o(.text) for _double_round
    ffltui.o(.text) refers (Special) to iusefp.o(.text) for __I$use$fp
    ffltui.o(.text) refers to fepilogue.o(.text) for _float_epilogue
    dflti.o(.text) refers (Special) to iusefp.o(.text) for __I$use$fp
    dflti.o(.text) refers to depilogue.o(.text) for _double_epilogue
    dfltui.o(.text) refers (Special) to iusefp.o(.text) for __I$use$fp
    dfltui.o(.text) refers to depilogue.o(.text) for _double_epilogue
    dfixui.o(.text) refers (Special) to iusefp.o(.text) for __I$use$fp
    dfixui.o(.text) refers to llushr.o(.text) for __aeabi_llsr
    f2d.o(.text) refers (Special) to iusefp.o(.text) for __I$use$fp
    entry2.o(.ARM.Collect$$$$00000001) refers to entry2.o(.ARM.Collect$$$$00002712) for __lit__00000000
    entry2.o(.ARM.Collect$$$$00002712) refers to startup_armcm0.o(STACK) for __initial_sp
    entry2.o(__vectab_stack_and_reset_area) refers to startup_armcm0.o(STACK) for __initial_sp
    entry2.o(__vectab_stack_and_reset_area) refers to entry.o(.ARM.Collect$$$$00000000) for __main
    entry5.o(.ARM.Collect$$$$00000004) refers to init.o(.text) for __scatterload
    entry9a.o(.ARM.Collect$$$$0000000B) refers to main.o(.text) for main
    entry9b.o(.ARM.Collect$$$$0000000C) refers to main.o(.text) for main
    uldiv.o(.text) refers to llushr.o(.text) for __aeabi_llsr
    uldiv.o(.text) refers to llshl.o(.text) for __aeabi_llsl
    depilogue.o(.text) refers to depilogue.o(i.__ARM_clz) for __ARM_clz
    depilogue.o(.text) refers to llshl.o(.text) for __aeabi_llsl
    depilogue.o(.text) refers to llushr.o(.text) for __aeabi_llsr
    dfixul.o(.text) refers to llushr.o(.text) for __aeabi_llsr
    dfixul.o(.text) refers to llshl.o(.text) for __aeabi_llsl
    init.o(.text) refers to entry5.o(.ARM.Collect$$$$00000004) for __main_after_scatterload


==============================================================================

Removing Unused input sections from the image.

    Removing main.o(.rev16_text), (4 bytes).
    Removing main.o(.revsh_text), (4 bytes).
    Removing main.o(.text), (48 bytes).
    Removing uart_protocol.o(.rev16_text), (4 bytes).
    Removing uart_protocol.o(.revsh_text), (4 bytes).
    Removing uart_protocol.o(.text), (26 bytes).
    Removing delay.o(.rev16_text), (4 bytes).
    Removing delay.o(.revsh_text), (4 bytes).
    Removing delay.o(.text), (24 bytes).
    Removing oled.o(.rev16_text), (4 bytes).
    Removing oled.o(.revsh_text), (4 bytes).
    Removing oled.o(.text), (80 bytes).
    Removing oled.o(.text), (128 bytes).
    Removing ota.o(.rev16_text), (4 bytes).
    Removing ota.o(.revsh_text), (4 bytes).
    Removing gpio.o(.rev16_text), (4 bytes).
    Removing gpio.o(.revsh_text), (4 bytes).
    Removing gpio.o(.text), (52 bytes).
    Removing gpio.o(.text), (52 bytes).
    Removing gpio.o(.text), (36 bytes).
    Removing gpio.o(.text), (120 bytes).
    Removing gpio.o(.text), (56 bytes).
    Removing gpio.o(.text), (48 bytes).
    Removing uart.o(.rev16_text), (4 bytes).
    Removing uart.o(.revsh_text), (4 bytes).
    Removing uart.o(.text), (180 bytes).
    Removing uart.o(.text), (28 bytes).
    Removing uart.o(.text), (28 bytes).
    Removing uart.o(.text), (184 bytes).
    Removing uart.o(.text), (28 bytes).
    Removing uart.o(.text), (56 bytes).
    Removing uart.o(.text), (28 bytes).
    Removing timer_handler.o(.rev16_text), (4 bytes).
    Removing timer_handler.o(.revsh_text), (4 bytes).
    Removing rtc_handler.o(.rev16_text), (4 bytes).
    Removing rtc_handler.o(.revsh_text), (4 bytes).
    Removing i2c.o(.rev16_text), (4 bytes).
    Removing i2c.o(.revsh_text), (4 bytes).
    Removing i2c.o(.text), (140 bytes).
    Removing i2c.o(.text), (140 bytes).
    Removing i2c.o(.text), (140 bytes).
    Removing segger_rtt.o(.rev16_text), (4 bytes).
    Removing segger_rtt.o(.revsh_text), (4 bytes).
    Removing segger_rtt.o(.text), (128 bytes).
    Removing segger_rtt.o(.text), (24 bytes).
    Removing segger_rtt.o(.text), (144 bytes).
    Removing segger_rtt.o(.text), (108 bytes).
    Removing segger_rtt.o(.text), (24 bytes).
    Removing segger_rtt.o(.text), (52 bytes).
    Removing segger_rtt.o(.text), (80 bytes).
    Removing segger_rtt.o(.text), (92 bytes).
    Removing segger_rtt.o(.text), (28 bytes).
    Removing segger_rtt.o(.text), (12 bytes).
    Removing segger_rtt.o(.text), (36 bytes).
    Removing segger_rtt.o(.text), (20 bytes).
    Removing segger_rtt.o(.text), (100 bytes).
    Removing segger_rtt.o(.text), (100 bytes).
    Removing segger_rtt.o(.text), (92 bytes).
    Removing segger_rtt.o(.text), (92 bytes).
    Removing segger_rtt.o(.text), (64 bytes).
    Removing segger_rtt.o(.text), (64 bytes).
    Removing segger_rtt.o(.text), (64 bytes).
    Removing segger_rtt.o(.text), (64 bytes).
    Removing segger_rtt.o(.text), (132 bytes).
    Removing segger_rtt.o(.text), (172 bytes).
    Removing segger_rtt.o(.text), (28 bytes).
    Removing segger_rtt.o(.data), (17 bytes).
    Removing segger_rtt_printf.o(.rev16_text), (4 bytes).
    Removing segger_rtt_printf.o(.revsh_text), (4 bytes).
    Removing segger_rtt_syscalls_keil.o(.rev16_text), (4 bytes).
    Removing segger_rtt_syscalls_keil.o(.revsh_text), (4 bytes).
    Removing segger_rtt_syscalls_keil.o(.text), (20 bytes).
    Removing segger_rtt_syscalls_keil.o(.text), (52 bytes).
    Removing segger_rtt_syscalls_keil.o(.text), (4 bytes).
    Removing segger_rtt_syscalls_keil.o(.text), (28 bytes).
    Removing segger_rtt_syscalls_keil.o(.text), (4 bytes).
    Removing segger_rtt_syscalls_keil.o(.text), (16 bytes).
    Removing segger_rtt_syscalls_keil.o(.text), (4 bytes).
    Removing segger_rtt_syscalls_keil.o(.text), (6 bytes).
    Removing segger_rtt_syscalls_keil.o(.text), (4 bytes).
    Removing segger_rtt_syscalls_keil.o(.text), (4 bytes).
    Removing segger_rtt_syscalls_keil.o(.text), (2 bytes).
    Removing segger_rtt_syscalls_keil.o(.text), (2 bytes).
    Removing segger_rtt_syscalls_keil.o(.constdata), (6 bytes).
    Removing segger_rtt_syscalls_keil.o(.constdata), (14 bytes).
    Removing startup_armcm0.o(HEAP), (3072 bytes).
    Removing system_armcm0.o(.rev16_text), (4 bytes).
    Removing system_armcm0.o(.revsh_text), (4 bytes).
    Removing system_armcm0.o(.text), (16 bytes).
    Removing main.o(.rev16_text), (4 bytes).
    Removing main.o(.revsh_text), (4 bytes).
    Removing timer.o(.rev16_text), (4 bytes).
    Removing timer.o(.revsh_text), (4 bytes).
    Removing rtc.o(.rev16_text), (4 bytes).
    Removing rtc.o(.revsh_text), (4 bytes).

95 unused section(s) (total 6749 bytes) removed from the image.

==============================================================================

Image Symbol Table

    Local Symbols

    Symbol Name                              Value     Ov Type        Size  Object(Section)

    ../clib/../cmprslib/zerorunl2.c          0x00000000   Number         0  __dczerorl2.o ABSOLUTE
    ../clib/microlib/division.c              0x00000000   Number         0  uldiv.o ABSOLUTE
    ../clib/microlib/division.c              0x00000000   Number         0  uidiv.o ABSOLUTE
    ../clib/microlib/division.c              0x00000000   Number         0  idiv.o ABSOLUTE
    ../clib/microlib/init/entry.s            0x00000000   Number         0  entry8b.o ABSOLUTE
    ../clib/microlib/init/entry.s            0x00000000   Number         0  entry.o ABSOLUTE
    ../clib/microlib/init/entry.s            0x00000000   Number         0  entry9a.o ABSOLUTE
    ../clib/microlib/init/entry.s            0x00000000   Number         0  entry11a.o ABSOLUTE
    ../clib/microlib/init/entry.s            0x00000000   Number         0  entry8a.o ABSOLUTE
    ../clib/microlib/init/entry.s            0x00000000   Number         0  entry7b.o ABSOLUTE
    ../clib/microlib/init/entry.s            0x00000000   Number         0  entry7a.o ABSOLUTE
    ../clib/microlib/init/entry.s            0x00000000   Number         0  entry11b.o ABSOLUTE
    ../clib/microlib/init/entry.s            0x00000000   Number         0  entry5.o ABSOLUTE
    ../clib/microlib/init/entry.s            0x00000000   Number         0  entry2.o ABSOLUTE
    ../clib/microlib/init/entry.s            0x00000000   Number         0  entry10b.o ABSOLUTE
    ../clib/microlib/init/entry.s            0x00000000   Number         0  entry10a.o ABSOLUTE
    ../clib/microlib/init/entry.s            0x00000000   Number         0  entry9b.o ABSOLUTE
    ../clib/microlib/longlong.c              0x00000000   Number         0  llsshr.o ABSOLUTE
    ../clib/microlib/longlong.c              0x00000000   Number         0  llushr.o ABSOLUTE
    ../clib/microlib/longlong.c              0x00000000   Number         0  llshl.o ABSOLUTE
    ../clib/microlib/printf/printf.c         0x00000000   Number         0  printfa.o ABSOLUTE
    ../clib/microlib/stdio/fflush.c          0x00000000   Number         0  fflush.o ABSOLUTE
    ../clib/microlib/stdio/fputc.c           0x00000000   Number         0  fputc.o ABSOLUTE
    ../clib/microlib/stdio/semi.s            0x00000000   Number         0  semi.o ABSOLUTE
    ../clib/microlib/stdio/streams.c         0x00000000   Number         0  stdout.o ABSOLUTE
    ../clib/microlib/string/memcpy.c         0x00000000   Number         0  memcpyb.o ABSOLUTE
    ../clib/microlib/string/memcpy.c         0x00000000   Number         0  memcpya.o ABSOLUTE
    ../clib/microlib/string/memset.c         0x00000000   Number         0  memseta.o ABSOLUTE
    ../clib/microlib/string/strcmp.c         0x00000000   Number         0  strcmp.o ABSOLUTE
    ../clib/microlib/string/strcpy.c         0x00000000   Number         0  strcpy.o ABSOLUTE
    ../clib/microlib/string/strlen.c         0x00000000   Number         0  strlen.o ABSOLUTE
    ../clib/microlib/stubs.s                 0x00000000   Number         0  iusefp.o ABSOLUTE
    ../clib/microlib/stubs.s                 0x00000000   Number         0  useno.o ABSOLUTE
    ../clib/microlib/stubs.s                 0x00000000   Number         0  iusesemip.o ABSOLUTE
    ../clib/microlib/unhosted.c              0x00000000   Number         0  uwrite4.o ABSOLUTE
    ../clib/microlib/unhosted.c              0x00000000   Number         0  uread4.o ABSOLUTE
    ../fplib/microlib/f2d.c                  0x00000000   Number         0  f2d.o ABSOLUTE
    ../fplib/microlib/fpadd.c                0x00000000   Number         0  dadd.o ABSOLUTE
    ../fplib/microlib/fpadd.c                0x00000000   Number         0  fadd.o ABSOLUTE
    ../fplib/microlib/fpdiv.c                0x00000000   Number         0  ddiv.o ABSOLUTE
    ../fplib/microlib/fpepilogue.c           0x00000000   Number         0  fepilogue.o ABSOLUTE
    ../fplib/microlib/fpepilogue.c           0x00000000   Number         0  depilogue.o ABSOLUTE
    ../fplib/microlib/fpfix.c                0x00000000   Number         0  dfixul.o ABSOLUTE
    ../fplib/microlib/fpfix.c                0x00000000   Number         0  dfixui.o ABSOLUTE
    ../fplib/microlib/fpflt.c                0x00000000   Number         0  dfltui.o ABSOLUTE
    ../fplib/microlib/fpflt.c                0x00000000   Number         0  dflti.o ABSOLUTE
    ../fplib/microlib/fpflt.c                0x00000000   Number         0  ffltui.o ABSOLUTE
    ../fplib/microlib/fpmul.c                0x00000000   Number         0  dmul.o ABSOLUTE
    ..\..\..\Driver\delay.c                  0x00000000   Number         0  delay.o ABSOLUTE
    ..\..\..\Driver\gpio.c                   0x00000000   Number         0  gpio.o ABSOLUTE
    ..\..\..\Driver\i2c.c                    0x00000000   Number         0  i2c.o ABSOLUTE
    ..\..\..\Rtt\SEGGER_RTT.c                0x00000000   Number         0  segger_rtt.o ABSOLUTE
    ..\..\..\Rtt\SEGGER_RTT_Syscalls_KEIL.c  0x00000000   Number         0  segger_rtt_syscalls_keil.o ABSOLUTE
    ..\..\..\Rtt\SEGGER_RTT_printf.c         0x00000000   Number         0  segger_rtt_printf.o ABSOLUTE
    ..\..\..\ble\ota.c                       0x00000000   Number         0  ota.o ABSOLUTE
    ..\\..\\..\\Driver\\delay.c              0x00000000   Number         0  delay.o ABSOLUTE
    ..\\..\\..\\Driver\\gpio.c               0x00000000   Number         0  gpio.o ABSOLUTE
    ..\\..\\..\\Driver\\i2c.c                0x00000000   Number         0  i2c.o ABSOLUTE
    ..\\..\\..\\Rtt\\SEGGER_RTT.c            0x00000000   Number         0  segger_rtt.o ABSOLUTE
    ..\\..\\..\\Rtt\\SEGGER_RTT_Syscalls_KEIL.c 0x00000000   Number         0  segger_rtt_syscalls_keil.o ABSOLUTE
    ..\\..\\..\\Rtt\\SEGGER_RTT_printf.c     0x00000000   Number         0  segger_rtt_printf.o ABSOLUTE
    ..\\..\\..\\ble\\ota.c                   0x00000000   Number         0  ota.o ABSOLUTE
    ..\\main.c                               0x00000000   Number         0  main.o ABSOLUTE
    ..\\oled.c                               0x00000000   Number         0  oled.o ABSOLUTE
    ..\\rtc_handler.c                        0x00000000   Number         0  rtc_handler.o ABSOLUTE
    ..\\timer_handler.c                      0x00000000   Number         0  timer_handler.o ABSOLUTE
    ..\\uart.c                               0x00000000   Number         0  uart.o ABSOLUTE
    ..\\uart_protocol.c                      0x00000000   Number         0  uart_protocol.o ABSOLUTE
    ..\main.c                                0x00000000   Number         0  main.o ABSOLUTE
    ..\oled.c                                0x00000000   Number         0  oled.o ABSOLUTE
    ..\rtc_handler.c                         0x00000000   Number         0  rtc_handler.o ABSOLUTE
    ..\timer_handler.c                       0x00000000   Number         0  timer_handler.o ABSOLUTE
    ..\uart.c                                0x00000000   Number         0  uart.o ABSOLUTE
    ..\uart_protocol.c                       0x00000000   Number         0  uart_protocol.o ABSOLUTE
    Driver\\rtc.c                            0x00000000   Number         0  rtc.o ABSOLUTE
    Driver\\timer.c                          0x00000000   Number         0  timer.o ABSOLUTE
    Driver\rtc.c                             0x00000000   Number         0  rtc.o ABSOLUTE
    Driver\timer.c                           0x00000000   Number         0  timer.o ABSOLUTE
    Main\\main.c                             0x00000000   Number         0  main.o ABSOLUTE
    Main\main.c                              0x00000000   Number         0  main.o ABSOLUTE
    RTE\Device\ARMCM0\startup_ARMCM0.s       0x00000000   Number         0  startup_armcm0.o ABSOLUTE
    RTE\Device\ARMCM0\system_ARMCM0.c        0x00000000   Number         0  system_armcm0.o ABSOLUTE
    RTE\\Device\\ARMCM0\\system_ARMCM0.c     0x00000000   Number         0  system_armcm0.o ABSOLUTE
    cdrcmple.s                               0x00000000   Number         0  cdrcmple.o ABSOLUTE
    dc.s                                     0x00000000   Number         0  dc.o ABSOLUTE
    handlers.s                               0x00000000   Number         0  handlers.o ABSOLUTE
    init.s                                   0x00000000   Number         0  init.o ABSOLUTE
    RESET                                    0x10000000   Section      192  startup_armcm0.o(RESET)
    .ARM.Collect$$$$00000000                 0x100000c0   Section        0  entry.o(.ARM.Collect$$$$00000000)
    .ARM.Collect$$$$00000001                 0x100000c0   Section        4  entry2.o(.ARM.Collect$$$$00000001)
    .ARM.Collect$$$$00000004                 0x100000c4   Section        4  entry5.o(.ARM.Collect$$$$00000004)
    .ARM.Collect$$$$00000008                 0x100000c8   Section        0  entry7b.o(.ARM.Collect$$$$00000008)
    .ARM.Collect$$$$0000000A                 0x100000c8   Section        0  entry8b.o(.ARM.Collect$$$$0000000A)
    .ARM.Collect$$$$0000000B                 0x100000c8   Section        8  entry9a.o(.ARM.Collect$$$$0000000B)
    .ARM.Collect$$$$0000000D                 0x100000d0   Section        0  entry10a.o(.ARM.Collect$$$$0000000D)
    .ARM.Collect$$$$0000000F                 0x100000d0   Section        0  entry11a.o(.ARM.Collect$$$$0000000F)
    .ARM.Collect$$$$00002712                 0x100000d0   Section        4  entry2.o(.ARM.Collect$$$$00002712)
    __lit__00000000                          0x100000d0   Data           4  entry2.o(.ARM.Collect$$$$00002712)
    .text                                    0x100000d4   Section        0  main.o(.text)
    setup_adv_data                           0x10000159   Thumb Code   100  main.o(.text)
    ble_gatt_write                           0x10000871   Thumb Code    88  main.o(.text)
    ble_init                                 0x100008c9   Thumb Code   142  main.o(.text)
    .text                                    0x10000a10   Section        0  uart_protocol.o(.text)
    .text                                    0x10000a54   Section        0  delay.o(.text)
    .text                                    0x10000a74   Section        0  oled.o(.text)
    oled_wrcmd                               0x10000c5f   Thumb Code    22  oled.o(.text)
    .text                                    0x10000c7c   Section        0  ota.o(.text)
    EvtCommandComplete                       0x10000c7d   Thumb Code    24  ota.o(.text)
    Cmd4KSETTINGWrite                        0x10000e4d   Thumb Code    78  ota.o(.text)
    CmdFwWriteStart                          0x10000e9b   Thumb Code    30  ota.o(.text)
    CmdFwUpgradev20                          0x10000eb9   Thumb Code   110  ota.o(.text)
    .text                                    0x10001038   Section        0  gpio.o(.text)
    .text                                    0x10001318   Section        0  uart.o(.text)
    .text                                    0x10001394   Section        0  timer_handler.o(.text)
    .text                                    0x100013e0   Section        0  rtc_handler.o(.text)
    .text                                    0x1000140c   Section        0  i2c.o(.text)
    .text                                    0x100014e8   Section        0  segger_rtt.o(.text)
    _DoInit                                  0x100014e9   Thumb Code    72  segger_rtt.o(.text)
    _WriteBlocking                           0x10001531   Thumb Code    96  segger_rtt.o(.text)
    _WriteNoCheck                            0x10001591   Thumb Code    60  segger_rtt.o(.text)
    _GetAvailWriteSpace                      0x10001655   Thumb Code    22  segger_rtt.o(.text)
    .text                                    0x10001690   Section        0  segger_rtt_printf.o(.text)
    _StoreChar                               0x10001691   Thumb Code    62  segger_rtt_printf.o(.text)
    _PrintUnsigned                           0x100016cf   Thumb Code   210  segger_rtt_printf.o(.text)
    _PrintInt                                0x1000198b   Thumb Code   200  segger_rtt_printf.o(.text)
    .text                                    0x10001a6c   Section       28  startup_armcm0.o(.text)
    .text                                    0x10001a88   Section        0  system_armcm0.o(.text)
    .text                                    0x10001a98   Section        0  main.o(.text)
    _LCDisConnect                            0x10001a99   Thumb Code    46  main.o(.text)
    _LCTimer_Handler                         0x10001ac7   Thumb Code   248  main.o(.text)
    _LCRxPkt_Handler                         0x10001bbf   Thumb Code   194  main.o(.text)
    _LCTxPkt_Handler                         0x10001c81   Thumb Code   316  main.o(.text)
    _GAPStartAdv                             0x10002879   Thumb Code   540  main.o(.text)
    _BBRXFIFORead                            0x10003221   Thumb Code   138  main.o(.text)
    .text                                    0x100032d4   Section        0  timer.o(.text)
    Timer_Evt_Trigger                        0x1000339b   Thumb Code   110  timer.o(.text)
    .text                                    0x10003774   Section        0  rtc.o(.text)
    Timer_RTCEVT_Trigger                     0x10003903   Thumb Code   158  rtc.o(.text)
    .text                                    0x10003d44   Section        0  uidiv.o(.text)
    .text                                    0x10003d70   Section        0  idiv.o(.text)
    .text                                    0x10003d98   Section        0  memcpya.o(.text)
    .text                                    0x10003dbc   Section        0  memseta.o(.text)
    .text                                    0x10003de0   Section        0  strcpy.o(.text)
    .text                                    0x10003df2   Section        0  uread4.o(.text)
    .text                                    0x10003e06   Section        0  uwrite4.o(.text)
    .text                                    0x10003e18   Section        0  fadd.o(.text)
    .text                                    0x10003ecc   Section        0  dadd.o(.text)
    .text                                    0x10004030   Section        0  dmul.o(.text)
    .text                                    0x10004100   Section        0  ddiv.o(.text)
    .text                                    0x100041f0   Section        0  ffltui.o(.text)
    .text                                    0x10004200   Section        0  dflti.o(.text)
    .text                                    0x10004228   Section        0  dfltui.o(.text)
    .text                                    0x10004244   Section        0  dfixui.o(.text)
    .text                                    0x10004280   Section        0  f2d.o(.text)
    .text                                    0x100042a8   Section        0  uldiv.o(.text)
    .text                                    0x10004308   Section        0  llshl.o(.text)
    .text                                    0x10004328   Section        0  llushr.o(.text)
    .text                                    0x1000434a   Section        0  llsshr.o(.text)
    .text                                    0x10004370   Section        0  iusefp.o(.text)
    .text                                    0x10004370   Section        0  fepilogue.o(.text)
    .text                                    0x100043f2   Section        0  depilogue.o(.text)
    .text                                    0x100044b0   Section        0  dfixul.o(.text)
    .text                                    0x100044f0   Section       40  cdrcmple.o(.text)
    .text                                    0x10004518   Section       36  init.o(.text)
    .text                                    0x1000453c   Section        0  __dczerorl2.o(.text)
    i.__0vsprintf                            0x10004594   Section        0  printfa.o(i.__0vsprintf)
    i.__ARM_clz                              0x100045b8   Section        0  depilogue.o(i.__ARM_clz)
    i.__ARM_common_switch8                   0x100045e6   Section        0  main.o(i.__ARM_common_switch8)
    i.__scatterload_copy                     0x10004600   Section       14  handlers.o(i.__scatterload_copy)
    i.__scatterload_null                     0x1000460e   Section        2  handlers.o(i.__scatterload_null)
    i.__scatterload_zeroinit                 0x10004610   Section       14  handlers.o(i.__scatterload_zeroinit)
    i._fp_digits                             0x10004620   Section        0  printfa.o(i._fp_digits)
    _fp_digits                               0x10004621   Thumb Code   316  printfa.o(i._fp_digits)
    i._printf_core                           0x10004778   Section        0  printfa.o(i._printf_core)
    _printf_core                             0x10004779   Thumb Code  1754  printfa.o(i._printf_core)
    i._printf_post_padding                   0x10004e64   Section        0  printfa.o(i._printf_post_padding)
    _printf_post_padding                     0x10004e65   Thumb Code    32  printfa.o(i._printf_post_padding)
    i._printf_pre_padding                    0x10004e84   Section        0  printfa.o(i._printf_pre_padding)
    _printf_pre_padding                      0x10004e85   Thumb Code    44  printfa.o(i._printf_pre_padding)
    i._sputc                                 0x10004eb0   Section        0  printfa.o(i._sputc)
    _sputc                                   0x10004eb1   Thumb Code    10  printfa.o(i._sputc)
    .constdata                               0x10004eba   Section     2457  oled.o(.constdata)
    .constdata                               0x10005853   Section       16  segger_rtt_printf.o(.constdata)
    _aV2C                                    0x10005853   Data          16  segger_rtt_printf.o(.constdata)
    .data                                    0x20003000   Section       55  main.o(.data)
    latency_state                            0x20003001   Data           1  main.o(.data)
    start_tx                                 0x20003003   Data           1  main.o(.data)
    g_report                                 0x20003004   Data           4  main.o(.data)
    .data                                    0x20003038   Section       28  ota.o(.data)
    EvtBuf                                   0x2000304c   Data           8  ota.o(.data)
    .data                                    0x20003054   Section       72  gpio.o(.data)
    gpio_callback                            0x20003068   Data           4  gpio.o(.data)
    pinmuxtab48                              0x2000306c   Data          24  gpio.o(.data)
    pinmuxtab32                              0x20003084   Data          24  gpio.o(.data)
    .data                                    0x2000309c   Section        8  uart.o(.data)
    UART_0_CTRL                              0x2000309c   Data           4  uart.o(.data)
    UART_1_CTRL                              0x200030a0   Data           4  uart.o(.data)
    .data                                    0x200030a4   Section        4  rtc_handler.o(.data)
    .data                                    0x200030a8   Section       24  i2c.o(.data)
    I2C_0_CTRL                               0x200030a8   Data           4  i2c.o(.data)
    I2C_0_TXD                                0x200030ac   Data           4  i2c.o(.data)
    I2C_0_RXD                                0x200030b0   Data           4  i2c.o(.data)
    I2C_1_CTRL                               0x200030b4   Data           4  i2c.o(.data)
    I2C_1_TXD                                0x200030b8   Data           4  i2c.o(.data)
    I2C_1_RXD                                0x200030bc   Data           4  i2c.o(.data)
    .data                                    0x200030c0   Section        4  system_armcm0.o(.data)
    .data                                    0x200030c4   Section       48  main.o(.data)
    syd_confirm                              0x200030c4   Data           1  main.o(.data)
    ww_minus_cnt                             0x200030c5   Data           1  main.o(.data)
    ext_uart_en                              0x200030c6   Data           1  main.o(.data)
    p_flash_hdr                              0x200030c8   Data           4  main.o(.data)
    p_lclink                                 0x200030cc   Data           4  main.o(.data)
    p_txpdu                                  0x200030d0   Data           4  main.o(.data)
    p_rxbuf                                  0x200030d4   Data           4  main.o(.data)
    p_flash                                  0x200030d8   Data           4  main.o(.data)
    EFUSE_CTRL                               0x200030dc   Data           4  main.o(.data)
    BB_CTRL                                  0x200030e0   Data           4  main.o(.data)
    PW_CTRL                                  0x200030e4   Data           4  main.o(.data)
    PIN_CONFIG                               0x200030e8   Data           4  main.o(.data)
    g_evt                                    0x200030ec   Data           8  main.o(.data)
    .data                                    0x200030f4   Section       28  timer.o(.data)
    TIMER_CTRL                               0x200030f8   Data           4  timer.o(.data)
    .data                                    0x20003110   Section       40  rtc.o(.data)
    enabled                                  0x20003110   Data           1  rtc.o(.data)
    irq_cb                                   0x20003130   Data           4  rtc.o(.data)
    .bss                                     0x20003138   Section     2192  main.o(.bss)
    .bss                                     0x200039c8   Section      128  oled.o(.bss)
    s_formatBuffer                           0x200039c8   Data         128  oled.o(.bss)
    .bss                                     0x20003a48   Section       40  ota.o(.bss)
    .bss                                     0x20003a70   Section       48  timer_handler.o(.bss)
    .bss                                     0x20003aa0   Section       24  rtc_handler.o(.bss)
    .bss                                     0x20003ab8   Section     8208  segger_rtt.o(.bss)
    _acUpBuffer                              0x20003ab8   Data        8192  segger_rtt.o(.bss)
    _acDownBuffer                            0x20005ab8   Data          16  segger_rtt.o(.bss)
    .bss                                     0x20005ac8   Section      104  main.o(.bss)
    code_hdr                                 0x20005ac8   Data          87  main.o(.bss)
    smart_update_ctrol                       0x20005b1f   Data          17  main.o(.bss)
    .bss                                     0x20005b30   Section       12  timer.o(.bss)
    timer_callback                           0x20005b30   Data          12  timer.o(.bss)
    STACK                                    0x20005b40   Section     1024  startup_armcm0.o(STACK)
    .ARM.__AT_0x20007F00                     0x20007f00   Section      168  segger_rtt.o(.ARM.__AT_0x20007F00)

    Global Symbols

    Symbol Name                              Value     Ov Type        Size  Object(Section)

    BuildAttributes$$THM_ISAv3M$S$PE$A:L22$X:L11$S22$IEEE1$IW$USESV6$~STKCKD$USESV7$~SHL$OTIME$ROPI$EBA8$MICROLIB$REQ8$PRES8$EABIv2 0x00000000   Number         0  anon$$obj.o ABSOLUTE
    __ARM_use_no_argv                        0x00000000   Number         0  main.o ABSOLUTE
    __use_no_errno                           0x00000000   Number         0  useno.o ABSOLUTE
    __use_no_exception_handling              0x00000000   Number         0  useno.o ABSOLUTE
    __use_no_fp                              0x00000000   Number         0  useno.o ABSOLUTE
    __use_no_heap                            0x00000000   Number         0  useno.o ABSOLUTE
    __use_no_heap_region                     0x00000000   Number         0  useno.o ABSOLUTE
    __use_no_semihosting                     0x00000000   Number         0  useno.o ABSOLUTE
    __use_no_semihosting_swi                 0x00000000   Number         0  useno.o ABSOLUTE
    __use_no_signal_handling                 0x00000000   Number         0  useno.o ABSOLUTE
    __cpp_initialize__aeabi_                  - Undefined Weak Reference
    __cxa_finalize                            - Undefined Weak Reference
    _clock_init                               - Undefined Weak Reference
    _microlib_exit                            - Undefined Weak Reference
    __Vectors_Size                           0x000000c0   Number         0  startup_armcm0.o ABSOLUTE
    __Vectors                                0x10000000   Data           4  startup_armcm0.o(RESET)
    __Vectors_End                            0x100000c0   Data           0  startup_armcm0.o(RESET)
    __main                                   0x100000c1   Thumb Code     0  entry.o(.ARM.Collect$$$$00000000)
    _main_stk                                0x100000c1   Thumb Code     0  entry2.o(.ARM.Collect$$$$00000001)
    _main_scatterload                        0x100000c5   Thumb Code     0  entry5.o(.ARM.Collect$$$$00000004)
    __main_after_scatterload                 0x100000c9   Thumb Code     0  entry5.o(.ARM.Collect$$$$00000004)
    _main_clock                              0x100000c9   Thumb Code     0  entry7b.o(.ARM.Collect$$$$00000008)
    _main_cpp_init                           0x100000c9   Thumb Code     0  entry8b.o(.ARM.Collect$$$$0000000A)
    _main_init                               0x100000c9   Thumb Code     0  entry9a.o(.ARM.Collect$$$$0000000B)
    __rt_final_cpp                           0x100000d1   Thumb Code     0  entry10a.o(.ARM.Collect$$$$0000000D)
    __rt_final_exit                          0x100000d1   Thumb Code     0  entry11a.o(.ARM.Collect$$$$0000000F)
    gpio_init                                0x100000d5   Thumb Code   132  main.o(.text)
    BLSetConnectionUpdate                    0x100001bd   Thumb Code    78  main.o(.text)
    Connection_latency                       0x1000020b   Thumb Code    38  main.o(.text)
    ble_evt_callback                         0x10000231   Thumb Code   546  main.o(.text)
    ota_manage                               0x10000453   Thumb Code   678  main.o(.text)
    main                                     0x100006f9   Thumb Code   366  main.o(.text)
    HardFault_Handler                        0x10000867   Thumb Code    10  main.o(.text)
    uartRx_callback                          0x10000a11   Thumb Code    58  uart_protocol.o(.text)
    delay_ms                                 0x10000a55   Thumb Code    26  delay.o(.text)
    oled_wrdat                               0x10000a75   Thumb Code    22  oled.o(.text)
    oled_set_pos                             0x10000a8b   Thumb Code    34  oled.o(.text)
    oled_init                                0x10000aad   Thumb Code   274  oled.o(.text)
    oled_8x16str                             0x10000bbf   Thumb Code   108  oled.o(.text)
    oled_printf                              0x10000c2b   Thumb Code    52  oled.o(.text)
    CmdFwErase                               0x10000c95   Thumb Code    22  ota.o(.text)
    ota_variable_clear                       0x10000cab   Thumb Code    24  ota.o(.text)
    ota_cmd                                  0x10000cc3   Thumb Code   358  ota.o(.text)
    ota_rsp                                  0x10000e29   Thumb Code    36  ota.o(.text)
    PIN_Set_GPIO                             0x10001039   Thumb Code    32  gpio.o(.text)
    PIN_Pullup_Enable                        0x10001059   Thumb Code   104  gpio.o(.text)
    PIN_Pullup_Disable                       0x100010c1   Thumb Code   104  gpio.o(.text)
    GPIO_Set_Output                          0x10001129   Thumb Code    54  gpio.o(.text)
    GPIO_Set_Input                           0x1000115f   Thumb Code   180  gpio.o(.text)
    GPIO_Pin_Set                             0x10001213   Thumb Code    46  gpio.o(.text)
    GPIO_Pin_Clear                           0x10001241   Thumb Code    46  gpio.o(.text)
    GPIO_Pin_Turn                            0x1000126f   Thumb Code    46  gpio.o(.text)
    GPIO_IRQHandler                          0x1000129d   Thumb Code   114  gpio.o(.text)
    uart_0_read                              0x10001319   Thumb Code    52  uart.o(.text)
    UART0_IRQHandler                         0x1000134d   Thumb Code    42  uart.o(.text)
    UART1_IRQHandler                         0x10001377   Thumb Code    26  uart.o(.text)
    Timer_Evt_2s                             0x10001395   Thumb Code    14  timer_handler.o(.text)
    Timer_EVT_1S_OTA                         0x100013a3   Thumb Code    14  timer_handler.o(.text)
    Timer_Evt_List                           0x100013b1   Thumb Code    36  timer_handler.o(.text)
    RTC_Evt_185s                             0x100013e1   Thumb Code    12  rtc_handler.o(.text)
    RTC_Evt_List                             0x100013ed   Thumb Code    22  rtc_handler.o(.text)
    i2c_Init                                 0x1000140d   Thumb Code    82  i2c.o(.text)
    i2c_1_write                              0x1000145f   Thumb Code   134  i2c.o(.text)
    SEGGER_RTT_WriteNoLock                   0x100015cd   Thumb Code    86  segger_rtt.o(.text)
    SEGGER_RTT_Write                         0x10001623   Thumb Code    48  segger_rtt.o(.text)
    SEGGER_RTT_Init                          0x10001653   Thumb Code     2  segger_rtt.o(.text)
    SEGGER_RTT_vprintf                       0x100017a1   Thumb Code   382  segger_rtt_printf.o(.text)
    SEGGER_RTT_printf                        0x1000191f   Thumb Code    24  segger_rtt_printf.o(.text)
    SEGGER_RTT_hexdump                       0x10001937   Thumb Code    84  segger_rtt_printf.o(.text)
    Reset_Handler                            0x10001a6d   Thumb Code     8  startup_armcm0.o(.text)
    NMI_Handler                              0x10001a75   Thumb Code     2  startup_armcm0.o(.text)
    SVC_Handler                              0x10001a79   Thumb Code     2  startup_armcm0.o(.text)
    PendSV_Handler                           0x10001a7b   Thumb Code     2  startup_armcm0.o(.text)
    SysTick_Handler                          0x10001a7d   Thumb Code     2  startup_armcm0.o(.text)
    CAP_IRQHandler                           0x10001a7f   Thumb Code     0  startup_armcm0.o(.text)
    GPADC_IRQHandler                         0x10001a7f   Thumb Code     0  startup_armcm0.o(.text)
    HID_IRQHandler                           0x10001a7f   Thumb Code     0  startup_armcm0.o(.text)
    HPWM_IRQHandler                          0x10001a7f   Thumb Code     0  startup_armcm0.o(.text)
    HTIMER_IRQHandler                        0x10001a7f   Thumb Code     0  startup_armcm0.o(.text)
    I2C0_IRQHandler                          0x10001a7f   Thumb Code     0  startup_armcm0.o(.text)
    I2C1_IRQHandler                          0x10001a7f   Thumb Code     0  startup_armcm0.o(.text)
    IR_Rx_IRQHandler                         0x10001a7f   Thumb Code     0  startup_armcm0.o(.text)
    IR_Tx_IRQHandler                         0x10001a7f   Thumb Code     0  startup_armcm0.o(.text)
    ISO_7816_IRQHandler                      0x10001a7f   Thumb Code     0  startup_armcm0.o(.text)
    LLC2_IRQHandler                          0x10001a7f   Thumb Code     0  startup_armcm0.o(.text)
    LLC_IRQHandler                           0x10001a7f   Thumb Code     0  startup_armcm0.o(.text)
    SPIM_IRQHandler                          0x10001a7f   Thumb Code     0  startup_armcm0.o(.text)
    SW_IRQHandler                            0x10001a7f   Thumb Code     0  startup_armcm0.o(.text)
    TIMER3_IRQHandler                        0x10001a7f   Thumb Code     0  startup_armcm0.o(.text)
    TOUCH_IRQHandler                         0x10001a7f   Thumb Code     0  startup_armcm0.o(.text)
    SystemInit                               0x10001a89   Thumb Code     8  system_armcm0.o(.text)
    _BBGetMask                               0x10001dbd   Thumb Code    92  main.o(.text)
    Lib_LLEvtCallback                        0x10001e19   Thumb Code   250  main.o(.text)
    ConnectionLatencyMode                    0x10001f13   Thumb Code    44  main.o(.text)
    sw_timer_latency_callback                0x10001f3f   Thumb Code    42  main.o(.text)
    TimerStart                               0x10001f69   Thumb Code    12  main.o(.text)
    smart_latency_start                      0x10001f75   Thumb Code   212  main.o(.text)
    smart_update_latency_updatersp           0x10002049   Thumb Code   150  main.o(.text)
    BBRFRead                                 0x100020df   Thumb Code     4  main.o(.text)
    BBRFWrite                                0x100020e3   Thumb Code     6  main.o(.text)
    RCOSCCalibration                         0x100020e9   Thumb Code    60  main.o(.text)
    RFSleep                                  0x10002125   Thumb Code    10  main.o(.text)
    UartEn                                   0x1000212f   Thumb Code    32  main.o(.text)
    _SYS32kClockSwitch                       0x1000214f   Thumb Code   222  main.o(.text)
    ClockSwitch                              0x1000222d   Thumb Code    10  main.o(.text)
    RFWakeup                                 0x10002237   Thumb Code    24  main.o(.text)
    LPOCalibration                           0x1000224f   Thumb Code   254  main.o(.text)
    smart_latency_clear                      0x1000234d   Thumb Code    12  main.o(.text)
    Lib_EvtCallback                          0x10002359   Thumb Code   242  main.o(.text)
    TimerStop                                0x1000244b   Thumb Code     4  main.o(.text)
    smart_update_retry                       0x1000244f   Thumb Code   124  main.o(.text)
    sw_timer_update_callback                 0x100024cb   Thumb Code    60  main.o(.text)
    smart_update_latency_updatareq           0x10002507   Thumb Code   550  main.o(.text)
    Lib_ProtocolHookCallback                 0x1000272d   Thumb Code    84  main.o(.text)
    Lib_MiscCallback                         0x10002781   Thumb Code    14  main.o(.text)
    BleInit                                  0x1000278f   Thumb Code   150  main.o(.text)
    DisConnect                               0x10002825   Thumb Code    12  main.o(.text)
    SetDevAddr                               0x10002831   Thumb Code    12  main.o(.text)
    GetDevAddr                               0x1000283d   Thumb Code    12  main.o(.text)
    SetLEFeature                             0x10002849   Thumb Code    12  main.o(.text)
    SetAdvAccCode                            0x10002855   Thumb Code    12  main.o(.text)
    SetAdvParams                             0x10002861   Thumb Code    12  main.o(.text)
    SetAdvData                               0x1000286d   Thumb Code    12  main.o(.text)
    StartAdv                                 0x10002a95   Thumb Code    10  main.o(.text)
    StopAdv                                  0x10002a9f   Thumb Code    24  main.o(.text)
    SetScanParams                            0x10002ab7   Thumb Code    10  main.o(.text)
    StartScan                                0x10002ac1   Thumb Code    12  main.o(.text)
    StopScan                                 0x10002acd   Thumb Code    10  main.o(.text)
    SetSecParams                             0x10002ad7   Thumb Code    12  main.o(.text)
    SetConnectionUpdate                      0x10002ae3   Thumb Code    12  main.o(.text)
    GetLinkParameters                        0x10002aef   Thumb Code    12  main.o(.text)
    SetWinWideMinusCnt                       0x10002afb   Thumb Code     8  main.o(.text)
    SetPasskey                               0x10002b03   Thumb Code    12  main.o(.text)
    SecurityReq                              0x10002b0f   Thumb Code    12  main.o(.text)
    SetEvtCallback                           0x10002b1b   Thumb Code   130  main.o(.text)
    GetGATTReportHandle                      0x10002b9d   Thumb Code    12  main.o(.text)
    SetGATTReadRsp                           0x10002ba9   Thumb Code    12  main.o(.text)
    CheckFIFOFull                            0x10002bb5   Thumb Code    18  main.o(.text)
    GATTDataSend                             0x10002bc7   Thumb Code    38  main.o(.text)
    ATTCSetCallback                          0x10002bed   Thumb Code     4  main.o(.text)
    ATTCMTUReq                               0x10002bf1   Thumb Code     6  main.o(.text)
    ATTCFindInfoReq                          0x10002bf7   Thumb Code     6  main.o(.text)
    ATTCFindByTypeValueReq                   0x10002bfd   Thumb Code    14  main.o(.text)
    ATTCReadByTypeReq                        0x10002c0b   Thumb Code    12  main.o(.text)
    ATTCReadReq                              0x10002c17   Thumb Code     6  main.o(.text)
    ATTCReadBlobReq                          0x10002c1d   Thumb Code     6  main.o(.text)
    ATTCReadMultipleReq                      0x10002c23   Thumb Code     6  main.o(.text)
    ATTCReadByGroupTypeReq                   0x10002c29   Thumb Code    10  main.o(.text)
    ATTCWriteReq                             0x10002c33   Thumb Code     6  main.o(.text)
    ATTCWriteCmdReq                          0x10002c39   Thumb Code     6  main.o(.text)
    ATTCPrepareWriteReq                      0x10002c3f   Thumb Code    12  main.o(.text)
    ATTCExecuteWriteReq                      0x10002c4b   Thumb Code     6  main.o(.text)
    ATTCConfirmation                         0x10002c51   Thumb Code     6  main.o(.text)
    _SYSClockSwitch                          0x10002c57   Thumb Code    86  main.o(.text)
    MCUClockSwitch                           0x10002cad   Thumb Code     2  main.o(.text)
    GetMCUClock                              0x10002caf   Thumb Code    14  main.o(.text)
    GetClock                                 0x10002cbd   Thumb Code    16  main.o(.text)
    WakeupConfig                             0x10002ccd   Thumb Code    12  main.o(.text)
    LLSleep                                  0x10002cd9   Thumb Code    12  main.o(.text)
    Rand                                     0x10002ce5   Thumb Code     4  main.o(.text)
    DelayUS                                  0x10002ce9   Thumb Code     4  main.o(.text)
    DelayMS                                  0x10002ced   Thumb Code     6  main.o(.text)
    GetCompanyID                             0x10002cf3   Thumb Code    18  main.o(.text)
    GetQFNType                               0x10002d05   Thumb Code    20  main.o(.text)
    RFRead                                   0x10002d19   Thumb Code     8  main.o(.text)
    RFWrite                                  0x10002d21   Thumb Code     8  main.o(.text)
    SystemSleep                              0x10002d29   Thumb Code    12  main.o(.text)
    SystemPowerDown                          0x10002d35   Thumb Code    80  main.o(.text)
    SystemReset                              0x10002d85   Thumb Code    12  main.o(.text)
    CapdetEn                                 0x10002d91   Thumb Code    12  main.o(.text)
    PowerDownLPOEn                           0x10002d9d   Thumb Code    12  main.o(.text)
    SetBondManagerIndex                      0x10002da9   Thumb Code    12  main.o(.text)
    GetBondDevice                            0x10002db5   Thumb Code     6  main.o(.text)
    AddBondDevice                            0x10002dbb   Thumb Code    12  main.o(.text)
    DelAllBondDevice                         0x10002dc7   Thumb Code    10  main.o(.text)
    DelBondDevice                            0x10002dd1   Thumb Code    12  main.o(.text)
    ReadProfileData                          0x10002ddd   Thumb Code     6  main.o(.text)
    WriteProfileData                         0x10002de3   Thumb Code     6  main.o(.text)
    EraseFlashData                           0x10002de9   Thumb Code    34  main.o(.text)
    ReadFlashData                            0x10002e0b   Thumb Code    40  main.o(.text)
    WriteFlashData                           0x10002e33   Thumb Code    40  main.o(.text)
    CodeErase                                0x10002e5b   Thumb Code   192  main.o(.text)
    _FMCodeWrite                             0x10002f1b   Thumb Code    58  main.o(.text)
    CodeWrite                                0x10002f55   Thumb Code     4  main.o(.text)
    CodeUpdate                               0x10002f59   Thumb Code    10  main.o(.text)
    ble_sched_execute                        0x10002f63   Thumb Code   212  main.o(.text)
    ble_sched_finish                         0x10003037   Thumb Code     4  main.o(.text)
    syd52832_chip_confirm                    0x1000303b   Thumb Code    24  main.o(.text)
    gap_s_smart_update_latency               0x10003053   Thumb Code   160  main.o(.text)
    eFuseManual                              0x100030f3   Thumb Code    28  main.o(.text)
    GPADC_Manual_Calibration                 0x1000310f   Thumb Code    34  main.o(.text)
    GAPGetUartEn                             0x10003131   Thumb Code     6  main.o(.text)
    GAPUartEn                                0x10003137   Thumb Code     6  main.o(.text)
    GAPBBDelayUS                             0x1000313d   Thumb Code     4  main.o(.text)
    GAPBBDelayMS                             0x10003141   Thumb Code     6  main.o(.text)
    GAPGetRFAutoSleep                        0x10003147   Thumb Code     4  main.o(.text)
    GAPSetRFAutoSleep                        0x1000314b   Thumb Code     6  main.o(.text)
    Setting4kUpdate                          0x10003151   Thumb Code   136  main.o(.text)
    SetDevAddr_toflash                       0x100031d9   Thumb Code    72  main.o(.text)
    Timer_Evt_Creat                          0x100032d5   Thumb Code    50  timer.o(.text)
    Min                                      0x10003307   Thumb Code     8  timer.o(.text)
    timer_0_disable                          0x1000330f   Thumb Code    44  timer.o(.text)
    timer_0_enable                           0x1000333b   Thumb Code    94  timer.o(.text)
    timer_0_start                            0x10003399   Thumb Code     2  timer.o(.text)
    Timer_Evt_Clr                            0x10003409   Thumb Code    10  timer.o(.text)
    timer_0_get                              0x10003413   Thumb Code    32  timer.o(.text)
    Timer_Evt_Stop                           0x10003433   Thumb Code   114  timer.o(.text)
    Timer_Evt_Start                          0x100034a5   Thumb Code   144  timer.o(.text)
    Timer_Get_State                          0x10003535   Thumb Code    34  timer.o(.text)
    SYD_Timer_Init                           0x10003557   Thumb Code    34  timer.o(.text)
    timer_0_delay_32us                       0x10003579   Thumb Code    66  timer.o(.text)
    TIMER0_IRQHandler                        0x100035bb   Thumb Code    32  timer.o(.text)
    timer_1_enable                           0x100035db   Thumb Code    94  timer.o(.text)
    timer_1_disable                          0x10003639   Thumb Code    46  timer.o(.text)
    TIMER1_IRQHandler                        0x10003667   Thumb Code    32  timer.o(.text)
    timer_2_enable                           0x10003687   Thumb Code   112  timer.o(.text)
    timer_2_get_val                          0x100036f7   Thumb Code    34  timer.o(.text)
    timer_2_disable                          0x10003719   Thumb Code    46  timer.o(.text)
    TIMER2_IRQHandler                        0x10003747   Thumb Code    32  timer.o(.text)
    rtc_get_calendar                         0x10003775   Thumb Code    40  rtc.o(.text)
    RTC_RUN                                  0x1000379d   Thumb Code    66  rtc.o(.text)
    rtc_set_compare                          0x100037df   Thumb Code    68  rtc.o(.text)
    RTC_SET                                  0x10003823   Thumb Code    84  rtc.o(.text)
    RTC_Refressh                             0x10003877   Thumb Code    76  rtc.o(.text)
    RTC_EVT_Creat                            0x100038c3   Thumb Code    32  rtc.o(.text)
    Min_RTC                                  0x100038e3   Thumb Code     8  rtc.o(.text)
    rtc_int_disable                          0x100038eb   Thumb Code    24  rtc.o(.text)
    RTC_EVT_Clr                              0x100039a1   Thumb Code    10  rtc.o(.text)
    RTC_EVT_Stop                             0x100039ab   Thumb Code   112  rtc.o(.text)
    RTC_EVT_Start                            0x10003a1b   Thumb Code   146  rtc.o(.text)
    RTC_EVT_whole_minute_setid               0x10003aad   Thumb Code     6  rtc.o(.text)
    RTC_EVT_whole_minute_adj                 0x10003ab3   Thumb Code   132  rtc.o(.text)
    RTC_Get_State                            0x10003b37   Thumb Code    54  rtc.o(.text)
    rtc_start                                0x10003b6d   Thumb Code    28  rtc.o(.text)
    rtc_set_interrupt_callback               0x10003b89   Thumb Code     6  rtc.o(.text)
    rtc_int_enable                           0x10003b8f   Thumb Code    22  rtc.o(.text)
    rtc_int_clear                            0x10003ba5   Thumb Code    22  rtc.o(.text)
    rtc_set_calendar                         0x10003bbb   Thumb Code    40  rtc.o(.text)
    rtc_set_prescaler                        0x10003be3   Thumb Code    34  rtc.o(.text)
    rtc_clear                                0x10003c05   Thumb Code    18  rtc.o(.text)
    rtc_stop                                 0x10003c17   Thumb Code    30  rtc.o(.text)
    rtc_init                                 0x10003c35   Thumb Code   126  rtc.o(.text)
    SYD_RTC_Init                             0x10003cb3   Thumb Code    40  rtc.o(.text)
    RTC_IRQHandler                           0x10003cdb   Thumb Code    30  rtc.o(.text)
    rtc_status                               0x10003cf9   Thumb Code     6  rtc.o(.text)
    rtc_get_compare                          0x10003cff   Thumb Code    52  rtc.o(.text)
    __aeabi_uidiv                            0x10003d45   Thumb Code     0  uidiv.o(.text)
    __aeabi_uidivmod                         0x10003d45   Thumb Code    44  uidiv.o(.text)
    __aeabi_idiv                             0x10003d71   Thumb Code     0  idiv.o(.text)
    __aeabi_idivmod                          0x10003d71   Thumb Code    40  idiv.o(.text)
    __aeabi_memcpy                           0x10003d99   Thumb Code    36  memcpya.o(.text)
    __aeabi_memcpy4                          0x10003d99   Thumb Code     0  memcpya.o(.text)
    __aeabi_memcpy8                          0x10003d99   Thumb Code     0  memcpya.o(.text)
    __aeabi_memset                           0x10003dbd   Thumb Code    14  memseta.o(.text)
    __aeabi_memset4                          0x10003dbd   Thumb Code     0  memseta.o(.text)
    __aeabi_memset8                          0x10003dbd   Thumb Code     0  memseta.o(.text)
    __aeabi_memclr                           0x10003dcb   Thumb Code     4  memseta.o(.text)
    __aeabi_memclr4                          0x10003dcb   Thumb Code     0  memseta.o(.text)
    __aeabi_memclr8                          0x10003dcb   Thumb Code     0  memseta.o(.text)
    _memset$wrapper                          0x10003dcf   Thumb Code    18  memseta.o(.text)
    strcpy                                   0x10003de1   Thumb Code    18  strcpy.o(.text)
    __aeabi_uread4                           0x10003df3   Thumb Code    20  uread4.o(.text)
    __rt_uread4                              0x10003df3   Thumb Code     0  uread4.o(.text)
    _uread4                                  0x10003df3   Thumb Code     0  uread4.o(.text)
    __aeabi_uwrite4                          0x10003e07   Thumb Code    18  uwrite4.o(.text)
    __rt_uwrite4                             0x10003e07   Thumb Code     0  uwrite4.o(.text)
    _uwrite4                                 0x10003e07   Thumb Code     0  uwrite4.o(.text)
    __aeabi_fadd                             0x10003e19   Thumb Code   162  fadd.o(.text)
    __aeabi_fsub                             0x10003ebb   Thumb Code     8  fadd.o(.text)
    __aeabi_frsub                            0x10003ec3   Thumb Code     8  fadd.o(.text)
    __aeabi_dadd                             0x10003ecd   Thumb Code   328  dadd.o(.text)
    __aeabi_dsub                             0x10004015   Thumb Code    12  dadd.o(.text)
    __aeabi_drsub                            0x10004021   Thumb Code    12  dadd.o(.text)
    __aeabi_dmul                             0x10004031   Thumb Code   202  dmul.o(.text)
    __aeabi_ddiv                             0x10004101   Thumb Code   234  ddiv.o(.text)
    __aeabi_ui2f                             0x100041f1   Thumb Code    14  ffltui.o(.text)
    __aeabi_i2d                              0x10004201   Thumb Code    34  dflti.o(.text)
    __aeabi_ui2d                             0x10004229   Thumb Code    24  dfltui.o(.text)
    __aeabi_d2uiz                            0x10004245   Thumb Code    50  dfixui.o(.text)
    __aeabi_f2d                              0x10004281   Thumb Code    40  f2d.o(.text)
    __aeabi_uldivmod                         0x100042a9   Thumb Code    96  uldiv.o(.text)
    __aeabi_llsl                             0x10004309   Thumb Code    32  llshl.o(.text)
    _ll_shift_l                              0x10004309   Thumb Code     0  llshl.o(.text)
    __aeabi_llsr                             0x10004329   Thumb Code    34  llushr.o(.text)
    _ll_ushift_r                             0x10004329   Thumb Code     0  llushr.o(.text)
    __aeabi_lasr                             0x1000434b   Thumb Code    38  llsshr.o(.text)
    _ll_sshift_r                             0x1000434b   Thumb Code     0  llsshr.o(.text)
    __I$use$fp                               0x10004371   Thumb Code     0  iusefp.o(.text)
    _float_round                             0x10004371   Thumb Code    16  fepilogue.o(.text)
    _float_epilogue                          0x10004381   Thumb Code   114  fepilogue.o(.text)
    _double_round                            0x100043f3   Thumb Code    26  depilogue.o(.text)
    _double_epilogue                         0x1000440d   Thumb Code   164  depilogue.o(.text)
    __aeabi_d2ulz                            0x100044b1   Thumb Code    54  dfixul.o(.text)
    __aeabi_cdrcmple                         0x100044f1   Thumb Code    38  cdrcmple.o(.text)
    __scatterload                            0x10004519   Thumb Code    28  init.o(.text)
    __scatterload_rt2                        0x10004519   Thumb Code     0  init.o(.text)
    __decompress                             0x1000453d   Thumb Code     0  __dczerorl2.o(.text)
    __decompress1                            0x1000453d   Thumb Code    86  __dczerorl2.o(.text)
    __0vsprintf                              0x10004595   Thumb Code    30  printfa.o(i.__0vsprintf)
    __1vsprintf                              0x10004595   Thumb Code     0  printfa.o(i.__0vsprintf)
    __2vsprintf                              0x10004595   Thumb Code     0  printfa.o(i.__0vsprintf)
    __c89vsprintf                            0x10004595   Thumb Code     0  printfa.o(i.__0vsprintf)
    vsprintf                                 0x10004595   Thumb Code     0  printfa.o(i.__0vsprintf)
    __ARM_clz                                0x100045b9   Thumb Code    46  depilogue.o(i.__ARM_clz)
    __ARM_common_switch8                     0x100045e7   Thumb Code    26  main.o(i.__ARM_common_switch8)
    __scatterload_copy                       0x10004601   Thumb Code    14  handlers.o(i.__scatterload_copy)
    __scatterload_null                       0x1000460f   Thumb Code     2  handlers.o(i.__scatterload_null)
    __scatterload_zeroinit                   0x10004611   Thumb Code    14  handlers.o(i.__scatterload_zeroinit)
    codeGB_16                                0x10004eba   Data         385  oled.o(.constdata)
    F6x8                                     0x1000503b   Data         552  oled.o(.constdata)
    F8X16                                    0x10005263   Data        1520  oled.o(.constdata)
    Region$$Table$$Base                      0x10005864   Number         0  anon$$obj.o(Region$$Table)
    Region$$Table$$Limit                     0x10005884   Number         0  anon$$obj.o(Region$$Table)
    connect_flag                             0x20003000   Data           1  main.o(.data)
    update_latency_mode                      0x20003002   Data           1  main.o(.data)
    ADV_DATA                                 0x20003008   Data          27  main.o(.data)
    SCAN_DATA                                0x20003023   Data          20  main.o(.data)
    ota_state                                0x20003038   Data           1  ota.o(.data)
    ota_writecnt                             0x20003039   Data           1  ota.o(.data)
    ota_section_size                         0x2000303a   Data           2  ota.o(.data)
    ota_receive_size                         0x2000303c   Data           2  ota.o(.data)
    ota_section_check                        0x2000303e   Data           2  ota.o(.data)
    ota_receive_check                        0x20003040   Data           2  ota.o(.data)
    ota_section_offset                       0x20003044   Data           4  ota.o(.data)
    pevt                                     0x20003048   Data           4  ota.o(.data)
    PIN_CONFIG                               0x20003054   Data           4  gpio.o(.data)
    GPIO_CTRL                                0x20003058   Data           4  gpio.o(.data)
    GPO_CTRL                                 0x2000305c   Data           4  gpio.o(.data)
    GPI_CTRL                                 0x20003060   Data           4  gpio.o(.data)
    GPIO_IRQ_CTRL                            0x20003064   Data           4  gpio.o(.data)
    syd_history_setting_str                  0x200030a4   Data           4  rtc_handler.o(.data)
    SystemCoreClock                          0x200030c0   Data           4  system_armcm0.o(.data)
    Event_Num                                0x200030f4   Data           1  timer.o(.data)
    max_trigger_timer                        0x200030fc   Data           4  timer.o(.data)
    TIMER_EVT                                0x20003100   Data           4  timer.o(.data)
    Timer_Evt_Trigger_Loop_now               0x20003104   Data           4  timer.o(.data)
    sys_timer_max_p                          0x20003108   Data           4  timer.o(.data)
    sys_timer_current_p                      0x2000310c   Data           4  timer.o(.data)
    RTC_Event_Num                            0x20003111   Data           1  rtc.o(.data)
    max_trigger_rtc                          0x20003114   Data           4  rtc.o(.data)
    RTC_EVT                                  0x20003118   Data           4  rtc.o(.data)
    RTC_RTCEVT_Trigger_Loop_now              0x2000311c   Data           4  rtc.o(.data)
    RTC_second_now                           0x20003120   Data           4  rtc.o(.data)
    sys_rtc_max_p                            0x20003124   Data           4  rtc.o(.data)
    sys_rtc_current_p                        0x20003128   Data           4  rtc.o(.data)
    RTCEVT_whole_minute_id                   0x2000312c   Data           4  rtc.o(.data)
    RTC_second_last                          0x20003134   Data           4  rtc.o(.data)
    uart_rx_buf                              0x20003138   Data        1032  main.o(.bss)
    uart_tx_buf                              0x20003540   Data        1160  main.o(.bss)
    ota_w                                    0x20003a48   Data          40  ota.o(.bss)
    syd_sysTimer                             0x20003a70   Data          48  timer_handler.o(.bss)
    syd_rtc                                  0x20003aa0   Data          24  rtc_handler.o(.bss)
    __initial_sp                             0x20005f40   Data           0  startup_armcm0.o(STACK)
    _SEGGER_RTT                              0x20007f00   Data         168  segger_rtt.o(.ARM.__AT_0x20007F00)



==============================================================================

Memory Map of the image

  Image Entry point : 0x100000c1

  Load Region LR_IROM1 (Base: 0x10000000, Size: 0x000059bc, Max: 0x0003f000, ABSOLUTE, COMPRESSED[0x00005928])

    Execution Region ER_IROM1 (Base: 0x10000000, Size: 0x00005884, Max: 0x0003f000, ABSOLUTE)

    Base Addr    Size         Type   Attr      Idx    E Section Name        Object

    0x10000000   0x000000c0   Data   RO          810    RESET               startup_armcm0.o
    0x100000c0   0x00000000   Code   RO         1017  * .ARM.Collect$$$$00000000  mc_p.l(entry.o)
    0x100000c0   0x00000004   Code   RO         1091    .ARM.Collect$$$$00000001  mc_p.l(entry2.o)
    0x100000c4   0x00000004   Code   RO         1094    .ARM.Collect$$$$00000004  mc_p.l(entry5.o)
    0x100000c8   0x00000000   Code   RO         1096    .ARM.Collect$$$$00000008  mc_p.l(entry7b.o)
    0x100000c8   0x00000000   Code   RO         1098    .ARM.Collect$$$$0000000A  mc_p.l(entry8b.o)
    0x100000c8   0x00000008   Code   RO         1099    .ARM.Collect$$$$0000000B  mc_p.l(entry9a.o)
    0x100000d0   0x00000000   Code   RO         1101    .ARM.Collect$$$$0000000D  mc_p.l(entry10a.o)
    0x100000d0   0x00000000   Code   RO         1103    .ARM.Collect$$$$0000000F  mc_p.l(entry11a.o)
    0x100000d0   0x00000004   Code   RO         1092    .ARM.Collect$$$$00002712  mc_p.l(entry2.o)
    0x100000d4   0x0000093c   Code   RO            3    .text               main.o
    0x10000a10   0x00000044   Code   RO          113    .text               uart_protocol.o
    0x10000a54   0x00000020   Code   RO          143    .text               delay.o
    0x10000a74   0x00000208   Code   RO          169    .text               oled.o
    0x10000c7c   0x000003bc   Code   RO          219    .text               ota.o
    0x10001038   0x000002e0   Code   RO          261    .text               gpio.o
    0x10001318   0x0000007c   Code   RO          329    .text               uart.o
    0x10001394   0x0000004c   Code   RO          401    .text               timer_handler.o
    0x100013e0   0x0000002c   Code   RO          434    .text               rtc_handler.o
    0x1000140c   0x000000dc   Code   RO          462    .text               i2c.o
    0x100014e8   0x000001a8   Code   RO          502    .text               segger_rtt.o
    0x10001690   0x000003dc   Code   RO          672    .text               segger_rtt_printf.o
    0x10001a6c   0x0000001c   Code   RO          811    .text               startup_armcm0.o
    0x10001a88   0x00000010   Code   RO          818    .text               system_armcm0.o
    0x10001a98   0x0000183c   Code   RO          849    .text               syd8811_ble_lib.lib(main.o)
    0x100032d4   0x000004a0   Code   RO          937    .text               Syd8811_softtimer_lib.lib(timer.o)
    0x10003774   0x000005d0   Code   RO          982    .text               Syd8811_softtimer_lib.lib(rtc.o)
    0x10003d44   0x0000002c   Code   RO         1025    .text               mc_p.l(uidiv.o)
    0x10003d70   0x00000028   Code   RO         1027    .text               mc_p.l(idiv.o)
    0x10003d98   0x00000024   Code   RO         1029    .text               mc_p.l(memcpya.o)
    0x10003dbc   0x00000024   Code   RO         1031    .text               mc_p.l(memseta.o)
    0x10003de0   0x00000012   Code   RO         1037    .text               mc_p.l(strcpy.o)
    0x10003df2   0x00000014   Code   RO         1069    .text               mc_p.l(uread4.o)
    0x10003e06   0x00000012   Code   RO         1071    .text               mc_p.l(uwrite4.o)
    0x10003e18   0x000000b2   Code   RO         1073    .text               mf_p.l(fadd.o)
    0x10003eca   0x00000002   PAD
    0x10003ecc   0x00000164   Code   RO         1075    .text               mf_p.l(dadd.o)
    0x10004030   0x000000d0   Code   RO         1077    .text               mf_p.l(dmul.o)
    0x10004100   0x000000f0   Code   RO         1079    .text               mf_p.l(ddiv.o)
    0x100041f0   0x0000000e   Code   RO         1081    .text               mf_p.l(ffltui.o)
    0x100041fe   0x00000002   PAD
    0x10004200   0x00000028   Code   RO         1083    .text               mf_p.l(dflti.o)
    0x10004228   0x0000001c   Code   RO         1085    .text               mf_p.l(dfltui.o)
    0x10004244   0x0000003c   Code   RO         1087    .text               mf_p.l(dfixui.o)
    0x10004280   0x00000028   Code   RO         1089    .text               mf_p.l(f2d.o)
    0x100042a8   0x00000060   Code   RO         1106    .text               mc_p.l(uldiv.o)
    0x10004308   0x00000020   Code   RO         1108    .text               mc_p.l(llshl.o)
    0x10004328   0x00000022   Code   RO         1110    .text               mc_p.l(llushr.o)
    0x1000434a   0x00000026   Code   RO         1112    .text               mc_p.l(llsshr.o)
    0x10004370   0x00000000   Code   RO         1114    .text               mc_p.l(iusefp.o)
    0x10004370   0x00000082   Code   RO         1116    .text               mf_p.l(fepilogue.o)
    0x100043f2   0x000000be   Code   RO         1118    .text               mf_p.l(depilogue.o)
    0x100044b0   0x00000040   Code   RO         1122    .text               mf_p.l(dfixul.o)
    0x100044f0   0x00000028   Code   RO         1124    .text               mf_p.l(cdrcmple.o)
    0x10004518   0x00000024   Code   RO         1126    .text               mc_p.l(init.o)
    0x1000453c   0x00000056   Code   RO         1136    .text               mc_p.l(__dczerorl2.o)
    0x10004592   0x00000002   PAD
    0x10004594   0x00000024   Code   RO         1048    i.__0vsprintf       mc_p.l(printfa.o)
    0x100045b8   0x0000002e   Code   RO         1120    i.__ARM_clz         mf_p.l(depilogue.o)
    0x100045e6   0x0000001a   Code   RO           29    i.__ARM_common_switch8  main.o
    0x10004600   0x0000000e   Code   RO         1130    i.__scatterload_copy  mc_p.l(handlers.o)
    0x1000460e   0x00000002   Code   RO         1131    i.__scatterload_null  mc_p.l(handlers.o)
    0x10004610   0x0000000e   Code   RO         1132    i.__scatterload_zeroinit  mc_p.l(handlers.o)
    0x1000461e   0x00000002   PAD
    0x10004620   0x00000158   Code   RO         1049    i._fp_digits        mc_p.l(printfa.o)
    0x10004778   0x000006ec   Code   RO         1050    i._printf_core      mc_p.l(printfa.o)
    0x10004e64   0x00000020   Code   RO         1051    i._printf_post_padding  mc_p.l(printfa.o)
    0x10004e84   0x0000002c   Code   RO         1052    i._printf_pre_padding  mc_p.l(printfa.o)
    0x10004eb0   0x0000000a   Code   RO         1054    i._sputc            mc_p.l(printfa.o)
    0x10004eba   0x00000999   Data   RO          173    .constdata          oled.o
    0x10005853   0x00000010   Data   RO          673    .constdata          segger_rtt_printf.o
    0x10005863   0x00000001   PAD
    0x10005864   0x00000020   Data   RO         1128    Region$$Table       anon$$obj.o


    Execution Region RW_IRAM1 (Base: 0x20003000, Size: 0x00004fa8, Max: 0x00005000, ABSOLUTE, COMPRESSED[0x000000a4])

    Base Addr    Size         Type   Attr      Idx    E Section Name        Object

    0x20003000   0x00000037   Data   RW            6    .data               main.o
    0x20003037   0x00000001   PAD
    0x20003038   0x0000001c   Data   RW          221    .data               ota.o
    0x20003054   0x00000048   Data   RW          268    .data               gpio.o
    0x2000309c   0x00000008   Data   RW          335    .data               uart.o
    0x200030a4   0x00000004   Data   RW          436    .data               rtc_handler.o
    0x200030a8   0x00000018   Data   RW          466    .data               i2c.o
    0x200030c0   0x00000004   Data   RW          819    .data               system_armcm0.o
    0x200030c4   0x00000030   Data   RW          851    .data               syd8811_ble_lib.lib(main.o)
    0x200030f4   0x0000001c   Data   RW          939    .data               Syd8811_softtimer_lib.lib(timer.o)
    0x20003110   0x00000028   Data   RW          983    .data               Syd8811_softtimer_lib.lib(rtc.o)
    0x20003138   0x00000890   Zero   RW            5    .bss                main.o
    0x200039c8   0x00000080   Zero   RW          172    .bss                oled.o
    0x20003a48   0x00000028   Zero   RW          220    .bss                ota.o
    0x20003a70   0x00000030   Zero   RW          402    .bss                timer_handler.o
    0x20003aa0   0x00000018   Zero   RW          435    .bss                rtc_handler.o
    0x20003ab8   0x00002010   Zero   RW          527    .bss                segger_rtt.o
    0x20005ac8   0x00000068   Zero   RW          850    .bss                syd8811_ble_lib.lib(main.o)
    0x20005b30   0x0000000c   Zero   RW          938    .bss                Syd8811_softtimer_lib.lib(timer.o)
    0x20005b3c   0x00000004   PAD
    0x20005b40   0x00000400   Zero   RW          808    STACK               startup_armcm0.o
    0x20005f40   0x00001fc0   PAD
    0x20007f00   0x000000a8   Zero   RW          526    .ARM.__AT_0x20007F00  segger_rtt.o


==============================================================================

Image component sizes


      Code (inc. data)   RO Data    RW Data    ZI Data      Debug   Object Name

        32          6          0          0          0        591   delay.o
       736         10          0         72          0       3802   gpio.o
       220          4          0         24          0       1847   i2c.o
      2390        770          0         55       2192      47526   main.o
       520          8       2457          0        128       3994   oled.o
       956        282          0         28         40      31445   ota.o
        44         10          0          4         24       2959   rtc_handler.o
       424         38          0          0       8376       6908   segger_rtt.o
       988         26         16          0          0       5392   segger_rtt_printf.o
        28          8        192          0       1024        660   startup_armcm0.o
        16          8          0          4          0        747   system_armcm0.o
        76         12          0          0         48       3046   timer_handler.o
       124          4          0          8          0       1524   uart.o
        68         10          0          0          0        634   uart_protocol.o

    ----------------------------------------------------------------------
      6622       1196       2698        196      19960     111075   Object Totals
         0          0         32          0          0          0   (incl. Generated)
         0          0          1          1       8128          0   (incl. Padding)

    ----------------------------------------------------------------------

      Code (inc. data)   RO Data    RW Data    ZI Data      Debug   Library Member Name

      1488         38          0         40          0      16299   rtc.o
      1184         30          0         28         12      40449   timer.o
        86          0          0          0          0          0   __dczerorl2.o
         0          0          0          0          0          0   entry.o
         0          0          0          0          0          0   entry10a.o
         0          0          0          0          0          0   entry11a.o
         8          4          0          0          0          0   entry2.o
         4          0          0          0          0          0   entry5.o
         0          0          0          0          0          0   entry7b.o
         0          0          0          0          0          0   entry8b.o
         8          4          0          0          0          0   entry9a.o
        30          0          0          0          0          0   handlers.o
        40          0          0          0          0         72   idiv.o
        36          8          0          0          0         68   init.o
         0          0          0          0          0          0   iusefp.o
        32          0          0          0          0         68   llshl.o
        38          0          0          0          0         68   llsshr.o
        34          0          0          0          0         68   llushr.o
        36          0          0          0          0         60   memcpya.o
        36          0          0          0          0        100   memseta.o
      2238         96          0          0          0        460   printfa.o
        18          0          0          0          0         60   strcpy.o
        44          0          0          0          0         72   uidiv.o
        96          0          0          0          0         84   uldiv.o
        20          0          0          0          0         60   uread4.o
        18          0          0          0          0         60   uwrite4.o
        40          2          0          0          0         68   cdrcmple.o
       356          4          0          0          0        140   dadd.o
       240          6          0          0          0         84   ddiv.o
       236          0          0          0          0        216   depilogue.o
        60         10          0          0          0         68   dfixui.o
        64         10          0          0          0         68   dfixul.o
        40          6          0          0          0         68   dflti.o
        28          4          0          0          0         68   dfltui.o
       208          6          0          0          0         88   dmul.o
        40          0          0          0          0         60   f2d.o
       178          0          0          0          0        108   fadd.o
       130          0          0          0          0        144   fepilogue.o
        14          0          0          0          0         68   ffltui.o
      6204        340          0         48        104      91851   main.o

    ----------------------------------------------------------------------
     13340        568          0        116        120     151147   Library Totals
         8          0          0          0          4          0   (incl. Padding)

    ----------------------------------------------------------------------

      Code (inc. data)   RO Data    RW Data    ZI Data      Debug   Library Name

      2672         68          0         68         12      56748   Syd8811_softtimer_lib.lib
      2822        112          0          0          0       1300   mc_p.l
      1634         48          0          0          0       1248   mf_p.l
      6204        340          0         48        104      91851   syd8811_ble_lib.lib

    ----------------------------------------------------------------------
     13340        568          0        116        120     151147   Library Totals

    ----------------------------------------------------------------------

==============================================================================


      Code (inc. data)   RO Data    RW Data    ZI Data      Debug   

     19962       1764       2698        312      20080     259842   Grand Totals
     19962       1764       2698        164      20080     259842   ELF Image Totals (compressed)
     19962       1764       2698        164          0          0   ROM Totals

==============================================================================

    Total RO  Size (Code + RO Data)                22660 (  22.13kB)
    Total RW  Size (RW Data + ZI Data)             20392 (  19.91kB)
    Total ROM Size (Code + RO Data + RW Data)      22824 (  22.29kB)

==============================================================================

