<!doctype html public "-//w3c//dtd html 4.0 transitional//en">
<html><head>
<title>Static Call Graph - [.\Output\Syd8811_Peripheral.axf]</title></head>
<body><HR>
<H1>Static Call Graph for image .\Output\Syd8811_Peripheral.axf</H1><HR>
<BR><P>#&#060CALLGRAPH&#062# ARM Linker, 5060020: Last Updated: Tue Oct 08 18:33:26 2019
<BR><P>
<H3>Maximum Stack Usage =        176 bytes + Unknown(Cycles, Untraceable Function Pointers)</H3><H3>
Call chain for Maximum Stack Depth:</H3>
Lib_ProtocolHookCallback &rArr; smart_update_latency_updatareq &rArr; __aeabi_dmul &rArr; _double_epilogue &rArr; __aeabi_llsr
<P>
<H3>
Mutually Recursive functions
</H3> <LI><a href="#[1]">NMI_Handler</a>&nbsp;&nbsp;&nbsp;&rArr;&nbsp;&nbsp;&nbsp;<a href="#[1]">NMI_Handler</a><BR>
 <LI><a href="#[2]">HardFault_Handler</a>&nbsp;&nbsp;&nbsp;&rArr;&nbsp;&nbsp;&nbsp;<a href="#[2]">HardFault_Handler</a><BR>
 <LI><a href="#[3]">SVC_Handler</a>&nbsp;&nbsp;&nbsp;&rArr;&nbsp;&nbsp;&nbsp;<a href="#[3]">SVC_Handler</a><BR>
 <LI><a href="#[4]">PendSV_Handler</a>&nbsp;&nbsp;&nbsp;&rArr;&nbsp;&nbsp;&nbsp;<a href="#[4]">PendSV_Handler</a><BR>
 <LI><a href="#[5]">SysTick_Handler</a>&nbsp;&nbsp;&nbsp;&rArr;&nbsp;&nbsp;&nbsp;<a href="#[5]">SysTick_Handler</a><BR>
 <LI><a href="#[14]">CAP_IRQHandler</a>&nbsp;&nbsp;&nbsp;&rArr;&nbsp;&nbsp;&nbsp;<a href="#[14]">CAP_IRQHandler</a><BR>
</UL>
<P>
<H3>
Function Pointers
</H3><UL>
 <LI><a href="#[14]">CAP_IRQHandler</a> from startup_armcm0.o(.text) referenced from startup_armcm0.o(RESET)
 <LI><a href="#[15]">GPADC_IRQHandler</a> from startup_armcm0.o(.text) referenced from startup_armcm0.o(RESET)
 <LI><a href="#[11]">GPIO_IRQHandler</a> from gpio.o(.text) referenced from startup_armcm0.o(RESET)
 <LI><a href="#[12]">HID_IRQHandler</a> from startup_armcm0.o(.text) referenced from startup_armcm0.o(RESET)
 <LI><a href="#[1a]">HPWM_IRQHandler</a> from startup_armcm0.o(.text) referenced from startup_armcm0.o(RESET)
 <LI><a href="#[1b]">HTIMER_IRQHandler</a> from startup_armcm0.o(.text) referenced from startup_armcm0.o(RESET)
 <LI><a href="#[2]">HardFault_Handler</a> from startup_armcm0.o(.text) referenced from startup_armcm0.o(RESET)
 <LI><a href="#[9]">I2C0_IRQHandler</a> from startup_armcm0.o(.text) referenced from startup_armcm0.o(RESET)
 <LI><a href="#[a]">I2C1_IRQHandler</a> from startup_armcm0.o(.text) referenced from startup_armcm0.o(RESET)
 <LI><a href="#[1c]">IR_Rx_IRQHandler</a> from startup_armcm0.o(.text) referenced from startup_armcm0.o(RESET)
 <LI><a href="#[18]">IR_Tx_IRQHandler</a> from startup_armcm0.o(.text) referenced from startup_armcm0.o(RESET)
 <LI><a href="#[17]">ISO_7816_IRQHandler</a> from startup_armcm0.o(.text) referenced from startup_armcm0.o(RESET)
 <LI><a href="#[16]">LLC2_IRQHandler</a> from startup_armcm0.o(.text) referenced from startup_armcm0.o(RESET)
 <LI><a href="#[6]">LLC_IRQHandler</a> from startup_armcm0.o(.text) referenced from startup_armcm0.o(RESET)
 <LI><a href="#[26]">Lib_EvtCallback</a> from main.o(.text) referenced from main.o(.text)
 <LI><a href="#[24]">Lib_LLEvtCallback</a> from main.o(.text) referenced from main.o(.text)
 <LI><a href="#[23]">Lib_MiscCallback</a> from main.o(.text) referenced from main.o(.text)
 <LI><a href="#[25]">Lib_ProtocolHookCallback</a> from main.o(.text) referenced from main.o(.text)
 <LI><a href="#[1]">NMI_Handler</a> from startup_armcm0.o(.text) referenced from startup_armcm0.o(RESET)
 <LI><a href="#[4]">PendSV_Handler</a> from startup_armcm0.o(.text) referenced from startup_armcm0.o(RESET)
 <LI><a href="#[7]">RTC_IRQHandler</a> from startup_armcm0.o(.text) referenced from startup_armcm0.o(RESET)
 <LI><a href="#[0]">Reset_Handler</a> from startup_armcm0.o(.text) referenced from startup_armcm0.o(RESET)
 <LI><a href="#[13]">SPIM_IRQHandler</a> from startup_armcm0.o(.text) referenced from startup_armcm0.o(RESET)
 <LI><a href="#[3]">SVC_Handler</a> from startup_armcm0.o(.text) referenced from startup_armcm0.o(RESET)
 <LI><a href="#[8]">SW_IRQHandler</a> from startup_armcm0.o(.text) referenced from startup_armcm0.o(RESET)
 <LI><a href="#[5]">SysTick_Handler</a> from startup_armcm0.o(.text) referenced from startup_armcm0.o(RESET)
 <LI><a href="#[1f]">SystemInit</a> from system_armcm0.o(.text) referenced from startup_armcm0.o(.text)
 <LI><a href="#[d]">TIMER0_IRQHandler</a> from startup_armcm0.o(.text) referenced from startup_armcm0.o(RESET)
 <LI><a href="#[e]">TIMER1_IRQHandler</a> from startup_armcm0.o(.text) referenced from startup_armcm0.o(RESET)
 <LI><a href="#[f]">TIMER2_IRQHandler</a> from startup_armcm0.o(.text) referenced from startup_armcm0.o(RESET)
 <LI><a href="#[10]">TIMER3_IRQHandler</a> from startup_armcm0.o(.text) referenced from startup_armcm0.o(RESET)
 <LI><a href="#[19]">TOUCH_IRQHandler</a> from startup_armcm0.o(.text) referenced from startup_armcm0.o(RESET)
 <LI><a href="#[b]">UART0_IRQHandler</a> from uart.o(.text) referenced from startup_armcm0.o(RESET)
 <LI><a href="#[c]">UART1_IRQHandler</a> from uart.o(.text) referenced from startup_armcm0.o(RESET)
 <LI><a href="#[20]">__main</a> from entry.o(.ARM.Collect$$$$00000000) referenced from startup_armcm0.o(.text)
 <LI><a href="#[27]">_sputc</a> from printfa.o(i._sputc) referenced from printfa.o(i.__0vsprintf)
 <LI><a href="#[1d]">main</a> from main.o(.text) referenced from entry9a.o(.ARM.Collect$$$$0000000B)
 <LI><a href="#[21]">sw_timer_latency_callback</a> from main.o(.text) referenced from main.o(.text)
 <LI><a href="#[22]">sw_timer_update_callback</a> from main.o(.text) referenced from main.o(.text)
 <LI><a href="#[1e]">user_gpio_callback</a> from main.o(.text) referenced from main.o(.text)
</UL>
<P>
<H3>
Global Symbols
</H3>
<P><STRONG><a name="[20]"></a>__main</STRONG> (Thumb, 0 bytes, Stack size unknown bytes, entry.o(.ARM.Collect$$$$00000000))
<BR>[Address Reference Count : 1]<UL><LI> startup_armcm0.o(.text)
</UL>
<P><STRONG><a name="[97]"></a>_main_stk</STRONG> (Thumb, 0 bytes, Stack size unknown bytes, entry2.o(.ARM.Collect$$$$00000001))

<P><STRONG><a name="[28]"></a>_main_scatterload</STRONG> (Thumb, 0 bytes, Stack size unknown bytes, entry5.o(.ARM.Collect$$$$00000004))
<BR><BR>[Calls]<UL><LI><a href="#[29]">&gt;&gt;</a>&nbsp;&nbsp;&nbsp;__scatterload
</UL>

<P><STRONG><a name="[90]"></a>__main_after_scatterload</STRONG> (Thumb, 0 bytes, Stack size unknown bytes, entry5.o(.ARM.Collect$$$$00000004))
<BR><BR>[Called By]<UL><LI><a href="#[29]">&gt;&gt;</a>&nbsp;&nbsp;&nbsp;__scatterload
</UL>

<P><STRONG><a name="[98]"></a>_main_clock</STRONG> (Thumb, 0 bytes, Stack size unknown bytes, entry7b.o(.ARM.Collect$$$$00000008))

<P><STRONG><a name="[99]"></a>_main_cpp_init</STRONG> (Thumb, 0 bytes, Stack size unknown bytes, entry8b.o(.ARM.Collect$$$$0000000A))

<P><STRONG><a name="[9a]"></a>_main_init</STRONG> (Thumb, 0 bytes, Stack size unknown bytes, entry9a.o(.ARM.Collect$$$$0000000B))

<P><STRONG><a name="[9b]"></a>__rt_final_cpp</STRONG> (Thumb, 0 bytes, Stack size unknown bytes, entry10a.o(.ARM.Collect$$$$0000000D))

<P><STRONG><a name="[9c]"></a>__rt_final_exit</STRONG> (Thumb, 0 bytes, Stack size unknown bytes, entry11a.o(.ARM.Collect$$$$0000000F))

<P><STRONG><a name="[1d]"></a>main</STRONG> (Thumb, 336 bytes, Stack size 64 bytes, main.o(.text))
<BR><BR>[Stack]<UL><LI>Max Depth = 152<LI>Call Chain = main &rArr; BleInit &rArr; LPOCalibration &rArr; _SYS32kClockSwitch &rArr; UartEn
</UL>
<BR>[Calls]<UL><LI><a href="#[3f]">&gt;&gt;</a>&nbsp;&nbsp;&nbsp;memcmp
<LI><a href="#[3d]">&gt;&gt;</a>&nbsp;&nbsp;&nbsp;__aeabi_memclr4
<LI><a href="#[36]">&gt;&gt;</a>&nbsp;&nbsp;&nbsp;io_irq_enable
<LI><a href="#[2c]">&gt;&gt;</a>&nbsp;&nbsp;&nbsp;delay_ms
<LI><a href="#[2b]">&gt;&gt;</a>&nbsp;&nbsp;&nbsp;dbg_printf
<LI><a href="#[30]">&gt;&gt;</a>&nbsp;&nbsp;&nbsp;dbg_init
<LI><a href="#[3c]">&gt;&gt;</a>&nbsp;&nbsp;&nbsp;dbg_hexdump
<LI><a href="#[3b]">&gt;&gt;</a>&nbsp;&nbsp;&nbsp;WriteCodeB
<LI><a href="#[31]">&gt;&gt;</a>&nbsp;&nbsp;&nbsp;UartEn
<LI><a href="#[3e]">&gt;&gt;</a>&nbsp;&nbsp;&nbsp;ReadCodeB
<LI><a href="#[2f]">&gt;&gt;</a>&nbsp;&nbsp;&nbsp;RCOSCCalibration
<LI><a href="#[32]">&gt;&gt;</a>&nbsp;&nbsp;&nbsp;PIN_Set_GPIO
<LI><a href="#[34]">&gt;&gt;</a>&nbsp;&nbsp;&nbsp;PIN_Pullup_Enable
<LI><a href="#[2e]">&gt;&gt;</a>&nbsp;&nbsp;&nbsp;MCUClockSwitch
<LI><a href="#[37]">&gt;&gt;</a>&nbsp;&nbsp;&nbsp;GPIO_Set_Output
<LI><a href="#[33]">&gt;&gt;</a>&nbsp;&nbsp;&nbsp;GPIO_Set_Input
<LI><a href="#[2a]">&gt;&gt;</a>&nbsp;&nbsp;&nbsp;GPIO_Pin_Turn
<LI><a href="#[38]">&gt;&gt;</a>&nbsp;&nbsp;&nbsp;GPIO_Pin_Set
<LI><a href="#[39]">&gt;&gt;</a>&nbsp;&nbsp;&nbsp;GPIO_Pin_Read
<LI><a href="#[35]">&gt;&gt;</a>&nbsp;&nbsp;&nbsp;GPIO_Input_Enable
<LI><a href="#[3a]">&gt;&gt;</a>&nbsp;&nbsp;&nbsp;EraseCodeB
<LI><a href="#[2d]">&gt;&gt;</a>&nbsp;&nbsp;&nbsp;BleInit
</UL>
<BR>[Address Reference Count : 1]<UL><LI> entry9a.o(.ARM.Collect$$$$0000000B)
</UL>
<P><STRONG><a name="[30]"></a>dbg_init</STRONG> (Thumb, 8 bytes, Stack size 8 bytes, debug.o(.text))
<BR><BR>[Stack]<UL><LI>Max Depth = 16<LI>Call Chain = dbg_init &rArr; uart_0_init
</UL>
<BR>[Calls]<UL><LI><a href="#[40]">&gt;&gt;</a>&nbsp;&nbsp;&nbsp;uart_0_init
</UL>
<BR>[Called By]<UL><LI><a href="#[1d]">&gt;&gt;</a>&nbsp;&nbsp;&nbsp;main
</UL>

<P><STRONG><a name="[2b]"></a>dbg_printf</STRONG> (Thumb, 72 bytes, Stack size 32 bytes, debug.o(.text))
<BR><BR>[Stack]<UL><LI>Max Depth = 56<LI>Call Chain = dbg_printf &rArr; __c89vsprintf
</UL>
<BR>[Calls]<UL><LI><a href="#[41]">&gt;&gt;</a>&nbsp;&nbsp;&nbsp;__c89vsprintf
<LI><a href="#[42]">&gt;&gt;</a>&nbsp;&nbsp;&nbsp;uart_0_write
</UL>
<BR>[Called By]<UL><LI><a href="#[3c]">&gt;&gt;</a>&nbsp;&nbsp;&nbsp;dbg_hexdump
<LI><a href="#[1d]">&gt;&gt;</a>&nbsp;&nbsp;&nbsp;main
<LI><a href="#[1e]">&gt;&gt;</a>&nbsp;&nbsp;&nbsp;user_gpio_callback
</UL>

<P><STRONG><a name="[3c]"></a>dbg_hexdump</STRONG> (Thumb, 46 bytes, Stack size 24 bytes, debug.o(.text))
<BR><BR>[Stack]<UL><LI>Max Depth = 80<LI>Call Chain = dbg_hexdump &rArr; dbg_printf &rArr; __c89vsprintf
</UL>
<BR>[Calls]<UL><LI><a href="#[2b]">&gt;&gt;</a>&nbsp;&nbsp;&nbsp;dbg_printf
</UL>
<BR>[Called By]<UL><LI><a href="#[1d]">&gt;&gt;</a>&nbsp;&nbsp;&nbsp;main
</UL>

<P><STRONG><a name="[2c]"></a>delay_ms</STRONG> (Thumb, 28 bytes, Stack size 0 bytes, delay.o(.text))
<BR><BR>[Called By]<UL><LI><a href="#[1d]">&gt;&gt;</a>&nbsp;&nbsp;&nbsp;main
<LI><a href="#[1e]">&gt;&gt;</a>&nbsp;&nbsp;&nbsp;user_gpio_callback
</UL>

<P><STRONG><a name="[32]"></a>PIN_Set_GPIO</STRONG> (Thumb, 50 bytes, Stack size 8 bytes, gpio.o(.text))
<BR><BR>[Stack]<UL><LI>Max Depth = 8<LI>Call Chain = PIN_Set_GPIO
</UL>
<BR>[Called By]<UL><LI><a href="#[1d]">&gt;&gt;</a>&nbsp;&nbsp;&nbsp;main
</UL>

<P><STRONG><a name="[34]"></a>PIN_Pullup_Enable</STRONG> (Thumb, 150 bytes, Stack size 28 bytes, gpio.o(.text))
<BR><BR>[Stack]<UL><LI>Max Depth = 28<LI>Call Chain = PIN_Pullup_Enable
</UL>
<BR>[Called By]<UL><LI><a href="#[1d]">&gt;&gt;</a>&nbsp;&nbsp;&nbsp;main
</UL>

<P><STRONG><a name="[37]"></a>GPIO_Set_Output</STRONG> (Thumb, 50 bytes, Stack size 0 bytes, gpio.o(.text))
<BR><BR>[Called By]<UL><LI><a href="#[1d]">&gt;&gt;</a>&nbsp;&nbsp;&nbsp;main
</UL>

<P><STRONG><a name="[33]"></a>GPIO_Set_Input</STRONG> (Thumb, 200 bytes, Stack size 8 bytes, gpio.o(.text))
<BR><BR>[Stack]<UL><LI>Max Depth = 8<LI>Call Chain = GPIO_Set_Input
</UL>
<BR>[Called By]<UL><LI><a href="#[1d]">&gt;&gt;</a>&nbsp;&nbsp;&nbsp;main
</UL>

<P><STRONG><a name="[35]"></a>GPIO_Input_Enable</STRONG> (Thumb, 50 bytes, Stack size 0 bytes, gpio.o(.text))
<BR><BR>[Called By]<UL><LI><a href="#[1d]">&gt;&gt;</a>&nbsp;&nbsp;&nbsp;main
</UL>

<P><STRONG><a name="[38]"></a>GPIO_Pin_Set</STRONG> (Thumb, 50 bytes, Stack size 0 bytes, gpio.o(.text))
<BR><BR>[Called By]<UL><LI><a href="#[1d]">&gt;&gt;</a>&nbsp;&nbsp;&nbsp;main
</UL>

<P><STRONG><a name="[2a]"></a>GPIO_Pin_Turn</STRONG> (Thumb, 50 bytes, Stack size 0 bytes, gpio.o(.text))
<BR><BR>[Called By]<UL><LI><a href="#[1d]">&gt;&gt;</a>&nbsp;&nbsp;&nbsp;main
<LI><a href="#[1e]">&gt;&gt;</a>&nbsp;&nbsp;&nbsp;user_gpio_callback
</UL>

<P><STRONG><a name="[39]"></a>GPIO_Pin_Read</STRONG> (Thumb, 34 bytes, Stack size 0 bytes, gpio.o(.text))
<BR><BR>[Called By]<UL><LI><a href="#[1d]">&gt;&gt;</a>&nbsp;&nbsp;&nbsp;main
</UL>

<P><STRONG><a name="[36]"></a>io_irq_enable</STRONG> (Thumb, 142 bytes, Stack size 8 bytes, gpio.o(.text))
<BR><BR>[Stack]<UL><LI>Max Depth = 8<LI>Call Chain = io_irq_enable
</UL>
<BR>[Called By]<UL><LI><a href="#[1d]">&gt;&gt;</a>&nbsp;&nbsp;&nbsp;main
</UL>

<P><STRONG><a name="[11]"></a>GPIO_IRQHandler</STRONG> (Thumb, 132 bytes, Stack size 8 bytes, gpio.o(.text))
<BR><BR>[Stack]<UL><LI>Max Depth = 8<LI>Call Chain = GPIO_IRQHandler
</UL>
<BR>[Address Reference Count : 1]<UL><LI> startup_armcm0.o(RESET)
</UL>
<P><STRONG><a name="[40]"></a>uart_0_init</STRONG> (Thumb, 340 bytes, Stack size 8 bytes, uart.o(.text))
<BR><BR>[Stack]<UL><LI>Max Depth = 8<LI>Call Chain = uart_0_init
</UL>
<BR>[Calls]<UL><LI><a href="#[43]">&gt;&gt;</a>&nbsp;&nbsp;&nbsp;NVIC_EnableIRQ
</UL>
<BR>[Called By]<UL><LI><a href="#[30]">&gt;&gt;</a>&nbsp;&nbsp;&nbsp;dbg_init
</UL>

<P><STRONG><a name="[42]"></a>uart_0_write</STRONG> (Thumb, 40 bytes, Stack size 0 bytes, uart.o(.text))
<BR><BR>[Called By]<UL><LI><a href="#[2b]">&gt;&gt;</a>&nbsp;&nbsp;&nbsp;dbg_printf
</UL>

<P><STRONG><a name="[44]"></a>uart_0_read</STRONG> (Thumb, 72 bytes, Stack size 12 bytes, uart.o(.text))
<BR><BR>[Stack]<UL><LI>Max Depth = 12<LI>Call Chain = uart_0_read
</UL>
<BR>[Called By]<UL><LI><a href="#[b]">&gt;&gt;</a>&nbsp;&nbsp;&nbsp;UART0_IRQHandler
</UL>

<P><STRONG><a name="[b]"></a>UART0_IRQHandler</STRONG> (Thumb, 106 bytes, Stack size 12 bytes, uart.o(.text))
<BR><BR>[Stack]<UL><LI>Max Depth = 24<LI>Call Chain = UART0_IRQHandler &rArr; uart_0_read
</UL>
<BR>[Calls]<UL><LI><a href="#[44]">&gt;&gt;</a>&nbsp;&nbsp;&nbsp;uart_0_read
</UL>
<BR>[Address Reference Count : 1]<UL><LI> startup_armcm0.o(RESET)
</UL>
<P><STRONG><a name="[45]"></a>uart_1_read</STRONG> (Thumb, 72 bytes, Stack size 12 bytes, uart.o(.text))
<BR><BR>[Stack]<UL><LI>Max Depth = 12<LI>Call Chain = uart_1_read
</UL>
<BR>[Called By]<UL><LI><a href="#[c]">&gt;&gt;</a>&nbsp;&nbsp;&nbsp;UART1_IRQHandler
</UL>

<P><STRONG><a name="[c]"></a>UART1_IRQHandler</STRONG> (Thumb, 106 bytes, Stack size 12 bytes, uart.o(.text))
<BR><BR>[Stack]<UL><LI>Max Depth = 24<LI>Call Chain = UART1_IRQHandler &rArr; uart_1_read
</UL>
<BR>[Calls]<UL><LI><a href="#[45]">&gt;&gt;</a>&nbsp;&nbsp;&nbsp;uart_1_read
</UL>
<BR>[Address Reference Count : 1]<UL><LI> startup_armcm0.o(RESET)
</UL>
<P><STRONG><a name="[0]"></a>Reset_Handler</STRONG> (Thumb, 8 bytes, Stack size 0 bytes, startup_armcm0.o(.text))
<BR>[Address Reference Count : 1]<UL><LI> startup_armcm0.o(RESET)
</UL>
<P><STRONG><a name="[1]"></a>NMI_Handler</STRONG> (Thumb, 2 bytes, Stack size 0 bytes, startup_armcm0.o(.text))
<BR><BR>[Calls]<UL><LI><a href="#[1]">&gt;&gt;</a>&nbsp;&nbsp;&nbsp;NMI_Handler
</UL>
<BR>[Called By]<UL><LI><a href="#[1]">&gt;&gt;</a>&nbsp;&nbsp;&nbsp;NMI_Handler
</UL>
<BR>[Address Reference Count : 1]<UL><LI> startup_armcm0.o(RESET)
</UL>
<P><STRONG><a name="[2]"></a>HardFault_Handler</STRONG> (Thumb, 2 bytes, Stack size 0 bytes, startup_armcm0.o(.text))
<BR><BR>[Calls]<UL><LI><a href="#[2]">&gt;&gt;</a>&nbsp;&nbsp;&nbsp;HardFault_Handler
</UL>
<BR>[Called By]<UL><LI><a href="#[2]">&gt;&gt;</a>&nbsp;&nbsp;&nbsp;HardFault_Handler
</UL>
<BR>[Address Reference Count : 1]<UL><LI> startup_armcm0.o(RESET)
</UL>
<P><STRONG><a name="[3]"></a>SVC_Handler</STRONG> (Thumb, 2 bytes, Stack size 0 bytes, startup_armcm0.o(.text))
<BR><BR>[Calls]<UL><LI><a href="#[3]">&gt;&gt;</a>&nbsp;&nbsp;&nbsp;SVC_Handler
</UL>
<BR>[Called By]<UL><LI><a href="#[3]">&gt;&gt;</a>&nbsp;&nbsp;&nbsp;SVC_Handler
</UL>
<BR>[Address Reference Count : 1]<UL><LI> startup_armcm0.o(RESET)
</UL>
<P><STRONG><a name="[4]"></a>PendSV_Handler</STRONG> (Thumb, 2 bytes, Stack size 0 bytes, startup_armcm0.o(.text))
<BR><BR>[Calls]<UL><LI><a href="#[4]">&gt;&gt;</a>&nbsp;&nbsp;&nbsp;PendSV_Handler
</UL>
<BR>[Called By]<UL><LI><a href="#[4]">&gt;&gt;</a>&nbsp;&nbsp;&nbsp;PendSV_Handler
</UL>
<BR>[Address Reference Count : 1]<UL><LI> startup_armcm0.o(RESET)
</UL>
<P><STRONG><a name="[5]"></a>SysTick_Handler</STRONG> (Thumb, 2 bytes, Stack size 0 bytes, startup_armcm0.o(.text))
<BR><BR>[Calls]<UL><LI><a href="#[5]">&gt;&gt;</a>&nbsp;&nbsp;&nbsp;SysTick_Handler
</UL>
<BR>[Called By]<UL><LI><a href="#[5]">&gt;&gt;</a>&nbsp;&nbsp;&nbsp;SysTick_Handler
</UL>
<BR>[Address Reference Count : 1]<UL><LI> startup_armcm0.o(RESET)
</UL>
<P><STRONG><a name="[14]"></a>CAP_IRQHandler</STRONG> (Thumb, 0 bytes, Stack size 0 bytes, startup_armcm0.o(.text))
<BR><BR>[Calls]<UL><LI><a href="#[14]">&gt;&gt;</a>&nbsp;&nbsp;&nbsp;CAP_IRQHandler
</UL>
<BR>[Called By]<UL><LI><a href="#[14]">&gt;&gt;</a>&nbsp;&nbsp;&nbsp;CAP_IRQHandler
</UL>
<BR>[Address Reference Count : 1]<UL><LI> startup_armcm0.o(RESET)
</UL>
<P><STRONG><a name="[15]"></a>GPADC_IRQHandler</STRONG> (Thumb, 0 bytes, Stack size 0 bytes, startup_armcm0.o(.text))
<BR>[Address Reference Count : 1]<UL><LI> startup_armcm0.o(RESET)
</UL>
<P><STRONG><a name="[12]"></a>HID_IRQHandler</STRONG> (Thumb, 0 bytes, Stack size 0 bytes, startup_armcm0.o(.text))
<BR>[Address Reference Count : 1]<UL><LI> startup_armcm0.o(RESET)
</UL>
<P><STRONG><a name="[1a]"></a>HPWM_IRQHandler</STRONG> (Thumb, 0 bytes, Stack size 0 bytes, startup_armcm0.o(.text))
<BR>[Address Reference Count : 1]<UL><LI> startup_armcm0.o(RESET)
</UL>
<P><STRONG><a name="[1b]"></a>HTIMER_IRQHandler</STRONG> (Thumb, 0 bytes, Stack size 0 bytes, startup_armcm0.o(.text))
<BR>[Address Reference Count : 1]<UL><LI> startup_armcm0.o(RESET)
</UL>
<P><STRONG><a name="[9]"></a>I2C0_IRQHandler</STRONG> (Thumb, 0 bytes, Stack size 0 bytes, startup_armcm0.o(.text))
<BR>[Address Reference Count : 1]<UL><LI> startup_armcm0.o(RESET)
</UL>
<P><STRONG><a name="[a]"></a>I2C1_IRQHandler</STRONG> (Thumb, 0 bytes, Stack size 0 bytes, startup_armcm0.o(.text))
<BR>[Address Reference Count : 1]<UL><LI> startup_armcm0.o(RESET)
</UL>
<P><STRONG><a name="[1c]"></a>IR_Rx_IRQHandler</STRONG> (Thumb, 0 bytes, Stack size 0 bytes, startup_armcm0.o(.text))
<BR>[Address Reference Count : 1]<UL><LI> startup_armcm0.o(RESET)
</UL>
<P><STRONG><a name="[18]"></a>IR_Tx_IRQHandler</STRONG> (Thumb, 0 bytes, Stack size 0 bytes, startup_armcm0.o(.text))
<BR>[Address Reference Count : 1]<UL><LI> startup_armcm0.o(RESET)
</UL>
<P><STRONG><a name="[17]"></a>ISO_7816_IRQHandler</STRONG> (Thumb, 0 bytes, Stack size 0 bytes, startup_armcm0.o(.text))
<BR>[Address Reference Count : 1]<UL><LI> startup_armcm0.o(RESET)
</UL>
<P><STRONG><a name="[16]"></a>LLC2_IRQHandler</STRONG> (Thumb, 0 bytes, Stack size 0 bytes, startup_armcm0.o(.text))
<BR>[Address Reference Count : 1]<UL><LI> startup_armcm0.o(RESET)
</UL>
<P><STRONG><a name="[6]"></a>LLC_IRQHandler</STRONG> (Thumb, 0 bytes, Stack size 0 bytes, startup_armcm0.o(.text))
<BR>[Address Reference Count : 1]<UL><LI> startup_armcm0.o(RESET)
</UL>
<P><STRONG><a name="[7]"></a>RTC_IRQHandler</STRONG> (Thumb, 0 bytes, Stack size 0 bytes, startup_armcm0.o(.text))
<BR>[Address Reference Count : 1]<UL><LI> startup_armcm0.o(RESET)
</UL>
<P><STRONG><a name="[13]"></a>SPIM_IRQHandler</STRONG> (Thumb, 0 bytes, Stack size 0 bytes, startup_armcm0.o(.text))
<BR>[Address Reference Count : 1]<UL><LI> startup_armcm0.o(RESET)
</UL>
<P><STRONG><a name="[8]"></a>SW_IRQHandler</STRONG> (Thumb, 0 bytes, Stack size 0 bytes, startup_armcm0.o(.text))
<BR>[Address Reference Count : 1]<UL><LI> startup_armcm0.o(RESET)
</UL>
<P><STRONG><a name="[d]"></a>TIMER0_IRQHandler</STRONG> (Thumb, 0 bytes, Stack size 0 bytes, startup_armcm0.o(.text))
<BR>[Address Reference Count : 1]<UL><LI> startup_armcm0.o(RESET)
</UL>
<P><STRONG><a name="[e]"></a>TIMER1_IRQHandler</STRONG> (Thumb, 0 bytes, Stack size 0 bytes, startup_armcm0.o(.text))
<BR>[Address Reference Count : 1]<UL><LI> startup_armcm0.o(RESET)
</UL>
<P><STRONG><a name="[f]"></a>TIMER2_IRQHandler</STRONG> (Thumb, 0 bytes, Stack size 0 bytes, startup_armcm0.o(.text))
<BR>[Address Reference Count : 1]<UL><LI> startup_armcm0.o(RESET)
</UL>
<P><STRONG><a name="[10]"></a>TIMER3_IRQHandler</STRONG> (Thumb, 0 bytes, Stack size 0 bytes, startup_armcm0.o(.text))
<BR>[Address Reference Count : 1]<UL><LI> startup_armcm0.o(RESET)
</UL>
<P><STRONG><a name="[19]"></a>TOUCH_IRQHandler</STRONG> (Thumb, 0 bytes, Stack size 0 bytes, startup_armcm0.o(.text))
<BR>[Address Reference Count : 1]<UL><LI> startup_armcm0.o(RESET)
</UL>
<P><STRONG><a name="[1f]"></a>SystemInit</STRONG> (Thumb, 8 bytes, Stack size 0 bytes, system_armcm0.o(.text))
<BR>[Address Reference Count : 1]<UL><LI> startup_armcm0.o(.text)
</UL>
<P><STRONG><a name="[4e]"></a>_BBGetMask</STRONG> (Thumb, 92 bytes, Stack size 0 bytes, main.o(.text))
<BR><BR>[Called By]<UL><LI><a href="#[24]">&gt;&gt;</a>&nbsp;&nbsp;&nbsp;Lib_LLEvtCallback
</UL>

<P><STRONG><a name="[24]"></a>Lib_LLEvtCallback</STRONG> (Thumb, 250 bytes, Stack size 8 bytes, main.o(.text))
<BR><BR>[Stack]<UL><LI>Max Depth = 152<LI>Call Chain = Lib_LLEvtCallback &rArr; _LCTxPkt_Handler &rArr; _LCDisConnect
</UL>
<BR>[Calls]<UL><LI><a href="#[47]">&gt;&gt;</a>&nbsp;&nbsp;&nbsp;__aeabi_uread4
<LI><a href="#[4e]">&gt;&gt;</a>&nbsp;&nbsp;&nbsp;_BBGetMask
<LI><a href="#[4d]">&gt;&gt;</a>&nbsp;&nbsp;&nbsp;_LCTxPkt_Handler
<LI><a href="#[4a]">&gt;&gt;</a>&nbsp;&nbsp;&nbsp;_LCRxPkt_Handler
<LI><a href="#[49]">&gt;&gt;</a>&nbsp;&nbsp;&nbsp;_LCDisConnect
</UL>
<BR>[Address Reference Count : 1]<UL><LI> main.o(.text)
</UL>
<P><STRONG><a name="[4f]"></a>ConnectionLatencyMode</STRONG> (Thumb, 44 bytes, Stack size 8 bytes, main.o(.text))
<BR><BR>[Stack]<UL><LI>Max Depth = 8<LI>Call Chain = ConnectionLatencyMode
</UL>
<BR>[Called By]<UL><LI><a href="#[5f]">&gt;&gt;</a>&nbsp;&nbsp;&nbsp;smart_update_retry
<LI><a href="#[50]">&gt;&gt;</a>&nbsp;&nbsp;&nbsp;smart_latency_start
<LI><a href="#[21]">&gt;&gt;</a>&nbsp;&nbsp;&nbsp;sw_timer_latency_callback
</UL>

<P><STRONG><a name="[21]"></a>sw_timer_latency_callback</STRONG> (Thumb, 42 bytes, Stack size 0 bytes, main.o(.text))
<BR><BR>[Stack]<UL><LI>Max Depth = 8<LI>Call Chain = sw_timer_latency_callback &rArr; ConnectionLatencyMode
</UL>
<BR>[Calls]<UL><LI><a href="#[4f]">&gt;&gt;</a>&nbsp;&nbsp;&nbsp;ConnectionLatencyMode
</UL>
<BR>[Address Reference Count : 1]<UL><LI> main.o(.text)
</UL>
<P><STRONG><a name="[55]"></a>TimerStart</STRONG> (Thumb, 12 bytes, Stack size 8 bytes, main.o(.text))
<BR><BR>[Stack]<UL><LI>Max Depth = 8<LI>Call Chain = TimerStart
</UL>
<BR>[Called By]<UL><LI><a href="#[60]">&gt;&gt;</a>&nbsp;&nbsp;&nbsp;smart_update_latency_updatareq
<LI><a href="#[50]">&gt;&gt;</a>&nbsp;&nbsp;&nbsp;smart_latency_start
</UL>

<P><STRONG><a name="[50]"></a>smart_latency_start</STRONG> (Thumb, 212 bytes, Stack size 24 bytes, main.o(.text))
<BR><BR>[Stack]<UL><LI>Max Depth = 152<LI>Call Chain = smart_latency_start &rArr; __aeabi_dmul &rArr; _double_epilogue &rArr; __aeabi_llsr
</UL>
<BR>[Calls]<UL><LI><a href="#[54]">&gt;&gt;</a>&nbsp;&nbsp;&nbsp;__aeabi_idivmod
<LI><a href="#[51]">&gt;&gt;</a>&nbsp;&nbsp;&nbsp;__aeabi_ui2d
<LI><a href="#[52]">&gt;&gt;</a>&nbsp;&nbsp;&nbsp;__aeabi_dmul
<LI><a href="#[53]">&gt;&gt;</a>&nbsp;&nbsp;&nbsp;__aeabi_d2uiz
<LI><a href="#[55]">&gt;&gt;</a>&nbsp;&nbsp;&nbsp;TimerStart
<LI><a href="#[4f]">&gt;&gt;</a>&nbsp;&nbsp;&nbsp;ConnectionLatencyMode
</UL>
<BR>[Called By]<UL><LI><a href="#[77]">&gt;&gt;</a>&nbsp;&nbsp;&nbsp;ble_sched_execute
<LI><a href="#[26]">&gt;&gt;</a>&nbsp;&nbsp;&nbsp;Lib_EvtCallback
</UL>

<P><STRONG><a name="[5e]"></a>smart_update_latency_updatersp</STRONG> (Thumb, 150 bytes, Stack size 16 bytes, main.o(.text))
<BR><BR>[Stack]<UL><LI>Max Depth = 16<LI>Call Chain = smart_update_latency_updatersp
</UL>
<BR>[Called By]<UL><LI><a href="#[26]">&gt;&gt;</a>&nbsp;&nbsp;&nbsp;Lib_EvtCallback
</UL>

<P><STRONG><a name="[57]"></a>BBRFRead</STRONG> (Thumb, 4 bytes, Stack size 0 bytes, main.o(.text))
<BR><BR>[Called By]<UL><LI><a href="#[6c]">&gt;&gt;</a>&nbsp;&nbsp;&nbsp;RFRead
<LI><a href="#[5a]">&gt;&gt;</a>&nbsp;&nbsp;&nbsp;LPOCalibration
<LI><a href="#[2f]">&gt;&gt;</a>&nbsp;&nbsp;&nbsp;RCOSCCalibration
<LI><a href="#[2d]">&gt;&gt;</a>&nbsp;&nbsp;&nbsp;BleInit
</UL>

<P><STRONG><a name="[56]"></a>BBRFWrite</STRONG> (Thumb, 6 bytes, Stack size 0 bytes, main.o(.text))
<BR><BR>[Called By]<UL><LI><a href="#[6d]">&gt;&gt;</a>&nbsp;&nbsp;&nbsp;RFWrite
<LI><a href="#[6b]">&gt;&gt;</a>&nbsp;&nbsp;&nbsp;_SYSClockSwitch
<LI><a href="#[5a]">&gt;&gt;</a>&nbsp;&nbsp;&nbsp;LPOCalibration
<LI><a href="#[58]">&gt;&gt;</a>&nbsp;&nbsp;&nbsp;_SYS32kClockSwitch
<LI><a href="#[2f]">&gt;&gt;</a>&nbsp;&nbsp;&nbsp;RCOSCCalibration
<LI><a href="#[2d]">&gt;&gt;</a>&nbsp;&nbsp;&nbsp;BleInit
</UL>

<P><STRONG><a name="[2f]"></a>RCOSCCalibration</STRONG> (Thumb, 60 bytes, Stack size 16 bytes, main.o(.text))
<BR><BR>[Stack]<UL><LI>Max Depth = 16<LI>Call Chain = RCOSCCalibration
</UL>
<BR>[Calls]<UL><LI><a href="#[56]">&gt;&gt;</a>&nbsp;&nbsp;&nbsp;BBRFWrite
<LI><a href="#[57]">&gt;&gt;</a>&nbsp;&nbsp;&nbsp;BBRFRead
</UL>
<BR>[Called By]<UL><LI><a href="#[26]">&gt;&gt;</a>&nbsp;&nbsp;&nbsp;Lib_EvtCallback
<LI><a href="#[2d]">&gt;&gt;</a>&nbsp;&nbsp;&nbsp;BleInit
<LI><a href="#[1d]">&gt;&gt;</a>&nbsp;&nbsp;&nbsp;main
</UL>

<P><STRONG><a name="[9d]"></a>RFSleep</STRONG> (Thumb, 10 bytes, Stack size 8 bytes, main.o(.text), UNUSED)

<P><STRONG><a name="[31]"></a>UartEn</STRONG> (Thumb, 32 bytes, Stack size 8 bytes, main.o(.text))
<BR><BR>[Stack]<UL><LI>Max Depth = 8<LI>Call Chain = UartEn
</UL>
<BR>[Called By]<UL><LI><a href="#[58]">&gt;&gt;</a>&nbsp;&nbsp;&nbsp;_SYS32kClockSwitch
<LI><a href="#[1d]">&gt;&gt;</a>&nbsp;&nbsp;&nbsp;main
</UL>

<P><STRONG><a name="[58]"></a>_SYS32kClockSwitch</STRONG> (Thumb, 222 bytes, Stack size 8 bytes, main.o(.text))
<BR><BR>[Stack]<UL><LI>Max Depth = 16<LI>Call Chain = _SYS32kClockSwitch &rArr; UartEn
</UL>
<BR>[Calls]<UL><LI><a href="#[56]">&gt;&gt;</a>&nbsp;&nbsp;&nbsp;BBRFWrite
<LI><a href="#[31]">&gt;&gt;</a>&nbsp;&nbsp;&nbsp;UartEn
</UL>
<BR>[Called By]<UL><LI><a href="#[5a]">&gt;&gt;</a>&nbsp;&nbsp;&nbsp;LPOCalibration
<LI><a href="#[59]">&gt;&gt;</a>&nbsp;&nbsp;&nbsp;ClockSwitch
</UL>

<P><STRONG><a name="[59]"></a>ClockSwitch</STRONG> (Thumb, 10 bytes, Stack size 8 bytes, main.o(.text), UNUSED)
<BR><BR>[Calls]<UL><LI><a href="#[58]">&gt;&gt;</a>&nbsp;&nbsp;&nbsp;_SYS32kClockSwitch
</UL>

<P><STRONG><a name="[5b]"></a>RFWakeup</STRONG> (Thumb, 24 bytes, Stack size 8 bytes, main.o(.text))
<BR><BR>[Stack]<UL><LI>Max Depth = 8<LI>Call Chain = RFWakeup
</UL>
<BR>[Called By]<UL><LI><a href="#[5a]">&gt;&gt;</a>&nbsp;&nbsp;&nbsp;LPOCalibration
</UL>

<P><STRONG><a name="[5a]"></a>LPOCalibration</STRONG> (Thumb, 254 bytes, Stack size 32 bytes, main.o(.text))
<BR><BR>[Stack]<UL><LI>Max Depth = 48<LI>Call Chain = LPOCalibration &rArr; _SYS32kClockSwitch &rArr; UartEn
</UL>
<BR>[Calls]<UL><LI><a href="#[5b]">&gt;&gt;</a>&nbsp;&nbsp;&nbsp;RFWakeup
<LI><a href="#[58]">&gt;&gt;</a>&nbsp;&nbsp;&nbsp;_SYS32kClockSwitch
<LI><a href="#[56]">&gt;&gt;</a>&nbsp;&nbsp;&nbsp;BBRFWrite
<LI><a href="#[57]">&gt;&gt;</a>&nbsp;&nbsp;&nbsp;BBRFRead
</UL>
<BR>[Called By]<UL><LI><a href="#[26]">&gt;&gt;</a>&nbsp;&nbsp;&nbsp;Lib_EvtCallback
<LI><a href="#[2d]">&gt;&gt;</a>&nbsp;&nbsp;&nbsp;BleInit
</UL>

<P><STRONG><a name="[5c]"></a>smart_latency_clear</STRONG> (Thumb, 12 bytes, Stack size 8 bytes, main.o(.text))
<BR><BR>[Stack]<UL><LI>Max Depth = 8<LI>Call Chain = smart_latency_clear
</UL>
<BR>[Calls]<UL><LI><a href="#[5d]">&gt;&gt;</a>&nbsp;&nbsp;&nbsp;__aeabi_memclr
</UL>
<BR>[Called By]<UL><LI><a href="#[26]">&gt;&gt;</a>&nbsp;&nbsp;&nbsp;Lib_EvtCallback
</UL>

<P><STRONG><a name="[26]"></a>Lib_EvtCallback</STRONG> (Thumb, 242 bytes, Stack size 16 bytes, main.o(.text))
<BR><BR>[Stack]<UL><LI>Max Depth = 168<LI>Call Chain = Lib_EvtCallback &rArr; smart_latency_start &rArr; __aeabi_dmul &rArr; _double_epilogue &rArr; __aeabi_llsr
</UL>
<BR>[Calls]<UL><LI><a href="#[47]">&gt;&gt;</a>&nbsp;&nbsp;&nbsp;__aeabi_uread4
<LI><a href="#[5c]">&gt;&gt;</a>&nbsp;&nbsp;&nbsp;smart_latency_clear
<LI><a href="#[5a]">&gt;&gt;</a>&nbsp;&nbsp;&nbsp;LPOCalibration
<LI><a href="#[5e]">&gt;&gt;</a>&nbsp;&nbsp;&nbsp;smart_update_latency_updatersp
<LI><a href="#[50]">&gt;&gt;</a>&nbsp;&nbsp;&nbsp;smart_latency_start
<LI><a href="#[2f]">&gt;&gt;</a>&nbsp;&nbsp;&nbsp;RCOSCCalibration
</UL>
<BR>[Address Reference Count : 1]<UL><LI> main.o(.text)
</UL>
<P><STRONG><a name="[9e]"></a>TimerStop</STRONG> (Thumb, 4 bytes, Stack size 0 bytes, main.o(.text), UNUSED)

<P><STRONG><a name="[5f]"></a>smart_update_retry</STRONG> (Thumb, 124 bytes, Stack size 16 bytes, main.o(.text))
<BR><BR>[Stack]<UL><LI>Max Depth = 24<LI>Call Chain = smart_update_retry &rArr; ConnectionLatencyMode
</UL>
<BR>[Calls]<UL><LI><a href="#[4f]">&gt;&gt;</a>&nbsp;&nbsp;&nbsp;ConnectionLatencyMode
</UL>
<BR>[Called By]<UL><LI><a href="#[78]">&gt;&gt;</a>&nbsp;&nbsp;&nbsp;gap_s_smart_update_latency
<LI><a href="#[22]">&gt;&gt;</a>&nbsp;&nbsp;&nbsp;sw_timer_update_callback
</UL>

<P><STRONG><a name="[22]"></a>sw_timer_update_callback</STRONG> (Thumb, 60 bytes, Stack size 0 bytes, main.o(.text))
<BR><BR>[Stack]<UL><LI>Max Depth = 24<LI>Call Chain = sw_timer_update_callback &rArr; smart_update_retry &rArr; ConnectionLatencyMode
</UL>
<BR>[Calls]<UL><LI><a href="#[5f]">&gt;&gt;</a>&nbsp;&nbsp;&nbsp;smart_update_retry
</UL>
<BR>[Address Reference Count : 1]<UL><LI> main.o(.text)
</UL>
<P><STRONG><a name="[60]"></a>smart_update_latency_updatareq</STRONG> (Thumb, 550 bytes, Stack size 32 bytes, main.o(.text))
<BR><BR>[Stack]<UL><LI>Max Depth = 160<LI>Call Chain = smart_update_latency_updatareq &rArr; __aeabi_dmul &rArr; _double_epilogue &rArr; __aeabi_llsr
</UL>
<BR>[Calls]<UL><LI><a href="#[63]">&gt;&gt;</a>&nbsp;&nbsp;&nbsp;__aeabi_ui2f
<LI><a href="#[51]">&gt;&gt;</a>&nbsp;&nbsp;&nbsp;__aeabi_ui2d
<LI><a href="#[61]">&gt;&gt;</a>&nbsp;&nbsp;&nbsp;__aeabi_i2d
<LI><a href="#[64]">&gt;&gt;</a>&nbsp;&nbsp;&nbsp;__aeabi_fadd
<LI><a href="#[65]">&gt;&gt;</a>&nbsp;&nbsp;&nbsp;__aeabi_f2d
<LI><a href="#[52]">&gt;&gt;</a>&nbsp;&nbsp;&nbsp;__aeabi_dmul
<LI><a href="#[66]">&gt;&gt;</a>&nbsp;&nbsp;&nbsp;__aeabi_ddiv
<LI><a href="#[62]">&gt;&gt;</a>&nbsp;&nbsp;&nbsp;__aeabi_dadd
<LI><a href="#[53]">&gt;&gt;</a>&nbsp;&nbsp;&nbsp;__aeabi_d2uiz
<LI><a href="#[55]">&gt;&gt;</a>&nbsp;&nbsp;&nbsp;TimerStart
</UL>
<BR>[Called By]<UL><LI><a href="#[25]">&gt;&gt;</a>&nbsp;&nbsp;&nbsp;Lib_ProtocolHookCallback
</UL>

<P><STRONG><a name="[25]"></a>Lib_ProtocolHookCallback</STRONG> (Thumb, 140 bytes, Stack size 16 bytes, main.o(.text))
<BR><BR>[Stack]<UL><LI>Max Depth = 176<LI>Call Chain = Lib_ProtocolHookCallback &rArr; smart_update_latency_updatareq &rArr; __aeabi_dmul &rArr; _double_epilogue &rArr; __aeabi_llsr
</UL>
<BR>[Calls]<UL><LI><a href="#[5d]">&gt;&gt;</a>&nbsp;&nbsp;&nbsp;__aeabi_memclr
<LI><a href="#[4c]">&gt;&gt;</a>&nbsp;&nbsp;&nbsp;__aeabi_memcpy
<LI><a href="#[60]">&gt;&gt;</a>&nbsp;&nbsp;&nbsp;smart_update_latency_updatareq
<LI><a href="#[49]">&gt;&gt;</a>&nbsp;&nbsp;&nbsp;_LCDisConnect
</UL>
<BR>[Address Reference Count : 1]<UL><LI> main.o(.text)
</UL>
<P><STRONG><a name="[23]"></a>Lib_MiscCallback</STRONG> (Thumb, 14 bytes, Stack size 8 bytes, main.o(.text))
<BR><BR>[Stack]<UL><LI>Max Depth = 72<LI>Call Chain = Lib_MiscCallback &rArr; _LCTimer_Handler &rArr; _LCDisConnect
</UL>
<BR>[Calls]<UL><LI><a href="#[46]">&gt;&gt;</a>&nbsp;&nbsp;&nbsp;_LCTimer_Handler
</UL>
<BR>[Address Reference Count : 1]<UL><LI> main.o(.text)
</UL>
<P><STRONG><a name="[2d]"></a>BleInit</STRONG> (Thumb, 166 bytes, Stack size 40 bytes, main.o(.text))
<BR><BR>[Stack]<UL><LI>Max Depth = 88<LI>Call Chain = BleInit &rArr; LPOCalibration &rArr; _SYS32kClockSwitch &rArr; UartEn
</UL>
<BR>[Calls]<UL><LI><a href="#[47]">&gt;&gt;</a>&nbsp;&nbsp;&nbsp;__aeabi_uread4
<LI><a href="#[4c]">&gt;&gt;</a>&nbsp;&nbsp;&nbsp;__aeabi_memcpy
<LI><a href="#[5a]">&gt;&gt;</a>&nbsp;&nbsp;&nbsp;LPOCalibration
<LI><a href="#[56]">&gt;&gt;</a>&nbsp;&nbsp;&nbsp;BBRFWrite
<LI><a href="#[57]">&gt;&gt;</a>&nbsp;&nbsp;&nbsp;BBRFRead
<LI><a href="#[2f]">&gt;&gt;</a>&nbsp;&nbsp;&nbsp;RCOSCCalibration
</UL>
<BR>[Called By]<UL><LI><a href="#[1d]">&gt;&gt;</a>&nbsp;&nbsp;&nbsp;main
</UL>

<P><STRONG><a name="[9f]"></a>DisConnect</STRONG> (Thumb, 12 bytes, Stack size 8 bytes, main.o(.text), UNUSED)

<P><STRONG><a name="[a0]"></a>SetDevAddr</STRONG> (Thumb, 12 bytes, Stack size 8 bytes, main.o(.text), UNUSED)

<P><STRONG><a name="[a1]"></a>GetDevAddr</STRONG> (Thumb, 12 bytes, Stack size 8 bytes, main.o(.text), UNUSED)

<P><STRONG><a name="[a2]"></a>SetLEFeature</STRONG> (Thumb, 12 bytes, Stack size 8 bytes, main.o(.text), UNUSED)

<P><STRONG><a name="[a3]"></a>SetAdvAccCode</STRONG> (Thumb, 12 bytes, Stack size 8 bytes, main.o(.text), UNUSED)

<P><STRONG><a name="[a4]"></a>SetAdvParams</STRONG> (Thumb, 12 bytes, Stack size 8 bytes, main.o(.text), UNUSED)

<P><STRONG><a name="[a5]"></a>SetAdvData</STRONG> (Thumb, 12 bytes, Stack size 8 bytes, main.o(.text), UNUSED)

<P><STRONG><a name="[69]"></a>StartAdv</STRONG> (Thumb, 10 bytes, Stack size 8 bytes, main.o(.text), UNUSED)
<BR><BR>[Calls]<UL><LI><a href="#[67]">&gt;&gt;</a>&nbsp;&nbsp;&nbsp;_GAPStartAdv
</UL>

<P><STRONG><a name="[a6]"></a>StopAdv</STRONG> (Thumb, 26 bytes, Stack size 8 bytes, main.o(.text), UNUSED)

<P><STRONG><a name="[a7]"></a>StopAdv_Noreset</STRONG> (Thumb, 124 bytes, Stack size 0 bytes, main.o(.text), UNUSED)

<P><STRONG><a name="[a8]"></a>SetScanParams</STRONG> (Thumb, 10 bytes, Stack size 8 bytes, main.o(.text), UNUSED)

<P><STRONG><a name="[a9]"></a>StartScan</STRONG> (Thumb, 12 bytes, Stack size 8 bytes, main.o(.text), UNUSED)

<P><STRONG><a name="[aa]"></a>StopScan</STRONG> (Thumb, 10 bytes, Stack size 8 bytes, main.o(.text), UNUSED)

<P><STRONG><a name="[ab]"></a>SetSecParams</STRONG> (Thumb, 12 bytes, Stack size 8 bytes, main.o(.text), UNUSED)

<P><STRONG><a name="[ac]"></a>SetConnectionUpdate</STRONG> (Thumb, 12 bytes, Stack size 8 bytes, main.o(.text), UNUSED)

<P><STRONG><a name="[ad]"></a>GetLinkParameters</STRONG> (Thumb, 12 bytes, Stack size 8 bytes, main.o(.text), UNUSED)

<P><STRONG><a name="[ae]"></a>SetWinWideMinusCnt</STRONG> (Thumb, 8 bytes, Stack size 0 bytes, main.o(.text), UNUSED)

<P><STRONG><a name="[af]"></a>SetPasskey</STRONG> (Thumb, 12 bytes, Stack size 8 bytes, main.o(.text), UNUSED)

<P><STRONG><a name="[b0]"></a>SecurityReq</STRONG> (Thumb, 12 bytes, Stack size 8 bytes, main.o(.text), UNUSED)

<P><STRONG><a name="[6a]"></a>SetEvtCallback</STRONG> (Thumb, 54 bytes, Stack size 24 bytes, main.o(.text), UNUSED)
<BR><BR>[Calls]<UL><LI><a href="#[48]">&gt;&gt;</a>&nbsp;&nbsp;&nbsp;__aeabi_uwrite4
<LI><a href="#[47]">&gt;&gt;</a>&nbsp;&nbsp;&nbsp;__aeabi_uread4
</UL>

<P><STRONG><a name="[b1]"></a>GetGATTReportHandle</STRONG> (Thumb, 10 bytes, Stack size 8 bytes, main.o(.text), UNUSED)

<P><STRONG><a name="[b2]"></a>SetGATTReadRsp</STRONG> (Thumb, 12 bytes, Stack size 8 bytes, main.o(.text), UNUSED)

<P><STRONG><a name="[b3]"></a>CheckFIFOFull</STRONG> (Thumb, 18 bytes, Stack size 8 bytes, main.o(.text), UNUSED)

<P><STRONG><a name="[b4]"></a>GATTDataSend</STRONG> (Thumb, 48 bytes, Stack size 24 bytes, main.o(.text), UNUSED)

<P><STRONG><a name="[b5]"></a>ATTCSetCallback</STRONG> (Thumb, 4 bytes, Stack size 0 bytes, main.o(.text), UNUSED)

<P><STRONG><a name="[b6]"></a>ATTCMTUReq</STRONG> (Thumb, 24 bytes, Stack size 8 bytes, main.o(.text), UNUSED)

<P><STRONG><a name="[b7]"></a>ATTCFindInfoReq</STRONG> (Thumb, 28 bytes, Stack size 16 bytes, main.o(.text), UNUSED)

<P><STRONG><a name="[b8]"></a>ATTCFindByTypeValueReq</STRONG> (Thumb, 42 bytes, Stack size 40 bytes, main.o(.text), UNUSED)

<P><STRONG><a name="[b9]"></a>ATTCReadByTypeReq</STRONG> (Thumb, 36 bytes, Stack size 24 bytes, main.o(.text), UNUSED)

<P><STRONG><a name="[ba]"></a>ATTCReadReq</STRONG> (Thumb, 24 bytes, Stack size 8 bytes, main.o(.text), UNUSED)

<P><STRONG><a name="[bb]"></a>ATTCReadBlobReq</STRONG> (Thumb, 28 bytes, Stack size 16 bytes, main.o(.text), UNUSED)

<P><STRONG><a name="[bc]"></a>ATTCReadMultipleReq</STRONG> (Thumb, 28 bytes, Stack size 16 bytes, main.o(.text), UNUSED)

<P><STRONG><a name="[bd]"></a>ATTCReadByGroupTypeReq</STRONG> (Thumb, 34 bytes, Stack size 24 bytes, main.o(.text), UNUSED)

<P><STRONG><a name="[be]"></a>ATTCWriteReq</STRONG> (Thumb, 32 bytes, Stack size 16 bytes, main.o(.text), UNUSED)

<P><STRONG><a name="[bf]"></a>ATTCWriteCmdReq</STRONG> (Thumb, 32 bytes, Stack size 16 bytes, main.o(.text), UNUSED)

<P><STRONG><a name="[c0]"></a>ATTCPrepareWriteReq</STRONG> (Thumb, 36 bytes, Stack size 24 bytes, main.o(.text), UNUSED)

<P><STRONG><a name="[c1]"></a>ATTCExecuteWriteReq</STRONG> (Thumb, 24 bytes, Stack size 8 bytes, main.o(.text), UNUSED)

<P><STRONG><a name="[c2]"></a>ATTCConfirmation</STRONG> (Thumb, 20 bytes, Stack size 8 bytes, main.o(.text), UNUSED)

<P><STRONG><a name="[6b]"></a>_SYSClockSwitch</STRONG> (Thumb, 86 bytes, Stack size 16 bytes, main.o(.text))
<BR><BR>[Stack]<UL><LI>Max Depth = 16<LI>Call Chain = _SYSClockSwitch
</UL>
<BR>[Calls]<UL><LI><a href="#[56]">&gt;&gt;</a>&nbsp;&nbsp;&nbsp;BBRFWrite
</UL>
<BR>[Called By]<UL><LI><a href="#[2e]">&gt;&gt;</a>&nbsp;&nbsp;&nbsp;MCUClockSwitch
</UL>

<P><STRONG><a name="[2e]"></a>MCUClockSwitch</STRONG> (Thumb, 2 bytes, Stack size 0 bytes, main.o(.text))
<BR><BR>[Stack]<UL><LI>Max Depth = 16<LI>Call Chain = MCUClockSwitch &rArr; _SYSClockSwitch
</UL>
<BR>[Calls]<UL><LI><a href="#[6b]">&gt;&gt;</a>&nbsp;&nbsp;&nbsp;_SYSClockSwitch
</UL>
<BR>[Called By]<UL><LI><a href="#[1d]">&gt;&gt;</a>&nbsp;&nbsp;&nbsp;main
</UL>

<P><STRONG><a name="[c3]"></a>GetMCUClock</STRONG> (Thumb, 14 bytes, Stack size 8 bytes, main.o(.text), UNUSED)

<P><STRONG><a name="[c4]"></a>GetClock</STRONG> (Thumb, 16 bytes, Stack size 8 bytes, main.o(.text), UNUSED)

<P><STRONG><a name="[c5]"></a>WakeupConfig</STRONG> (Thumb, 12 bytes, Stack size 8 bytes, main.o(.text), UNUSED)

<P><STRONG><a name="[c6]"></a>LLSleep</STRONG> (Thumb, 12 bytes, Stack size 8 bytes, main.o(.text), UNUSED)

<P><STRONG><a name="[c7]"></a>Rand</STRONG> (Thumb, 4 bytes, Stack size 0 bytes, main.o(.text), UNUSED)

<P><STRONG><a name="[c8]"></a>DelayUS</STRONG> (Thumb, 4 bytes, Stack size 0 bytes, main.o(.text), UNUSED)

<P><STRONG><a name="[c9]"></a>DelayMS</STRONG> (Thumb, 6 bytes, Stack size 0 bytes, main.o(.text), UNUSED)

<P><STRONG><a name="[ca]"></a>GetCompanyID</STRONG> (Thumb, 18 bytes, Stack size 8 bytes, main.o(.text), UNUSED)

<P><STRONG><a name="[cb]"></a>GetQFNType</STRONG> (Thumb, 20 bytes, Stack size 8 bytes, main.o(.text), UNUSED)

<P><STRONG><a name="[6c]"></a>RFRead</STRONG> (Thumb, 8 bytes, Stack size 8 bytes, main.o(.text), UNUSED)
<BR><BR>[Calls]<UL><LI><a href="#[57]">&gt;&gt;</a>&nbsp;&nbsp;&nbsp;BBRFRead
</UL>

<P><STRONG><a name="[6d]"></a>RFWrite</STRONG> (Thumb, 8 bytes, Stack size 8 bytes, main.o(.text), UNUSED)
<BR><BR>[Calls]<UL><LI><a href="#[56]">&gt;&gt;</a>&nbsp;&nbsp;&nbsp;BBRFWrite
</UL>

<P><STRONG><a name="[6f]"></a>lib_check_ble_fsm_state</STRONG> (Thumb, 26 bytes, Stack size 0 bytes, main.o(.text), UNUSED)
<BR><BR>[Called By]<UL><LI><a href="#[6e]">&gt;&gt;</a>&nbsp;&nbsp;&nbsp;SystemSleep
</UL>

<P><STRONG><a name="[6e]"></a>SystemSleep</STRONG> (Thumb, 20 bytes, Stack size 8 bytes, main.o(.text), UNUSED)
<BR><BR>[Calls]<UL><LI><a href="#[6f]">&gt;&gt;</a>&nbsp;&nbsp;&nbsp;lib_check_ble_fsm_state
</UL>

<P><STRONG><a name="[cc]"></a>SystemPowerDown</STRONG> (Thumb, 80 bytes, Stack size 8 bytes, main.o(.text), UNUSED)

<P><STRONG><a name="[cd]"></a>SystemReset</STRONG> (Thumb, 12 bytes, Stack size 8 bytes, main.o(.text), UNUSED)

<P><STRONG><a name="[ce]"></a>CapdetEn</STRONG> (Thumb, 70 bytes, Stack size 8 bytes, main.o(.text), UNUSED)

<P><STRONG><a name="[cf]"></a>PowerDownLPOEn</STRONG> (Thumb, 10 bytes, Stack size 8 bytes, main.o(.text), UNUSED)

<P><STRONG><a name="[d0]"></a>SetBondManagerIndex</STRONG> (Thumb, 10 bytes, Stack size 8 bytes, main.o(.text), UNUSED)

<P><STRONG><a name="[d1]"></a>GetBondDevice</STRONG> (Thumb, 6 bytes, Stack size 0 bytes, main.o(.text), UNUSED)

<P><STRONG><a name="[d2]"></a>AddBondDevice</STRONG> (Thumb, 12 bytes, Stack size 8 bytes, main.o(.text), UNUSED)

<P><STRONG><a name="[d3]"></a>DelAllBondDevice</STRONG> (Thumb, 12 bytes, Stack size 8 bytes, main.o(.text), UNUSED)

<P><STRONG><a name="[d4]"></a>DelBondDevice</STRONG> (Thumb, 12 bytes, Stack size 8 bytes, main.o(.text), UNUSED)

<P><STRONG><a name="[d5]"></a>ReadProfileData</STRONG> (Thumb, 4 bytes, Stack size 0 bytes, main.o(.text), UNUSED)

<P><STRONG><a name="[d6]"></a>WriteProfileData</STRONG> (Thumb, 6 bytes, Stack size 0 bytes, main.o(.text), UNUSED)

<P><STRONG><a name="[70]"></a>EraseFlashData</STRONG> (Thumb, 34 bytes, Stack size 16 bytes, main.o(.text), UNUSED)
<BR><BR>[Calls]<UL><LI><a href="#[47]">&gt;&gt;</a>&nbsp;&nbsp;&nbsp;__aeabi_uread4
</UL>

<P><STRONG><a name="[71]"></a>ReadFlashData</STRONG> (Thumb, 40 bytes, Stack size 16 bytes, main.o(.text), UNUSED)
<BR><BR>[Calls]<UL><LI><a href="#[47]">&gt;&gt;</a>&nbsp;&nbsp;&nbsp;__aeabi_uread4
</UL>

<P><STRONG><a name="[72]"></a>WriteFlashData</STRONG> (Thumb, 40 bytes, Stack size 16 bytes, main.o(.text), UNUSED)
<BR><BR>[Calls]<UL><LI><a href="#[47]">&gt;&gt;</a>&nbsp;&nbsp;&nbsp;__aeabi_uread4
</UL>

<P><STRONG><a name="[73]"></a>CodeErase</STRONG> (Thumb, 100 bytes, Stack size 16 bytes, main.o(.text), UNUSED)
<BR><BR>[Calls]<UL><LI><a href="#[47]">&gt;&gt;</a>&nbsp;&nbsp;&nbsp;__aeabi_uread4
</UL>

<P><STRONG><a name="[74]"></a>CodeErase_sector</STRONG> (Thumb, 72 bytes, Stack size 16 bytes, main.o(.text), UNUSED)
<BR><BR>[Calls]<UL><LI><a href="#[47]">&gt;&gt;</a>&nbsp;&nbsp;&nbsp;__aeabi_uread4
</UL>

<P><STRONG><a name="[75]"></a>_FMCodeWrite</STRONG> (Thumb, 58 bytes, Stack size 24 bytes, main.o(.text), UNUSED)
<BR><BR>[Calls]<UL><LI><a href="#[47]">&gt;&gt;</a>&nbsp;&nbsp;&nbsp;__aeabi_uread4
</UL>
<BR>[Called By]<UL><LI><a href="#[76]">&gt;&gt;</a>&nbsp;&nbsp;&nbsp;CodeWrite
</UL>

<P><STRONG><a name="[76]"></a>CodeWrite</STRONG> (Thumb, 32 bytes, Stack size 8 bytes, main.o(.text), UNUSED)
<BR><BR>[Calls]<UL><LI><a href="#[75]">&gt;&gt;</a>&nbsp;&nbsp;&nbsp;_FMCodeWrite
</UL>

<P><STRONG><a name="[d7]"></a>CodeUpdate</STRONG> (Thumb, 10 bytes, Stack size 8 bytes, main.o(.text), UNUSED)

<P><STRONG><a name="[77]"></a>ble_sched_execute</STRONG> (Thumb, 150 bytes, Stack size 24 bytes, main.o(.text), UNUSED)
<BR><BR>[Calls]<UL><LI><a href="#[50]">&gt;&gt;</a>&nbsp;&nbsp;&nbsp;smart_latency_start
</UL>

<P><STRONG><a name="[d8]"></a>ble_sched_finish</STRONG> (Thumb, 4 bytes, Stack size 0 bytes, main.o(.text), UNUSED)

<P><STRONG><a name="[d9]"></a>syd52832_chip_confirm</STRONG> (Thumb, 26 bytes, Stack size 16 bytes, main.o(.text), UNUSED)

<P><STRONG><a name="[78]"></a>gap_s_smart_update_latency</STRONG> (Thumb, 164 bytes, Stack size 16 bytes, main.o(.text), UNUSED)
<BR><BR>[Calls]<UL><LI><a href="#[5f]">&gt;&gt;</a>&nbsp;&nbsp;&nbsp;smart_update_retry
</UL>

<P><STRONG><a name="[7a]"></a>eFuseManual</STRONG> (Thumb, 28 bytes, Stack size 0 bytes, main.o(.text), UNUSED)
<BR><BR>[Called By]<UL><LI><a href="#[79]">&gt;&gt;</a>&nbsp;&nbsp;&nbsp;GPADC_Manual_Calibration
</UL>

<P><STRONG><a name="[79]"></a>GPADC_Manual_Calibration</STRONG> (Thumb, 36 bytes, Stack size 16 bytes, main.o(.text), UNUSED)
<BR><BR>[Calls]<UL><LI><a href="#[7a]">&gt;&gt;</a>&nbsp;&nbsp;&nbsp;eFuseManual
</UL>

<P><STRONG><a name="[da]"></a>GAPGetUartEn</STRONG> (Thumb, 6 bytes, Stack size 0 bytes, main.o(.text), UNUSED)

<P><STRONG><a name="[db]"></a>GAPUartEn</STRONG> (Thumb, 6 bytes, Stack size 0 bytes, main.o(.text), UNUSED)

<P><STRONG><a name="[dc]"></a>GAPBBDelayUS</STRONG> (Thumb, 4 bytes, Stack size 0 bytes, main.o(.text), UNUSED)

<P><STRONG><a name="[dd]"></a>GAPBBDelayMS</STRONG> (Thumb, 6 bytes, Stack size 0 bytes, main.o(.text), UNUSED)

<P><STRONG><a name="[de]"></a>GAPGetRFAutoSleep</STRONG> (Thumb, 4 bytes, Stack size 0 bytes, main.o(.text), UNUSED)

<P><STRONG><a name="[df]"></a>GAPSetRFAutoSleep</STRONG> (Thumb, 6 bytes, Stack size 0 bytes, main.o(.text), UNUSED)

<P><STRONG><a name="[7b]"></a>Setting4kUpdate</STRONG> (Thumb, 162 bytes, Stack size 24 bytes, main.o(.text), UNUSED)
<BR><BR>[Calls]<UL><LI><a href="#[47]">&gt;&gt;</a>&nbsp;&nbsp;&nbsp;__aeabi_uread4
<LI><a href="#[4c]">&gt;&gt;</a>&nbsp;&nbsp;&nbsp;__aeabi_memcpy
</UL>

<P><STRONG><a name="[7c]"></a>SetDevAddr_toflash</STRONG> (Thumb, 72 bytes, Stack size 16 bytes, main.o(.text), UNUSED)
<BR><BR>[Calls]<UL><LI><a href="#[47]">&gt;&gt;</a>&nbsp;&nbsp;&nbsp;__aeabi_uread4
<LI><a href="#[4c]">&gt;&gt;</a>&nbsp;&nbsp;&nbsp;__aeabi_memcpy
</UL>

<P><STRONG><a name="[7d]"></a>gap_s_verdor_datas_get</STRONG> (Thumb, 26 bytes, Stack size 8 bytes, main.o(.text), UNUSED)
<BR><BR>[Calls]<UL><LI><a href="#[47]">&gt;&gt;</a>&nbsp;&nbsp;&nbsp;__aeabi_uread4
</UL>

<P><STRONG><a name="[7e]"></a>gap_s_verdor_datas_set</STRONG> (Thumb, 66 bytes, Stack size 16 bytes, main.o(.text), UNUSED)
<BR><BR>[Calls]<UL><LI><a href="#[47]">&gt;&gt;</a>&nbsp;&nbsp;&nbsp;__aeabi_uread4
<LI><a href="#[4c]">&gt;&gt;</a>&nbsp;&nbsp;&nbsp;__aeabi_memcpy
</UL>

<P><STRONG><a name="[e0]"></a>gap_s_is_ll_start_enc</STRONG> (Thumb, 26 bytes, Stack size 0 bytes, main.o(.text), UNUSED)

<P><STRONG><a name="[e1]"></a>GAPBBTXFIFO0Write</STRONG> (Thumb, 4 bytes, Stack size 0 bytes, main.o(.text), UNUSED)

<P><STRONG><a name="[7f]"></a>flash_peotect_key_confirm</STRONG> (Thumb, 148 bytes, Stack size 32 bytes, main.o(.text), UNUSED)
<BR><BR>[Calls]<UL><LI><a href="#[47]">&gt;&gt;</a>&nbsp;&nbsp;&nbsp;__aeabi_uread4
</UL>

<P><STRONG><a name="[e2]"></a>flash_data_offect_get</STRONG> (Thumb, 50 bytes, Stack size 0 bytes, main.o(.text), UNUSED)

<P><STRONG><a name="[3a]"></a>EraseCodeB</STRONG> (Thumb, 58 bytes, Stack size 16 bytes, main.o(.text))
<BR><BR>[Stack]<UL><LI>Max Depth = 16<LI>Call Chain = EraseCodeB
</UL>
<BR>[Calls]<UL><LI><a href="#[47]">&gt;&gt;</a>&nbsp;&nbsp;&nbsp;__aeabi_uread4
</UL>
<BR>[Called By]<UL><LI><a href="#[1d]">&gt;&gt;</a>&nbsp;&nbsp;&nbsp;main
</UL>

<P><STRONG><a name="[3e]"></a>ReadCodeB</STRONG> (Thumb, 60 bytes, Stack size 24 bytes, main.o(.text))
<BR><BR>[Stack]<UL><LI>Max Depth = 24<LI>Call Chain = ReadCodeB
</UL>
<BR>[Calls]<UL><LI><a href="#[47]">&gt;&gt;</a>&nbsp;&nbsp;&nbsp;__aeabi_uread4
</UL>
<BR>[Called By]<UL><LI><a href="#[1d]">&gt;&gt;</a>&nbsp;&nbsp;&nbsp;main
</UL>

<P><STRONG><a name="[3b]"></a>WriteCodeB</STRONG> (Thumb, 62 bytes, Stack size 24 bytes, main.o(.text))
<BR><BR>[Stack]<UL><LI>Max Depth = 24<LI>Call Chain = WriteCodeB
</UL>
<BR>[Calls]<UL><LI><a href="#[47]">&gt;&gt;</a>&nbsp;&nbsp;&nbsp;__aeabi_uread4
</UL>
<BR>[Called By]<UL><LI><a href="#[1d]">&gt;&gt;</a>&nbsp;&nbsp;&nbsp;main
</UL>

<P><STRONG><a name="[e3]"></a>__aeabi_uidiv</STRONG> (Thumb, 0 bytes, Stack size 12 bytes, uidiv.o(.text), UNUSED)

<P><STRONG><a name="[68]"></a>__aeabi_uidivmod</STRONG> (Thumb, 44 bytes, Stack size 12 bytes, uidiv.o(.text))
<BR><BR>[Stack]<UL><LI>Max Depth = 12<LI>Call Chain = __aeabi_uidivmod
</UL>
<BR>[Called By]<UL><LI><a href="#[92]">&gt;&gt;</a>&nbsp;&nbsp;&nbsp;_printf_core
<LI><a href="#[54]">&gt;&gt;</a>&nbsp;&nbsp;&nbsp;__aeabi_idivmod
<LI><a href="#[67]">&gt;&gt;</a>&nbsp;&nbsp;&nbsp;_GAPStartAdv
</UL>

<P><STRONG><a name="[e4]"></a>__aeabi_idiv</STRONG> (Thumb, 0 bytes, Stack size 16 bytes, idiv.o(.text), UNUSED)

<P><STRONG><a name="[54]"></a>__aeabi_idivmod</STRONG> (Thumb, 40 bytes, Stack size 16 bytes, idiv.o(.text))
<BR><BR>[Stack]<UL><LI>Max Depth = 28<LI>Call Chain = __aeabi_idivmod &rArr; __aeabi_uidivmod
</UL>
<BR>[Calls]<UL><LI><a href="#[68]">&gt;&gt;</a>&nbsp;&nbsp;&nbsp;__aeabi_uidivmod
</UL>
<BR>[Called By]<UL><LI><a href="#[50]">&gt;&gt;</a>&nbsp;&nbsp;&nbsp;smart_latency_start
</UL>

<P><STRONG><a name="[4c]"></a>__aeabi_memcpy</STRONG> (Thumb, 36 bytes, Stack size 0 bytes, memcpya.o(.text))
<BR><BR>[Called By]<UL><LI><a href="#[7e]">&gt;&gt;</a>&nbsp;&nbsp;&nbsp;gap_s_verdor_datas_set
<LI><a href="#[7c]">&gt;&gt;</a>&nbsp;&nbsp;&nbsp;SetDevAddr_toflash
<LI><a href="#[7b]">&gt;&gt;</a>&nbsp;&nbsp;&nbsp;Setting4kUpdate
<LI><a href="#[25]">&gt;&gt;</a>&nbsp;&nbsp;&nbsp;Lib_ProtocolHookCallback
<LI><a href="#[67]">&gt;&gt;</a>&nbsp;&nbsp;&nbsp;_GAPStartAdv
<LI><a href="#[4d]">&gt;&gt;</a>&nbsp;&nbsp;&nbsp;_LCTxPkt_Handler
<LI><a href="#[4a]">&gt;&gt;</a>&nbsp;&nbsp;&nbsp;_LCRxPkt_Handler
<LI><a href="#[2d]">&gt;&gt;</a>&nbsp;&nbsp;&nbsp;BleInit
</UL>

<P><STRONG><a name="[e5]"></a>__aeabi_memcpy4</STRONG> (Thumb, 0 bytes, Stack size 0 bytes, memcpya.o(.text), UNUSED)

<P><STRONG><a name="[e6]"></a>__aeabi_memcpy8</STRONG> (Thumb, 0 bytes, Stack size 0 bytes, memcpya.o(.text), UNUSED)

<P><STRONG><a name="[80]"></a>__aeabi_memset</STRONG> (Thumb, 14 bytes, Stack size 0 bytes, memseta.o(.text))
<BR><BR>[Called By]<UL><LI><a href="#[81]">&gt;&gt;</a>&nbsp;&nbsp;&nbsp;_memset$wrapper
<LI><a href="#[5d]">&gt;&gt;</a>&nbsp;&nbsp;&nbsp;__aeabi_memclr
</UL>

<P><STRONG><a name="[e7]"></a>__aeabi_memset4</STRONG> (Thumb, 0 bytes, Stack size 0 bytes, memseta.o(.text), UNUSED)

<P><STRONG><a name="[e8]"></a>__aeabi_memset8</STRONG> (Thumb, 0 bytes, Stack size 0 bytes, memseta.o(.text), UNUSED)

<P><STRONG><a name="[5d]"></a>__aeabi_memclr</STRONG> (Thumb, 4 bytes, Stack size 0 bytes, memseta.o(.text))
<BR><BR>[Calls]<UL><LI><a href="#[80]">&gt;&gt;</a>&nbsp;&nbsp;&nbsp;__aeabi_memset
</UL>
<BR>[Called By]<UL><LI><a href="#[25]">&gt;&gt;</a>&nbsp;&nbsp;&nbsp;Lib_ProtocolHookCallback
<LI><a href="#[5c]">&gt;&gt;</a>&nbsp;&nbsp;&nbsp;smart_latency_clear
</UL>

<P><STRONG><a name="[3d]"></a>__aeabi_memclr4</STRONG> (Thumb, 0 bytes, Stack size 0 bytes, memseta.o(.text))
<BR><BR>[Called By]<UL><LI><a href="#[1d]">&gt;&gt;</a>&nbsp;&nbsp;&nbsp;main
</UL>

<P><STRONG><a name="[e9]"></a>__aeabi_memclr8</STRONG> (Thumb, 0 bytes, Stack size 0 bytes, memseta.o(.text), UNUSED)

<P><STRONG><a name="[81]"></a>_memset$wrapper</STRONG> (Thumb, 18 bytes, Stack size 8 bytes, memseta.o(.text), UNUSED)
<BR><BR>[Calls]<UL><LI><a href="#[80]">&gt;&gt;</a>&nbsp;&nbsp;&nbsp;__aeabi_memset
</UL>

<P><STRONG><a name="[3f]"></a>memcmp</STRONG> (Thumb, 26 bytes, Stack size 12 bytes, memcmp.o(.text))
<BR><BR>[Stack]<UL><LI>Max Depth = 12<LI>Call Chain = memcmp
</UL>
<BR>[Called By]<UL><LI><a href="#[1d]">&gt;&gt;</a>&nbsp;&nbsp;&nbsp;main
</UL>

<P><STRONG><a name="[47]"></a>__aeabi_uread4</STRONG> (Thumb, 20 bytes, Stack size 0 bytes, uread4.o(.text))
<BR><BR>[Called By]<UL><LI><a href="#[7f]">&gt;&gt;</a>&nbsp;&nbsp;&nbsp;flash_peotect_key_confirm
<LI><a href="#[7e]">&gt;&gt;</a>&nbsp;&nbsp;&nbsp;gap_s_verdor_datas_set
<LI><a href="#[7d]">&gt;&gt;</a>&nbsp;&nbsp;&nbsp;gap_s_verdor_datas_get
<LI><a href="#[7c]">&gt;&gt;</a>&nbsp;&nbsp;&nbsp;SetDevAddr_toflash
<LI><a href="#[7b]">&gt;&gt;</a>&nbsp;&nbsp;&nbsp;Setting4kUpdate
<LI><a href="#[75]">&gt;&gt;</a>&nbsp;&nbsp;&nbsp;_FMCodeWrite
<LI><a href="#[74]">&gt;&gt;</a>&nbsp;&nbsp;&nbsp;CodeErase_sector
<LI><a href="#[73]">&gt;&gt;</a>&nbsp;&nbsp;&nbsp;CodeErase
<LI><a href="#[72]">&gt;&gt;</a>&nbsp;&nbsp;&nbsp;WriteFlashData
<LI><a href="#[71]">&gt;&gt;</a>&nbsp;&nbsp;&nbsp;ReadFlashData
<LI><a href="#[70]">&gt;&gt;</a>&nbsp;&nbsp;&nbsp;EraseFlashData
<LI><a href="#[6a]">&gt;&gt;</a>&nbsp;&nbsp;&nbsp;SetEvtCallback
<LI><a href="#[26]">&gt;&gt;</a>&nbsp;&nbsp;&nbsp;Lib_EvtCallback
<LI><a href="#[24]">&gt;&gt;</a>&nbsp;&nbsp;&nbsp;Lib_LLEvtCallback
<LI><a href="#[46]">&gt;&gt;</a>&nbsp;&nbsp;&nbsp;_LCTimer_Handler
<LI><a href="#[3b]">&gt;&gt;</a>&nbsp;&nbsp;&nbsp;WriteCodeB
<LI><a href="#[3e]">&gt;&gt;</a>&nbsp;&nbsp;&nbsp;ReadCodeB
<LI><a href="#[3a]">&gt;&gt;</a>&nbsp;&nbsp;&nbsp;EraseCodeB
<LI><a href="#[2d]">&gt;&gt;</a>&nbsp;&nbsp;&nbsp;BleInit
</UL>

<P><STRONG><a name="[ea]"></a>__rt_uread4</STRONG> (Thumb, 0 bytes, Stack size 0 bytes, uread4.o(.text), UNUSED)

<P><STRONG><a name="[eb]"></a>_uread4</STRONG> (Thumb, 0 bytes, Stack size 0 bytes, uread4.o(.text), UNUSED)

<P><STRONG><a name="[48]"></a>__aeabi_uwrite4</STRONG> (Thumb, 18 bytes, Stack size 0 bytes, uwrite4.o(.text))
<BR><BR>[Called By]<UL><LI><a href="#[6a]">&gt;&gt;</a>&nbsp;&nbsp;&nbsp;SetEvtCallback
<LI><a href="#[46]">&gt;&gt;</a>&nbsp;&nbsp;&nbsp;_LCTimer_Handler
</UL>

<P><STRONG><a name="[ec]"></a>__rt_uwrite4</STRONG> (Thumb, 0 bytes, Stack size 0 bytes, uwrite4.o(.text), UNUSED)

<P><STRONG><a name="[ed]"></a>_uwrite4</STRONG> (Thumb, 0 bytes, Stack size 0 bytes, uwrite4.o(.text), UNUSED)

<P><STRONG><a name="[64]"></a>__aeabi_fadd</STRONG> (Thumb, 162 bytes, Stack size 24 bytes, fadd.o(.text))
<BR><BR>[Stack]<UL><LI>Max Depth = 36<LI>Call Chain = __aeabi_fadd &rArr; _float_epilogue
</UL>
<BR>[Calls]<UL><LI><a href="#[83]">&gt;&gt;</a>&nbsp;&nbsp;&nbsp;_float_round
<LI><a href="#[82]">&gt;&gt;</a>&nbsp;&nbsp;&nbsp;_float_epilogue
</UL>
<BR>[Called By]<UL><LI><a href="#[85]">&gt;&gt;</a>&nbsp;&nbsp;&nbsp;__aeabi_frsub
<LI><a href="#[84]">&gt;&gt;</a>&nbsp;&nbsp;&nbsp;__aeabi_fsub
<LI><a href="#[60]">&gt;&gt;</a>&nbsp;&nbsp;&nbsp;smart_update_latency_updatareq
</UL>

<P><STRONG><a name="[84]"></a>__aeabi_fsub</STRONG> (Thumb, 8 bytes, Stack size 0 bytes, fadd.o(.text), UNUSED)
<BR><BR>[Calls]<UL><LI><a href="#[64]">&gt;&gt;</a>&nbsp;&nbsp;&nbsp;__aeabi_fadd
</UL>

<P><STRONG><a name="[85]"></a>__aeabi_frsub</STRONG> (Thumb, 8 bytes, Stack size 0 bytes, fadd.o(.text), UNUSED)
<BR><BR>[Calls]<UL><LI><a href="#[64]">&gt;&gt;</a>&nbsp;&nbsp;&nbsp;__aeabi_fadd
</UL>

<P><STRONG><a name="[62]"></a>__aeabi_dadd</STRONG> (Thumb, 328 bytes, Stack size 48 bytes, dadd.o(.text))
<BR><BR>[Stack]<UL><LI>Max Depth = 104<LI>Call Chain = __aeabi_dadd &rArr; _double_epilogue &rArr; __aeabi_llsr
</UL>
<BR>[Calls]<UL><LI><a href="#[87]">&gt;&gt;</a>&nbsp;&nbsp;&nbsp;__aeabi_lasr
<LI><a href="#[86]">&gt;&gt;</a>&nbsp;&nbsp;&nbsp;__aeabi_llsl
<LI><a href="#[89]">&gt;&gt;</a>&nbsp;&nbsp;&nbsp;_double_round
<LI><a href="#[88]">&gt;&gt;</a>&nbsp;&nbsp;&nbsp;_double_epilogue
</UL>
<BR>[Called By]<UL><LI><a href="#[8b]">&gt;&gt;</a>&nbsp;&nbsp;&nbsp;__aeabi_drsub
<LI><a href="#[8a]">&gt;&gt;</a>&nbsp;&nbsp;&nbsp;__aeabi_dsub
<LI><a href="#[93]">&gt;&gt;</a>&nbsp;&nbsp;&nbsp;_fp_digits
<LI><a href="#[60]">&gt;&gt;</a>&nbsp;&nbsp;&nbsp;smart_update_latency_updatareq
</UL>

<P><STRONG><a name="[8a]"></a>__aeabi_dsub</STRONG> (Thumb, 12 bytes, Stack size 8 bytes, dadd.o(.text), UNUSED)
<BR><BR>[Calls]<UL><LI><a href="#[62]">&gt;&gt;</a>&nbsp;&nbsp;&nbsp;__aeabi_dadd
</UL>

<P><STRONG><a name="[8b]"></a>__aeabi_drsub</STRONG> (Thumb, 12 bytes, Stack size 8 bytes, dadd.o(.text), UNUSED)
<BR><BR>[Calls]<UL><LI><a href="#[62]">&gt;&gt;</a>&nbsp;&nbsp;&nbsp;__aeabi_dadd
</UL>

<P><STRONG><a name="[52]"></a>__aeabi_dmul</STRONG> (Thumb, 202 bytes, Stack size 72 bytes, dmul.o(.text))
<BR><BR>[Stack]<UL><LI>Max Depth = 128<LI>Call Chain = __aeabi_dmul &rArr; _double_epilogue &rArr; __aeabi_llsr
</UL>
<BR>[Calls]<UL><LI><a href="#[88]">&gt;&gt;</a>&nbsp;&nbsp;&nbsp;_double_epilogue
</UL>
<BR>[Called By]<UL><LI><a href="#[93]">&gt;&gt;</a>&nbsp;&nbsp;&nbsp;_fp_digits
<LI><a href="#[60]">&gt;&gt;</a>&nbsp;&nbsp;&nbsp;smart_update_latency_updatareq
<LI><a href="#[50]">&gt;&gt;</a>&nbsp;&nbsp;&nbsp;smart_latency_start
</UL>

<P><STRONG><a name="[66]"></a>__aeabi_ddiv</STRONG> (Thumb, 234 bytes, Stack size 40 bytes, ddiv.o(.text))
<BR><BR>[Stack]<UL><LI>Max Depth = 48<LI>Call Chain = __aeabi_ddiv &rArr; _double_round
</UL>
<BR>[Calls]<UL><LI><a href="#[89]">&gt;&gt;</a>&nbsp;&nbsp;&nbsp;_double_round
</UL>
<BR>[Called By]<UL><LI><a href="#[93]">&gt;&gt;</a>&nbsp;&nbsp;&nbsp;_fp_digits
<LI><a href="#[60]">&gt;&gt;</a>&nbsp;&nbsp;&nbsp;smart_update_latency_updatareq
</UL>

<P><STRONG><a name="[63]"></a>__aeabi_ui2f</STRONG> (Thumb, 14 bytes, Stack size 8 bytes, ffltui.o(.text))
<BR><BR>[Stack]<UL><LI>Max Depth = 20<LI>Call Chain = __aeabi_ui2f &rArr; _float_epilogue
</UL>
<BR>[Calls]<UL><LI><a href="#[82]">&gt;&gt;</a>&nbsp;&nbsp;&nbsp;_float_epilogue
</UL>
<BR>[Called By]<UL><LI><a href="#[60]">&gt;&gt;</a>&nbsp;&nbsp;&nbsp;smart_update_latency_updatareq
</UL>

<P><STRONG><a name="[61]"></a>__aeabi_i2d</STRONG> (Thumb, 34 bytes, Stack size 16 bytes, dflti.o(.text))
<BR><BR>[Stack]<UL><LI>Max Depth = 72<LI>Call Chain = __aeabi_i2d &rArr; _double_epilogue &rArr; __aeabi_llsr
</UL>
<BR>[Calls]<UL><LI><a href="#[88]">&gt;&gt;</a>&nbsp;&nbsp;&nbsp;_double_epilogue
</UL>
<BR>[Called By]<UL><LI><a href="#[60]">&gt;&gt;</a>&nbsp;&nbsp;&nbsp;smart_update_latency_updatareq
</UL>

<P><STRONG><a name="[51]"></a>__aeabi_ui2d</STRONG> (Thumb, 24 bytes, Stack size 16 bytes, dfltui.o(.text))
<BR><BR>[Stack]<UL><LI>Max Depth = 72<LI>Call Chain = __aeabi_ui2d &rArr; _double_epilogue &rArr; __aeabi_llsr
</UL>
<BR>[Calls]<UL><LI><a href="#[88]">&gt;&gt;</a>&nbsp;&nbsp;&nbsp;_double_epilogue
</UL>
<BR>[Called By]<UL><LI><a href="#[60]">&gt;&gt;</a>&nbsp;&nbsp;&nbsp;smart_update_latency_updatareq
<LI><a href="#[50]">&gt;&gt;</a>&nbsp;&nbsp;&nbsp;smart_latency_start
</UL>

<P><STRONG><a name="[53]"></a>__aeabi_d2uiz</STRONG> (Thumb, 50 bytes, Stack size 8 bytes, dfixui.o(.text))
<BR><BR>[Stack]<UL><LI>Max Depth = 16<LI>Call Chain = __aeabi_d2uiz &rArr; __aeabi_llsr
</UL>
<BR>[Calls]<UL><LI><a href="#[8c]">&gt;&gt;</a>&nbsp;&nbsp;&nbsp;__aeabi_llsr
</UL>
<BR>[Called By]<UL><LI><a href="#[60]">&gt;&gt;</a>&nbsp;&nbsp;&nbsp;smart_update_latency_updatareq
<LI><a href="#[50]">&gt;&gt;</a>&nbsp;&nbsp;&nbsp;smart_latency_start
</UL>

<P><STRONG><a name="[65]"></a>__aeabi_f2d</STRONG> (Thumb, 40 bytes, Stack size 0 bytes, f2d.o(.text))
<BR><BR>[Called By]<UL><LI><a href="#[60]">&gt;&gt;</a>&nbsp;&nbsp;&nbsp;smart_update_latency_updatareq
</UL>

<P><STRONG><a name="[8d]"></a>__aeabi_uldivmod</STRONG> (Thumb, 96 bytes, Stack size 48 bytes, uldiv.o(.text), UNUSED)
<BR><BR>[Calls]<UL><LI><a href="#[8c]">&gt;&gt;</a>&nbsp;&nbsp;&nbsp;__aeabi_llsr
<LI><a href="#[86]">&gt;&gt;</a>&nbsp;&nbsp;&nbsp;__aeabi_llsl
</UL>
<BR>[Called By]<UL><LI><a href="#[92]">&gt;&gt;</a>&nbsp;&nbsp;&nbsp;_printf_core
<LI><a href="#[93]">&gt;&gt;</a>&nbsp;&nbsp;&nbsp;_fp_digits
</UL>

<P><STRONG><a name="[86]"></a>__aeabi_llsl</STRONG> (Thumb, 32 bytes, Stack size 8 bytes, llshl.o(.text))
<BR><BR>[Stack]<UL><LI>Max Depth = 8<LI>Call Chain = __aeabi_llsl
</UL>
<BR>[Called By]<UL><LI><a href="#[8d]">&gt;&gt;</a>&nbsp;&nbsp;&nbsp;__aeabi_uldivmod
<LI><a href="#[88]">&gt;&gt;</a>&nbsp;&nbsp;&nbsp;_double_epilogue
<LI><a href="#[8f]">&gt;&gt;</a>&nbsp;&nbsp;&nbsp;__aeabi_d2ulz
<LI><a href="#[62]">&gt;&gt;</a>&nbsp;&nbsp;&nbsp;__aeabi_dadd
</UL>

<P><STRONG><a name="[ee]"></a>_ll_shift_l</STRONG> (Thumb, 0 bytes, Stack size 8 bytes, llshl.o(.text), UNUSED)

<P><STRONG><a name="[8c]"></a>__aeabi_llsr</STRONG> (Thumb, 34 bytes, Stack size 8 bytes, llushr.o(.text))
<BR><BR>[Stack]<UL><LI>Max Depth = 8<LI>Call Chain = __aeabi_llsr
</UL>
<BR>[Called By]<UL><LI><a href="#[8d]">&gt;&gt;</a>&nbsp;&nbsp;&nbsp;__aeabi_uldivmod
<LI><a href="#[88]">&gt;&gt;</a>&nbsp;&nbsp;&nbsp;_double_epilogue
<LI><a href="#[8f]">&gt;&gt;</a>&nbsp;&nbsp;&nbsp;__aeabi_d2ulz
<LI><a href="#[53]">&gt;&gt;</a>&nbsp;&nbsp;&nbsp;__aeabi_d2uiz
</UL>

<P><STRONG><a name="[ef]"></a>_ll_ushift_r</STRONG> (Thumb, 0 bytes, Stack size 8 bytes, llushr.o(.text), UNUSED)

<P><STRONG><a name="[87]"></a>__aeabi_lasr</STRONG> (Thumb, 38 bytes, Stack size 8 bytes, llsshr.o(.text))
<BR><BR>[Stack]<UL><LI>Max Depth = 8<LI>Call Chain = __aeabi_lasr
</UL>
<BR>[Called By]<UL><LI><a href="#[62]">&gt;&gt;</a>&nbsp;&nbsp;&nbsp;__aeabi_dadd
</UL>

<P><STRONG><a name="[f0]"></a>_ll_sshift_r</STRONG> (Thumb, 0 bytes, Stack size 8 bytes, llsshr.o(.text), UNUSED)

<P><STRONG><a name="[f1]"></a>__I$use$fp</STRONG> (Thumb, 0 bytes, Stack size 0 bytes, iusefp.o(.text), UNUSED)

<P><STRONG><a name="[83]"></a>_float_round</STRONG> (Thumb, 16 bytes, Stack size 0 bytes, fepilogue.o(.text))
<BR><BR>[Called By]<UL><LI><a href="#[64]">&gt;&gt;</a>&nbsp;&nbsp;&nbsp;__aeabi_fadd
</UL>

<P><STRONG><a name="[82]"></a>_float_epilogue</STRONG> (Thumb, 114 bytes, Stack size 12 bytes, fepilogue.o(.text))
<BR><BR>[Stack]<UL><LI>Max Depth = 12<LI>Call Chain = _float_epilogue
</UL>
<BR>[Called By]<UL><LI><a href="#[63]">&gt;&gt;</a>&nbsp;&nbsp;&nbsp;__aeabi_ui2f
<LI><a href="#[64]">&gt;&gt;</a>&nbsp;&nbsp;&nbsp;__aeabi_fadd
</UL>

<P><STRONG><a name="[89]"></a>_double_round</STRONG> (Thumb, 26 bytes, Stack size 8 bytes, depilogue.o(.text))
<BR><BR>[Stack]<UL><LI>Max Depth = 8<LI>Call Chain = _double_round
</UL>
<BR>[Called By]<UL><LI><a href="#[88]">&gt;&gt;</a>&nbsp;&nbsp;&nbsp;_double_epilogue
<LI><a href="#[66]">&gt;&gt;</a>&nbsp;&nbsp;&nbsp;__aeabi_ddiv
<LI><a href="#[62]">&gt;&gt;</a>&nbsp;&nbsp;&nbsp;__aeabi_dadd
</UL>

<P><STRONG><a name="[88]"></a>_double_epilogue</STRONG> (Thumb, 164 bytes, Stack size 48 bytes, depilogue.o(.text))
<BR><BR>[Stack]<UL><LI>Max Depth = 56<LI>Call Chain = _double_epilogue &rArr; __aeabi_llsr
</UL>
<BR>[Calls]<UL><LI><a href="#[8e]">&gt;&gt;</a>&nbsp;&nbsp;&nbsp;__ARM_clz
<LI><a href="#[8c]">&gt;&gt;</a>&nbsp;&nbsp;&nbsp;__aeabi_llsr
<LI><a href="#[86]">&gt;&gt;</a>&nbsp;&nbsp;&nbsp;__aeabi_llsl
<LI><a href="#[89]">&gt;&gt;</a>&nbsp;&nbsp;&nbsp;_double_round
</UL>
<BR>[Called By]<UL><LI><a href="#[51]">&gt;&gt;</a>&nbsp;&nbsp;&nbsp;__aeabi_ui2d
<LI><a href="#[61]">&gt;&gt;</a>&nbsp;&nbsp;&nbsp;__aeabi_i2d
<LI><a href="#[52]">&gt;&gt;</a>&nbsp;&nbsp;&nbsp;__aeabi_dmul
<LI><a href="#[62]">&gt;&gt;</a>&nbsp;&nbsp;&nbsp;__aeabi_dadd
</UL>

<P><STRONG><a name="[8f]"></a>__aeabi_d2ulz</STRONG> (Thumb, 54 bytes, Stack size 8 bytes, dfixul.o(.text), UNUSED)
<BR><BR>[Calls]<UL><LI><a href="#[8c]">&gt;&gt;</a>&nbsp;&nbsp;&nbsp;__aeabi_llsr
<LI><a href="#[86]">&gt;&gt;</a>&nbsp;&nbsp;&nbsp;__aeabi_llsl
</UL>
<BR>[Called By]<UL><LI><a href="#[93]">&gt;&gt;</a>&nbsp;&nbsp;&nbsp;_fp_digits
</UL>

<P><STRONG><a name="[94]"></a>__aeabi_cdrcmple</STRONG> (Thumb, 38 bytes, Stack size 0 bytes, cdrcmple.o(.text), UNUSED)
<BR><BR>[Called By]<UL><LI><a href="#[93]">&gt;&gt;</a>&nbsp;&nbsp;&nbsp;_fp_digits
</UL>

<P><STRONG><a name="[29]"></a>__scatterload</STRONG> (Thumb, 28 bytes, Stack size 0 bytes, init.o(.text))
<BR><BR>[Calls]<UL><LI><a href="#[90]">&gt;&gt;</a>&nbsp;&nbsp;&nbsp;__main_after_scatterload
</UL>
<BR>[Called By]<UL><LI><a href="#[28]">&gt;&gt;</a>&nbsp;&nbsp;&nbsp;_main_scatterload
</UL>

<P><STRONG><a name="[f2]"></a>__scatterload_rt2</STRONG> (Thumb, 0 bytes, Stack size 0 bytes, init.o(.text), UNUSED)

<P><STRONG><a name="[91]"></a>__0vsprintf</STRONG> (Thumb, 30 bytes, Stack size 24 bytes, printfa.o(i.__0vsprintf), UNUSED)
<BR><BR>[Calls]<UL><LI><a href="#[27]">&gt;&gt;</a>&nbsp;&nbsp;&nbsp;_sputc
<LI><a href="#[92]">&gt;&gt;</a>&nbsp;&nbsp;&nbsp;_printf_core
</UL>

<P><STRONG><a name="[f3]"></a>__1vsprintf</STRONG> (Thumb, 0 bytes, Stack size 24 bytes, printfa.o(i.__0vsprintf), UNUSED)

<P><STRONG><a name="[f4]"></a>__2vsprintf</STRONG> (Thumb, 0 bytes, Stack size 24 bytes, printfa.o(i.__0vsprintf), UNUSED)

<P><STRONG><a name="[41]"></a>__c89vsprintf</STRONG> (Thumb, 0 bytes, Stack size 24 bytes, printfa.o(i.__0vsprintf))
<BR><BR>[Stack]<UL><LI>Max Depth = 24<LI>Call Chain = __c89vsprintf
</UL>
<BR>[Called By]<UL><LI><a href="#[2b]">&gt;&gt;</a>&nbsp;&nbsp;&nbsp;dbg_printf
</UL>

<P><STRONG><a name="[f5]"></a>vsprintf</STRONG> (Thumb, 0 bytes, Stack size 24 bytes, printfa.o(i.__0vsprintf), UNUSED)

<P><STRONG><a name="[8e]"></a>__ARM_clz</STRONG> (Thumb, 46 bytes, Stack size 0 bytes, depilogue.o(i.__ARM_clz))
<BR><BR>[Called By]<UL><LI><a href="#[88]">&gt;&gt;</a>&nbsp;&nbsp;&nbsp;_double_epilogue
</UL>

<P><STRONG><a name="[f6]"></a>__scatterload_copy</STRONG> (Thumb, 14 bytes, Stack size unknown bytes, handlers.o(i.__scatterload_copy), UNUSED)

<P><STRONG><a name="[f7]"></a>__scatterload_null</STRONG> (Thumb, 2 bytes, Stack size unknown bytes, handlers.o(i.__scatterload_null), UNUSED)

<P><STRONG><a name="[f8]"></a>__scatterload_zeroinit</STRONG> (Thumb, 14 bytes, Stack size unknown bytes, handlers.o(i.__scatterload_zeroinit), UNUSED)
<P>
<H3>
Local Symbols
</H3>
<P><STRONG><a name="[1e]"></a>user_gpio_callback</STRONG> (Thumb, 98 bytes, Stack size 8 bytes, main.o(.text))
<BR><BR>[Stack]<UL><LI>Max Depth = 64<LI>Call Chain = user_gpio_callback &rArr; dbg_printf &rArr; __c89vsprintf
</UL>
<BR>[Calls]<UL><LI><a href="#[2c]">&gt;&gt;</a>&nbsp;&nbsp;&nbsp;delay_ms
<LI><a href="#[2b]">&gt;&gt;</a>&nbsp;&nbsp;&nbsp;dbg_printf
<LI><a href="#[2a]">&gt;&gt;</a>&nbsp;&nbsp;&nbsp;GPIO_Pin_Turn
</UL>
<BR>[Address Reference Count : 1]<UL><LI> main.o(.text)
</UL>
<P><STRONG><a name="[43]"></a>NVIC_EnableIRQ</STRONG> (Thumb, 14 bytes, Stack size 0 bytes, uart.o(.text))
<BR><BR>[Called By]<UL><LI><a href="#[40]">&gt;&gt;</a>&nbsp;&nbsp;&nbsp;uart_0_init
</UL>

<P><STRONG><a name="[49]"></a>_LCDisConnect</STRONG> (Thumb, 46 bytes, Stack size 24 bytes, main.o(.text))
<BR><BR>[Stack]<UL><LI>Max Depth = 24<LI>Call Chain = _LCDisConnect
</UL>
<BR>[Called By]<UL><LI><a href="#[25]">&gt;&gt;</a>&nbsp;&nbsp;&nbsp;Lib_ProtocolHookCallback
<LI><a href="#[24]">&gt;&gt;</a>&nbsp;&nbsp;&nbsp;Lib_LLEvtCallback
<LI><a href="#[4d]">&gt;&gt;</a>&nbsp;&nbsp;&nbsp;_LCTxPkt_Handler
<LI><a href="#[4a]">&gt;&gt;</a>&nbsp;&nbsp;&nbsp;_LCRxPkt_Handler
<LI><a href="#[46]">&gt;&gt;</a>&nbsp;&nbsp;&nbsp;_LCTimer_Handler
</UL>

<P><STRONG><a name="[46]"></a>_LCTimer_Handler</STRONG> (Thumb, 248 bytes, Stack size 40 bytes, main.o(.text))
<BR><BR>[Stack]<UL><LI>Max Depth = 64<LI>Call Chain = _LCTimer_Handler &rArr; _LCDisConnect
</UL>
<BR>[Calls]<UL><LI><a href="#[48]">&gt;&gt;</a>&nbsp;&nbsp;&nbsp;__aeabi_uwrite4
<LI><a href="#[47]">&gt;&gt;</a>&nbsp;&nbsp;&nbsp;__aeabi_uread4
<LI><a href="#[49]">&gt;&gt;</a>&nbsp;&nbsp;&nbsp;_LCDisConnect
</UL>
<BR>[Called By]<UL><LI><a href="#[23]">&gt;&gt;</a>&nbsp;&nbsp;&nbsp;Lib_MiscCallback
</UL>

<P><STRONG><a name="[4a]"></a>_LCRxPkt_Handler</STRONG> (Thumb, 194 bytes, Stack size 40 bytes, main.o(.text))
<BR><BR>[Stack]<UL><LI>Max Depth = 64<LI>Call Chain = _LCRxPkt_Handler &rArr; _LCDisConnect
</UL>
<BR>[Calls]<UL><LI><a href="#[4c]">&gt;&gt;</a>&nbsp;&nbsp;&nbsp;__aeabi_memcpy
<LI><a href="#[4b]">&gt;&gt;</a>&nbsp;&nbsp;&nbsp;_BBRXFIFORead
<LI><a href="#[49]">&gt;&gt;</a>&nbsp;&nbsp;&nbsp;_LCDisConnect
</UL>
<BR>[Called By]<UL><LI><a href="#[24]">&gt;&gt;</a>&nbsp;&nbsp;&nbsp;Lib_LLEvtCallback
</UL>

<P><STRONG><a name="[4d]"></a>_LCTxPkt_Handler</STRONG> (Thumb, 316 bytes, Stack size 120 bytes, main.o(.text))
<BR><BR>[Stack]<UL><LI>Max Depth = 144<LI>Call Chain = _LCTxPkt_Handler &rArr; _LCDisConnect
</UL>
<BR>[Calls]<UL><LI><a href="#[4c]">&gt;&gt;</a>&nbsp;&nbsp;&nbsp;__aeabi_memcpy
<LI><a href="#[49]">&gt;&gt;</a>&nbsp;&nbsp;&nbsp;_LCDisConnect
</UL>
<BR>[Called By]<UL><LI><a href="#[24]">&gt;&gt;</a>&nbsp;&nbsp;&nbsp;Lib_LLEvtCallback
</UL>

<P><STRONG><a name="[67]"></a>_GAPStartAdv</STRONG> (Thumb, 540 bytes, Stack size 24 bytes, main.o(.text), UNUSED)
<BR><BR>[Calls]<UL><LI><a href="#[4c]">&gt;&gt;</a>&nbsp;&nbsp;&nbsp;__aeabi_memcpy
<LI><a href="#[68]">&gt;&gt;</a>&nbsp;&nbsp;&nbsp;__aeabi_uidivmod
</UL>
<BR>[Called By]<UL><LI><a href="#[69]">&gt;&gt;</a>&nbsp;&nbsp;&nbsp;StartAdv
</UL>

<P><STRONG><a name="[4b]"></a>_BBRXFIFORead</STRONG> (Thumb, 138 bytes, Stack size 20 bytes, main.o(.text))
<BR><BR>[Stack]<UL><LI>Max Depth = 20<LI>Call Chain = _BBRXFIFORead
</UL>
<BR>[Called By]<UL><LI><a href="#[4a]">&gt;&gt;</a>&nbsp;&nbsp;&nbsp;_LCRxPkt_Handler
</UL>

<P><STRONG><a name="[93]"></a>_fp_digits</STRONG> (Thumb, 316 bytes, Stack size 56 bytes, printfa.o(i._fp_digits), UNUSED)
<BR><BR>[Calls]<UL><LI><a href="#[8d]">&gt;&gt;</a>&nbsp;&nbsp;&nbsp;__aeabi_uldivmod
<LI><a href="#[8f]">&gt;&gt;</a>&nbsp;&nbsp;&nbsp;__aeabi_d2ulz
<LI><a href="#[94]">&gt;&gt;</a>&nbsp;&nbsp;&nbsp;__aeabi_cdrcmple
<LI><a href="#[52]">&gt;&gt;</a>&nbsp;&nbsp;&nbsp;__aeabi_dmul
<LI><a href="#[66]">&gt;&gt;</a>&nbsp;&nbsp;&nbsp;__aeabi_ddiv
<LI><a href="#[62]">&gt;&gt;</a>&nbsp;&nbsp;&nbsp;__aeabi_dadd
</UL>
<BR>[Called By]<UL><LI><a href="#[92]">&gt;&gt;</a>&nbsp;&nbsp;&nbsp;_printf_core
</UL>

<P><STRONG><a name="[92]"></a>_printf_core</STRONG> (Thumb, 1754 bytes, Stack size 128 bytes, printfa.o(i._printf_core), UNUSED)
<BR><BR>[Calls]<UL><LI><a href="#[8d]">&gt;&gt;</a>&nbsp;&nbsp;&nbsp;__aeabi_uldivmod
<LI><a href="#[95]">&gt;&gt;</a>&nbsp;&nbsp;&nbsp;_printf_pre_padding
<LI><a href="#[96]">&gt;&gt;</a>&nbsp;&nbsp;&nbsp;_printf_post_padding
<LI><a href="#[93]">&gt;&gt;</a>&nbsp;&nbsp;&nbsp;_fp_digits
<LI><a href="#[68]">&gt;&gt;</a>&nbsp;&nbsp;&nbsp;__aeabi_uidivmod
</UL>
<BR>[Called By]<UL><LI><a href="#[91]">&gt;&gt;</a>&nbsp;&nbsp;&nbsp;__0vsprintf
</UL>

<P><STRONG><a name="[96]"></a>_printf_post_padding</STRONG> (Thumb, 32 bytes, Stack size 24 bytes, printfa.o(i._printf_post_padding), UNUSED)
<BR><BR>[Called By]<UL><LI><a href="#[92]">&gt;&gt;</a>&nbsp;&nbsp;&nbsp;_printf_core
</UL>

<P><STRONG><a name="[95]"></a>_printf_pre_padding</STRONG> (Thumb, 44 bytes, Stack size 40 bytes, printfa.o(i._printf_pre_padding), UNUSED)
<BR><BR>[Called By]<UL><LI><a href="#[92]">&gt;&gt;</a>&nbsp;&nbsp;&nbsp;_printf_core
</UL>

<P><STRONG><a name="[27]"></a>_sputc</STRONG> (Thumb, 10 bytes, Stack size 0 bytes, printfa.o(i._sputc))
<BR><BR>[Called By]<UL><LI><a href="#[91]">&gt;&gt;</a>&nbsp;&nbsp;&nbsp;__0vsprintf
</UL>
<BR>[Address Reference Count : 1]<UL><LI> printfa.o(i.__0vsprintf)
</UL><P>
<H3>
Undefined Global Symbols
</H3><HR></body></html>
