<html>
<body>
<pre>
<h1>µVision Build Log</h1>
<h2>Tool Versions:</h2>
IDE-Version: ¦ÌVision V5.16.0.0
Copyright (C) 2015 ARM Ltd and ARM Germany GmbH. All rights reserved.
License Information: PIAORAN RAN, chengdongdianzi, LIC=32B2Z-JUFSU-QD7KD-8IB0B-IHFE6-8U8QW
 
Tool Versions:
Toolchain:       MDK-ARM Standard  Version: 5.16.0.0
Toolchain Path:  D:\Keil_v5\ARM\ARMCC\Bin
C Compiler:      Armcc.exe V5.06 (build 20)
Assembler:       Armasm.exe V5.06 (build 20)
Linker/Locator:  ArmLink.exe V5.06 (build 20)
Library Manager: ArmAr.exe V5.06 (build 20)
Hex Converter:   FromElf.exe V5.06 (build 20)
CPU DLL:         SARMCM3.DLL V5.16.0.0
Dialog DLL:      DARMCM1.DLL V1.12.0.0
Target DLL:      Segger\JL2CM3.dll V2.99.15.2
Dialog DLL:      TARMCM1.DLL V1.9.0.0
 
<h2>Project:</h2>
F:\SYD8801\SYD8811\SYD8811_SDK_Git_Release\Source Code\SYD8811_peripheral_misc\MCU_CLK_To_Gpio\KEIL\Syd8811_Peripheral.uvprojx
Project File Date:  09/01/2020

<h2>Output:</h2>
*** Using Compiler 'V5.06 (build 20)', folder: 'D:\Keil_v5\ARM\ARMCC\Bin'
Rebuild target 'Syd8811_Peripheral'
Clean started - Project: 'Syd8811_Peripheral'
   deleting intermediate output files for target 'Syd8811_Peripheral'
compiling main.c...
compiling debug.c...
compiling delay.c...
compiling gpio.c...
compiling uart.c...
assembling startup_ARMCM0.s...
compiling system_ARMCM0.c...
linking...
Program Size: Code=16240 RO-data=224 RW-data=152 ZI-data=1256  
".\Output\Syd8811_Peripheral.axf" - 0 Error(s), 0 Warning(s).

*** Performing Cross-Module-Optimization:
compiling main.c...
compiling debug.c...
compiling delay.c...
compiling gpio.c...
compiling uart.c...
compiling system_ARMCM0.c...
linking...
Program Size: Code=15144 RO-data=224 RW-data=152 ZI-data=1256  
compiling main.c...
compiling debug.c...
compiling delay.c...
compiling gpio.c...
compiling uart.c...
compiling system_ARMCM0.c...
linking...
Program Size: Code=15144 RO-data=224 RW-data=152 ZI-data=1256  
FromELF: creating hex file...
After Build - User command #1: "Output\HEX2BIN.EXE" "Output\Syd8811_Peripheral.hex"
hex2bin v1.0.6, Copyright (C) 1998 Jacques Pelletier
checksum extensions Copyright (C) 2004 Rockwell Automation
improved P.G. 2007
Lowest address  = 00000000
Highest address = 00003C9F
Pad Byte        = FF
8-bit Checksum = 1B
After Build - User command #2: fromelf -c  .\output\Syd8811_Peripheral.axf  -o  .\output\Syd52832_Peripheral.txt
".\Output\Syd8811_Peripheral.axf" - 0 Error(s), 0 Warning(s).
*** Completed Cross-Module-Optimization after 3 iteration(s).

<h2>Software Packages used:</h2>

Package Vendor: ARM
                http://www.keil.com/pack/ARM.CMSIS.4.5.0.pack
                ARM::CMSIS:CORE:4.3.0
                CMSIS (Cortex Microcontroller Software Interface Standard)
   * Component: CORE Version: 4.3.0
   * Component: Startup Version: 1.0.1

<h2>Collection of Component include folders:</h2>
  F:\SYD8801\SYD8811\SYD8811_SDK_Git_Release\Source Code\SYD8811_peripheral_misc\MCU_CLK_To_Gpio\KEIL\RTE
  D:\Keil_v5\ARM\PACK\ARM\CMSIS\4.5.0\CMSIS\Include
  D:\Keil_v5\ARM\PACK\ARM\CMSIS\4.5.0\Device\ARM\ARMCM0\Include

<h2>Collection of Component Files used:</h2>

   * Component: ARM::CMSIS:CORE:4.3.0

   * Component: ARM::Device:Startup:1.0.1
      Include file:  Device\ARM\ARMCM0\Include\ARMCM0.h
      Source file:   Device\ARM\ARMCM0\Source\ARM\startup_ARMCM0.s
      Source file:   Device\ARM\ARMCM0\Source\system_ARMCM0.c
Build Time Elapsed:  00:00:04
</pre>
</body>
</html>
