Component: ARM Compiler 5.06 (build 20) Tool: armlink [4d35a3]

==============================================================================

Section Cross References

    main.o(.text) refers to gpio.o(.text) for GPIO_Set_Output
    main.o(.text) refers to main.o(.text) for SetAdvParams
    main.o(.text) refers to segger_rtt_printf.o(.text) for SEGGER_RTT_printf
    main.o(.text) refers to timer.o(.text) for Timer_Evt_Stop
    main.o(.text) refers to uread4.o(.text) for __aeabi_uread4
    main.o(.text) refers to memcpya.o(.text) for __aeabi_memcpy
    main.o(.text) refers to ota.o(.text) for ota_rsp
    main.o(.text) refers to main.o(i.__ARM_common_switch8) for __ARM_common_switch8
    main.o(.text) refers to gpio.o(.data) for PIN_CONFIG
    main.o(.text) refers to main.o(.data) for .data
    main.o(.text) refers to main.o(.bss) for .bss
    main.o(.text) refers to delay.o(.text) for delay_ms
    main.o(.text) refers to segger_rtt.o(.text) for SEGGER_RTT_Init
    main.o(.text) refers to timer_handler.o(.text) for Timer_Evt_List
    main.o(.text) refers to rtc.o(.text) for SYD_RTC_Init
    main.o(.text) refers to rtc_handler.o(.text) for RTC_Evt_List
    main.o(.text) refers to uart.o(.text) for uart_0_init
    main.o(.text) refers to uart_protocol.o(.text) for uart_cmd
    main.o(.text) refers to uwrite4.o(.text) for __aeabi_uwrite4
    main.o(.text) refers to ota.o(.data) for ota_state
    main.o(.text) refers to timer_handler.o(.bss) for syd_sysTimer
    main.o(.text) refers to rtc_handler.o(.bss) for syd_rtc
    main.o(.text) refers to timer.o(.data) for TIMER_EVT
    main.o(.text) refers to rtc.o(.data) for RTC_EVT
    uart_protocol.o(.text) refers to uart.o(.text) for uart_0_read
    uart_protocol.o(.text) refers to main.o(.bss) for uart_rx_buf
    ota.o(.text) refers to memcpya.o(.text) for __aeabi_memcpy
    ota.o(.text) refers to main.o(.text) for CodeErase
    ota.o(.text) refers to main.o(i.__ARM_common_switch8) for __ARM_common_switch8
    ota.o(.text) refers to main.o(.text) for BLSetConnectionUpdate
    ota.o(.text) refers to segger_rtt_printf.o(.text) for SEGGER_RTT_printf
    ota.o(.text) refers to timer.o(.text) for Timer_Evt_Start
    ota.o(.text) refers to uread4.o(.text) for __aeabi_uread4
    ota.o(.text) refers to ota.o(.data) for .data
    ota.o(.text) refers to ota.o(.bss) for .bss
    gpio.o(.text) refers to gpio.o(.data) for .data
    gpio.o(.text) refers to gpio.o(.data) for .data
    gpio.o(.text) refers to gpio.o(.data) for .data
    gpio.o(.text) refers to gpio.o(.data) for .data
    gpio.o(.text) refers to gpio.o(.data) for .data
    gpio.o(.text) refers to gpio.o(.data) for .data
    gpio.o(.text) refers to gpio.o(.data) for .data
    uart.o(.text) refers to uart_protocol.o(.text) for uartRx_callback
    uart.o(.text) refers to gpio.o(.data) for PIN_CONFIG
    uart.o(.text) refers to uart.o(.data) for .data
    uart.o(.text) refers to uart.o(.data) for .data
    uart.o(.text) refers to gpio.o(.data) for PIN_CONFIG
    uart.o(.text) refers to uart.o(.data) for .data
    uart.o(.text) refers to uart.o(.data) for .data
    uart.o(.text) refers to uart.o(.data) for .data
    uart.o(.text) refers to uart.o(.data) for .data
    timer_handler.o(.text) refers to timer.o(.text) for Timer_Evt_Creat
    timer_handler.o(.text) refers to timer.o(.data) for TIMER_EVT
    rtc_handler.o(.text) refers to rtc.o(.text) for RTC_EVT_Creat
    rtc_handler.o(.text) refers to rtc.o(.data) for RTC_EVT
    segger_rtt.o(.text) refers to strcpy.o(.text) for strcpy
    segger_rtt.o(.text) refers to memcpya.o(.text) for __aeabi_memcpy
    segger_rtt.o(.text) refers to segger_rtt.o(.bss) for .bss
    segger_rtt.o(.text) refers to segger_rtt.o(.text) for _DoInit
    segger_rtt.o(.text) refers to memcpya.o(.text) for __aeabi_memcpy
    segger_rtt.o(.text) refers to segger_rtt.o(.bss) for .bss
    segger_rtt.o(.text) refers to segger_rtt.o(.text) for SEGGER_RTT_ReadNoLock
    segger_rtt.o(.text) refers to memcpya.o(.text) for __aeabi_memcpy
    segger_rtt.o(.text) refers to segger_rtt.o(.bss) for .bss
    segger_rtt.o(.text) refers to memcpya.o(.text) for __aeabi_memcpy
    segger_rtt.o(.text) refers to segger_rtt.o(.bss) for .bss
    segger_rtt.o(.text) refers to strlen.o(.text) for strlen
    segger_rtt.o(.text) refers to segger_rtt.o(.text) for SEGGER_RTT_Write
    segger_rtt.o(.text) refers to segger_rtt.o(.bss) for .bss
    segger_rtt.o(.text) refers to segger_rtt.o(.text) for _DoInit
    segger_rtt.o(.text) refers to segger_rtt.o(.bss) for .bss
    segger_rtt.o(.text) refers to segger_rtt.o(.text) for _DoInit
    segger_rtt.o(.text) refers to segger_rtt.o(.bss) for .bss
    segger_rtt.o(.text) refers to segger_rtt.o(.text) for SEGGER_RTT_Read
    segger_rtt.o(.text) refers to segger_rtt.o(.text) for SEGGER_RTT_GetKey
    segger_rtt.o(.text) refers to segger_rtt.o(.text) for _DoInit
    segger_rtt.o(.text) refers to segger_rtt.o(.bss) for .bss
    segger_rtt.o(.text) refers to segger_rtt.o(.bss) for .bss
    segger_rtt.o(.text) refers to segger_rtt.o(.text) for _DoInit
    segger_rtt.o(.text) refers to segger_rtt.o(.bss) for .bss
    segger_rtt.o(.text) refers to segger_rtt.o(.text) for _DoInit
    segger_rtt.o(.text) refers to segger_rtt.o(.bss) for .bss
    segger_rtt.o(.text) refers to segger_rtt.o(.text) for _DoInit
    segger_rtt.o(.text) refers to segger_rtt.o(.bss) for .bss
    segger_rtt.o(.text) refers to segger_rtt.o(.text) for _DoInit
    segger_rtt.o(.text) refers to segger_rtt.o(.bss) for .bss
    segger_rtt.o(.text) refers to segger_rtt.o(.text) for _DoInit
    segger_rtt.o(.text) refers to segger_rtt.o(.bss) for .bss
    segger_rtt.o(.text) refers to segger_rtt.o(.text) for _DoInit
    segger_rtt.o(.text) refers to segger_rtt.o(.bss) for .bss
    segger_rtt.o(.text) refers to segger_rtt.o(.text) for _DoInit
    segger_rtt.o(.text) refers to segger_rtt.o(.bss) for .bss
    segger_rtt.o(.text) refers to segger_rtt.o(.text) for _DoInit
    segger_rtt.o(.text) refers to segger_rtt.o(.bss) for .bss
    segger_rtt.o(.text) refers to segger_rtt.o(.text) for _DoInit
    segger_rtt.o(.text) refers to segger_rtt.o(.bss) for .bss
    segger_rtt.o(.text) refers to segger_rtt.o(.data) for .data
    segger_rtt.o(.text) refers to segger_rtt.o(.text) for _DoInit
    segger_rtt.o(.text) refers to strlen.o(.text) for strlen
    segger_rtt.o(.text) refers to segger_rtt.o(.text) for _PostTerminalSwitch
    segger_rtt.o(.text) refers to segger_rtt.o(.bss) for .bss
    segger_rtt.o(.text) refers to segger_rtt.o(.data) for .data
    segger_rtt.o(.text) refers to segger_rtt.o(.text) for _WriteBlocking
    segger_rtt.o(.text) refers to segger_rtt.o(.data) for .data
    segger_rtt_printf.o(.text) refers to segger_rtt.o(.text) for SEGGER_RTT_Write
    segger_rtt_printf.o(.text) refers to uidiv.o(.text) for __aeabi_uidivmod
    segger_rtt_printf.o(.text) refers to idiv.o(.text) for __aeabi_idivmod
    segger_rtt_printf.o(.text) refers to segger_rtt_printf.o(.constdata) for .constdata
    segger_rtt_syscalls_keil.o(.text) refers to fputc.o(i.fputc) for fputc
    segger_rtt_syscalls_keil.o(.text) refers to stdout.o(.data) for __stdout
    segger_rtt_syscalls_keil.o(.text) refers to strcmp.o(.text) for strcmp
    segger_rtt_syscalls_keil.o(.text) refers to segger_rtt_syscalls_keil.o(.constdata) for .constdata
    segger_rtt_syscalls_keil.o(.text) refers to segger_rtt.o(.text) for SEGGER_RTT_Write
    startup_armcm0.o(RESET) refers to startup_armcm0.o(STACK) for __initial_sp
    startup_armcm0.o(RESET) refers to startup_armcm0.o(.text) for Reset_Handler
    startup_armcm0.o(RESET) refers to main.o(.text) for HardFault_Handler
    startup_armcm0.o(RESET) refers to rtc.o(.text) for RTC_IRQHandler
    startup_armcm0.o(RESET) refers to uart.o(.text) for UART0_IRQHandler
    startup_armcm0.o(RESET) refers to timer.o(.text) for TIMER0_IRQHandler
    startup_armcm0.o(RESET) refers to gpio.o(.text) for GPIO_IRQHandler
    startup_armcm0.o(.text) refers to system_armcm0.o(.text) for SystemInit
    startup_armcm0.o(.text) refers to entry.o(.ARM.Collect$$$$00000000) for __main
    system_armcm0.o(.text) refers to system_armcm0.o(.data) for .data
    system_armcm0.o(.text) refers to system_armcm0.o(.data) for .data
    main.o(.text) refers to uread4.o(.text) for __aeabi_uread4
    main.o(.text) refers to uwrite4.o(.text) for __aeabi_uwrite4
    main.o(.text) refers to segger_rtt_printf.o(.text) for SEGGER_RTT_printf
    main.o(.text) refers to memcpya.o(.text) for __aeabi_memcpy
    main.o(.text) refers to main.o(.data) for .data
    main.o(.text) refers to dfltui.o(.text) for __aeabi_ui2d
    main.o(.text) refers to dmul.o(.text) for __aeabi_dmul
    main.o(.text) refers to dfixui.o(.text) for __aeabi_d2uiz
    main.o(.text) refers to idiv.o(.text) for __aeabi_idivmod
    main.o(.text) refers to main.o(.bss) for .bss
    main.o(.text) refers to memseta.o(.text) for __aeabi_memclr
    main.o(.text) refers to dflti.o(.text) for __aeabi_i2d
    main.o(.text) refers to dadd.o(.text) for __aeabi_dadd
    main.o(.text) refers to ffltui.o(.text) for __aeabi_ui2f
    main.o(.text) refers to fadd.o(.text) for __aeabi_fadd
    main.o(.text) refers to f2d.o(.text) for __aeabi_f2d
    main.o(.text) refers to ddiv.o(.text) for __aeabi_ddiv
    main.o(.text) refers to main.o(.conststring) for .conststring
    main.o(.text) refers to uidiv.o(.text) for __aeabi_uidivmod
    timer.o(.text) refers to uidiv.o(.text) for __aeabi_uidivmod
    timer.o(.text) refers to main.o(.text) for GAPBBDelayUS
    timer.o(.text) refers to timer.o(.data) for .data
    timer.o(.text) refers to timer.o(.bss) for .bss
    rtc.o(.text) refers to uidiv.o(.text) for __aeabi_uidivmod
    rtc.o(.text) refers to uread4.o(.text) for __aeabi_uread4
    rtc.o(.text) refers to main.o(.text) for GAPBBDelayUS
    rtc.o(.text) refers to rtc.o(.data) for .data
    rtc.o(.text) refers to rtc_handler.o(.data) for syd_history_setting_str
    entry.o(.ARM.Collect$$$$00000000) refers (Special) to entry10a.o(.ARM.Collect$$$$0000000D) for __rt_final_cpp
    entry.o(.ARM.Collect$$$$00000000) refers (Special) to entry11a.o(.ARM.Collect$$$$0000000F) for __rt_final_exit
    entry.o(.ARM.Collect$$$$00000000) refers (Special) to entry7b.o(.ARM.Collect$$$$00000008) for _main_clock
    entry.o(.ARM.Collect$$$$00000000) refers (Special) to entry8b.o(.ARM.Collect$$$$0000000A) for _main_cpp_init
    entry.o(.ARM.Collect$$$$00000000) refers (Special) to entry9a.o(.ARM.Collect$$$$0000000B) for _main_init
    entry.o(.ARM.Collect$$$$00000000) refers (Special) to entry5.o(.ARM.Collect$$$$00000004) for _main_scatterload
    entry.o(.ARM.Collect$$$$00000000) refers (Special) to entry2.o(.ARM.Collect$$$$00000001) for _main_stk
    fputc.o(i.fputc) refers (Special) to iusesemip.o(.text) for __I$use$semihosting$fputc
    fputc.o(i.fputc) refers (Special) to semi.o(.text) for __semihosting_library_function
    idiv.o(.text) refers to uidiv.o(.text) for __aeabi_uidivmod
    fadd.o(.text) refers (Special) to iusefp.o(.text) for __I$use$fp
    fadd.o(.text) refers to fepilogue.o(.text) for _float_epilogue
    dadd.o(.text) refers (Special) to iusefp.o(.text) for __I$use$fp
    dadd.o(.text) refers to llshl.o(.text) for __aeabi_llsl
    dadd.o(.text) refers to llsshr.o(.text) for __aeabi_lasr
    dadd.o(.text) refers to depilogue.o(.text) for _double_epilogue
    dmul.o(.text) refers (Special) to iusefp.o(.text) for __I$use$fp
    dmul.o(.text) refers to depilogue.o(.text) for _double_epilogue
    ddiv.o(.text) refers (Special) to iusefp.o(.text) for __I$use$fp
    ddiv.o(.text) refers to depilogue.o(.text) for _double_round
    ffltui.o(.text) refers (Special) to iusefp.o(.text) for __I$use$fp
    ffltui.o(.text) refers to fepilogue.o(.text) for _float_epilogue
    dflti.o(.text) refers (Special) to iusefp.o(.text) for __I$use$fp
    dflti.o(.text) refers to depilogue.o(.text) for _double_epilogue
    dfltui.o(.text) refers (Special) to iusefp.o(.text) for __I$use$fp
    dfltui.o(.text) refers to depilogue.o(.text) for _double_epilogue
    dfixui.o(.text) refers (Special) to iusefp.o(.text) for __I$use$fp
    dfixui.o(.text) refers to llushr.o(.text) for __aeabi_llsr
    f2d.o(.text) refers (Special) to iusefp.o(.text) for __I$use$fp
    entry2.o(.ARM.Collect$$$$00000001) refers to entry2.o(.ARM.Collect$$$$00002712) for __lit__00000000
    entry2.o(.ARM.Collect$$$$00002712) refers to startup_armcm0.o(STACK) for __initial_sp
    entry2.o(__vectab_stack_and_reset_area) refers to startup_armcm0.o(STACK) for __initial_sp
    entry2.o(__vectab_stack_and_reset_area) refers to entry.o(.ARM.Collect$$$$00000000) for __main
    entry5.o(.ARM.Collect$$$$00000004) refers to init.o(.text) for __scatterload
    entry9a.o(.ARM.Collect$$$$0000000B) refers to main.o(.text) for main
    entry9b.o(.ARM.Collect$$$$0000000C) refers to main.o(.text) for main
    depilogue.o(.text) refers to depilogue.o(i.__ARM_clz) for __ARM_clz
    depilogue.o(.text) refers to llshl.o(.text) for __aeabi_llsl
    depilogue.o(.text) refers to llushr.o(.text) for __aeabi_llsr
    init.o(.text) refers to entry5.o(.ARM.Collect$$$$00000004) for __main_after_scatterload


==============================================================================

Removing Unused input sections from the image.

    Removing main.o(.rev16_text), (4 bytes).
    Removing main.o(.revsh_text), (4 bytes).
    Removing uart_protocol.o(.rev16_text), (4 bytes).
    Removing uart_protocol.o(.revsh_text), (4 bytes).
    Removing delay.o(.rev16_text), (4 bytes).
    Removing delay.o(.revsh_text), (4 bytes).
    Removing delay.o(.text), (24 bytes).
    Removing ota.o(.rev16_text), (4 bytes).
    Removing ota.o(.revsh_text), (4 bytes).
    Removing gpio.o(.rev16_text), (4 bytes).
    Removing gpio.o(.revsh_text), (4 bytes).
    Removing gpio.o(.text), (36 bytes).
    Removing gpio.o(.text), (52 bytes).
    Removing gpio.o(.text), (52 bytes).
    Removing gpio.o(.text), (52 bytes).
    Removing gpio.o(.text), (56 bytes).
    Removing gpio.o(.text), (48 bytes).
    Removing uart.o(.rev16_text), (4 bytes).
    Removing uart.o(.revsh_text), (4 bytes).
    Removing uart.o(.text), (28 bytes).
    Removing uart.o(.text), (184 bytes).
    Removing uart.o(.text), (28 bytes).
    Removing uart.o(.text), (56 bytes).
    Removing uart.o(.text), (28 bytes).
    Removing timer_handler.o(.rev16_text), (4 bytes).
    Removing timer_handler.o(.revsh_text), (4 bytes).
    Removing rtc_handler.o(.rev16_text), (4 bytes).
    Removing rtc_handler.o(.revsh_text), (4 bytes).
    Removing segger_rtt.o(.rev16_text), (4 bytes).
    Removing segger_rtt.o(.revsh_text), (4 bytes).
    Removing segger_rtt.o(.text), (128 bytes).
    Removing segger_rtt.o(.text), (24 bytes).
    Removing segger_rtt.o(.text), (144 bytes).
    Removing segger_rtt.o(.text), (108 bytes).
    Removing segger_rtt.o(.text), (24 bytes).
    Removing segger_rtt.o(.text), (52 bytes).
    Removing segger_rtt.o(.text), (80 bytes).
    Removing segger_rtt.o(.text), (92 bytes).
    Removing segger_rtt.o(.text), (28 bytes).
    Removing segger_rtt.o(.text), (12 bytes).
    Removing segger_rtt.o(.text), (36 bytes).
    Removing segger_rtt.o(.text), (20 bytes).
    Removing segger_rtt.o(.text), (100 bytes).
    Removing segger_rtt.o(.text), (100 bytes).
    Removing segger_rtt.o(.text), (92 bytes).
    Removing segger_rtt.o(.text), (92 bytes).
    Removing segger_rtt.o(.text), (64 bytes).
    Removing segger_rtt.o(.text), (64 bytes).
    Removing segger_rtt.o(.text), (64 bytes).
    Removing segger_rtt.o(.text), (64 bytes).
    Removing segger_rtt.o(.text), (132 bytes).
    Removing segger_rtt.o(.text), (172 bytes).
    Removing segger_rtt.o(.text), (28 bytes).
    Removing segger_rtt.o(.data), (17 bytes).
    Removing segger_rtt_printf.o(.rev16_text), (4 bytes).
    Removing segger_rtt_printf.o(.revsh_text), (4 bytes).
    Removing segger_rtt_syscalls_keil.o(.rev16_text), (4 bytes).
    Removing segger_rtt_syscalls_keil.o(.revsh_text), (4 bytes).
    Removing segger_rtt_syscalls_keil.o(.text), (20 bytes).
    Removing segger_rtt_syscalls_keil.o(.text), (52 bytes).
    Removing segger_rtt_syscalls_keil.o(.text), (4 bytes).
    Removing segger_rtt_syscalls_keil.o(.text), (28 bytes).
    Removing segger_rtt_syscalls_keil.o(.text), (4 bytes).
    Removing segger_rtt_syscalls_keil.o(.text), (16 bytes).
    Removing segger_rtt_syscalls_keil.o(.text), (4 bytes).
    Removing segger_rtt_syscalls_keil.o(.text), (6 bytes).
    Removing segger_rtt_syscalls_keil.o(.text), (4 bytes).
    Removing segger_rtt_syscalls_keil.o(.text), (4 bytes).
    Removing segger_rtt_syscalls_keil.o(.text), (2 bytes).
    Removing segger_rtt_syscalls_keil.o(.text), (2 bytes).
    Removing segger_rtt_syscalls_keil.o(.constdata), (6 bytes).
    Removing segger_rtt_syscalls_keil.o(.constdata), (14 bytes).
    Removing startup_armcm0.o(HEAP), (3072 bytes).
    Removing system_armcm0.o(.rev16_text), (4 bytes).
    Removing system_armcm0.o(.revsh_text), (4 bytes).
    Removing system_armcm0.o(.text), (16 bytes).
    Removing main.o(.rev16_text), (4 bytes).
    Removing main.o(.revsh_text), (4 bytes).
    Removing timer.o(.rev16_text), (4 bytes).
    Removing timer.o(.revsh_text), (4 bytes).
    Removing rtc.o(.rev16_text), (4 bytes).
    Removing rtc.o(.revsh_text), (4 bytes).

82 unused section(s) (total 5755 bytes) removed from the image.

==============================================================================

Image Symbol Table

    Local Symbols

    Symbol Name                              Value     Ov Type        Size  Object(Section)

    ../clib/../cmprslib/zerorunl2.c          0x00000000   Number         0  __dczerorl2.o ABSOLUTE
    ../clib/microlib/division.c              0x00000000   Number         0  uidiv.o ABSOLUTE
    ../clib/microlib/division.c              0x00000000   Number         0  idiv.o ABSOLUTE
    ../clib/microlib/init/entry.s            0x00000000   Number         0  entry5.o ABSOLUTE
    ../clib/microlib/init/entry.s            0x00000000   Number         0  entry9b.o ABSOLUTE
    ../clib/microlib/init/entry.s            0x00000000   Number         0  entry11a.o ABSOLUTE
    ../clib/microlib/init/entry.s            0x00000000   Number         0  entry10b.o ABSOLUTE
    ../clib/microlib/init/entry.s            0x00000000   Number         0  entry7a.o ABSOLUTE
    ../clib/microlib/init/entry.s            0x00000000   Number         0  entry7b.o ABSOLUTE
    ../clib/microlib/init/entry.s            0x00000000   Number         0  entry8a.o ABSOLUTE
    ../clib/microlib/init/entry.s            0x00000000   Number         0  entry10a.o ABSOLUTE
    ../clib/microlib/init/entry.s            0x00000000   Number         0  entry2.o ABSOLUTE
    ../clib/microlib/init/entry.s            0x00000000   Number         0  entry11b.o ABSOLUTE
    ../clib/microlib/init/entry.s            0x00000000   Number         0  entry.o ABSOLUTE
    ../clib/microlib/init/entry.s            0x00000000   Number         0  entry8b.o ABSOLUTE
    ../clib/microlib/init/entry.s            0x00000000   Number         0  entry9a.o ABSOLUTE
    ../clib/microlib/longlong.c              0x00000000   Number         0  llsshr.o ABSOLUTE
    ../clib/microlib/longlong.c              0x00000000   Number         0  llshl.o ABSOLUTE
    ../clib/microlib/longlong.c              0x00000000   Number         0  llushr.o ABSOLUTE
    ../clib/microlib/stdio/fflush.c          0x00000000   Number         0  fflush.o ABSOLUTE
    ../clib/microlib/stdio/fputc.c           0x00000000   Number         0  fputc.o ABSOLUTE
    ../clib/microlib/stdio/semi.s            0x00000000   Number         0  semi.o ABSOLUTE
    ../clib/microlib/stdio/streams.c         0x00000000   Number         0  stdout.o ABSOLUTE
    ../clib/microlib/string/memcpy.c         0x00000000   Number         0  memcpya.o ABSOLUTE
    ../clib/microlib/string/memcpy.c         0x00000000   Number         0  memcpyb.o ABSOLUTE
    ../clib/microlib/string/memset.c         0x00000000   Number         0  memseta.o ABSOLUTE
    ../clib/microlib/string/strcmp.c         0x00000000   Number         0  strcmp.o ABSOLUTE
    ../clib/microlib/string/strcpy.c         0x00000000   Number         0  strcpy.o ABSOLUTE
    ../clib/microlib/string/strlen.c         0x00000000   Number         0  strlen.o ABSOLUTE
    ../clib/microlib/stubs.s                 0x00000000   Number         0  iusesemip.o ABSOLUTE
    ../clib/microlib/stubs.s                 0x00000000   Number         0  iusefp.o ABSOLUTE
    ../clib/microlib/stubs.s                 0x00000000   Number         0  useno.o ABSOLUTE
    ../clib/microlib/unhosted.c              0x00000000   Number         0  uread4.o ABSOLUTE
    ../clib/microlib/unhosted.c              0x00000000   Number         0  uwrite4.o ABSOLUTE
    ../fplib/microlib/f2d.c                  0x00000000   Number         0  f2d.o ABSOLUTE
    ../fplib/microlib/fpadd.c                0x00000000   Number         0  fadd.o ABSOLUTE
    ../fplib/microlib/fpadd.c                0x00000000   Number         0  dadd.o ABSOLUTE
    ../fplib/microlib/fpdiv.c                0x00000000   Number         0  ddiv.o ABSOLUTE
    ../fplib/microlib/fpepilogue.c           0x00000000   Number         0  fepilogue.o ABSOLUTE
    ../fplib/microlib/fpepilogue.c           0x00000000   Number         0  depilogue.o ABSOLUTE
    ../fplib/microlib/fpfix.c                0x00000000   Number         0  dfixui.o ABSOLUTE
    ../fplib/microlib/fpflt.c                0x00000000   Number         0  ffltui.o ABSOLUTE
    ../fplib/microlib/fpflt.c                0x00000000   Number         0  dfltui.o ABSOLUTE
    ../fplib/microlib/fpflt.c                0x00000000   Number         0  dflti.o ABSOLUTE
    ../fplib/microlib/fpmul.c                0x00000000   Number         0  dmul.o ABSOLUTE
    ..\..\..\Driver\delay.c                  0x00000000   Number         0  delay.o ABSOLUTE
    ..\..\..\Driver\gpio.c                   0x00000000   Number         0  gpio.o ABSOLUTE
    ..\..\..\Rtt\SEGGER_RTT.c                0x00000000   Number         0  segger_rtt.o ABSOLUTE
    ..\..\..\Rtt\SEGGER_RTT_Syscalls_KEIL.c  0x00000000   Number         0  segger_rtt_syscalls_keil.o ABSOLUTE
    ..\..\..\Rtt\SEGGER_RTT_printf.c         0x00000000   Number         0  segger_rtt_printf.o ABSOLUTE
    ..\..\..\ble\ota.c                       0x00000000   Number         0  ota.o ABSOLUTE
    ..\\..\\..\\Driver\\delay.c              0x00000000   Number         0  delay.o ABSOLUTE
    ..\\..\\..\\Driver\\gpio.c               0x00000000   Number         0  gpio.o ABSOLUTE
    ..\\..\\..\\Rtt\\SEGGER_RTT.c            0x00000000   Number         0  segger_rtt.o ABSOLUTE
    ..\\..\\..\\Rtt\\SEGGER_RTT_Syscalls_KEIL.c 0x00000000   Number         0  segger_rtt_syscalls_keil.o ABSOLUTE
    ..\\..\\..\\Rtt\\SEGGER_RTT_printf.c     0x00000000   Number         0  segger_rtt_printf.o ABSOLUTE
    ..\\..\\..\\ble\\ota.c                   0x00000000   Number         0  ota.o ABSOLUTE
    ..\\main.c                               0x00000000   Number         0  main.o ABSOLUTE
    ..\\rtc_handler.c                        0x00000000   Number         0  rtc_handler.o ABSOLUTE
    ..\\timer_handler.c                      0x00000000   Number         0  timer_handler.o ABSOLUTE
    ..\\uart.c                               0x00000000   Number         0  uart.o ABSOLUTE
    ..\\uart_protocol.c                      0x00000000   Number         0  uart_protocol.o ABSOLUTE
    ..\main.c                                0x00000000   Number         0  main.o ABSOLUTE
    ..\rtc_handler.c                         0x00000000   Number         0  rtc_handler.o ABSOLUTE
    ..\timer_handler.c                       0x00000000   Number         0  timer_handler.o ABSOLUTE
    ..\uart.c                                0x00000000   Number         0  uart.o ABSOLUTE
    ..\uart_protocol.c                       0x00000000   Number         0  uart_protocol.o ABSOLUTE
    Driver\\rtc.c                            0x00000000   Number         0  rtc.o ABSOLUTE
    Driver\\timer.c                          0x00000000   Number         0  timer.o ABSOLUTE
    Driver\rtc.c                             0x00000000   Number         0  rtc.o ABSOLUTE
    Driver\timer.c                           0x00000000   Number         0  timer.o ABSOLUTE
    Main\\main.c                             0x00000000   Number         0  main.o ABSOLUTE
    Main\main.c                              0x00000000   Number         0  main.o ABSOLUTE
    RTE\Device\ARMCM0\startup_ARMCM0.s       0x00000000   Number         0  startup_armcm0.o ABSOLUTE
    RTE\Device\ARMCM0\system_ARMCM0.c        0x00000000   Number         0  system_armcm0.o ABSOLUTE
    RTE\\Device\\ARMCM0\\system_ARMCM0.c     0x00000000   Number         0  system_armcm0.o ABSOLUTE
    dc.s                                     0x00000000   Number         0  dc.o ABSOLUTE
    handlers.s                               0x00000000   Number         0  handlers.o ABSOLUTE
    init.s                                   0x00000000   Number         0  init.o ABSOLUTE
    RESET                                    0x10000000   Section      192  startup_armcm0.o(RESET)
    .ARM.Collect$$$$00000000                 0x100000c0   Section        0  entry.o(.ARM.Collect$$$$00000000)
    .ARM.Collect$$$$00000001                 0x100000c0   Section        4  entry2.o(.ARM.Collect$$$$00000001)
    .ARM.Collect$$$$00000004                 0x100000c4   Section        4  entry5.o(.ARM.Collect$$$$00000004)
    .ARM.Collect$$$$00000008                 0x100000c8   Section        0  entry7b.o(.ARM.Collect$$$$00000008)
    .ARM.Collect$$$$0000000A                 0x100000c8   Section        0  entry8b.o(.ARM.Collect$$$$0000000A)
    .ARM.Collect$$$$0000000B                 0x100000c8   Section        8  entry9a.o(.ARM.Collect$$$$0000000B)
    .ARM.Collect$$$$0000000D                 0x100000d0   Section        0  entry10a.o(.ARM.Collect$$$$0000000D)
    .ARM.Collect$$$$0000000F                 0x100000d0   Section        0  entry11a.o(.ARM.Collect$$$$0000000F)
    .ARM.Collect$$$$00002712                 0x100000d0   Section        4  entry2.o(.ARM.Collect$$$$00002712)
    __lit__00000000                          0x100000d0   Data           4  entry2.o(.ARM.Collect$$$$00002712)
    .text                                    0x100000d4   Section        0  main.o(.text)
    setup_adv_data                           0x1000016b   Thumb Code   100  main.o(.text)
    timer_1_callback                         0x10000271   Thumb Code    36  main.o(.text)
    send_to_master                           0x10000295   Thumb Code   176  main.o(.text)
    user_gpio_callback                       0x100006b9   Thumb Code    76  main.o(.text)
    ble_gatt_write                           0x10000841   Thumb Code    88  main.o(.text)
    sendToUart                               0x10000899   Thumb Code    52  main.o(.text)
    ble_init                                 0x100008cd   Thumb Code   116  main.o(.text)
    .text                                    0x10000a98   Section        0  uart_protocol.o(.text)
    .text                                    0x10000af4   Section        0  delay.o(.text)
    .text                                    0x10000b14   Section        0  ota.o(.text)
    EvtCommandComplete                       0x10000b15   Thumb Code    24  ota.o(.text)
    Cmd4KSETTINGWrite                        0x10000ce5   Thumb Code    78  ota.o(.text)
    CmdFwWriteStart                          0x10000d33   Thumb Code    30  ota.o(.text)
    CmdFwUpgradev20                          0x10000d51   Thumb Code   110  ota.o(.text)
    .text                                    0x10000ed0   Section        0  gpio.o(.text)
    .text                                    0x100011ec   Section        0  uart.o(.text)
    .text                                    0x10001330   Section        0  timer_handler.o(.text)
    .text                                    0x1000137c   Section        0  rtc_handler.o(.text)
    .text                                    0x100013a8   Section        0  segger_rtt.o(.text)
    _DoInit                                  0x100013a9   Thumb Code    74  segger_rtt.o(.text)
    _WriteBlocking                           0x100013f3   Thumb Code    96  segger_rtt.o(.text)
    _WriteNoCheck                            0x10001453   Thumb Code    60  segger_rtt.o(.text)
    _GetAvailWriteSpace                      0x10001517   Thumb Code    22  segger_rtt.o(.text)
    .text                                    0x1000154c   Section        0  segger_rtt_printf.o(.text)
    _StoreChar                               0x1000154d   Thumb Code    62  segger_rtt_printf.o(.text)
    _PrintUnsigned                           0x1000158b   Thumb Code   210  segger_rtt_printf.o(.text)
    _PrintInt                                0x10001847   Thumb Code   200  segger_rtt_printf.o(.text)
    .text                                    0x10001928   Section       28  startup_armcm0.o(.text)
    .text                                    0x10001944   Section        0  system_armcm0.o(.text)
    .text                                    0x10001954   Section        0  main.o(.text)
    _LCDisConnect                            0x10001955   Thumb Code    46  main.o(.text)
    _LCTimer_Handler                         0x10001983   Thumb Code   274  main.o(.text)
    _LCRxPkt_Handler                         0x10001a95   Thumb Code   208  main.o(.text)
    _LCTxPkt_Handler                         0x10001b65   Thumb Code   316  main.o(.text)
    _GAPStartAdv                             0x10002a2d   Thumb Code   840  main.o(.text)
    _BBRXFIFORead                            0x10003c2d   Thumb Code   138  main.o(.text)
    LLFeatureRsp                             0x10003cb7   Thumb Code    62  main.o(.text)
    .text                                    0x10003d70   Section        0  timer.o(.text)
    Timer_Evt_Trigger                        0x10003e3d   Thumb Code   110  timer.o(.text)
    __NVIC_EnableIRQ                         0x1000420d   Thumb Code    18  timer.o(.text)
    __NVIC_DisableIRQ                        0x1000421f   Thumb Code    28  timer.o(.text)
    .text                                    0x10004248   Section        0  rtc.o(.text)
    Timer_RTCEVT_Trigger                     0x100043d7   Thumb Code   158  rtc.o(.text)
    .text                                    0x10004818   Section        0  uidiv.o(.text)
    .text                                    0x10004844   Section        0  idiv.o(.text)
    .text                                    0x1000486c   Section        0  memcpya.o(.text)
    .text                                    0x10004890   Section        0  memseta.o(.text)
    .text                                    0x100048b4   Section        0  strcpy.o(.text)
    .text                                    0x100048c6   Section        0  uread4.o(.text)
    .text                                    0x100048da   Section        0  uwrite4.o(.text)
    .text                                    0x100048ec   Section        0  fadd.o(.text)
    .text                                    0x100049a0   Section        0  dadd.o(.text)
    .text                                    0x10004b04   Section        0  dmul.o(.text)
    .text                                    0x10004bd4   Section        0  ddiv.o(.text)
    .text                                    0x10004cc4   Section        0  ffltui.o(.text)
    .text                                    0x10004cd4   Section        0  dflti.o(.text)
    .text                                    0x10004cfc   Section        0  dfltui.o(.text)
    .text                                    0x10004d18   Section        0  dfixui.o(.text)
    .text                                    0x10004d54   Section        0  f2d.o(.text)
    .text                                    0x10004d7c   Section        0  llshl.o(.text)
    .text                                    0x10004d9c   Section        0  llushr.o(.text)
    .text                                    0x10004dbe   Section        0  llsshr.o(.text)
    .text                                    0x10004de4   Section        0  fepilogue.o(.text)
    .text                                    0x10004de4   Section        0  iusefp.o(.text)
    .text                                    0x10004e66   Section        0  depilogue.o(.text)
    .text                                    0x10004f24   Section       36  init.o(.text)
    .text                                    0x10004f48   Section        0  __dczerorl2.o(.text)
    i.__ARM_clz                              0x10004f9e   Section        0  depilogue.o(i.__ARM_clz)
    i.__ARM_common_switch8                   0x10004fcc   Section        0  main.o(i.__ARM_common_switch8)
    i.__scatterload_copy                     0x10004fe6   Section       14  handlers.o(i.__scatterload_copy)
    i.__scatterload_null                     0x10004ff4   Section        2  handlers.o(i.__scatterload_null)
    i.__scatterload_zeroinit                 0x10004ff6   Section       14  handlers.o(i.__scatterload_zeroinit)
    .constdata                               0x10005004   Section       16  segger_rtt_printf.o(.constdata)
    _aV2C                                    0x10005004   Data          16  segger_rtt_printf.o(.constdata)
    .conststring                             0x10005014   Section      138  main.o(.conststring)
    .data                                    0x20003000   Section       59  main.o(.data)
    latency_state                            0x20003001   Data           1  main.o(.data)
    start_tx                                 0x20003003   Data           1  main.o(.data)
    uart_delay_cnt                           0x20003004   Data           2  main.o(.data)
    g_report                                 0x20003008   Data           4  main.o(.data)
    .data                                    0x2000303c   Section       28  ota.o(.data)
    EvtBuf                                   0x20003050   Data           8  ota.o(.data)
    .data                                    0x20003058   Section       72  gpio.o(.data)
    gpio_callback                            0x2000306c   Data           4  gpio.o(.data)
    pinmuxtab48                              0x20003070   Data          24  gpio.o(.data)
    pinmuxtab32                              0x20003088   Data          24  gpio.o(.data)
    .data                                    0x200030a0   Section        8  uart.o(.data)
    UART_0_CTRL                              0x200030a0   Data           4  uart.o(.data)
    UART_1_CTRL                              0x200030a4   Data           4  uart.o(.data)
    .data                                    0x200030a8   Section        4  rtc_handler.o(.data)
    .data                                    0x200030ac   Section        4  system_armcm0.o(.data)
    .data                                    0x200030b0   Section       76  main.o(.data)
    syd_confirm                              0x200030b0   Data           1  main.o(.data)
    ww_minus_cnt                             0x200030b1   Data           1  main.o(.data)
    ext_uart_en                              0x200030b2   Data           1  main.o(.data)
    p_flash_hdr                              0x200030b4   Data           4  main.o(.data)
    p_lclink                                 0x200030b8   Data           4  main.o(.data)
    p_txpdu                                  0x200030bc   Data           4  main.o(.data)
    p_rxbuf                                  0x200030c0   Data           4  main.o(.data)
    p_flash                                  0x200030c4   Data           4  main.o(.data)
    slp_cfg                                  0x200030c8   Data           4  main.o(.data)
    p_dump_key                               0x200030cc   Data           4  main.o(.data)
    EFUSE_CTRL                               0x200030d0   Data           4  main.o(.data)
    BB_CTRL                                  0x200030d4   Data           4  main.o(.data)
    PW_CTRL                                  0x200030d8   Data           4  main.o(.data)
    PIN_CONFIG                               0x200030dc   Data           4  main.o(.data)
    MISC_CTRL                                0x200030e0   Data           4  main.o(.data)
    TIMER_CTRL                               0x200030e4   Data           4  main.o(.data)
    RTC_CTRL                                 0x200030e8   Data           4  main.o(.data)
    WDT_CTRL                                 0x200030ec   Data           4  main.o(.data)
    CAPDET_CTRL                              0x200030f0   Data           4  main.o(.data)
    g_evt                                    0x200030f4   Data           8  main.o(.data)
    .data                                    0x200030fc   Section       28  timer.o(.data)
    TIMER_CTRL                               0x20003100   Data           4  timer.o(.data)
    .data                                    0x20003118   Section       40  rtc.o(.data)
    enabled                                  0x20003118   Data           1  rtc.o(.data)
    irq_cb                                   0x20003138   Data           4  rtc.o(.data)
    .bss                                     0x20003140   Section     2192  main.o(.bss)
    .bss                                     0x200039d0   Section       40  ota.o(.bss)
    .bss                                     0x200039f8   Section       48  timer_handler.o(.bss)
    .bss                                     0x20003a28   Section       24  rtc_handler.o(.bss)
    .bss                                     0x20003a40   Section     1112  segger_rtt.o(.bss)
    _acUpBuffer                              0x20003a88   Data        1024  segger_rtt.o(.bss)
    _acDownBuffer                            0x20003e88   Data          16  segger_rtt.o(.bss)
    .bss                                     0x20003e98   Section      104  main.o(.bss)
    code_hdr                                 0x20003e98   Data          87  main.o(.bss)
    smart_update_ctrol                       0x20003eef   Data          17  main.o(.bss)
    .bss                                     0x20003f00   Section       12  timer.o(.bss)
    timer_callback                           0x20003f00   Data          12  timer.o(.bss)
    STACK                                    0x20003f10   Section     1024  startup_armcm0.o(STACK)

    Global Symbols

    Symbol Name                              Value     Ov Type        Size  Object(Section)

    BuildAttributes$$THM_ISAv3M$S$PE$A:L22$X:L11$S22$IEEE1$IW$USESV6$~STKCKD$USESV7$~SHL$OTIME$ROPI$EBA8$MICROLIB$REQ8$PRES8$EABIv2 0x00000000   Number         0  anon$$obj.o ABSOLUTE
    __ARM_use_no_argv                        0x00000000   Number         0  main.o ABSOLUTE
    __use_no_errno                           0x00000000   Number         0  useno.o ABSOLUTE
    __use_no_exception_handling              0x00000000   Number         0  useno.o ABSOLUTE
    __use_no_fp                              0x00000000   Number         0  useno.o ABSOLUTE
    __use_no_heap                            0x00000000   Number         0  useno.o ABSOLUTE
    __use_no_heap_region                     0x00000000   Number         0  useno.o ABSOLUTE
    __use_no_semihosting                     0x00000000   Number         0  useno.o ABSOLUTE
    __use_no_semihosting_swi                 0x00000000   Number         0  useno.o ABSOLUTE
    __use_no_signal_handling                 0x00000000   Number         0  useno.o ABSOLUTE
    __cpp_initialize__aeabi_                  - Undefined Weak Reference
    __cxa_finalize                            - Undefined Weak Reference
    _clock_init                               - Undefined Weak Reference
    _microlib_exit                            - Undefined Weak Reference
    __Vectors_Size                           0x000000c0   Number         0  startup_armcm0.o ABSOLUTE
    __Vectors                                0x10000000   Data           4  startup_armcm0.o(RESET)
    __Vectors_End                            0x100000c0   Data           0  startup_armcm0.o(RESET)
    __main                                   0x100000c1   Thumb Code     0  entry.o(.ARM.Collect$$$$00000000)
    _main_stk                                0x100000c1   Thumb Code     0  entry2.o(.ARM.Collect$$$$00000001)
    _main_scatterload                        0x100000c5   Thumb Code     0  entry5.o(.ARM.Collect$$$$00000004)
    __main_after_scatterload                 0x100000c9   Thumb Code     0  entry5.o(.ARM.Collect$$$$00000004)
    _main_clock                              0x100000c9   Thumb Code     0  entry7b.o(.ARM.Collect$$$$00000008)
    _main_cpp_init                           0x100000c9   Thumb Code     0  entry8b.o(.ARM.Collect$$$$0000000A)
    _main_init                               0x100000c9   Thumb Code     0  entry9a.o(.ARM.Collect$$$$0000000B)
    __rt_final_cpp                           0x100000d1   Thumb Code     0  entry10a.o(.ARM.Collect$$$$0000000D)
    __rt_final_exit                          0x100000d1   Thumb Code     0  entry11a.o(.ARM.Collect$$$$0000000F)
    gpio_init                                0x100000d5   Thumb Code   150  main.o(.text)
    BLSetConnectionUpdate                    0x100001cf   Thumb Code    78  main.o(.text)
    Connection_latency                       0x1000021d   Thumb Code    38  main.o(.text)
    BLE_SendUARTData                         0x10000243   Thumb Code    46  main.o(.text)
    ble_evt_callback                         0x10000345   Thumb Code   768  main.o(.text)
    ota_manage                               0x10000645   Thumb Code   116  main.o(.text)
    main                                     0x10000705   Thumb Code   306  main.o(.text)
    HardFault_Handler                        0x10000837   Thumb Code    10  main.o(.text)
    uartRx_callback                          0x10000a99   Thumb Code    58  uart_protocol.o(.text)
    uart_cmd                                 0x10000ad3   Thumb Code    26  uart_protocol.o(.text)
    delay_ms                                 0x10000af5   Thumb Code    26  delay.o(.text)
    CmdFwErase                               0x10000b2d   Thumb Code    22  ota.o(.text)
    ota_variable_clear                       0x10000b43   Thumb Code    24  ota.o(.text)
    ota_cmd                                  0x10000b5b   Thumb Code   358  ota.o(.text)
    ota_rsp                                  0x10000cc1   Thumb Code    36  ota.o(.text)
    PIN_Pullup_Enable                        0x10000ed1   Thumb Code   102  gpio.o(.text)
    PIN_Pullup_Disable                       0x10000f37   Thumb Code   102  gpio.o(.text)
    GPIO_Set_Output                          0x10000f9d   Thumb Code    48  gpio.o(.text)
    GPIO_Set_Input                           0x10000fcd   Thumb Code   172  gpio.o(.text)
    GPIO_Pin_Set                             0x10001079   Thumb Code    48  gpio.o(.text)
    GPIO_Pin_Clear                           0x100010a9   Thumb Code    48  gpio.o(.text)
    GPIO_Pin_Read                            0x100010d9   Thumb Code    34  gpio.o(.text)
    io_irq_enable                            0x100010fb   Thumb Code   114  gpio.o(.text)
    GPIO_IRQHandler                          0x1000116d   Thumb Code   116  gpio.o(.text)
    uart_0_init                              0x100011ed   Thumb Code   168  uart.o(.text)
    uart_0_write                             0x10001295   Thumb Code    22  uart.o(.text)
    uart_0_read                              0x100012ab   Thumb Code    52  uart.o(.text)
    UART0_IRQHandler                         0x100012df   Thumb Code    42  uart.o(.text)
    UART1_IRQHandler                         0x10001309   Thumb Code    26  uart.o(.text)
    Timer_Evt_2s                             0x10001331   Thumb Code    14  timer_handler.o(.text)
    Timer_EVT_1S_OTA                         0x1000133f   Thumb Code    14  timer_handler.o(.text)
    Timer_Evt_List                           0x1000134d   Thumb Code    36  timer_handler.o(.text)
    RTC_Evt_185s                             0x1000137d   Thumb Code    12  rtc_handler.o(.text)
    RTC_Evt_List                             0x10001389   Thumb Code    22  rtc_handler.o(.text)
    SEGGER_RTT_WriteNoLock                   0x1000148f   Thumb Code    86  segger_rtt.o(.text)
    SEGGER_RTT_Write                         0x100014e5   Thumb Code    48  segger_rtt.o(.text)
    SEGGER_RTT_Init                          0x10001515   Thumb Code     2  segger_rtt.o(.text)
    SEGGER_RTT_vprintf                       0x1000165d   Thumb Code   382  segger_rtt_printf.o(.text)
    SEGGER_RTT_printf                        0x100017db   Thumb Code    24  segger_rtt_printf.o(.text)
    SEGGER_RTT_hexdump                       0x100017f3   Thumb Code    84  segger_rtt_printf.o(.text)
    Reset_Handler                            0x10001929   Thumb Code     8  startup_armcm0.o(.text)
    NMI_Handler                              0x10001931   Thumb Code     2  startup_armcm0.o(.text)
    SVC_Handler                              0x10001935   Thumb Code     2  startup_armcm0.o(.text)
    PendSV_Handler                           0x10001937   Thumb Code     2  startup_armcm0.o(.text)
    SysTick_Handler                          0x10001939   Thumb Code     2  startup_armcm0.o(.text)
    CAP_IRQHandler                           0x1000193b   Thumb Code     0  startup_armcm0.o(.text)
    GPADC_IRQHandler                         0x1000193b   Thumb Code     0  startup_armcm0.o(.text)
    HID_IRQHandler                           0x1000193b   Thumb Code     0  startup_armcm0.o(.text)
    HPWM_IRQHandler                          0x1000193b   Thumb Code     0  startup_armcm0.o(.text)
    HTIMER_IRQHandler                        0x1000193b   Thumb Code     0  startup_armcm0.o(.text)
    I2C0_IRQHandler                          0x1000193b   Thumb Code     0  startup_armcm0.o(.text)
    I2C1_IRQHandler                          0x1000193b   Thumb Code     0  startup_armcm0.o(.text)
    IR_Rx_IRQHandler                         0x1000193b   Thumb Code     0  startup_armcm0.o(.text)
    IR_Tx_IRQHandler                         0x1000193b   Thumb Code     0  startup_armcm0.o(.text)
    ISO_7816_IRQHandler                      0x1000193b   Thumb Code     0  startup_armcm0.o(.text)
    LLC2_IRQHandler                          0x1000193b   Thumb Code     0  startup_armcm0.o(.text)
    LLC_IRQHandler                           0x1000193b   Thumb Code     0  startup_armcm0.o(.text)
    SPIM_IRQHandler                          0x1000193b   Thumb Code     0  startup_armcm0.o(.text)
    SW_IRQHandler                            0x1000193b   Thumb Code     0  startup_armcm0.o(.text)
    TIMER3_IRQHandler                        0x1000193b   Thumb Code     0  startup_armcm0.o(.text)
    TOUCH_IRQHandler                         0x1000193b   Thumb Code     0  startup_armcm0.o(.text)
    SystemInit                               0x10001945   Thumb Code     8  system_armcm0.o(.text)
    _BBGetMask                               0x10001ca1   Thumb Code    92  main.o(.text)
    Lib_LLEvtCallback                        0x10001cfd   Thumb Code   394  main.o(.text)
    ConnectionLatencyMode                    0x10001e87   Thumb Code    44  main.o(.text)
    sw_timer_latency_callback                0x10001eb3   Thumb Code    54  main.o(.text)
    TimerStart                               0x10001ee9   Thumb Code    12  main.o(.text)
    smart_latency_start                      0x10001ef5   Thumb Code   240  main.o(.text)
    smart_update_latency_updatersp           0x10001fe5   Thumb Code   158  main.o(.text)
    BBRFRead                                 0x10002083   Thumb Code     4  main.o(.text)
    BBRFWrite                                0x10002087   Thumb Code     6  main.o(.text)
    RCOSCCalibration                         0x1000208d   Thumb Code    60  main.o(.text)
    RFSleep                                  0x100020c9   Thumb Code    10  main.o(.text)
    UartEn                                   0x100020d3   Thumb Code    32  main.o(.text)
    _SYS32kClockSwitch                       0x100020f3   Thumb Code   222  main.o(.text)
    ClockSwitch                              0x100021d1   Thumb Code    10  main.o(.text)
    RFWakeup                                 0x100021db   Thumb Code   182  main.o(.text)
    LPOCalibration                           0x10002291   Thumb Code   208  main.o(.text)
    smart_latency_clear                      0x10002361   Thumb Code    12  main.o(.text)
    Lib_EvtCallback                          0x1000236d   Thumb Code   252  main.o(.text)
    TimerStop                                0x10002469   Thumb Code     4  main.o(.text)
    smart_update_retry                       0x1000246d   Thumb Code   146  main.o(.text)
    sw_timer_update_callback                 0x100024ff   Thumb Code    84  main.o(.text)
    smart_update_latency_updatareq           0x10002553   Thumb Code   748  main.o(.text)
    Lib_ProtocolHookCallback                 0x1000283f   Thumb Code   238  main.o(.text)
    Lib_MiscCallback                         0x1000292d   Thumb Code    14  main.o(.text)
    BleInit                                  0x1000293b   Thumb Code   158  main.o(.text)
    DisConnect                               0x100029d9   Thumb Code    12  main.o(.text)
    SetDevAddr                               0x100029e5   Thumb Code    12  main.o(.text)
    GetDevAddr                               0x100029f1   Thumb Code    12  main.o(.text)
    SetLEFeature                             0x100029fd   Thumb Code    12  main.o(.text)
    SetAdvAccCode                            0x10002a09   Thumb Code    12  main.o(.text)
    SetAdvParams                             0x10002a15   Thumb Code    12  main.o(.text)
    SetAdvData                               0x10002a21   Thumb Code    12  main.o(.text)
    StartAdv                                 0x10002d75   Thumb Code    10  main.o(.text)
    StopAdv                                  0x10002d7f   Thumb Code    30  main.o(.text)
    StopAdv_Noreset                          0x10002d9d   Thumb Code    48  main.o(.text)
    SetScanParams                            0x10002dcd   Thumb Code    10  main.o(.text)
    StartScan                                0x10002dd7   Thumb Code    12  main.o(.text)
    StopScan                                 0x10002de3   Thumb Code    10  main.o(.text)
    SetSecParams                             0x10002ded   Thumb Code    12  main.o(.text)
    SetConnectionUpdate                      0x10002df9   Thumb Code    12  main.o(.text)
    GetLinkParameters                        0x10002e05   Thumb Code    12  main.o(.text)
    SetWinWideMinusCnt                       0x10002e11   Thumb Code     8  main.o(.text)
    SetPasskey                               0x10002e19   Thumb Code    12  main.o(.text)
    SecurityReq                              0x10002e25   Thumb Code    12  main.o(.text)
    SetEvtCallback                           0x10002e31   Thumb Code    54  main.o(.text)
    GetGATTReportHandle                      0x10002e67   Thumb Code    10  main.o(.text)
    SetGATTReadRsp                           0x10002e71   Thumb Code    12  main.o(.text)
    CheckFIFOFull                            0x10002e7d   Thumb Code    18  main.o(.text)
    GATTDataSend                             0x10002e8f   Thumb Code    48  main.o(.text)
    ATTCSetCallback                          0x10002ebf   Thumb Code     4  main.o(.text)
    ATTCMTUReq                               0x10002ec3   Thumb Code    24  main.o(.text)
    ATTCFindInfoReq                          0x10002edb   Thumb Code    28  main.o(.text)
    ATTCFindByTypeValueReq                   0x10002ef7   Thumb Code    42  main.o(.text)
    ATTCReadByTypeReq                        0x10002f21   Thumb Code    36  main.o(.text)
    ATTCReadReq                              0x10002f45   Thumb Code    24  main.o(.text)
    ATTCReadBlobReq                          0x10002f5d   Thumb Code    28  main.o(.text)
    ATTCReadMultipleReq                      0x10002f79   Thumb Code    28  main.o(.text)
    ATTCReadByGroupTypeReq                   0x10002f95   Thumb Code    34  main.o(.text)
    ATTCWriteReq                             0x10002fb7   Thumb Code    32  main.o(.text)
    ATTCWriteCmdReq                          0x10002fd7   Thumb Code    32  main.o(.text)
    ATTCPrepareWriteReq                      0x10002ff7   Thumb Code   218  main.o(.text)
    ATTCExecuteWriteReq                      0x100030d1   Thumb Code    22  main.o(.text)
    ATTCConfirmation                         0x100030e7   Thumb Code    20  main.o(.text)
    _SYSClockSwitch                          0x100030fb   Thumb Code    86  main.o(.text)
    MCUClockSwitch                           0x10003151   Thumb Code     2  main.o(.text)
    GetMCUClock                              0x10003153   Thumb Code    14  main.o(.text)
    GetClock                                 0x10003161   Thumb Code    16  main.o(.text)
    WakeupConfig                             0x10003171   Thumb Code    12  main.o(.text)
    LLSleep                                  0x1000317d   Thumb Code    12  main.o(.text)
    Rand                                     0x10003189   Thumb Code     4  main.o(.text)
    DelayUS                                  0x1000318d   Thumb Code     4  main.o(.text)
    DelayMS                                  0x10003191   Thumb Code     6  main.o(.text)
    GetCompanyID                             0x10003197   Thumb Code    18  main.o(.text)
    GetQFNType                               0x100031a9   Thumb Code    20  main.o(.text)
    RFRead                                   0x100031bd   Thumb Code     8  main.o(.text)
    RFWrite                                  0x100031c5   Thumb Code     8  main.o(.text)
    lib_check_ble_fsm_state                  0x100031cd   Thumb Code    26  main.o(.text)
    _PCWaitForEvt                            0x100031e7   Thumb Code   754  main.o(.text)
    _PMSystemSleep                           0x100034d9   Thumb Code    38  main.o(.text)
    SystemSleep                              0x100034ff   Thumb Code    18  main.o(.text)
    SystemPowerDown                          0x10003511   Thumb Code    78  main.o(.text)
    SystemReset                              0x1000355f   Thumb Code    12  main.o(.text)
    CapdetEn                                 0x1000356b   Thumb Code    10  main.o(.text)
    PowerDownLPOEn                           0x10003575   Thumb Code    12  main.o(.text)
    SetBondManagerIndex                      0x10003581   Thumb Code    12  main.o(.text)
    GetBondDevice                            0x1000358d   Thumb Code     6  main.o(.text)
    AddBondDevice                            0x10003593   Thumb Code    12  main.o(.text)
    DelAllBondDevice                         0x1000359f   Thumb Code    10  main.o(.text)
    DelBondDevice                            0x100035a9   Thumb Code    12  main.o(.text)
    ReadProfileData                          0x100035b5   Thumb Code     6  main.o(.text)
    WriteProfileData                         0x100035bb   Thumb Code     6  main.o(.text)
    EraseFlashData                           0x100035c1   Thumb Code    34  main.o(.text)
    ReadFlashData                            0x100035e3   Thumb Code    40  main.o(.text)
    WriteFlashData                           0x1000360b   Thumb Code    40  main.o(.text)
    CodeErase                                0x10003633   Thumb Code   162  main.o(.text)
    CodeErase_sector                         0x100036d5   Thumb Code   134  main.o(.text)
    _FMCodeWrite                             0x1000375b   Thumb Code    58  main.o(.text)
    CodeWrite                                0x10003795   Thumb Code    32  main.o(.text)
    CodeUpdate                               0x100037b5   Thumb Code    10  main.o(.text)
    ble_sched_execute                        0x100037bf   Thumb Code   158  main.o(.text)
    ble_sched_finish                         0x1000385d   Thumb Code     4  main.o(.text)
    syd52832_chip_confirm                    0x10003861   Thumb Code    36  main.o(.text)
    gap_s_smart_update_latency               0x10003885   Thumb Code   328  main.o(.text)
    eFuseManual                              0x100039cd   Thumb Code    28  main.o(.text)
    GPADC_Manual_Calibration                 0x100039e9   Thumb Code    54  main.o(.text)
    GAPGetUartEn                             0x10003a1f   Thumb Code     6  main.o(.text)
    GAPUartEn                                0x10003a25   Thumb Code     6  main.o(.text)
    GAPBBDelayUS                             0x10003a2b   Thumb Code     4  main.o(.text)
    GAPBBDelayMS                             0x10003a2f   Thumb Code     6  main.o(.text)
    GAPGetRFAutoSleep                        0x10003a35   Thumb Code     4  main.o(.text)
    GAPSetRFAutoSleep                        0x10003a39   Thumb Code     6  main.o(.text)
    Setting4kUpdate                          0x10003a3f   Thumb Code   132  main.o(.text)
    SetDevAddr_toflash                       0x10003ac3   Thumb Code    72  main.o(.text)
    gap_s_verdor_datas_get                   0x10003b0b   Thumb Code    26  main.o(.text)
    gap_s_verdor_datas_set                   0x10003b25   Thumb Code    66  main.o(.text)
    gap_s_is_ll_start_enc                    0x10003b67   Thumb Code    26  main.o(.text)
    GAPBBTXFIFO0Write                        0x10003b81   Thumb Code     4  main.o(.text)
    flash_peotect_key_confirm                0x10003b85   Thumb Code   168  main.o(.text)
    Timer_Evt_Creat                          0x10003d71   Thumb Code    50  timer.o(.text)
    Min                                      0x10003da3   Thumb Code     8  timer.o(.text)
    timer_0_disable                          0x10003dab   Thumb Code    48  timer.o(.text)
    timer_0_enable                           0x10003ddb   Thumb Code    96  timer.o(.text)
    timer_0_start                            0x10003e3b   Thumb Code     2  timer.o(.text)
    Timer_Evt_Clr                            0x10003eab   Thumb Code    10  timer.o(.text)
    timer_0_get                              0x10003eb5   Thumb Code    32  timer.o(.text)
    Timer_Evt_Stop                           0x10003ed5   Thumb Code   114  timer.o(.text)
    Timer_Evt_Start                          0x10003f47   Thumb Code   144  timer.o(.text)
    Timer_Get_State                          0x10003fd7   Thumb Code    34  timer.o(.text)
    SYD_Timer_Init                           0x10003ff9   Thumb Code    34  timer.o(.text)
    timer_0_delay_32us                       0x1000401b   Thumb Code    66  timer.o(.text)
    TIMER0_IRQHandler                        0x1000405d   Thumb Code    32  timer.o(.text)
    timer_1_enable                           0x1000407d   Thumb Code    96  timer.o(.text)
    timer_1_disable                          0x100040dd   Thumb Code    48  timer.o(.text)
    TIMER1_IRQHandler                        0x1000410d   Thumb Code    32  timer.o(.text)
    timer_2_enable                           0x1000412d   Thumb Code   110  timer.o(.text)
    timer_2_get_val                          0x1000419b   Thumb Code    34  timer.o(.text)
    timer_2_disable                          0x100041bd   Thumb Code    48  timer.o(.text)
    TIMER2_IRQHandler                        0x100041ed   Thumb Code    32  timer.o(.text)
    rtc_get_calendar                         0x10004249   Thumb Code    40  rtc.o(.text)
    RTC_RUN                                  0x10004271   Thumb Code    66  rtc.o(.text)
    rtc_set_compare                          0x100042b3   Thumb Code    68  rtc.o(.text)
    RTC_SET                                  0x100042f7   Thumb Code    84  rtc.o(.text)
    RTC_Refressh                             0x1000434b   Thumb Code    76  rtc.o(.text)
    RTC_EVT_Creat                            0x10004397   Thumb Code    32  rtc.o(.text)
    Min_RTC                                  0x100043b7   Thumb Code     8  rtc.o(.text)
    rtc_int_disable                          0x100043bf   Thumb Code    24  rtc.o(.text)
    RTC_EVT_Clr                              0x10004475   Thumb Code    10  rtc.o(.text)
    RTC_EVT_Stop                             0x1000447f   Thumb Code   112  rtc.o(.text)
    RTC_EVT_Start                            0x100044ef   Thumb Code   146  rtc.o(.text)
    RTC_EVT_whole_minute_setid               0x10004581   Thumb Code     6  rtc.o(.text)
    RTC_EVT_whole_minute_adj                 0x10004587   Thumb Code   132  rtc.o(.text)
    RTC_Get_State                            0x1000460b   Thumb Code    54  rtc.o(.text)
    rtc_start                                0x10004641   Thumb Code    28  rtc.o(.text)
    rtc_set_interrupt_callback               0x1000465d   Thumb Code     6  rtc.o(.text)
    rtc_int_enable                           0x10004663   Thumb Code    22  rtc.o(.text)
    rtc_int_clear                            0x10004679   Thumb Code    22  rtc.o(.text)
    rtc_set_calendar                         0x1000468f   Thumb Code    40  rtc.o(.text)
    rtc_set_prescaler                        0x100046b7   Thumb Code    34  rtc.o(.text)
    rtc_clear                                0x100046d9   Thumb Code    18  rtc.o(.text)
    rtc_stop                                 0x100046eb   Thumb Code    30  rtc.o(.text)
    rtc_init                                 0x10004709   Thumb Code   126  rtc.o(.text)
    SYD_RTC_Init                             0x10004787   Thumb Code    40  rtc.o(.text)
    RTC_IRQHandler                           0x100047af   Thumb Code    30  rtc.o(.text)
    rtc_status                               0x100047cd   Thumb Code     6  rtc.o(.text)
    rtc_get_compare                          0x100047d3   Thumb Code    52  rtc.o(.text)
    __aeabi_uidiv                            0x10004819   Thumb Code     0  uidiv.o(.text)
    __aeabi_uidivmod                         0x10004819   Thumb Code    44  uidiv.o(.text)
    __aeabi_idiv                             0x10004845   Thumb Code     0  idiv.o(.text)
    __aeabi_idivmod                          0x10004845   Thumb Code    40  idiv.o(.text)
    __aeabi_memcpy                           0x1000486d   Thumb Code    36  memcpya.o(.text)
    __aeabi_memcpy4                          0x1000486d   Thumb Code     0  memcpya.o(.text)
    __aeabi_memcpy8                          0x1000486d   Thumb Code     0  memcpya.o(.text)
    __aeabi_memset                           0x10004891   Thumb Code    14  memseta.o(.text)
    __aeabi_memset4                          0x10004891   Thumb Code     0  memseta.o(.text)
    __aeabi_memset8                          0x10004891   Thumb Code     0  memseta.o(.text)
    __aeabi_memclr                           0x1000489f   Thumb Code     4  memseta.o(.text)
    __aeabi_memclr4                          0x1000489f   Thumb Code     0  memseta.o(.text)
    __aeabi_memclr8                          0x1000489f   Thumb Code     0  memseta.o(.text)
    _memset$wrapper                          0x100048a3   Thumb Code    18  memseta.o(.text)
    strcpy                                   0x100048b5   Thumb Code    18  strcpy.o(.text)
    __aeabi_uread4                           0x100048c7   Thumb Code    20  uread4.o(.text)
    __rt_uread4                              0x100048c7   Thumb Code     0  uread4.o(.text)
    _uread4                                  0x100048c7   Thumb Code     0  uread4.o(.text)
    __aeabi_uwrite4                          0x100048db   Thumb Code    18  uwrite4.o(.text)
    __rt_uwrite4                             0x100048db   Thumb Code     0  uwrite4.o(.text)
    _uwrite4                                 0x100048db   Thumb Code     0  uwrite4.o(.text)
    __aeabi_fadd                             0x100048ed   Thumb Code   162  fadd.o(.text)
    __aeabi_fsub                             0x1000498f   Thumb Code     8  fadd.o(.text)
    __aeabi_frsub                            0x10004997   Thumb Code     8  fadd.o(.text)
    __aeabi_dadd                             0x100049a1   Thumb Code   328  dadd.o(.text)
    __aeabi_dsub                             0x10004ae9   Thumb Code    12  dadd.o(.text)
    __aeabi_drsub                            0x10004af5   Thumb Code    12  dadd.o(.text)
    __aeabi_dmul                             0x10004b05   Thumb Code   202  dmul.o(.text)
    __aeabi_ddiv                             0x10004bd5   Thumb Code   234  ddiv.o(.text)
    __aeabi_ui2f                             0x10004cc5   Thumb Code    14  ffltui.o(.text)
    __aeabi_i2d                              0x10004cd5   Thumb Code    34  dflti.o(.text)
    __aeabi_ui2d                             0x10004cfd   Thumb Code    24  dfltui.o(.text)
    __aeabi_d2uiz                            0x10004d19   Thumb Code    50  dfixui.o(.text)
    __aeabi_f2d                              0x10004d55   Thumb Code    40  f2d.o(.text)
    __aeabi_llsl                             0x10004d7d   Thumb Code    32  llshl.o(.text)
    _ll_shift_l                              0x10004d7d   Thumb Code     0  llshl.o(.text)
    __aeabi_llsr                             0x10004d9d   Thumb Code    34  llushr.o(.text)
    _ll_ushift_r                             0x10004d9d   Thumb Code     0  llushr.o(.text)
    __aeabi_lasr                             0x10004dbf   Thumb Code    38  llsshr.o(.text)
    _ll_sshift_r                             0x10004dbf   Thumb Code     0  llsshr.o(.text)
    __I$use$fp                               0x10004de5   Thumb Code     0  iusefp.o(.text)
    _float_round                             0x10004de5   Thumb Code    16  fepilogue.o(.text)
    _float_epilogue                          0x10004df5   Thumb Code   114  fepilogue.o(.text)
    _double_round                            0x10004e67   Thumb Code    26  depilogue.o(.text)
    _double_epilogue                         0x10004e81   Thumb Code   164  depilogue.o(.text)
    __scatterload                            0x10004f25   Thumb Code    28  init.o(.text)
    __scatterload_rt2                        0x10004f25   Thumb Code     0  init.o(.text)
    __decompress                             0x10004f49   Thumb Code     0  __dczerorl2.o(.text)
    __decompress1                            0x10004f49   Thumb Code    86  __dczerorl2.o(.text)
    __ARM_clz                                0x10004f9f   Thumb Code    46  depilogue.o(i.__ARM_clz)
    __ARM_common_switch8                     0x10004fcd   Thumb Code    26  main.o(i.__ARM_common_switch8)
    __scatterload_copy                       0x10004fe7   Thumb Code    14  handlers.o(i.__scatterload_copy)
    __scatterload_null                       0x10004ff5   Thumb Code     2  handlers.o(i.__scatterload_null)
    __scatterload_zeroinit                   0x10004ff7   Thumb Code    14  handlers.o(i.__scatterload_zeroinit)
    Region$$Table$$Base                      0x100050a0   Number         0  anon$$obj.o(Region$$Table)
    Region$$Table$$Limit                     0x100050c0   Number         0  anon$$obj.o(Region$$Table)
    connect_flag                             0x20003000   Data           1  main.o(.data)
    update_latency_mode                      0x20003002   Data           1  main.o(.data)
    ADV_DATA                                 0x2000300c   Data          27  main.o(.data)
    SCAN_DATA                                0x20003027   Data          20  main.o(.data)
    ota_state                                0x2000303c   Data           1  ota.o(.data)
    ota_writecnt                             0x2000303d   Data           1  ota.o(.data)
    ota_section_size                         0x2000303e   Data           2  ota.o(.data)
    ota_receive_size                         0x20003040   Data           2  ota.o(.data)
    ota_section_check                        0x20003042   Data           2  ota.o(.data)
    ota_receive_check                        0x20003044   Data           2  ota.o(.data)
    ota_section_offset                       0x20003048   Data           4  ota.o(.data)
    pevt                                     0x2000304c   Data           4  ota.o(.data)
    PIN_CONFIG                               0x20003058   Data           4  gpio.o(.data)
    GPIO_CTRL                                0x2000305c   Data           4  gpio.o(.data)
    GPO_CTRL                                 0x20003060   Data           4  gpio.o(.data)
    GPI_CTRL                                 0x20003064   Data           4  gpio.o(.data)
    GPIO_IRQ_CTRL                            0x20003068   Data           4  gpio.o(.data)
    syd_history_setting_str                  0x200030a8   Data           4  rtc_handler.o(.data)
    SystemCoreClock                          0x200030ac   Data           4  system_armcm0.o(.data)
    Event_Num                                0x200030fc   Data           1  timer.o(.data)
    max_trigger_timer                        0x20003104   Data           4  timer.o(.data)
    TIMER_EVT                                0x20003108   Data           4  timer.o(.data)
    Timer_Evt_Trigger_Loop_now               0x2000310c   Data           4  timer.o(.data)
    sys_timer_max_p                          0x20003110   Data           4  timer.o(.data)
    sys_timer_current_p                      0x20003114   Data           4  timer.o(.data)
    RTC_Event_Num                            0x20003119   Data           1  rtc.o(.data)
    max_trigger_rtc                          0x2000311c   Data           4  rtc.o(.data)
    RTC_EVT                                  0x20003120   Data           4  rtc.o(.data)
    RTC_RTCEVT_Trigger_Loop_now              0x20003124   Data           4  rtc.o(.data)
    RTC_second_now                           0x20003128   Data           4  rtc.o(.data)
    sys_rtc_max_p                            0x2000312c   Data           4  rtc.o(.data)
    sys_rtc_current_p                        0x20003130   Data           4  rtc.o(.data)
    RTCEVT_whole_minute_id                   0x20003134   Data           4  rtc.o(.data)
    RTC_second_last                          0x2000313c   Data           4  rtc.o(.data)
    uart_rx_buf                              0x20003140   Data        1032  main.o(.bss)
    uart_tx_buf                              0x20003548   Data        1160  main.o(.bss)
    ota_w                                    0x200039d0   Data          40  ota.o(.bss)
    syd_sysTimer                             0x200039f8   Data          48  timer_handler.o(.bss)
    syd_rtc                                  0x20003a28   Data          24  rtc_handler.o(.bss)
    _SEGGER_RTT                              0x20003a40   Data          72  segger_rtt.o(.bss)
    __initial_sp                             0x20004310   Data           0  startup_armcm0.o(STACK)



==============================================================================

Memory Map of the image

  Image Entry point : 0x100000c1

  Load Region LR_IROM1 (Base: 0x10000000, Size: 0x00005200, Max: 0x0003f000, ABSOLUTE, COMPRESSED[0x00005164])

    Execution Region ER_IROM1 (Base: 0x10000000, Size: 0x000050c0, Max: 0x0003f000, ABSOLUTE)

    Base Addr    Size         Type   Attr      Idx    E Section Name        Object

    0x10000000   0x000000c0   Data   RO          691    RESET               startup_armcm0.o
    0x100000c0   0x00000000   Code   RO          902  * .ARM.Collect$$$$00000000  mc_p.l(entry.o)
    0x100000c0   0x00000004   Code   RO          948    .ARM.Collect$$$$00000001  mc_p.l(entry2.o)
    0x100000c4   0x00000004   Code   RO          951    .ARM.Collect$$$$00000004  mc_p.l(entry5.o)
    0x100000c8   0x00000000   Code   RO          953    .ARM.Collect$$$$00000008  mc_p.l(entry7b.o)
    0x100000c8   0x00000000   Code   RO          955    .ARM.Collect$$$$0000000A  mc_p.l(entry8b.o)
    0x100000c8   0x00000008   Code   RO          956    .ARM.Collect$$$$0000000B  mc_p.l(entry9a.o)
    0x100000d0   0x00000000   Code   RO          958    .ARM.Collect$$$$0000000D  mc_p.l(entry10a.o)
    0x100000d0   0x00000000   Code   RO          960    .ARM.Collect$$$$0000000F  mc_p.l(entry11a.o)
    0x100000d0   0x00000004   Code   RO          949    .ARM.Collect$$$$00002712  mc_p.l(entry2.o)
    0x100000d4   0x000009c4   Code   RO            3    .text               main.o
    0x10000a98   0x0000005c   Code   RO          101    .text               uart_protocol.o
    0x10000af4   0x00000020   Code   RO          125    .text               delay.o
    0x10000b14   0x000003bc   Code   RO          151    .text               ota.o
    0x10000ed0   0x0000031c   Code   RO          194    .text               gpio.o
    0x100011ec   0x00000144   Code   RO          258    .text               uart.o
    0x10001330   0x0000004c   Code   RO          320    .text               timer_handler.o
    0x1000137c   0x0000002c   Code   RO          353    .text               rtc_handler.o
    0x100013a8   0x000001a4   Code   RO          381    .text               segger_rtt.o
    0x1000154c   0x000003dc   Code   RO          550    .text               segger_rtt_printf.o
    0x10001928   0x0000001c   Code   RO          692    .text               startup_armcm0.o
    0x10001944   0x00000010   Code   RO          699    .text               system_armcm0.o
    0x10001954   0x0000241c   Code   RO          730    .text               syd8811_ble_lib.lib(main.o)
    0x10003d70   0x000004d8   Code   RO          809    .text               Syd8811_softtimer_lib.lib(timer.o)
    0x10004248   0x000005d0   Code   RO          867    .text               Syd8811_softtimer_lib.lib(rtc.o)
    0x10004818   0x0000002c   Code   RO          910    .text               mc_p.l(uidiv.o)
    0x10004844   0x00000028   Code   RO          912    .text               mc_p.l(idiv.o)
    0x1000486c   0x00000024   Code   RO          914    .text               mc_p.l(memcpya.o)
    0x10004890   0x00000024   Code   RO          916    .text               mc_p.l(memseta.o)
    0x100048b4   0x00000012   Code   RO          922    .text               mc_p.l(strcpy.o)
    0x100048c6   0x00000014   Code   RO          926    .text               mc_p.l(uread4.o)
    0x100048da   0x00000012   Code   RO          928    .text               mc_p.l(uwrite4.o)
    0x100048ec   0x000000b2   Code   RO          930    .text               mf_p.l(fadd.o)
    0x1000499e   0x00000002   PAD
    0x100049a0   0x00000164   Code   RO          932    .text               mf_p.l(dadd.o)
    0x10004b04   0x000000d0   Code   RO          934    .text               mf_p.l(dmul.o)
    0x10004bd4   0x000000f0   Code   RO          936    .text               mf_p.l(ddiv.o)
    0x10004cc4   0x0000000e   Code   RO          938    .text               mf_p.l(ffltui.o)
    0x10004cd2   0x00000002   PAD
    0x10004cd4   0x00000028   Code   RO          940    .text               mf_p.l(dflti.o)
    0x10004cfc   0x0000001c   Code   RO          942    .text               mf_p.l(dfltui.o)
    0x10004d18   0x0000003c   Code   RO          944    .text               mf_p.l(dfixui.o)
    0x10004d54   0x00000028   Code   RO          946    .text               mf_p.l(f2d.o)
    0x10004d7c   0x00000020   Code   RO          963    .text               mc_p.l(llshl.o)
    0x10004d9c   0x00000022   Code   RO          965    .text               mc_p.l(llushr.o)
    0x10004dbe   0x00000026   Code   RO          967    .text               mc_p.l(llsshr.o)
    0x10004de4   0x00000000   Code   RO          969    .text               mc_p.l(iusefp.o)
    0x10004de4   0x00000082   Code   RO          971    .text               mf_p.l(fepilogue.o)
    0x10004e66   0x000000be   Code   RO          973    .text               mf_p.l(depilogue.o)
    0x10004f24   0x00000024   Code   RO          977    .text               mc_p.l(init.o)
    0x10004f48   0x00000056   Code   RO          987    .text               mc_p.l(__dczerorl2.o)
    0x10004f9e   0x0000002e   Code   RO          975    i.__ARM_clz         mf_p.l(depilogue.o)
    0x10004fcc   0x0000001a   Code   RO           23    i.__ARM_common_switch8  main.o
    0x10004fe6   0x0000000e   Code   RO          981    i.__scatterload_copy  mc_p.l(handlers.o)
    0x10004ff4   0x00000002   Code   RO          982    i.__scatterload_null  mc_p.l(handlers.o)
    0x10004ff6   0x0000000e   Code   RO          983    i.__scatterload_zeroinit  mc_p.l(handlers.o)
    0x10005004   0x00000010   Data   RO          551    .constdata          segger_rtt_printf.o
    0x10005014   0x0000008a   Data   RO          732    .conststring        syd8811_ble_lib.lib(main.o)
    0x1000509e   0x00000002   PAD
    0x100050a0   0x00000020   Data   RO          979    Region$$Table       anon$$obj.o


    Execution Region RW_IRAM1 (Base: 0x20003000, Size: 0x00001310, Max: 0x00005000, ABSOLUTE, COMPRESSED[0x000000a4])

    Base Addr    Size         Type   Attr      Idx    E Section Name        Object

    0x20003000   0x0000003b   Data   RW            5    .data               main.o
    0x2000303b   0x00000001   PAD
    0x2000303c   0x0000001c   Data   RW          153    .data               ota.o
    0x20003058   0x00000048   Data   RW          200    .data               gpio.o
    0x200030a0   0x00000008   Data   RW          264    .data               uart.o
    0x200030a8   0x00000004   Data   RW          355    .data               rtc_handler.o
    0x200030ac   0x00000004   Data   RW          700    .data               system_armcm0.o
    0x200030b0   0x0000004c   Data   RW          733    .data               syd8811_ble_lib.lib(main.o)
    0x200030fc   0x0000001c   Data   RW          811    .data               Syd8811_softtimer_lib.lib(timer.o)
    0x20003118   0x00000028   Data   RW          868    .data               Syd8811_softtimer_lib.lib(rtc.o)
    0x20003140   0x00000890   Zero   RW            4    .bss                main.o
    0x200039d0   0x00000028   Zero   RW          152    .bss                ota.o
    0x200039f8   0x00000030   Zero   RW          321    .bss                timer_handler.o
    0x20003a28   0x00000018   Zero   RW          354    .bss                rtc_handler.o
    0x20003a40   0x00000458   Zero   RW          405    .bss                segger_rtt.o
    0x20003e98   0x00000068   Zero   RW          731    .bss                syd8811_ble_lib.lib(main.o)
    0x20003f00   0x0000000c   Zero   RW          810    .bss                Syd8811_softtimer_lib.lib(timer.o)
    0x20003f0c   0x00000004   PAD
    0x20003f10   0x00000400   Zero   RW          689    STACK               startup_armcm0.o


==============================================================================

Image component sizes


      Code (inc. data)   RO Data    RW Data    ZI Data      Debug   Object Name

        32          6          0          0          0        587   delay.o
       796         12          0         72          0      10201   gpio.o
      2526        714          0         59       2192      51895   main.o
       956        282          0         28         40      34713   ota.o
        44         10          0          4         24       2935   rtc_handler.o
       420         32          0          0       1112       6876   segger_rtt.o
       988         26         16          0          0       5936   segger_rtt_printf.o
        28          8        192          0       1024        652   startup_armcm0.o
        16          8          0          4          0        739   system_armcm0.o
        76         12          0          0         48       3026   timer_handler.o
       324         14          0          8          0       8385   uart.o
        92          8          0          0          0       1251   uart_protocol.o

    ----------------------------------------------------------------------
      6298       1132        240        176       4440     127196   Object Totals
         0          0         32          0          0          0   (incl. Generated)
         0          0          0          1          0          0   (incl. Padding)

    ----------------------------------------------------------------------

      Code (inc. data)   RO Data    RW Data    ZI Data      Debug   Library Member Name

      1488         38          0         40          0      17407   rtc.o
      1240         26          0         28         12      40773   timer.o
        86          0          0          0          0          0   __dczerorl2.o
         0          0          0          0          0          0   entry.o
         0          0          0          0          0          0   entry10a.o
         0          0          0          0          0          0   entry11a.o
         8          4          0          0          0          0   entry2.o
         4          0          0          0          0          0   entry5.o
         0          0          0          0          0          0   entry7b.o
         0          0          0          0          0          0   entry8b.o
         8          4          0          0          0          0   entry9a.o
        30          0          0          0          0          0   handlers.o
        40          0          0          0          0         72   idiv.o
        36          8          0          0          0         68   init.o
         0          0          0          0          0          0   iusefp.o
        32          0          0          0          0         68   llshl.o
        38          0          0          0          0         68   llsshr.o
        34          0          0          0          0         68   llushr.o
        36          0          0          0          0         60   memcpya.o
        36          0          0          0          0        100   memseta.o
        18          0          0          0          0         60   strcpy.o
        44          0          0          0          0         72   uidiv.o
        20          0          0          0          0         60   uread4.o
        18          0          0          0          0         60   uwrite4.o
       356          4          0          0          0        140   dadd.o
       240          6          0          0          0         84   ddiv.o
       236          0          0          0          0        216   depilogue.o
        60         10          0          0          0         68   dfixui.o
        40          6          0          0          0         68   dflti.o
        28          4          0          0          0         68   dfltui.o
       208          6          0          0          0         88   dmul.o
        40          0          0          0          0         60   f2d.o
       178          0          0          0          0        108   fadd.o
       130          0          0          0          0        144   fepilogue.o
        14          0          0          0          0         68   ffltui.o
      9244       1262        138         76        104      96585   main.o

    ----------------------------------------------------------------------
     13994       1378        140        144        120     156633   Library Totals
         4          0          2          0          4          0   (incl. Padding)

    ----------------------------------------------------------------------

      Code (inc. data)   RO Data    RW Data    ZI Data      Debug   Library Name

      2728         64          0         68         12      58180   Syd8811_softtimer_lib.lib
       488         16          0          0          0        756   mc_p.l
      1530         36          0          0          0       1112   mf_p.l
      9244       1262        138         76        104      96585   syd8811_ble_lib.lib

    ----------------------------------------------------------------------
     13994       1378        140        144        120     156633   Library Totals

    ----------------------------------------------------------------------

==============================================================================


      Code (inc. data)   RO Data    RW Data    ZI Data      Debug   

     20292       2510        380        320       4560     281853   Grand Totals
     20292       2510        380        164       4560     281853   ELF Image Totals (compressed)
     20292       2510        380        164          0          0   ROM Totals

==============================================================================

    Total RO  Size (Code + RO Data)                20672 (  20.19kB)
    Total RW  Size (RW Data + ZI Data)              4880 (   4.77kB)
    Total ROM Size (Code + RO Data + RW Data)      20836 (  20.35kB)

==============================================================================

