Component: ARM Compiler 5.06 (build 20) Tool: armlink [4d35a3]

==============================================================================

Section Cross References

    main.o(.text) refers to main.o(.text) for SetAdvParams
    main.o(.text) refers to segger_rtt_printf.o(.text) for SEGGER_RTT_hexdump
    main.o(.text) refers to ota.o(.text) for ota_rsp
    main.o(.text) refers to uread4.o(.text) for __aeabi_uread4
    main.o(.text) refers to timer.o(.text) for Timer_Evt_Stop
    main.o(.text) refers to memcpya.o(.text) for __aeabi_memcpy
    main.o(.text) refers to main.o(.data) for dev_addr
    main.o(.text) refers to main.o(i.__ARM_common_switch8) for __ARM_common_switch8
    main.o(.text) refers to uwrite4.o(.text) for __aeabi_uwrite4
    main.o(.text) refers to delay.o(.text) for delay_ms
    main.o(.text) refers to gpio.o(.text) for PIN_Set_GPIO
    main.o(.text) refers to segger_rtt.o(.text) for SEGGER_RTT_Init
    main.o(.text) refers to debug.o(.text) for dbg_init
    main.o(.text) refers to timer_handler.o(.text) for Timer_Evt_List
    main.o(.text) refers to rtc.o(.text) for SYD_RTC_Init
    main.o(.text) refers to rtc_handler.o(.text) for RTC_Evt_List
    main.o(.text) refers to ota.o(.data) for ota_state
    main.o(.text) refers to gpio.o(.data) for PIN_CONFIG
    main.o(.text) refers to timer_handler.o(.bss) for syd_sysTimer
    main.o(.text) refers to rtc_handler.o(.bss) for syd_rtc
    main.o(.text) refers to timer.o(.data) for TIMER_EVT
    main.o(.text) refers to rtc.o(.data) for RTC_EVT
    main.o(.text) refers to main.o(.text) for GATTDataSend
    main.o(.text) refers to main.o(.data) for start_tx
    debug.o(.text) refers to uart.o(.text) for uart_0_init
    debug.o(.text) refers to printfa.o(i.__0vsprintf) for __c89vsprintf
    debug.o(.text) refers to uart.o(.text) for uart_0_write
    debug.o(.text) refers to debug.o(.bss) for s_formatBuffer
    debug.o(.text) refers to debug.o(.text) for dbg_printf
    gpio.o(.text) refers to gpio.o(.data) for PIN_CONFIG
    gpio.o(.text) refers to gpio.o(.data) for pinmuxtab48
    gpio.o(.text) refers to gpio.o(.data) for GPI_CTRL
    gpio.o(.text) refers to gpio.o(.data) for GPIO_IRQ_CTRL
    gpio.o(.text) refers to gpio.o(.data) for GPIO_IRQ_CTRL
    uart.o(.text) refers to gpio.o(.data) for PIN_CONFIG
    uart.o(.text) refers to uart.o(.data) for UART_0_CTRL
    uart.o(.text) refers to uart.o(.data) for UART_0_CTRL
    uart.o(.text) refers to uart.o(.text) for __NVIC_DisableIRQ
    uart.o(.text) refers to uart.o(.data) for UART_0_CTRL
    uart.o(.text) refers to uart.o(.text) for __NVIC_EnableIRQ
    uart.o(.text) refers to gpio.o(.data) for PIN_CONFIG
    uart.o(.text) refers to uart.o(.data) for UART_1_CTRL
    uart.o(.text) refers to uart.o(.data) for UART_1_CTRL
    uart.o(.text) refers to uart.o(.text) for __NVIC_DisableIRQ
    uart.o(.text) refers to uart.o(.data) for UART_1_CTRL
    ota.o(.text) refers to memcpya.o(.text) for __aeabi_memcpy
    ota.o(.text) refers to main.o(.text) for CodeErase
    ota.o(.text) refers to segger_rtt_printf.o(.text) for SEGGER_RTT_printf
    ota.o(.text) refers to uread4.o(.text) for __aeabi_uread4
    ota.o(.text) refers to main.o(i.__ARM_common_switch8) for __ARM_common_switch8
    ota.o(.text) refers to main.o(.text) for BLSetConnectionUpdate
    ota.o(.text) refers to timer.o(.text) for Timer_Evt_Start
    ota.o(.text) refers to ota.o(.data) for pevt
    ota.o(.text) refers to ota.o(.bss) for ota_w
    timer_handler.o(.text) refers to timer.o(.text) for Timer_Evt_Creat
    timer_handler.o(.text) refers to timer.o(.data) for TIMER_EVT
    rtc_handler.o(.text) refers to rtc.o(.text) for RTC_EVT_Creat
    rtc_handler.o(.text) refers to rtc.o(.data) for RTC_EVT
    segger_rtt.o(.text) refers to strcpy.o(.text) for strcpy
    segger_rtt.o(.text) refers to memcpya.o(.text) for __aeabi_memcpy
    segger_rtt.o(.text) refers to segger_rtt.o(.ARM.__AT_0x20007F00) for _SEGGER_RTT
    segger_rtt.o(.text) refers to segger_rtt.o(.bss) for _acUpBuffer
    segger_rtt.o(.text) refers to segger_rtt.o(.data) for _aTerminalId
    segger_rtt.o(.text) refers to segger_rtt.o(.text) for _DoInit
    segger_rtt.o(.text) refers to memcpya.o(.text) for __aeabi_memcpy
    segger_rtt.o(.text) refers to segger_rtt.o(.ARM.__AT_0x20007F00) for _SEGGER_RTT
    segger_rtt.o(.text) refers to segger_rtt.o(.text) for SEGGER_RTT_ReadNoLock
    segger_rtt.o(.text) refers to memcpya.o(.text) for __aeabi_memcpy
    segger_rtt.o(.text) refers to segger_rtt.o(.ARM.__AT_0x20007F00) for _SEGGER_RTT
    segger_rtt.o(.text) refers to memcpya.o(.text) for __aeabi_memcpy
    segger_rtt.o(.text) refers to segger_rtt.o(.ARM.__AT_0x20007F00) for _SEGGER_RTT
    segger_rtt.o(.text) refers to strlen.o(.text) for strlen
    segger_rtt.o(.text) refers to segger_rtt.o(.text) for SEGGER_RTT_Write
    segger_rtt.o(.text) refers to segger_rtt.o(.ARM.__AT_0x20007F00) for _SEGGER_RTT
    segger_rtt.o(.text) refers to segger_rtt.o(.text) for _DoInit
    segger_rtt.o(.text) refers to segger_rtt.o(.ARM.__AT_0x20007F00) for _SEGGER_RTT
    segger_rtt.o(.text) refers to segger_rtt.o(.text) for _DoInit
    segger_rtt.o(.text) refers to segger_rtt.o(.ARM.__AT_0x20007F00) for _SEGGER_RTT
    segger_rtt.o(.text) refers to segger_rtt.o(.text) for SEGGER_RTT_Read
    segger_rtt.o(.text) refers to segger_rtt.o(.text) for SEGGER_RTT_GetKey
    segger_rtt.o(.text) refers to segger_rtt.o(.text) for _DoInit
    segger_rtt.o(.text) refers to segger_rtt.o(.ARM.__AT_0x20007F00) for _SEGGER_RTT
    segger_rtt.o(.text) refers to segger_rtt.o(.ARM.__AT_0x20007F00) for _SEGGER_RTT
    segger_rtt.o(.text) refers to segger_rtt.o(.text) for _DoInit
    segger_rtt.o(.text) refers to segger_rtt.o(.ARM.__AT_0x20007F00) for _SEGGER_RTT
    segger_rtt.o(.text) refers to segger_rtt.o(.text) for _DoInit
    segger_rtt.o(.text) refers to segger_rtt.o(.ARM.__AT_0x20007F00) for _SEGGER_RTT
    segger_rtt.o(.text) refers to segger_rtt.o(.text) for _DoInit
    segger_rtt.o(.text) refers to segger_rtt.o(.ARM.__AT_0x20007F00) for _SEGGER_RTT
    segger_rtt.o(.text) refers to segger_rtt.o(.text) for _DoInit
    segger_rtt.o(.text) refers to segger_rtt.o(.ARM.__AT_0x20007F00) for _SEGGER_RTT
    segger_rtt.o(.text) refers to segger_rtt.o(.text) for _DoInit
    segger_rtt.o(.text) refers to segger_rtt.o(.ARM.__AT_0x20007F00) for _SEGGER_RTT
    segger_rtt.o(.text) refers to segger_rtt.o(.text) for _DoInit
    segger_rtt.o(.text) refers to segger_rtt.o(.ARM.__AT_0x20007F00) for _SEGGER_RTT
    segger_rtt.o(.text) refers to segger_rtt.o(.text) for _DoInit
    segger_rtt.o(.text) refers to segger_rtt.o(.ARM.__AT_0x20007F00) for _SEGGER_RTT
    segger_rtt.o(.text) refers to segger_rtt.o(.text) for _DoInit
    segger_rtt.o(.text) refers to segger_rtt.o(.ARM.__AT_0x20007F00) for _SEGGER_RTT
    segger_rtt.o(.text) refers to segger_rtt.o(.text) for _DoInit
    segger_rtt.o(.text) refers to segger_rtt.o(.ARM.__AT_0x20007F00) for _SEGGER_RTT
    segger_rtt.o(.text) refers to segger_rtt.o(.data) for _aTerminalId
    segger_rtt.o(.text) refers to segger_rtt.o(.text) for _DoInit
    segger_rtt.o(.text) refers to strlen.o(.text) for strlen
    segger_rtt.o(.text) refers to segger_rtt.o(.ARM.__AT_0x20007F00) for _SEGGER_RTT
    segger_rtt.o(.text) refers to segger_rtt.o(.data) for _ActiveTerminal
    segger_rtt_printf.o(.text) refers to segger_rtt.o(.text) for SEGGER_RTT_Write
    segger_rtt_printf.o(.text) refers to uidiv.o(.text) for __aeabi_uidivmod
    segger_rtt_printf.o(.text) refers to idiv.o(.text) for __aeabi_idivmod
    segger_rtt_printf.o(.text) refers to segger_rtt_printf.o(.constdata) for _aV2C
    segger_rtt_syscalls_keil.o(.text) refers to fputc.o(i.fputc) for fputc
    segger_rtt_syscalls_keil.o(.text) refers to stdout.o(.data) for __stdout
    segger_rtt_syscalls_keil.o(.text) refers to strcmp.o(.text) for strcmp
    segger_rtt_syscalls_keil.o(.text) refers to segger_rtt_syscalls_keil.o(.constdata) for __stdout_name
    segger_rtt_syscalls_keil.o(.text) refers to segger_rtt.o(.text) for SEGGER_RTT_Write
    startup_armcm0.o(RESET) refers to startup_armcm0.o(STACK) for __initial_sp
    startup_armcm0.o(RESET) refers to startup_armcm0.o(.text) for Reset_Handler
    startup_armcm0.o(RESET) refers to rtc.o(.text) for RTC_IRQHandler
    startup_armcm0.o(RESET) refers to uart.o(.text) for UART0_IRQHandler
    startup_armcm0.o(RESET) refers to timer.o(.text) for TIMER0_IRQHandler
    startup_armcm0.o(RESET) refers to gpio.o(.text) for GPIO_IRQHandler
    startup_armcm0.o(.text) refers to system_armcm0.o(.text) for SystemInit
    startup_armcm0.o(.text) refers to entry.o(.ARM.Collect$$$$00000000) for __main
    system_armcm0.o(.text) refers to system_armcm0.o(.data) for SystemCoreClock
    system_armcm0.o(.text) refers to system_armcm0.o(.data) for SystemCoreClock
    timer.o(.text) refers to uidiv.o(.text) for __aeabi_uidivmod
    timer.o(.text) refers to main.o(.text) for GAPBBDelayUS
    timer.o(.text) refers to timer.o(.data) for .data
    timer.o(.text) refers to timer.o(.bss) for .bss
    rtc.o(.text) refers to uidiv.o(.text) for __aeabi_uidivmod
    rtc.o(.text) refers to uread4.o(.text) for __aeabi_uread4
    rtc.o(.text) refers to main.o(.text) for GAPBBDelayUS
    rtc.o(.text) refers to rtc.o(.data) for .data
    rtc.o(.text) refers to rtc_handler.o(.data) for syd_history_setting_str
    main.o(.text) refers to uread4.o(.text) for __aeabi_uread4
    main.o(.text) refers to uwrite4.o(.text) for __aeabi_uwrite4
    main.o(.text) refers to memcpya.o(.text) for __aeabi_memcpy
    main.o(.text) refers to main.o(.data) for .data
    main.o(.text) refers to dfltui.o(.text) for __aeabi_ui2d
    main.o(.text) refers to dmul.o(.text) for __aeabi_dmul
    main.o(.text) refers to dfixui.o(.text) for __aeabi_d2uiz
    main.o(.text) refers to idiv.o(.text) for __aeabi_idivmod
    main.o(.text) refers to main.o(.bss) for .bss
    main.o(.text) refers to memseta.o(.text) for __aeabi_memclr
    main.o(.text) refers to dflti.o(.text) for __aeabi_i2d
    main.o(.text) refers to dadd.o(.text) for __aeabi_dadd
    main.o(.text) refers to ffltui.o(.text) for __aeabi_ui2f
    main.o(.text) refers to fadd.o(.text) for __aeabi_fadd
    main.o(.text) refers to f2d.o(.text) for __aeabi_f2d
    main.o(.text) refers to ddiv.o(.text) for __aeabi_ddiv
    main.o(.text) refers to uidiv.o(.text) for __aeabi_uidivmod
    entry.o(.ARM.Collect$$$$00000000) refers (Special) to entry10a.o(.ARM.Collect$$$$0000000D) for __rt_final_cpp
    entry.o(.ARM.Collect$$$$00000000) refers (Special) to entry11a.o(.ARM.Collect$$$$0000000F) for __rt_final_exit
    entry.o(.ARM.Collect$$$$00000000) refers (Special) to entry7b.o(.ARM.Collect$$$$00000008) for _main_clock
    entry.o(.ARM.Collect$$$$00000000) refers (Special) to entry8b.o(.ARM.Collect$$$$0000000A) for _main_cpp_init
    entry.o(.ARM.Collect$$$$00000000) refers (Special) to entry9a.o(.ARM.Collect$$$$0000000B) for _main_init
    entry.o(.ARM.Collect$$$$00000000) refers (Special) to entry5.o(.ARM.Collect$$$$00000004) for _main_scatterload
    entry.o(.ARM.Collect$$$$00000000) refers (Special) to entry2.o(.ARM.Collect$$$$00000001) for _main_stk
    fputc.o(i.fputc) refers (Special) to iusesemip.o(.text) for __I$use$semihosting$fputc
    fputc.o(i.fputc) refers (Special) to semi.o(.text) for __semihosting_library_function
    idiv.o(.text) refers to uidiv.o(.text) for __aeabi_uidivmod
    printfa.o(i.__0fprintf) refers (Special) to iusefp.o(.text) for __I$use$fp
    printfa.o(i.__0fprintf) refers to printfa.o(i._printf_core) for _printf_core
    printfa.o(i.__0fprintf) refers to fputc.o(i.fputc) for fputc
    printfa.o(i.__0printf) refers (Special) to iusefp.o(.text) for __I$use$fp
    printfa.o(i.__0printf) refers to printfa.o(i._printf_core) for _printf_core
    printfa.o(i.__0printf) refers to fputc.o(i.fputc) for fputc
    printfa.o(i.__0printf) refers to stdout.o(.data) for __stdout
    printfa.o(i.__0snprintf) refers (Special) to iusefp.o(.text) for __I$use$fp
    printfa.o(i.__0snprintf) refers to printfa.o(i._printf_core) for _printf_core
    printfa.o(i.__0snprintf) refers to printfa.o(i._snputc) for _snputc
    printfa.o(i.__0sprintf) refers (Special) to iusefp.o(.text) for __I$use$fp
    printfa.o(i.__0sprintf) refers to printfa.o(i._printf_core) for _printf_core
    printfa.o(i.__0sprintf) refers to printfa.o(i._sputc) for _sputc
    printfa.o(i.__0vfprintf) refers (Special) to iusefp.o(.text) for __I$use$fp
    printfa.o(i.__0vfprintf) refers to printfa.o(i._printf_core) for _printf_core
    printfa.o(i.__0vfprintf) refers to fputc.o(i.fputc) for fputc
    printfa.o(i.__0vprintf) refers (Special) to iusefp.o(.text) for __I$use$fp
    printfa.o(i.__0vprintf) refers to printfa.o(i._printf_core) for _printf_core
    printfa.o(i.__0vprintf) refers to fputc.o(i.fputc) for fputc
    printfa.o(i.__0vprintf) refers to stdout.o(.data) for __stdout
    printfa.o(i.__0vsnprintf) refers (Special) to iusefp.o(.text) for __I$use$fp
    printfa.o(i.__0vsnprintf) refers to printfa.o(i._printf_core) for _printf_core
    printfa.o(i.__0vsnprintf) refers to printfa.o(i._snputc) for _snputc
    printfa.o(i.__0vsprintf) refers (Special) to iusefp.o(.text) for __I$use$fp
    printfa.o(i.__0vsprintf) refers to printfa.o(i._printf_core) for _printf_core
    printfa.o(i.__0vsprintf) refers to printfa.o(i._sputc) for _sputc
    printfa.o(i._fp_digits) refers (Special) to iusefp.o(.text) for __I$use$fp
    printfa.o(i._fp_digits) refers to dmul.o(.text) for __aeabi_dmul
    printfa.o(i._fp_digits) refers to ddiv.o(.text) for __aeabi_ddiv
    printfa.o(i._fp_digits) refers to cdrcmple.o(.text) for __aeabi_cdrcmple
    printfa.o(i._fp_digits) refers to dadd.o(.text) for __aeabi_dadd
    printfa.o(i._fp_digits) refers to dfixul.o(.text) for __aeabi_d2ulz
    printfa.o(i._fp_digits) refers to uldiv.o(.text) for __aeabi_uldivmod
    printfa.o(i._printf_core) refers (Special) to iusefp.o(.text) for __I$use$fp
    printfa.o(i._printf_core) refers to printfa.o(i._printf_pre_padding) for _printf_pre_padding
    printfa.o(i._printf_core) refers to uldiv.o(.text) for __aeabi_uldivmod
    printfa.o(i._printf_core) refers to printfa.o(i._printf_post_padding) for _printf_post_padding
    printfa.o(i._printf_core) refers to printfa.o(i._fp_digits) for _fp_digits
    printfa.o(i._printf_core) refers to uidiv.o(.text) for __aeabi_uidivmod
    printfa.o(i._printf_post_padding) refers (Special) to iusefp.o(.text) for __I$use$fp
    printfa.o(i._printf_pre_padding) refers (Special) to iusefp.o(.text) for __I$use$fp
    printfa.o(i._snputc) refers (Special) to iusefp.o(.text) for __I$use$fp
    printfa.o(i._sputc) refers (Special) to iusefp.o(.text) for __I$use$fp
    fadd.o(.text) refers (Special) to iusefp.o(.text) for __I$use$fp
    fadd.o(.text) refers to fepilogue.o(.text) for _float_epilogue
    dadd.o(.text) refers (Special) to iusefp.o(.text) for __I$use$fp
    dadd.o(.text) refers to llshl.o(.text) for __aeabi_llsl
    dadd.o(.text) refers to llsshr.o(.text) for __aeabi_lasr
    dadd.o(.text) refers to depilogue.o(.text) for _double_epilogue
    dmul.o(.text) refers (Special) to iusefp.o(.text) for __I$use$fp
    dmul.o(.text) refers to depilogue.o(.text) for _double_epilogue
    ddiv.o(.text) refers (Special) to iusefp.o(.text) for __I$use$fp
    ddiv.o(.text) refers to depilogue.o(.text) for _double_round
    ffltui.o(.text) refers (Special) to iusefp.o(.text) for __I$use$fp
    ffltui.o(.text) refers to fepilogue.o(.text) for _float_epilogue
    dflti.o(.text) refers (Special) to iusefp.o(.text) for __I$use$fp
    dflti.o(.text) refers to depilogue.o(.text) for _double_epilogue
    dfltui.o(.text) refers (Special) to iusefp.o(.text) for __I$use$fp
    dfltui.o(.text) refers to depilogue.o(.text) for _double_epilogue
    dfixui.o(.text) refers (Special) to iusefp.o(.text) for __I$use$fp
    dfixui.o(.text) refers to llushr.o(.text) for __aeabi_llsr
    f2d.o(.text) refers (Special) to iusefp.o(.text) for __I$use$fp
    entry2.o(.ARM.Collect$$$$00000001) refers to entry2.o(.ARM.Collect$$$$00002712) for __lit__00000000
    entry2.o(.ARM.Collect$$$$00002712) refers to startup_armcm0.o(STACK) for __initial_sp
    entry2.o(__vectab_stack_and_reset_area) refers to startup_armcm0.o(STACK) for __initial_sp
    entry2.o(__vectab_stack_and_reset_area) refers to entry.o(.ARM.Collect$$$$00000000) for __main
    entry5.o(.ARM.Collect$$$$00000004) refers to init.o(.text) for __scatterload
    entry9a.o(.ARM.Collect$$$$0000000B) refers to main.o(.text) for main
    entry9b.o(.ARM.Collect$$$$0000000C) refers to main.o(.text) for main
    uldiv.o(.text) refers to llushr.o(.text) for __aeabi_llsr
    uldiv.o(.text) refers to llshl.o(.text) for __aeabi_llsl
    depilogue.o(.text) refers to depilogue.o(i.__ARM_clz) for __ARM_clz
    depilogue.o(.text) refers to llshl.o(.text) for __aeabi_llsl
    depilogue.o(.text) refers to llushr.o(.text) for __aeabi_llsr
    dfixul.o(.text) refers to llushr.o(.text) for __aeabi_llsr
    dfixul.o(.text) refers to llshl.o(.text) for __aeabi_llsl
    init.o(.text) refers to entry5.o(.ARM.Collect$$$$00000004) for __main_after_scatterload


==============================================================================

Removing Unused input sections from the image.

    Removing main.o(.rev16_text), (4 bytes).
    Removing main.o(.revsh_text), (4 bytes).
    Removing main.o(.text), (56 bytes).
    Removing main.o(.constdata), (1290 bytes).
    Removing debug.o(.rev16_text), (4 bytes).
    Removing debug.o(.revsh_text), (4 bytes).
    Removing debug.o(.text), (76 bytes).
    Removing debug.o(.text), (60 bytes).
    Removing debug.o(.bss), (128 bytes).
    Removing gpio.o(.rev16_text), (4 bytes).
    Removing gpio.o(.revsh_text), (4 bytes).
    Removing gpio.o(.text), (160 bytes).
    Removing gpio.o(.text), (56 bytes).
    Removing gpio.o(.text), (56 bytes).
    Removing gpio.o(.text), (108 bytes).
    Removing uart.o(.rev16_text), (4 bytes).
    Removing uart.o(.revsh_text), (4 bytes).
    Removing uart.o(.text), (56 bytes).
    Removing uart.o(.text), (44 bytes).
    Removing uart.o(.text), (32 bytes).
    Removing uart.o(.text), (348 bytes).
    Removing uart.o(.text), (44 bytes).
    Removing uart.o(.text), (32 bytes).
    Removing delay.o(.rev16_text), (4 bytes).
    Removing delay.o(.revsh_text), (4 bytes).
    Removing delay.o(.text), (26 bytes).
    Removing ota.o(.rev16_text), (4 bytes).
    Removing ota.o(.revsh_text), (4 bytes).
    Removing timer_handler.o(.rev16_text), (4 bytes).
    Removing timer_handler.o(.revsh_text), (4 bytes).
    Removing rtc_handler.o(.rev16_text), (4 bytes).
    Removing rtc_handler.o(.revsh_text), (4 bytes).
    Removing segger_rtt.o(.rev16_text), (4 bytes).
    Removing segger_rtt.o(.revsh_text), (4 bytes).
    Removing segger_rtt.o(.text), (172 bytes).
    Removing segger_rtt.o(.text), (50 bytes).
    Removing segger_rtt.o(.text), (172 bytes).
    Removing segger_rtt.o(.text), (180 bytes).
    Removing segger_rtt.o(.text), (26 bytes).
    Removing segger_rtt.o(.text), (52 bytes).
    Removing segger_rtt.o(.text), (100 bytes).
    Removing segger_rtt.o(.text), (112 bytes).
    Removing segger_rtt.o(.text), (32 bytes).
    Removing segger_rtt.o(.text), (14 bytes).
    Removing segger_rtt.o(.text), (44 bytes).
    Removing segger_rtt.o(.text), (24 bytes).
    Removing segger_rtt.o(.text), (168 bytes).
    Removing segger_rtt.o(.text), (168 bytes).
    Removing segger_rtt.o(.text), (148 bytes).
    Removing segger_rtt.o(.text), (148 bytes).
    Removing segger_rtt.o(.text), (80 bytes).
    Removing segger_rtt.o(.text), (80 bytes).
    Removing segger_rtt.o(.text), (84 bytes).
    Removing segger_rtt.o(.text), (84 bytes).
    Removing segger_rtt.o(.text), (152 bytes).
    Removing segger_rtt.o(.text), (256 bytes).
    Removing segger_rtt_printf.o(.rev16_text), (4 bytes).
    Removing segger_rtt_printf.o(.revsh_text), (4 bytes).
    Removing segger_rtt_syscalls_keil.o(.rev16_text), (4 bytes).
    Removing segger_rtt_syscalls_keil.o(.revsh_text), (4 bytes).
    Removing segger_rtt_syscalls_keil.o(.text), (24 bytes).
    Removing segger_rtt_syscalls_keil.o(.text), (56 bytes).
    Removing segger_rtt_syscalls_keil.o(.text), (6 bytes).
    Removing segger_rtt_syscalls_keil.o(.text), (40 bytes).
    Removing segger_rtt_syscalls_keil.o(.text), (8 bytes).
    Removing segger_rtt_syscalls_keil.o(.text), (18 bytes).
    Removing segger_rtt_syscalls_keil.o(.text), (6 bytes).
    Removing segger_rtt_syscalls_keil.o(.text), (8 bytes).
    Removing segger_rtt_syscalls_keil.o(.text), (6 bytes).
    Removing segger_rtt_syscalls_keil.o(.text), (6 bytes).
    Removing segger_rtt_syscalls_keil.o(.text), (2 bytes).
    Removing segger_rtt_syscalls_keil.o(.text), (4 bytes).
    Removing segger_rtt_syscalls_keil.o(.constdata), (20 bytes).
    Removing startup_armcm0.o(HEAP), (3072 bytes).
    Removing system_armcm0.o(.rev16_text), (4 bytes).
    Removing system_armcm0.o(.revsh_text), (4 bytes).
    Removing system_armcm0.o(.text), (16 bytes).
    Removing timer.o(.rev16_text), (4 bytes).
    Removing timer.o(.revsh_text), (4 bytes).
    Removing rtc.o(.rev16_text), (4 bytes).
    Removing rtc.o(.revsh_text), (4 bytes).
    Removing main.o(.rev16_text), (4 bytes).
    Removing main.o(.revsh_text), (4 bytes).
    Removing dfixul.o(.text), (64 bytes).
    Removing cdrcmple.o(.text), (40 bytes).

85 unused section(s) (total 8434 bytes) removed from the image.

==============================================================================

Image Symbol Table

    Local Symbols

    Symbol Name                              Value     Ov Type        Size  Object(Section)

    ../clib/../cmprslib/zerorunl2.c          0x00000000   Number         0  __dczerorl2.o ABSOLUTE
    ../clib/microlib/division.c              0x00000000   Number         0  uidiv.o ABSOLUTE
    ../clib/microlib/division.c              0x00000000   Number         0  uldiv.o ABSOLUTE
    ../clib/microlib/division.c              0x00000000   Number         0  idiv.o ABSOLUTE
    ../clib/microlib/init/entry.s            0x00000000   Number         0  entry9a.o ABSOLUTE
    ../clib/microlib/init/entry.s            0x00000000   Number         0  entry.o ABSOLUTE
    ../clib/microlib/init/entry.s            0x00000000   Number         0  entry11a.o ABSOLUTE
    ../clib/microlib/init/entry.s            0x00000000   Number         0  entry11b.o ABSOLUTE
    ../clib/microlib/init/entry.s            0x00000000   Number         0  entry10b.o ABSOLUTE
    ../clib/microlib/init/entry.s            0x00000000   Number         0  entry10a.o ABSOLUTE
    ../clib/microlib/init/entry.s            0x00000000   Number         0  entry2.o ABSOLUTE
    ../clib/microlib/init/entry.s            0x00000000   Number         0  entry9b.o ABSOLUTE
    ../clib/microlib/init/entry.s            0x00000000   Number         0  entry5.o ABSOLUTE
    ../clib/microlib/init/entry.s            0x00000000   Number         0  entry7a.o ABSOLUTE
    ../clib/microlib/init/entry.s            0x00000000   Number         0  entry7b.o ABSOLUTE
    ../clib/microlib/init/entry.s            0x00000000   Number         0  entry8a.o ABSOLUTE
    ../clib/microlib/init/entry.s            0x00000000   Number         0  entry8b.o ABSOLUTE
    ../clib/microlib/longlong.c              0x00000000   Number         0  llshl.o ABSOLUTE
    ../clib/microlib/longlong.c              0x00000000   Number         0  llushr.o ABSOLUTE
    ../clib/microlib/longlong.c              0x00000000   Number         0  llsshr.o ABSOLUTE
    ../clib/microlib/printf/printf.c         0x00000000   Number         0  printfa.o ABSOLUTE
    ../clib/microlib/stdio/fflush.c          0x00000000   Number         0  fflush.o ABSOLUTE
    ../clib/microlib/stdio/fputc.c           0x00000000   Number         0  fputc.o ABSOLUTE
    ../clib/microlib/stdio/semi.s            0x00000000   Number         0  semi.o ABSOLUTE
    ../clib/microlib/stdio/streams.c         0x00000000   Number         0  stdout.o ABSOLUTE
    ../clib/microlib/string/memcpy.c         0x00000000   Number         0  memcpyb.o ABSOLUTE
    ../clib/microlib/string/memcpy.c         0x00000000   Number         0  memcpya.o ABSOLUTE
    ../clib/microlib/string/memset.c         0x00000000   Number         0  memseta.o ABSOLUTE
    ../clib/microlib/string/strcmp.c         0x00000000   Number         0  strcmp.o ABSOLUTE
    ../clib/microlib/string/strcpy.c         0x00000000   Number         0  strcpy.o ABSOLUTE
    ../clib/microlib/string/strlen.c         0x00000000   Number         0  strlen.o ABSOLUTE
    ../clib/microlib/stubs.s                 0x00000000   Number         0  iusesemip.o ABSOLUTE
    ../clib/microlib/stubs.s                 0x00000000   Number         0  iusefp.o ABSOLUTE
    ../clib/microlib/stubs.s                 0x00000000   Number         0  useno.o ABSOLUTE
    ../clib/microlib/unhosted.c              0x00000000   Number         0  uread4.o ABSOLUTE
    ../clib/microlib/unhosted.c              0x00000000   Number         0  uwrite4.o ABSOLUTE
    ../fplib/microlib/f2d.c                  0x00000000   Number         0  f2d.o ABSOLUTE
    ../fplib/microlib/fpadd.c                0x00000000   Number         0  dadd.o ABSOLUTE
    ../fplib/microlib/fpadd.c                0x00000000   Number         0  fadd.o ABSOLUTE
    ../fplib/microlib/fpdiv.c                0x00000000   Number         0  ddiv.o ABSOLUTE
    ../fplib/microlib/fpepilogue.c           0x00000000   Number         0  depilogue.o ABSOLUTE
    ../fplib/microlib/fpepilogue.c           0x00000000   Number         0  fepilogue.o ABSOLUTE
    ../fplib/microlib/fpfix.c                0x00000000   Number         0  dfixul.o ABSOLUTE
    ../fplib/microlib/fpfix.c                0x00000000   Number         0  dfixui.o ABSOLUTE
    ../fplib/microlib/fpflt.c                0x00000000   Number         0  dfltui.o ABSOLUTE
    ../fplib/microlib/fpflt.c                0x00000000   Number         0  dflti.o ABSOLUTE
    ../fplib/microlib/fpflt.c                0x00000000   Number         0  ffltui.o ABSOLUTE
    ../fplib/microlib/fpmul.c                0x00000000   Number         0  dmul.o ABSOLUTE
    ..\..\..\BLE\ota.c                       0x00000000   Number         0  ota.o ABSOLUTE
    ..\..\..\Driver\debug.c                  0x00000000   Number         0  debug.o ABSOLUTE
    ..\..\..\Driver\delay.c                  0x00000000   Number         0  delay.o ABSOLUTE
    ..\..\..\Driver\gpio.c                   0x00000000   Number         0  gpio.o ABSOLUTE
    ..\..\..\Driver\uart.c                   0x00000000   Number         0  uart.o ABSOLUTE
    ..\..\..\Rtt\SEGGER_RTT.c                0x00000000   Number         0  segger_rtt.o ABSOLUTE
    ..\..\..\Rtt\SEGGER_RTT_Syscalls_KEIL.c  0x00000000   Number         0  segger_rtt_syscalls_keil.o ABSOLUTE
    ..\..\..\Rtt\SEGGER_RTT_printf.c         0x00000000   Number         0  segger_rtt_printf.o ABSOLUTE
    ..\\..\\..\\BLE\\ota.c                   0x00000000   Number         0  ota.o ABSOLUTE
    ..\\..\\..\\Driver\\debug.c              0x00000000   Number         0  debug.o ABSOLUTE
    ..\\..\\..\\Driver\\delay.c              0x00000000   Number         0  delay.o ABSOLUTE
    ..\\..\\..\\Driver\\gpio.c               0x00000000   Number         0  gpio.o ABSOLUTE
    ..\\..\\..\\Driver\\uart.c               0x00000000   Number         0  uart.o ABSOLUTE
    ..\\..\\..\\Rtt\\SEGGER_RTT.c            0x00000000   Number         0  segger_rtt.o ABSOLUTE
    ..\\..\\..\\Rtt\\SEGGER_RTT_Syscalls_KEIL.c 0x00000000   Number         0  segger_rtt_syscalls_keil.o ABSOLUTE
    ..\\..\\..\\Rtt\\SEGGER_RTT_printf.c     0x00000000   Number         0  segger_rtt_printf.o ABSOLUTE
    ..\\main.c                               0x00000000   Number         0  main.o ABSOLUTE
    ..\\rtc_handler.c                        0x00000000   Number         0  rtc_handler.o ABSOLUTE
    ..\\timer_handler.c                      0x00000000   Number         0  timer_handler.o ABSOLUTE
    ..\main.c                                0x00000000   Number         0  main.o ABSOLUTE
    ..\rtc_handler.c                         0x00000000   Number         0  rtc_handler.o ABSOLUTE
    ..\timer_handler.c                       0x00000000   Number         0  timer_handler.o ABSOLUTE
    Driver\\rtc.c                            0x00000000   Number         0  rtc.o ABSOLUTE
    Driver\\timer.c                          0x00000000   Number         0  timer.o ABSOLUTE
    Driver\rtc.c                             0x00000000   Number         0  rtc.o ABSOLUTE
    Driver\timer.c                           0x00000000   Number         0  timer.o ABSOLUTE
    Main\\main.c                             0x00000000   Number         0  main.o ABSOLUTE
    Main\main.c                              0x00000000   Number         0  main.o ABSOLUTE
    RTE\Device\ARMCM0\startup_ARMCM0.s       0x00000000   Number         0  startup_armcm0.o ABSOLUTE
    RTE\Device\ARMCM0\system_ARMCM0.c        0x00000000   Number         0  system_armcm0.o ABSOLUTE
    RTE\\Device\\ARMCM0\\system_ARMCM0.c     0x00000000   Number         0  system_armcm0.o ABSOLUTE
    cdrcmple.s                               0x00000000   Number         0  cdrcmple.o ABSOLUTE
    dc.s                                     0x00000000   Number         0  dc.o ABSOLUTE
    handlers.s                               0x00000000   Number         0  handlers.o ABSOLUTE
    init.s                                   0x00000000   Number         0  init.o ABSOLUTE
    RESET                                    0x10000000   Section      192  startup_armcm0.o(RESET)
    .ARM.Collect$$$$00000000                 0x100000c0   Section        0  entry.o(.ARM.Collect$$$$00000000)
    .ARM.Collect$$$$00000001                 0x100000c0   Section        4  entry2.o(.ARM.Collect$$$$00000001)
    .ARM.Collect$$$$00000004                 0x100000c4   Section        4  entry5.o(.ARM.Collect$$$$00000004)
    .ARM.Collect$$$$00000008                 0x100000c8   Section        0  entry7b.o(.ARM.Collect$$$$00000008)
    .ARM.Collect$$$$0000000A                 0x100000c8   Section        0  entry8b.o(.ARM.Collect$$$$0000000A)
    .ARM.Collect$$$$0000000B                 0x100000c8   Section        8  entry9a.o(.ARM.Collect$$$$0000000B)
    .ARM.Collect$$$$0000000D                 0x100000d0   Section        0  entry10a.o(.ARM.Collect$$$$0000000D)
    .ARM.Collect$$$$0000000F                 0x100000d0   Section        0  entry11a.o(.ARM.Collect$$$$0000000F)
    .ARM.Collect$$$$00002712                 0x100000d0   Section        4  entry2.o(.ARM.Collect$$$$00002712)
    __lit__00000000                          0x100000d0   Data           4  entry2.o(.ARM.Collect$$$$00002712)
    .text                                    0x100000d4   Section        0  main.o(.text)
    setup_adv_data                           0x100000d5   Thumb Code   110  main.o(.text)
    ble_gatt_read                            0x1000019f   Thumb Code   126  main.o(.text)
    ble_gatt_write                           0x1000021d   Thumb Code   150  main.o(.text)
    ble_init                                 0x100006c9   Thumb Code   130  main.o(.text)
    gpio_callback                            0x100007f3   Thumb Code    22  main.o(.text)
    .text                                    0x10000c90   Section        0  debug.o(.text)
    .text                                    0x10000c98   Section        0  gpio.o(.text)
    .text                                    0x10001088   Section        0  uart.o(.text)
    __NVIC_EnableIRQ                         0x10001341   Thumb Code    18  uart.o(.text)
    .text                                    0x10001364   Section        0  delay.o(.text)
    .text                                    0x10001384   Section        0  ota.o(.text)
    EvtCommandComplete                       0x10001385   Thumb Code    46  ota.o(.text)
    Cmd4KSETTINGWrite                        0x100013c9   Thumb Code   120  ota.o(.text)
    CmdFwWriteStart                          0x10001441   Thumb Code    36  ota.o(.text)
    Cmd4KSETTINGUpgrade                      0x10001465   Thumb Code    80  ota.o(.text)
    CmdFwUpgradev20                          0x100014b5   Thumb Code   134  ota.o(.text)
    .text                                    0x10001880   Section        0  timer_handler.o(.text)
    .text                                    0x100018d0   Section        0  rtc_handler.o(.text)
    .text                                    0x100018fc   Section        0  segger_rtt.o(.text)
    _DoInit                                  0x100018fd   Thumb Code    74  segger_rtt.o(.text)
    _WriteBlocking                           0x10001947   Thumb Code   122  segger_rtt.o(.text)
    _WriteNoCheck                            0x100019c1   Thumb Code    74  segger_rtt.o(.text)
    _PostTerminalSwitch                      0x10001a0b   Thumb Code    32  segger_rtt.o(.text)
    _GetAvailWriteSpace                      0x10001a2b   Thumb Code    28  segger_rtt.o(.text)
    .text                                    0x10001b3c   Section        0  segger_rtt_printf.o(.text)
    _StoreChar                               0x10001b3d   Thumb Code    68  segger_rtt_printf.o(.text)
    _PrintUnsigned                           0x10001b81   Thumb Code   280  segger_rtt_printf.o(.text)
    _PrintInt                                0x10001c99   Thumb Code   270  segger_rtt_printf.o(.text)
    .text                                    0x1000207c   Section       28  startup_armcm0.o(.text)
    .text                                    0x10002098   Section        0  system_armcm0.o(.text)
    .text                                    0x100020a8   Section        0  timer.o(.text)
    Timer_Evt_Trigger                        0x10002175   Thumb Code   110  timer.o(.text)
    __NVIC_EnableIRQ                         0x10002545   Thumb Code    18  timer.o(.text)
    __NVIC_DisableIRQ                        0x10002557   Thumb Code    28  timer.o(.text)
    .text                                    0x10002580   Section        0  rtc.o(.text)
    Timer_RTCEVT_Trigger                     0x1000270f   Thumb Code   158  rtc.o(.text)
    .text                                    0x10002b48   Section        0  main.o(.text)
    _LCDisConnect                            0x10002b49   Thumb Code    46  main.o(.text)
    _LCTimer_Handler                         0x10002b77   Thumb Code   248  main.o(.text)
    _LCRxPkt_Handler                         0x10002c6f   Thumb Code   194  main.o(.text)
    _LCTxPkt_Handler                         0x10002d31   Thumb Code   316  main.o(.text)
    _GAPStartAdv                             0x10003929   Thumb Code   540  main.o(.text)
    _BBRXFIFORead                            0x10004345   Thumb Code   138  main.o(.text)
    .text                                    0x10004400   Section        0  uidiv.o(.text)
    .text                                    0x1000442c   Section        0  idiv.o(.text)
    .text                                    0x10004454   Section        0  memcpya.o(.text)
    .text                                    0x10004478   Section        0  memseta.o(.text)
    .text                                    0x1000449c   Section        0  strcpy.o(.text)
    .text                                    0x100044ae   Section        0  uread4.o(.text)
    .text                                    0x100044c2   Section        0  uwrite4.o(.text)
    .text                                    0x100044d4   Section        0  fadd.o(.text)
    .text                                    0x10004588   Section        0  dadd.o(.text)
    .text                                    0x100046ec   Section        0  dmul.o(.text)
    .text                                    0x100047bc   Section        0  ddiv.o(.text)
    .text                                    0x100048ac   Section        0  ffltui.o(.text)
    .text                                    0x100048bc   Section        0  dflti.o(.text)
    .text                                    0x100048e4   Section        0  dfltui.o(.text)
    .text                                    0x10004900   Section        0  dfixui.o(.text)
    .text                                    0x1000493c   Section        0  f2d.o(.text)
    .text                                    0x10004964   Section        0  llshl.o(.text)
    .text                                    0x10004984   Section        0  llushr.o(.text)
    .text                                    0x100049a6   Section        0  llsshr.o(.text)
    .text                                    0x100049cc   Section        0  fepilogue.o(.text)
    .text                                    0x100049cc   Section        0  iusefp.o(.text)
    .text                                    0x10004a4e   Section        0  depilogue.o(.text)
    .text                                    0x10004b0c   Section       36  init.o(.text)
    .text                                    0x10004b30   Section        0  __dczerorl2.o(.text)
    i.__ARM_clz                              0x10004b86   Section        0  depilogue.o(i.__ARM_clz)
    i.__ARM_common_switch8                   0x10004bb4   Section        0  main.o(i.__ARM_common_switch8)
    i.__scatterload_copy                     0x10004bd0   Section       14  handlers.o(i.__scatterload_copy)
    i.__scatterload_null                     0x10004bde   Section        2  handlers.o(i.__scatterload_null)
    i.__scatterload_zeroinit                 0x10004be0   Section       14  handlers.o(i.__scatterload_zeroinit)
    .constdata                               0x10004bee   Section       16  segger_rtt_printf.o(.constdata)
    _aV2C                                    0x10004bee   Data          16  segger_rtt_printf.o(.constdata)
    .data                                    0x20003000   Section       69  main.o(.data)
    g_report                                 0x20003000   Data           4  main.o(.data)
    start_tx                                 0x20003005   Data           1  main.o(.data)
    dev_addr                                 0x2000303e   Data           7  main.o(.data)
    .data                                    0x20003048   Section       72  gpio.o(.data)
    gpio_callback                            0x2000305c   Data           4  gpio.o(.data)
    pinmuxtab48                              0x20003060   Data          24  gpio.o(.data)
    pinmuxtab32                              0x20003078   Data          24  gpio.o(.data)
    .data                                    0x20003090   Section        8  uart.o(.data)
    UART_0_CTRL                              0x20003090   Data           4  uart.o(.data)
    UART_1_CTRL                              0x20003094   Data           4  uart.o(.data)
    .data                                    0x20003098   Section       28  ota.o(.data)
    EvtBuf                                   0x200030a8   Data           8  ota.o(.data)
    .data                                    0x200030b4   Section        4  rtc_handler.o(.data)
    .data                                    0x200030b8   Section       17  segger_rtt.o(.data)
    _aTerminalId                             0x200030b8   Data          16  segger_rtt.o(.data)
    _ActiveTerminal                          0x200030c8   Data           1  segger_rtt.o(.data)
    .data                                    0x200030cc   Section        4  system_armcm0.o(.data)
    .data                                    0x200030d0   Section       28  timer.o(.data)
    TIMER_CTRL                               0x200030d4   Data           4  timer.o(.data)
    .data                                    0x200030ec   Section       40  rtc.o(.data)
    enabled                                  0x200030ec   Data           1  rtc.o(.data)
    irq_cb                                   0x2000310c   Data           4  rtc.o(.data)
    .data                                    0x20003114   Section       48  main.o(.data)
    syd_confirm                              0x20003114   Data           1  main.o(.data)
    ww_minus_cnt                             0x20003115   Data           1  main.o(.data)
    ext_uart_en                              0x20003116   Data           1  main.o(.data)
    p_flash_hdr                              0x20003118   Data           4  main.o(.data)
    p_lclink                                 0x2000311c   Data           4  main.o(.data)
    p_txpdu                                  0x20003120   Data           4  main.o(.data)
    p_rxbuf                                  0x20003124   Data           4  main.o(.data)
    p_flash                                  0x20003128   Data           4  main.o(.data)
    EFUSE_CTRL                               0x2000312c   Data           4  main.o(.data)
    BB_CTRL                                  0x20003130   Data           4  main.o(.data)
    PW_CTRL                                  0x20003134   Data           4  main.o(.data)
    PIN_CONFIG                               0x20003138   Data           4  main.o(.data)
    g_evt                                    0x2000313c   Data           8  main.o(.data)
    .bss                                     0x20003144   Section       40  ota.o(.bss)
    .bss                                     0x2000316c   Section       48  timer_handler.o(.bss)
    .bss                                     0x2000319c   Section       24  rtc_handler.o(.bss)
    .bss                                     0x200031b4   Section     1040  segger_rtt.o(.bss)
    _acUpBuffer                              0x200031b4   Data        1024  segger_rtt.o(.bss)
    _acDownBuffer                            0x200035b4   Data          16  segger_rtt.o(.bss)
    .bss                                     0x200035c4   Section       12  timer.o(.bss)
    timer_callback                           0x200035c4   Data          12  timer.o(.bss)
    .bss                                     0x200035d0   Section      104  main.o(.bss)
    code_hdr                                 0x200035d0   Data          87  main.o(.bss)
    smart_update_ctrol                       0x20003627   Data          17  main.o(.bss)
    STACK                                    0x20003638   Section     3072  startup_armcm0.o(STACK)
    .ARM.__AT_0x20007F00                     0x20007f00   Section       72  segger_rtt.o(.ARM.__AT_0x20007F00)

    Global Symbols

    Symbol Name                              Value     Ov Type        Size  Object(Section)

    BuildAttributes$$THM_ISAv3M$S$PE$A:L22$X:L11$S22$IEEE1$IW$USESV6$~STKCKD$USESV7$~SHL$OTIME$ROPI$EBA8$MICROLIB$REQ8$PRES8$EABIv2 0x00000000   Number         0  anon$$obj.o ABSOLUTE
    __ARM_use_no_argv                        0x00000000   Number         0  main.o ABSOLUTE
    __use_no_errno                           0x00000000   Number         0  useno.o ABSOLUTE
    __use_no_exception_handling              0x00000000   Number         0  useno.o ABSOLUTE
    __use_no_fp                              0x00000000   Number         0  useno.o ABSOLUTE
    __use_no_heap                            0x00000000   Number         0  useno.o ABSOLUTE
    __use_no_heap_region                     0x00000000   Number         0  useno.o ABSOLUTE
    __use_no_semihosting                     0x00000000   Number         0  useno.o ABSOLUTE
    __use_no_semihosting_swi                 0x00000000   Number         0  useno.o ABSOLUTE
    __use_no_signal_handling                 0x00000000   Number         0  useno.o ABSOLUTE
    __cpp_initialize__aeabi_                  - Undefined Weak Reference
    __cxa_finalize                            - Undefined Weak Reference
    _clock_init                               - Undefined Weak Reference
    _microlib_exit                            - Undefined Weak Reference
    __Vectors_Size                           0x000000c0   Number         0  startup_armcm0.o ABSOLUTE
    __Vectors                                0x10000000   Data           4  startup_armcm0.o(RESET)
    __Vectors_End                            0x100000c0   Data           0  startup_armcm0.o(RESET)
    __main                                   0x100000c1   Thumb Code     0  entry.o(.ARM.Collect$$$$00000000)
    _main_stk                                0x100000c1   Thumb Code     0  entry2.o(.ARM.Collect$$$$00000001)
    _main_scatterload                        0x100000c5   Thumb Code     0  entry5.o(.ARM.Collect$$$$00000004)
    __main_after_scatterload                 0x100000c9   Thumb Code     0  entry5.o(.ARM.Collect$$$$00000004)
    _main_clock                              0x100000c9   Thumb Code     0  entry7b.o(.ARM.Collect$$$$00000008)
    _main_cpp_init                           0x100000c9   Thumb Code     0  entry8b.o(.ARM.Collect$$$$0000000A)
    _main_init                               0x100000c9   Thumb Code     0  entry9a.o(.ARM.Collect$$$$0000000B)
    __rt_final_cpp                           0x100000d1   Thumb Code     0  entry10a.o(.ARM.Collect$$$$0000000D)
    __rt_final_exit                          0x100000d1   Thumb Code     0  entry11a.o(.ARM.Collect$$$$0000000F)
    BLSetConnectionUpdate                    0x10000143   Thumb Code    92  main.o(.text)
    HID_Key_Vlaue_Send                       0x100002b3   Thumb Code    74  main.o(.text)
    ble_evt_callback                         0x100002fd   Thumb Code   972  main.o(.text)
    ota_manage                               0x1000074b   Thumb Code   168  main.o(.text)
    gpio_init                                0x10000809   Thumb Code   162  main.o(.text)
    main                                     0x100008ab   Thumb Code   926  main.o(.text)
    dbg_init                                 0x10000c91   Thumb Code     8  debug.o(.text)
    PIN_Set_GPIO                             0x10000c99   Thumb Code    50  gpio.o(.text)
    PIN_Pullup_Enable                        0x10000ccb   Thumb Code   150  gpio.o(.text)
    GPIO_Set_Output                          0x10000d61   Thumb Code    50  gpio.o(.text)
    GPIO_Set_Input                           0x10000d93   Thumb Code   200  gpio.o(.text)
    GPIO_Input_Enable                        0x10000e5b   Thumb Code    50  gpio.o(.text)
    GPIO_Pin_Set                             0x10000e8d   Thumb Code    50  gpio.o(.text)
    GPIO_Pin_Clear                           0x10000ebf   Thumb Code    50  gpio.o(.text)
    GPIO_Pin_Turn                            0x10000ef1   Thumb Code    50  gpio.o(.text)
    GPIO_Pin_Read                            0x10000f23   Thumb Code    34  gpio.o(.text)
    io_irq_enable                            0x10000f45   Thumb Code   150  gpio.o(.text)
    GPIO_IRQHandler                          0x10000fdb   Thumb Code   132  gpio.o(.text)
    uart_0_init                              0x10001089   Thumb Code   340  uart.o(.text)
    uart_0_read                              0x100011dd   Thumb Code    72  uart.o(.text)
    UART0_IRQHandler                         0x10001225   Thumb Code   106  uart.o(.text)
    uart_1_read                              0x1000128f   Thumb Code    72  uart.o(.text)
    UART1_IRQHandler                         0x100012d7   Thumb Code   106  uart.o(.text)
    delay_ms                                 0x10001365   Thumb Code    28  delay.o(.text)
    CmdFwErase                               0x100013b3   Thumb Code    22  ota.o(.text)
    ota_variable_clear                       0x1000153b   Thumb Code    38  ota.o(.text)
    ota_cmd                                  0x10001561   Thumb Code   454  ota.o(.text)
    ota_rsp                                  0x10001727   Thumb Code    42  ota.o(.text)
    Timer_Evt_2s                             0x10001881   Thumb Code    16  timer_handler.o(.text)
    Timer_EVT_1S_OTA                         0x10001891   Thumb Code    16  timer_handler.o(.text)
    Timer_Evt_List                           0x100018a1   Thumb Code    36  timer_handler.o(.text)
    RTC_Evt_185s                             0x100018d1   Thumb Code    14  rtc_handler.o(.text)
    RTC_Evt_List                             0x100018df   Thumb Code    22  rtc_handler.o(.text)
    SEGGER_RTT_WriteNoLock                   0x10001a47   Thumb Code   130  segger_rtt.o(.text)
    SEGGER_RTT_Write                         0x10001ac9   Thumb Code    66  segger_rtt.o(.text)
    SEGGER_RTT_Init                          0x10001b0b   Thumb Code     8  segger_rtt.o(.text)
    SEGGER_RTT_vprintf                       0x10001da7   Thumb Code   536  segger_rtt_printf.o(.text)
    SEGGER_RTT_printf                        0x10001fbf   Thumb Code    36  segger_rtt_printf.o(.text)
    SEGGER_RTT_hexdump                       0x10001fe3   Thumb Code   148  segger_rtt_printf.o(.text)
    Reset_Handler                            0x1000207d   Thumb Code     8  startup_armcm0.o(.text)
    NMI_Handler                              0x10002085   Thumb Code     2  startup_armcm0.o(.text)
    HardFault_Handler                        0x10002087   Thumb Code     2  startup_armcm0.o(.text)
    SVC_Handler                              0x10002089   Thumb Code     2  startup_armcm0.o(.text)
    PendSV_Handler                           0x1000208b   Thumb Code     2  startup_armcm0.o(.text)
    SysTick_Handler                          0x1000208d   Thumb Code     2  startup_armcm0.o(.text)
    CAP_IRQHandler                           0x1000208f   Thumb Code     0  startup_armcm0.o(.text)
    GPADC_IRQHandler                         0x1000208f   Thumb Code     0  startup_armcm0.o(.text)
    HID_IRQHandler                           0x1000208f   Thumb Code     0  startup_armcm0.o(.text)
    HPWM_IRQHandler                          0x1000208f   Thumb Code     0  startup_armcm0.o(.text)
    HTIMER_IRQHandler                        0x1000208f   Thumb Code     0  startup_armcm0.o(.text)
    I2C0_IRQHandler                          0x1000208f   Thumb Code     0  startup_armcm0.o(.text)
    I2C1_IRQHandler                          0x1000208f   Thumb Code     0  startup_armcm0.o(.text)
    IR_Rx_IRQHandler                         0x1000208f   Thumb Code     0  startup_armcm0.o(.text)
    IR_Tx_IRQHandler                         0x1000208f   Thumb Code     0  startup_armcm0.o(.text)
    ISO_7816_IRQHandler                      0x1000208f   Thumb Code     0  startup_armcm0.o(.text)
    LLC2_IRQHandler                          0x1000208f   Thumb Code     0  startup_armcm0.o(.text)
    LLC_IRQHandler                           0x1000208f   Thumb Code     0  startup_armcm0.o(.text)
    SPIM_IRQHandler                          0x1000208f   Thumb Code     0  startup_armcm0.o(.text)
    SW_IRQHandler                            0x1000208f   Thumb Code     0  startup_armcm0.o(.text)
    TIMER3_IRQHandler                        0x1000208f   Thumb Code     0  startup_armcm0.o(.text)
    TOUCH_IRQHandler                         0x1000208f   Thumb Code     0  startup_armcm0.o(.text)
    SystemInit                               0x10002099   Thumb Code     8  system_armcm0.o(.text)
    Timer_Evt_Creat                          0x100020a9   Thumb Code    50  timer.o(.text)
    Min                                      0x100020db   Thumb Code     8  timer.o(.text)
    timer_0_disable                          0x100020e3   Thumb Code    48  timer.o(.text)
    timer_0_enable                           0x10002113   Thumb Code    96  timer.o(.text)
    timer_0_start                            0x10002173   Thumb Code     2  timer.o(.text)
    Timer_Evt_Clr                            0x100021e3   Thumb Code    10  timer.o(.text)
    timer_0_get                              0x100021ed   Thumb Code    32  timer.o(.text)
    Timer_Evt_Stop                           0x1000220d   Thumb Code   114  timer.o(.text)
    Timer_Evt_Start                          0x1000227f   Thumb Code   144  timer.o(.text)
    Timer_Get_State                          0x1000230f   Thumb Code    34  timer.o(.text)
    SYD_Timer_Init                           0x10002331   Thumb Code    34  timer.o(.text)
    timer_0_delay_32us                       0x10002353   Thumb Code    66  timer.o(.text)
    TIMER0_IRQHandler                        0x10002395   Thumb Code    32  timer.o(.text)
    timer_1_enable                           0x100023b5   Thumb Code    96  timer.o(.text)
    timer_1_disable                          0x10002415   Thumb Code    48  timer.o(.text)
    TIMER1_IRQHandler                        0x10002445   Thumb Code    32  timer.o(.text)
    timer_2_enable                           0x10002465   Thumb Code   110  timer.o(.text)
    timer_2_get_val                          0x100024d3   Thumb Code    34  timer.o(.text)
    timer_2_disable                          0x100024f5   Thumb Code    48  timer.o(.text)
    TIMER2_IRQHandler                        0x10002525   Thumb Code    32  timer.o(.text)
    rtc_get_calendar                         0x10002581   Thumb Code    40  rtc.o(.text)
    RTC_RUN                                  0x100025a9   Thumb Code    66  rtc.o(.text)
    rtc_set_compare                          0x100025eb   Thumb Code    68  rtc.o(.text)
    RTC_SET                                  0x1000262f   Thumb Code    84  rtc.o(.text)
    RTC_Refressh                             0x10002683   Thumb Code    76  rtc.o(.text)
    RTC_EVT_Creat                            0x100026cf   Thumb Code    32  rtc.o(.text)
    Min_RTC                                  0x100026ef   Thumb Code     8  rtc.o(.text)
    rtc_int_disable                          0x100026f7   Thumb Code    24  rtc.o(.text)
    RTC_EVT_Clr                              0x100027ad   Thumb Code    10  rtc.o(.text)
    RTC_EVT_Stop                             0x100027b7   Thumb Code   112  rtc.o(.text)
    RTC_EVT_Start                            0x10002827   Thumb Code   146  rtc.o(.text)
    RTC_EVT_whole_minute_setid               0x100028b9   Thumb Code     6  rtc.o(.text)
    RTC_EVT_whole_minute_adj                 0x100028bf   Thumb Code   132  rtc.o(.text)
    RTC_Get_State                            0x10002943   Thumb Code    54  rtc.o(.text)
    rtc_start                                0x10002979   Thumb Code    28  rtc.o(.text)
    rtc_set_interrupt_callback               0x10002995   Thumb Code     6  rtc.o(.text)
    rtc_int_enable                           0x1000299b   Thumb Code    22  rtc.o(.text)
    rtc_int_clear                            0x100029b1   Thumb Code    22  rtc.o(.text)
    rtc_set_calendar                         0x100029c7   Thumb Code    40  rtc.o(.text)
    rtc_set_prescaler                        0x100029ef   Thumb Code    34  rtc.o(.text)
    rtc_clear                                0x10002a11   Thumb Code    18  rtc.o(.text)
    rtc_stop                                 0x10002a23   Thumb Code    24  rtc.o(.text)
    rtc_init                                 0x10002a3b   Thumb Code   126  rtc.o(.text)
    SYD_RTC_Init                             0x10002ab9   Thumb Code    40  rtc.o(.text)
    RTC_IRQHandler                           0x10002ae1   Thumb Code    30  rtc.o(.text)
    rtc_status                               0x10002aff   Thumb Code     6  rtc.o(.text)
    rtc_get_compare                          0x10002b05   Thumb Code    52  rtc.o(.text)
    _BBGetMask                               0x10002e6d   Thumb Code    92  main.o(.text)
    Lib_LLEvtCallback                        0x10002ec9   Thumb Code   250  main.o(.text)
    ConnectionLatencyMode                    0x10002fc3   Thumb Code    44  main.o(.text)
    sw_timer_latency_callback                0x10002fef   Thumb Code    42  main.o(.text)
    TimerStart                               0x10003019   Thumb Code    12  main.o(.text)
    smart_latency_start                      0x10003025   Thumb Code   212  main.o(.text)
    smart_update_latency_updatersp           0x100030f9   Thumb Code   150  main.o(.text)
    BBRFRead                                 0x1000318f   Thumb Code     4  main.o(.text)
    BBRFWrite                                0x10003193   Thumb Code     6  main.o(.text)
    RCOSCCalibration                         0x10003199   Thumb Code    60  main.o(.text)
    RFSleep                                  0x100031d5   Thumb Code    10  main.o(.text)
    UartEn                                   0x100031df   Thumb Code    32  main.o(.text)
    _SYS32kClockSwitch                       0x100031ff   Thumb Code   222  main.o(.text)
    ClockSwitch                              0x100032dd   Thumb Code    10  main.o(.text)
    RFWakeup                                 0x100032e7   Thumb Code    24  main.o(.text)
    LPOCalibration                           0x100032ff   Thumb Code   254  main.o(.text)
    smart_latency_clear                      0x100033fd   Thumb Code    12  main.o(.text)
    Lib_EvtCallback                          0x10003409   Thumb Code   242  main.o(.text)
    TimerStop                                0x100034fb   Thumb Code     4  main.o(.text)
    smart_update_retry                       0x100034ff   Thumb Code   124  main.o(.text)
    sw_timer_update_callback                 0x1000357b   Thumb Code    60  main.o(.text)
    smart_update_latency_updatareq           0x100035b7   Thumb Code   550  main.o(.text)
    Lib_ProtocolHookCallback                 0x100037dd   Thumb Code    84  main.o(.text)
    Lib_MiscCallback                         0x10003831   Thumb Code    14  main.o(.text)
    BleInit                                  0x1000383f   Thumb Code   150  main.o(.text)
    DisConnect                               0x100038d5   Thumb Code    12  main.o(.text)
    SetDevAddr                               0x100038e1   Thumb Code    12  main.o(.text)
    GetDevAddr                               0x100038ed   Thumb Code    12  main.o(.text)
    SetLEFeature                             0x100038f9   Thumb Code    12  main.o(.text)
    SetAdvAccCode                            0x10003905   Thumb Code    12  main.o(.text)
    SetAdvParams                             0x10003911   Thumb Code    12  main.o(.text)
    SetAdvData                               0x1000391d   Thumb Code    12  main.o(.text)
    StartAdv                                 0x10003b45   Thumb Code    10  main.o(.text)
    StopAdv                                  0x10003b4f   Thumb Code    24  main.o(.text)
    SetScanParams                            0x10003b67   Thumb Code    10  main.o(.text)
    StartScan                                0x10003b71   Thumb Code    12  main.o(.text)
    StopScan                                 0x10003b7d   Thumb Code    10  main.o(.text)
    SetSecParams                             0x10003b87   Thumb Code    12  main.o(.text)
    SetConnectionUpdate                      0x10003b93   Thumb Code    12  main.o(.text)
    GetLinkParameters                        0x10003b9f   Thumb Code    12  main.o(.text)
    SetWinWideMinusCnt                       0x10003bab   Thumb Code     8  main.o(.text)
    SetPasskey                               0x10003bb3   Thumb Code    12  main.o(.text)
    SecurityReq                              0x10003bbf   Thumb Code    12  main.o(.text)
    SetEvtCallback                           0x10003bcb   Thumb Code   130  main.o(.text)
    GetGATTReportHandle                      0x10003c4d   Thumb Code    12  main.o(.text)
    SetGATTReadRsp                           0x10003c59   Thumb Code    12  main.o(.text)
    CheckFIFOFull                            0x10003c65   Thumb Code    18  main.o(.text)
    GATTDataSend                             0x10003c77   Thumb Code    38  main.o(.text)
    ATTCSetCallback                          0x10003c9d   Thumb Code     4  main.o(.text)
    ATTCMTUReq                               0x10003ca1   Thumb Code     6  main.o(.text)
    ATTCFindInfoReq                          0x10003ca7   Thumb Code     6  main.o(.text)
    ATTCFindByTypeValueReq                   0x10003cad   Thumb Code    14  main.o(.text)
    ATTCReadByTypeReq                        0x10003cbb   Thumb Code    12  main.o(.text)
    ATTCReadReq                              0x10003cc7   Thumb Code     6  main.o(.text)
    ATTCReadBlobReq                          0x10003ccd   Thumb Code     6  main.o(.text)
    ATTCReadMultipleReq                      0x10003cd3   Thumb Code     6  main.o(.text)
    ATTCReadByGroupTypeReq                   0x10003cd9   Thumb Code    10  main.o(.text)
    ATTCWriteReq                             0x10003ce3   Thumb Code     6  main.o(.text)
    ATTCWriteCmdReq                          0x10003ce9   Thumb Code     6  main.o(.text)
    ATTCPrepareWriteReq                      0x10003cef   Thumb Code    12  main.o(.text)
    ATTCExecuteWriteReq                      0x10003cfb   Thumb Code     6  main.o(.text)
    ATTCConfirmation                         0x10003d01   Thumb Code     6  main.o(.text)
    _SYSClockSwitch                          0x10003d07   Thumb Code    86  main.o(.text)
    MCUClockSwitch                           0x10003d5d   Thumb Code     2  main.o(.text)
    GetMCUClock                              0x10003d5f   Thumb Code    14  main.o(.text)
    GetClock                                 0x10003d6d   Thumb Code    16  main.o(.text)
    WakeupConfig                             0x10003d7d   Thumb Code    12  main.o(.text)
    LLSleep                                  0x10003d89   Thumb Code    12  main.o(.text)
    Rand                                     0x10003d95   Thumb Code     4  main.o(.text)
    DelayUS                                  0x10003d99   Thumb Code     4  main.o(.text)
    DelayMS                                  0x10003d9d   Thumb Code     6  main.o(.text)
    GetCompanyID                             0x10003da3   Thumb Code    18  main.o(.text)
    GetQFNType                               0x10003db5   Thumb Code    20  main.o(.text)
    RFRead                                   0x10003dc9   Thumb Code     8  main.o(.text)
    RFWrite                                  0x10003dd1   Thumb Code     8  main.o(.text)
    SystemSleep                              0x10003dd9   Thumb Code    12  main.o(.text)
    SystemPowerDown                          0x10003de5   Thumb Code    80  main.o(.text)
    SystemReset                              0x10003e35   Thumb Code    12  main.o(.text)
    CapdetEn                                 0x10003e41   Thumb Code    12  main.o(.text)
    PowerDownLPOEn                           0x10003e4d   Thumb Code    12  main.o(.text)
    SetBondManagerIndex                      0x10003e59   Thumb Code    12  main.o(.text)
    GetBondDevice                            0x10003e65   Thumb Code     6  main.o(.text)
    AddBondDevice                            0x10003e6b   Thumb Code    12  main.o(.text)
    DelAllBondDevice                         0x10003e77   Thumb Code    10  main.o(.text)
    DelBondDevice                            0x10003e81   Thumb Code    12  main.o(.text)
    ReadProfileData                          0x10003e8d   Thumb Code     6  main.o(.text)
    WriteProfileData                         0x10003e93   Thumb Code     6  main.o(.text)
    EraseFlashData                           0x10003e99   Thumb Code    34  main.o(.text)
    ReadFlashData                            0x10003ebb   Thumb Code    40  main.o(.text)
    WriteFlashData                           0x10003ee3   Thumb Code    40  main.o(.text)
    CodeErase                                0x10003f0b   Thumb Code   122  main.o(.text)
    CodeErase_sector                         0x10003f85   Thumb Code    76  main.o(.text)
    _FMCodeWrite                             0x10003fd1   Thumb Code    58  main.o(.text)
    CodeWrite                                0x1000400b   Thumb Code    88  main.o(.text)
    CodeUpdate                               0x10004063   Thumb Code    10  main.o(.text)
    ble_sched_execute                        0x1000406d   Thumb Code   146  main.o(.text)
    ble_sched_finish                         0x100040ff   Thumb Code     4  main.o(.text)
    syd52832_chip_confirm                    0x10004103   Thumb Code    24  main.o(.text)
    gap_s_smart_update_latency               0x1000411b   Thumb Code   160  main.o(.text)
    eFuseManual                              0x100041bb   Thumb Code    28  main.o(.text)
    GPADC_Manual_Calibration                 0x100041d7   Thumb Code    34  main.o(.text)
    GAPGetUartEn                             0x100041f9   Thumb Code     6  main.o(.text)
    GAPUartEn                                0x100041ff   Thumb Code     6  main.o(.text)
    GAPBBDelayUS                             0x10004205   Thumb Code     4  main.o(.text)
    GAPBBDelayMS                             0x10004209   Thumb Code     6  main.o(.text)
    GAPGetRFAutoSleep                        0x1000420f   Thumb Code     4  main.o(.text)
    GAPSetRFAutoSleep                        0x10004213   Thumb Code     6  main.o(.text)
    Setting4kUpdate                          0x10004219   Thumb Code   136  main.o(.text)
    SetDevAddr_toflash                       0x100042a1   Thumb Code    72  main.o(.text)
    gap_s_verdor_datas_get                   0x100042e9   Thumb Code    26  main.o(.text)
    gap_s_verdor_datas_set                   0x10004303   Thumb Code    66  main.o(.text)
    __aeabi_uidiv                            0x10004401   Thumb Code     0  uidiv.o(.text)
    __aeabi_uidivmod                         0x10004401   Thumb Code    44  uidiv.o(.text)
    __aeabi_idiv                             0x1000442d   Thumb Code     0  idiv.o(.text)
    __aeabi_idivmod                          0x1000442d   Thumb Code    40  idiv.o(.text)
    __aeabi_memcpy                           0x10004455   Thumb Code    36  memcpya.o(.text)
    __aeabi_memcpy4                          0x10004455   Thumb Code     0  memcpya.o(.text)
    __aeabi_memcpy8                          0x10004455   Thumb Code     0  memcpya.o(.text)
    __aeabi_memset                           0x10004479   Thumb Code    14  memseta.o(.text)
    __aeabi_memset4                          0x10004479   Thumb Code     0  memseta.o(.text)
    __aeabi_memset8                          0x10004479   Thumb Code     0  memseta.o(.text)
    __aeabi_memclr                           0x10004487   Thumb Code     4  memseta.o(.text)
    __aeabi_memclr4                          0x10004487   Thumb Code     0  memseta.o(.text)
    __aeabi_memclr8                          0x10004487   Thumb Code     0  memseta.o(.text)
    _memset$wrapper                          0x1000448b   Thumb Code    18  memseta.o(.text)
    strcpy                                   0x1000449d   Thumb Code    18  strcpy.o(.text)
    __aeabi_uread4                           0x100044af   Thumb Code    20  uread4.o(.text)
    __rt_uread4                              0x100044af   Thumb Code     0  uread4.o(.text)
    _uread4                                  0x100044af   Thumb Code     0  uread4.o(.text)
    __aeabi_uwrite4                          0x100044c3   Thumb Code    18  uwrite4.o(.text)
    __rt_uwrite4                             0x100044c3   Thumb Code     0  uwrite4.o(.text)
    _uwrite4                                 0x100044c3   Thumb Code     0  uwrite4.o(.text)
    __aeabi_fadd                             0x100044d5   Thumb Code   162  fadd.o(.text)
    __aeabi_fsub                             0x10004577   Thumb Code     8  fadd.o(.text)
    __aeabi_frsub                            0x1000457f   Thumb Code     8  fadd.o(.text)
    __aeabi_dadd                             0x10004589   Thumb Code   328  dadd.o(.text)
    __aeabi_dsub                             0x100046d1   Thumb Code    12  dadd.o(.text)
    __aeabi_drsub                            0x100046dd   Thumb Code    12  dadd.o(.text)
    __aeabi_dmul                             0x100046ed   Thumb Code   202  dmul.o(.text)
    __aeabi_ddiv                             0x100047bd   Thumb Code   234  ddiv.o(.text)
    __aeabi_ui2f                             0x100048ad   Thumb Code    14  ffltui.o(.text)
    __aeabi_i2d                              0x100048bd   Thumb Code    34  dflti.o(.text)
    __aeabi_ui2d                             0x100048e5   Thumb Code    24  dfltui.o(.text)
    __aeabi_d2uiz                            0x10004901   Thumb Code    50  dfixui.o(.text)
    __aeabi_f2d                              0x1000493d   Thumb Code    40  f2d.o(.text)
    __aeabi_llsl                             0x10004965   Thumb Code    32  llshl.o(.text)
    _ll_shift_l                              0x10004965   Thumb Code     0  llshl.o(.text)
    __aeabi_llsr                             0x10004985   Thumb Code    34  llushr.o(.text)
    _ll_ushift_r                             0x10004985   Thumb Code     0  llushr.o(.text)
    __aeabi_lasr                             0x100049a7   Thumb Code    38  llsshr.o(.text)
    _ll_sshift_r                             0x100049a7   Thumb Code     0  llsshr.o(.text)
    __I$use$fp                               0x100049cd   Thumb Code     0  iusefp.o(.text)
    _float_round                             0x100049cd   Thumb Code    16  fepilogue.o(.text)
    _float_epilogue                          0x100049dd   Thumb Code   114  fepilogue.o(.text)
    _double_round                            0x10004a4f   Thumb Code    26  depilogue.o(.text)
    _double_epilogue                         0x10004a69   Thumb Code   164  depilogue.o(.text)
    __scatterload                            0x10004b0d   Thumb Code    28  init.o(.text)
    __scatterload_rt2                        0x10004b0d   Thumb Code     0  init.o(.text)
    __decompress                             0x10004b31   Thumb Code     0  __dczerorl2.o(.text)
    __decompress1                            0x10004b31   Thumb Code    86  __dczerorl2.o(.text)
    __ARM_clz                                0x10004b87   Thumb Code    46  depilogue.o(i.__ARM_clz)
    __ARM_common_switch8                     0x10004bb5   Thumb Code    28  main.o(i.__ARM_common_switch8)
    __scatterload_copy                       0x10004bd1   Thumb Code    14  handlers.o(i.__scatterload_copy)
    __scatterload_null                       0x10004bdf   Thumb Code     2  handlers.o(i.__scatterload_null)
    __scatterload_zeroinit                   0x10004be1   Thumb Code    14  handlers.o(i.__scatterload_zeroinit)
    Region$$Table$$Base                      0x10004c00   Number         0  anon$$obj.o(Region$$Table)
    Region$$Table$$Limit                     0x10004c20   Number         0  anon$$obj.o(Region$$Table)
    per_device_system                        0x20003004   Data           1  main.o(.data)
    battery_tx                               0x20003006   Data           1  main.o(.data)
    hid_key_tx                               0x20003007   Data           1  main.o(.data)
    KEY1_Status                              0x20003008   Data           1  main.o(.data)
    KEY2_Status                              0x20003009   Data           1  main.o(.data)
    CAP_Status                               0x2000300a   Data           1  main.o(.data)
    key_loop                                 0x2000300c   Data           4  main.o(.data)
    connect_flag                             0x20003010   Data           1  main.o(.data)
    update_latency_mode                      0x20003011   Data           1  main.o(.data)
    latency_state                            0x20003012   Data           1  main.o(.data)
    battery_value                            0x20003013   Data           1  main.o(.data)
    delay_tick                               0x20003014   Data           4  main.o(.data)
    syd_nosleep_control                      0x20003018   Data           1  main.o(.data)
    ADV_DATA                                 0x20003019   Data          30  main.o(.data)
    ADV_DATA_SZ                              0x20003038   Data           2  main.o(.data)
    SCAN_DATA                                0x2000303a   Data           1  main.o(.data)
    SCAN_DATA_SZ                             0x2000303c   Data           2  main.o(.data)
    PIN_CONFIG                               0x20003048   Data           4  gpio.o(.data)
    GPIO_CTRL                                0x2000304c   Data           4  gpio.o(.data)
    GPO_CTRL                                 0x20003050   Data           4  gpio.o(.data)
    GPI_CTRL                                 0x20003054   Data           4  gpio.o(.data)
    GPIO_IRQ_CTRL                            0x20003058   Data           4  gpio.o(.data)
    ota_state                                0x20003098   Data           1  ota.o(.data)
    ota_writecnt                             0x20003099   Data           1  ota.o(.data)
    ota_section_size                         0x2000309a   Data           2  ota.o(.data)
    ota_receive_size                         0x2000309c   Data           2  ota.o(.data)
    ota_section_check                        0x2000309e   Data           2  ota.o(.data)
    ota_receive_check                        0x200030a0   Data           2  ota.o(.data)
    ota_section_offset                       0x200030a4   Data           4  ota.o(.data)
    pevt                                     0x200030b0   Data           4  ota.o(.data)
    syd_history_setting_str                  0x200030b4   Data           4  rtc_handler.o(.data)
    SystemCoreClock                          0x200030cc   Data           4  system_armcm0.o(.data)
    Event_Num                                0x200030d0   Data           1  timer.o(.data)
    max_trigger_timer                        0x200030d8   Data           4  timer.o(.data)
    TIMER_EVT                                0x200030dc   Data           4  timer.o(.data)
    Timer_Evt_Trigger_Loop_now               0x200030e0   Data           4  timer.o(.data)
    sys_timer_max_p                          0x200030e4   Data           4  timer.o(.data)
    sys_timer_current_p                      0x200030e8   Data           4  timer.o(.data)
    RTC_Event_Num                            0x200030ed   Data           1  rtc.o(.data)
    max_trigger_rtc                          0x200030f0   Data           4  rtc.o(.data)
    RTC_EVT                                  0x200030f4   Data           4  rtc.o(.data)
    RTC_RTCEVT_Trigger_Loop_now              0x200030f8   Data           4  rtc.o(.data)
    RTC_second_now                           0x200030fc   Data           4  rtc.o(.data)
    sys_rtc_max_p                            0x20003100   Data           4  rtc.o(.data)
    sys_rtc_current_p                        0x20003104   Data           4  rtc.o(.data)
    RTCEVT_whole_minute_id                   0x20003108   Data           4  rtc.o(.data)
    RTC_second_last                          0x20003110   Data           4  rtc.o(.data)
    ota_w                                    0x20003144   Data          40  ota.o(.bss)
    syd_sysTimer                             0x2000316c   Data          48  timer_handler.o(.bss)
    syd_rtc                                  0x2000319c   Data          24  rtc_handler.o(.bss)
    __initial_sp                             0x20004238   Data           0  startup_armcm0.o(STACK)
    _SEGGER_RTT                              0x20007f00   Data          72  segger_rtt.o(.ARM.__AT_0x20007F00)



==============================================================================

Memory Map of the image

  Image Entry point : 0x100000c1

  Load Region LR_IROM1 (Base: 0x10000000, Size: 0x00004d64, Max: 0x0003f000, ABSOLUTE, COMPRESSED[0x00004cc8])

    Execution Region ER_IROM1 (Base: 0x10000000, Size: 0x00004c20, Max: 0x0003f000, ABSOLUTE)

    Base Addr    Size         Type   Attr      Idx    E Section Name        Object

    0x10000000   0x000000c0   Data   RO          708    RESET               startup_armcm0.o
    0x100000c0   0x00000000   Code   RO          937  * .ARM.Collect$$$$00000000  mc_p.l(entry.o)
    0x100000c0   0x00000004   Code   RO         1011    .ARM.Collect$$$$00000001  mc_p.l(entry2.o)
    0x100000c4   0x00000004   Code   RO         1014    .ARM.Collect$$$$00000004  mc_p.l(entry5.o)
    0x100000c8   0x00000000   Code   RO         1016    .ARM.Collect$$$$00000008  mc_p.l(entry7b.o)
    0x100000c8   0x00000000   Code   RO         1018    .ARM.Collect$$$$0000000A  mc_p.l(entry8b.o)
    0x100000c8   0x00000008   Code   RO         1019    .ARM.Collect$$$$0000000B  mc_p.l(entry9a.o)
    0x100000d0   0x00000000   Code   RO         1021    .ARM.Collect$$$$0000000D  mc_p.l(entry10a.o)
    0x100000d0   0x00000000   Code   RO         1023    .ARM.Collect$$$$0000000F  mc_p.l(entry11a.o)
    0x100000d0   0x00000004   Code   RO         1012    .ARM.Collect$$$$00002712  mc_p.l(entry2.o)
    0x100000d4   0x00000bbc   Code   RO            3    .text               main.o
    0x10000c90   0x00000008   Code   RO          106    .text               debug.o
    0x10000c98   0x000003f0   Code   RO          156    .text               gpio.o
    0x10001088   0x000002dc   Code   RO          216    .text               uart.o
    0x10001364   0x00000020   Code   RO          282    .text               delay.o
    0x10001384   0x000004fc   Code   RO          314    .text               ota.o
    0x10001880   0x00000050   Code   RO          345    .text               timer_handler.o
    0x100018d0   0x0000002c   Code   RO          378    .text               rtc_handler.o
    0x100018fc   0x00000240   Code   RO          406    .text               segger_rtt.o
    0x10001b3c   0x00000540   Code   RO          572    .text               segger_rtt_printf.o
    0x1000207c   0x0000001c   Code   RO          709    .text               startup_armcm0.o
    0x10002098   0x00000010   Code   RO          716    .text               system_armcm0.o
    0x100020a8   0x000004d8   Code   RO          747    .text               Syd8811_softtimer_lib.lib(timer.o)
    0x10002580   0x000005c8   Code   RO          808    .text               Syd8811_softtimer_lib.lib(rtc.o)
    0x10002b48   0x000018b8   Code   RO          845    .text               syd8811_ble_lib.lib(main.o)
    0x10004400   0x0000002c   Code   RO          945    .text               mc_p.l(uidiv.o)
    0x1000442c   0x00000028   Code   RO          947    .text               mc_p.l(idiv.o)
    0x10004454   0x00000024   Code   RO          949    .text               mc_p.l(memcpya.o)
    0x10004478   0x00000024   Code   RO          951    .text               mc_p.l(memseta.o)
    0x1000449c   0x00000012   Code   RO          957    .text               mc_p.l(strcpy.o)
    0x100044ae   0x00000014   Code   RO          989    .text               mc_p.l(uread4.o)
    0x100044c2   0x00000012   Code   RO          991    .text               mc_p.l(uwrite4.o)
    0x100044d4   0x000000b2   Code   RO          993    .text               mf_p.l(fadd.o)
    0x10004586   0x00000002   PAD
    0x10004588   0x00000164   Code   RO          995    .text               mf_p.l(dadd.o)
    0x100046ec   0x000000d0   Code   RO          997    .text               mf_p.l(dmul.o)
    0x100047bc   0x000000f0   Code   RO          999    .text               mf_p.l(ddiv.o)
    0x100048ac   0x0000000e   Code   RO         1001    .text               mf_p.l(ffltui.o)
    0x100048ba   0x00000002   PAD
    0x100048bc   0x00000028   Code   RO         1003    .text               mf_p.l(dflti.o)
    0x100048e4   0x0000001c   Code   RO         1005    .text               mf_p.l(dfltui.o)
    0x10004900   0x0000003c   Code   RO         1007    .text               mf_p.l(dfixui.o)
    0x1000493c   0x00000028   Code   RO         1009    .text               mf_p.l(f2d.o)
    0x10004964   0x00000020   Code   RO         1028    .text               mc_p.l(llshl.o)
    0x10004984   0x00000022   Code   RO         1030    .text               mc_p.l(llushr.o)
    0x100049a6   0x00000026   Code   RO         1032    .text               mc_p.l(llsshr.o)
    0x100049cc   0x00000000   Code   RO         1034    .text               mc_p.l(iusefp.o)
    0x100049cc   0x00000082   Code   RO         1036    .text               mf_p.l(fepilogue.o)
    0x10004a4e   0x000000be   Code   RO         1038    .text               mf_p.l(depilogue.o)
    0x10004b0c   0x00000024   Code   RO         1046    .text               mc_p.l(init.o)
    0x10004b30   0x00000056   Code   RO         1056    .text               mc_p.l(__dczerorl2.o)
    0x10004b86   0x0000002e   Code   RO         1040    i.__ARM_clz         mf_p.l(depilogue.o)
    0x10004bb4   0x0000001c   Code   RO           29    i.__ARM_common_switch8  main.o
    0x10004bd0   0x0000000e   Code   RO         1050    i.__scatterload_copy  mc_p.l(handlers.o)
    0x10004bde   0x00000002   Code   RO         1051    i.__scatterload_null  mc_p.l(handlers.o)
    0x10004be0   0x0000000e   Code   RO         1052    i.__scatterload_zeroinit  mc_p.l(handlers.o)
    0x10004bee   0x00000010   Data   RO          573    .constdata          segger_rtt_printf.o
    0x10004bfe   0x00000002   PAD
    0x10004c00   0x00000020   Data   RO         1048    Region$$Table       anon$$obj.o


    Execution Region RW_IRAM1 (Base: 0x20003000, Size: 0x00004f48, Max: 0x00005000, ABSOLUTE, COMPRESSED[0x000000a8])

    Base Addr    Size         Type   Attr      Idx    E Section Name        Object

    0x20003000   0x00000045   Data   RW            6    .data               main.o
    0x20003045   0x00000003   PAD
    0x20003048   0x00000048   Data   RW          161    .data               gpio.o
    0x20003090   0x00000008   Data   RW          222    .data               uart.o
    0x20003098   0x0000001c   Data   RW          316    .data               ota.o
    0x200030b4   0x00000004   Data   RW          380    .data               rtc_handler.o
    0x200030b8   0x00000011   Data   RW          431    .data               segger_rtt.o
    0x200030c9   0x00000003   PAD
    0x200030cc   0x00000004   Data   RW          717    .data               system_armcm0.o
    0x200030d0   0x0000001c   Data   RW          749    .data               Syd8811_softtimer_lib.lib(timer.o)
    0x200030ec   0x00000028   Data   RW          809    .data               Syd8811_softtimer_lib.lib(rtc.o)
    0x20003114   0x00000030   Data   RW          847    .data               syd8811_ble_lib.lib(main.o)
    0x20003144   0x00000028   Zero   RW          315    .bss                ota.o
    0x2000316c   0x00000030   Zero   RW          346    .bss                timer_handler.o
    0x2000319c   0x00000018   Zero   RW          379    .bss                rtc_handler.o
    0x200031b4   0x00000410   Zero   RW          430    .bss                segger_rtt.o
    0x200035c4   0x0000000c   Zero   RW          748    .bss                Syd8811_softtimer_lib.lib(timer.o)
    0x200035d0   0x00000068   Zero   RW          846    .bss                syd8811_ble_lib.lib(main.o)
    0x20003638   0x00000c00   Zero   RW          706    STACK               startup_armcm0.o
    0x20004238   0x00003cc8   PAD
    0x20007f00   0x00000048   Zero   RW          429    .ARM.__AT_0x20007F00  segger_rtt.o


==============================================================================

Image component sizes


      Code (inc. data)   RO Data    RW Data    ZI Data      Debug   Object Name

         8          0          0          0          0       1011   debug.o
        32          4          0          0          0        519   delay.o
      1008         42          0         72          0      47103   gpio.o
      3032        832          0         69          0      50104   main.o
      1276        312          0         28         40       5457   ota.o
        44          8          0          4         24       2935   rtc_handler.o
       576         42          0         17       1112       6628   segger_rtt.o
      1344         30         16          0          0       4794   segger_rtt_printf.o
        28          8        192          0       3072        652   startup_armcm0.o
        16          8          0          4          0        735   system_armcm0.o
        80         12          0          0         48       3014   timer_handler.o
       732         18          0          8          0       9296   uart.o

    ----------------------------------------------------------------------
      8176       1316        242        208      19856     132248   Object Totals
         0          0         32          0          0          0   (incl. Generated)
         0          0          2          6      15560          0   (incl. Padding)

    ----------------------------------------------------------------------

      Code (inc. data)   RO Data    RW Data    ZI Data      Debug   Library Member Name

      1480         36          0         40          0      17411   rtc.o
      1240         26          0         28         12      43829   timer.o
        86          0          0          0          0          0   __dczerorl2.o
         0          0          0          0          0          0   entry.o
         0          0          0          0          0          0   entry10a.o
         0          0          0          0          0          0   entry11a.o
         8          4          0          0          0          0   entry2.o
         4          0          0          0          0          0   entry5.o
         0          0          0          0          0          0   entry7b.o
         0          0          0          0          0          0   entry8b.o
         8          4          0          0          0          0   entry9a.o
        30          0          0          0          0          0   handlers.o
        40          0          0          0          0         72   idiv.o
        36          8          0          0          0         68   init.o
         0          0          0          0          0          0   iusefp.o
        32          0          0          0          0         68   llshl.o
        38          0          0          0          0         68   llsshr.o
        34          0          0          0          0         68   llushr.o
        36          0          0          0          0         60   memcpya.o
        36          0          0          0          0        100   memseta.o
        18          0          0          0          0         60   strcpy.o
        44          0          0          0          0         72   uidiv.o
        20          0          0          0          0         60   uread4.o
        18          0          0          0          0         60   uwrite4.o
       356          4          0          0          0        140   dadd.o
       240          6          0          0          0         84   ddiv.o
       236          0          0          0          0        216   depilogue.o
        60         10          0          0          0         68   dfixui.o
        40          6          0          0          0         68   dflti.o
        28          4          0          0          0         68   dfltui.o
       208          6          0          0          0         88   dmul.o
        40          0          0          0          0         60   f2d.o
       178          0          0          0          0        108   fadd.o
       130          0          0          0          0        144   fepilogue.o
        14          0          0          0          0         68   ffltui.o
      6328        344          0         48        104      92586   main.o

    ----------------------------------------------------------------------
     11070        458          0        116        116     155694   Library Totals
         4          0          0          0          0          0   (incl. Padding)

    ----------------------------------------------------------------------

      Code (inc. data)   RO Data    RW Data    ZI Data      Debug   Library Name

      2720         62          0         68         12      61240   Syd8811_softtimer_lib.lib
       488         16          0          0          0        756   mc_p.l
      1530         36          0          0          0       1112   mf_p.l
      6328        344          0         48        104      92586   syd8811_ble_lib.lib

    ----------------------------------------------------------------------
     11070        458          0        116        116     155694   Library Totals

    ----------------------------------------------------------------------

==============================================================================


      Code (inc. data)   RO Data    RW Data    ZI Data      Debug   

     19246       1774        242        324      19972     286230   Grand Totals
     19246       1774        242        168      19972     286230   ELF Image Totals (compressed)
     19246       1774        242        168          0          0   ROM Totals

==============================================================================

    Total RO  Size (Code + RO Data)                19488 (  19.03kB)
    Total RW  Size (RW Data + ZI Data)             20296 (  19.82kB)
    Total ROM Size (Code + RO Data + RW Data)      19656 (  19.20kB)

==============================================================================

