Component: ARM Compiler 5.06 (build 20) Tool: armlink [4d35a3]

==============================================================================

Section Cross References

    main.o(.text) refers to main.o(.text) for SetAdvParams
    main.o(.text) refers to debug.o(.text) for dbg_hexdump
    main.o(.text) refers to ota.o(.text) for ota_rsp
    main.o(.text) refers to uread4.o(.text) for __aeabi_uread4
    main.o(.text) refers to timer.o(.text) for Timer_Evt_Stop
    main.o(.text) refers to main.o(.data) for dev_addr
    main.o(.text) refers to memcpya.o(.text) for __aeabi_memcpy
    main.o(.text) refers to main.o(i.__ARM_common_switch8) for __ARM_common_switch8
    main.o(.text) refers to uwrite4.o(.text) for __aeabi_uwrite4
    main.o(.text) refers to delay.o(.text) for delay_ms
    main.o(.text) refers to gpio.o(.text) for PIN_Set_GPIO
    main.o(.text) refers to timer_handler.o(.text) for Timer_Evt_List
    main.o(.text) refers to rtc.o(.text) for SYD_RTC_Init
    main.o(.text) refers to rtc_handler.o(.text) for RTC_Evt_List
    main.o(.text) refers to ota.o(.data) for ota_state
    main.o(.text) refers to gpio.o(.data) for PIN_CONFIG
    main.o(.text) refers to timer_handler.o(.bss) for syd_sysTimer
    main.o(.text) refers to rtc_handler.o(.bss) for syd_rtc
    main.o(.text) refers to timer.o(.data) for TIMER_EVT
    main.o(.text) refers to rtc.o(.data) for RTC_EVT
    debug.o(.text) refers to uart.o(.text) for uart_0_init
    debug.o(.text) refers to printfa.o(i.__0vsprintf) for __c89vsprintf
    debug.o(.text) refers to debug.o(.bss) for s_formatBuffer
    gpio.o(.text) refers to gpio.o(.data) for PIN_CONFIG
    gpio.o(.text) refers to gpio.o(.data) for pinmuxtab48
    gpio.o(.text) refers to gpio.o(.data) for GPI_CTRL
    gpio.o(.text) refers to gpio.o(.data) for GPIO_IRQ_CTRL
    gpio.o(.text) refers to gpio.o(.data) for GPIO_IRQ_CTRL
    uart.o(.text) refers to gpio.o(.data) for PIN_CONFIG
    uart.o(.text) refers to uart.o(.data) for UART_0_CTRL
    uart.o(.text) refers to uart.o(.text) for NVIC_DisableIRQ
    uart.o(.text) refers to uart.o(.data) for UART_0_CTRL
    uart.o(.text) refers to uart.o(.text) for NVIC_EnableIRQ
    uart.o(.text) refers to gpio.o(.data) for PIN_CONFIG
    uart.o(.text) refers to uart.o(.data) for UART_1_CTRL
    uart.o(.text) refers to uart.o(.data) for UART_1_CTRL
    uart.o(.text) refers to uart.o(.text) for NVIC_DisableIRQ
    uart.o(.text) refers to uart.o(.data) for UART_1_CTRL
    ota.o(.text) refers to memcpya.o(.text) for __aeabi_memcpy
    ota.o(.text) refers to main.o(.text) for CodeErase
    ota.o(.text) refers to debug.o(.text) for dbg_printf
    ota.o(.text) refers to uread4.o(.text) for __aeabi_uread4
    ota.o(.text) refers to main.o(i.__ARM_common_switch8) for __ARM_common_switch8
    ota.o(.text) refers to main.o(.text) for BLSetConnectionUpdate
    ota.o(.text) refers to timer.o(.text) for Timer_Evt_Start
    ota.o(.text) refers to ota.o(.data) for pevt
    ota.o(.text) refers to ota.o(.bss) for ota_w
    timer_handler.o(.text) refers to timer.o(.text) for Timer_Evt_Creat
    timer_handler.o(.text) refers to timer.o(.data) for TIMER_EVT
    rtc_handler.o(.text) refers to rtc.o(.text) for RTC_EVT_Creat
    rtc_handler.o(.text) refers to rtc.o(.data) for RTC_EVT
    startup_armcm0.o(RESET) refers to startup_armcm0.o(STACK) for __initial_sp
    startup_armcm0.o(RESET) refers to startup_armcm0.o(.text) for Reset_Handler
    startup_armcm0.o(RESET) refers to rtc.o(.text) for RTC_IRQHandler
    startup_armcm0.o(RESET) refers to uart.o(.text) for UART0_IRQHandler
    startup_armcm0.o(RESET) refers to timer.o(.text) for TIMER0_IRQHandler
    startup_armcm0.o(RESET) refers to gpio.o(.text) for GPIO_IRQHandler
    startup_armcm0.o(.text) refers to system_armcm0.o(.text) for SystemInit
    startup_armcm0.o(.text) refers to entry.o(.ARM.Collect$$$$00000000) for __main
    system_armcm0.o(.text) refers to system_armcm0.o(.data) for SystemCoreClock
    system_armcm0.o(.text) refers to system_armcm0.o(.data) for SystemCoreClock
    timer.o(.text) refers to uidiv.o(.text) for __aeabi_uidivmod
    timer.o(.text) refers to main.o(.text) for GAPBBDelayUS
    timer.o(.text) refers to timer.o(.data) for .data
    timer.o(.text) refers to timer.o(.bss) for .bss
    rtc.o(.text) refers to uidiv.o(.text) for __aeabi_uidivmod
    rtc.o(.text) refers to uread4.o(.text) for __aeabi_uread4
    rtc.o(.text) refers to main.o(.text) for GAPBBDelayUS
    rtc.o(.text) refers to rtc.o(.data) for .data
    rtc.o(.text) refers to rtc_handler.o(.data) for syd_history_setting_str
    main.o(.text) refers to uread4.o(.text) for __aeabi_uread4
    main.o(.text) refers to uwrite4.o(.text) for __aeabi_uwrite4
    main.o(.text) refers to memcpya.o(.text) for __aeabi_memcpy
    main.o(.text) refers to main.o(.data) for .data
    main.o(.text) refers to dfltui.o(.text) for __aeabi_ui2d
    main.o(.text) refers to dmul.o(.text) for __aeabi_dmul
    main.o(.text) refers to dfixui.o(.text) for __aeabi_d2uiz
    main.o(.text) refers to idiv.o(.text) for __aeabi_idivmod
    main.o(.text) refers to main.o(.bss) for .bss
    main.o(.text) refers to memseta.o(.text) for __aeabi_memclr
    main.o(.text) refers to dflti.o(.text) for __aeabi_i2d
    main.o(.text) refers to dadd.o(.text) for __aeabi_dadd
    main.o(.text) refers to ffltui.o(.text) for __aeabi_ui2f
    main.o(.text) refers to fadd.o(.text) for __aeabi_fadd
    main.o(.text) refers to f2d.o(.text) for __aeabi_f2d
    main.o(.text) refers to ddiv.o(.text) for __aeabi_ddiv
    main.o(.text) refers to uidiv.o(.text) for __aeabi_uidivmod
    entry.o(.ARM.Collect$$$$00000000) refers (Special) to entry10a.o(.ARM.Collect$$$$0000000D) for __rt_final_cpp
    entry.o(.ARM.Collect$$$$00000000) refers (Special) to entry11a.o(.ARM.Collect$$$$0000000F) for __rt_final_exit
    entry.o(.ARM.Collect$$$$00000000) refers (Special) to entry7b.o(.ARM.Collect$$$$00000008) for _main_clock
    entry.o(.ARM.Collect$$$$00000000) refers (Special) to entry8b.o(.ARM.Collect$$$$0000000A) for _main_cpp_init
    entry.o(.ARM.Collect$$$$00000000) refers (Special) to entry9a.o(.ARM.Collect$$$$0000000B) for _main_init
    entry.o(.ARM.Collect$$$$00000000) refers (Special) to entry5.o(.ARM.Collect$$$$00000004) for _main_scatterload
    entry.o(.ARM.Collect$$$$00000000) refers (Special) to entry2.o(.ARM.Collect$$$$00000001) for _main_stk
    idiv.o(.text) refers to uidiv.o(.text) for __aeabi_uidivmod
    printfa.o(i.__0fprintf) refers (Special) to iusefp.o(.text) for __I$use$fp
    printfa.o(i.__0fprintf) refers to printfa.o(i._printf_core) for _printf_core
    printfa.o(i.__0fprintf) refers to fputc.o(i.fputc) for fputc
    printfa.o(i.__0printf) refers (Special) to iusefp.o(.text) for __I$use$fp
    printfa.o(i.__0printf) refers to printfa.o(i._printf_core) for _printf_core
    printfa.o(i.__0printf) refers to fputc.o(i.fputc) for fputc
    printfa.o(i.__0printf) refers to stdout.o(.data) for __stdout
    printfa.o(i.__0snprintf) refers (Special) to iusefp.o(.text) for __I$use$fp
    printfa.o(i.__0snprintf) refers to printfa.o(i._printf_core) for _printf_core
    printfa.o(i.__0snprintf) refers to printfa.o(i._snputc) for _snputc
    printfa.o(i.__0sprintf) refers (Special) to iusefp.o(.text) for __I$use$fp
    printfa.o(i.__0sprintf) refers to printfa.o(i._printf_core) for _printf_core
    printfa.o(i.__0sprintf) refers to printfa.o(i._sputc) for _sputc
    printfa.o(i.__0vfprintf) refers (Special) to iusefp.o(.text) for __I$use$fp
    printfa.o(i.__0vfprintf) refers to printfa.o(i._printf_core) for _printf_core
    printfa.o(i.__0vfprintf) refers to fputc.o(i.fputc) for fputc
    printfa.o(i.__0vprintf) refers (Special) to iusefp.o(.text) for __I$use$fp
    printfa.o(i.__0vprintf) refers to printfa.o(i._printf_core) for _printf_core
    printfa.o(i.__0vprintf) refers to fputc.o(i.fputc) for fputc
    printfa.o(i.__0vprintf) refers to stdout.o(.data) for __stdout
    printfa.o(i.__0vsnprintf) refers (Special) to iusefp.o(.text) for __I$use$fp
    printfa.o(i.__0vsnprintf) refers to printfa.o(i._printf_core) for _printf_core
    printfa.o(i.__0vsnprintf) refers to printfa.o(i._snputc) for _snputc
    printfa.o(i.__0vsprintf) refers (Special) to iusefp.o(.text) for __I$use$fp
    printfa.o(i.__0vsprintf) refers to printfa.o(i._printf_core) for _printf_core
    printfa.o(i.__0vsprintf) refers to printfa.o(i._sputc) for _sputc
    printfa.o(i._fp_digits) refers (Special) to iusefp.o(.text) for __I$use$fp
    printfa.o(i._fp_digits) refers to dmul.o(.text) for __aeabi_dmul
    printfa.o(i._fp_digits) refers to ddiv.o(.text) for __aeabi_ddiv
    printfa.o(i._fp_digits) refers to cdrcmple.o(.text) for __aeabi_cdrcmple
    printfa.o(i._fp_digits) refers to dadd.o(.text) for __aeabi_dadd
    printfa.o(i._fp_digits) refers to dfixul.o(.text) for __aeabi_d2ulz
    printfa.o(i._fp_digits) refers to uldiv.o(.text) for __aeabi_uldivmod
    printfa.o(i._printf_core) refers (Special) to iusefp.o(.text) for __I$use$fp
    printfa.o(i._printf_core) refers to printfa.o(i._printf_pre_padding) for _printf_pre_padding
    printfa.o(i._printf_core) refers to uldiv.o(.text) for __aeabi_uldivmod
    printfa.o(i._printf_core) refers to printfa.o(i._printf_post_padding) for _printf_post_padding
    printfa.o(i._printf_core) refers to printfa.o(i._fp_digits) for _fp_digits
    printfa.o(i._printf_core) refers to uidiv.o(.text) for __aeabi_uidivmod
    printfa.o(i._printf_post_padding) refers (Special) to iusefp.o(.text) for __I$use$fp
    printfa.o(i._printf_pre_padding) refers (Special) to iusefp.o(.text) for __I$use$fp
    printfa.o(i._snputc) refers (Special) to iusefp.o(.text) for __I$use$fp
    printfa.o(i._sputc) refers (Special) to iusefp.o(.text) for __I$use$fp
    fadd.o(.text) refers (Special) to iusefp.o(.text) for __I$use$fp
    fadd.o(.text) refers to fepilogue.o(.text) for _float_epilogue
    dadd.o(.text) refers (Special) to iusefp.o(.text) for __I$use$fp
    dadd.o(.text) refers to llshl.o(.text) for __aeabi_llsl
    dadd.o(.text) refers to llsshr.o(.text) for __aeabi_lasr
    dadd.o(.text) refers to depilogue.o(.text) for _double_epilogue
    dmul.o(.text) refers (Special) to iusefp.o(.text) for __I$use$fp
    dmul.o(.text) refers to depilogue.o(.text) for _double_epilogue
    ddiv.o(.text) refers (Special) to iusefp.o(.text) for __I$use$fp
    ddiv.o(.text) refers to depilogue.o(.text) for _double_round
    ffltui.o(.text) refers (Special) to iusefp.o(.text) for __I$use$fp
    ffltui.o(.text) refers to fepilogue.o(.text) for _float_epilogue
    dflti.o(.text) refers (Special) to iusefp.o(.text) for __I$use$fp
    dflti.o(.text) refers to depilogue.o(.text) for _double_epilogue
    dfltui.o(.text) refers (Special) to iusefp.o(.text) for __I$use$fp
    dfltui.o(.text) refers to depilogue.o(.text) for _double_epilogue
    dfixui.o(.text) refers (Special) to iusefp.o(.text) for __I$use$fp
    dfixui.o(.text) refers to llushr.o(.text) for __aeabi_llsr
    f2d.o(.text) refers (Special) to iusefp.o(.text) for __I$use$fp
    entry2.o(.ARM.Collect$$$$00000001) refers to entry2.o(.ARM.Collect$$$$00002712) for __lit__00000000
    entry2.o(.ARM.Collect$$$$00002712) refers to startup_armcm0.o(STACK) for __initial_sp
    entry2.o(__vectab_stack_and_reset_area) refers to startup_armcm0.o(STACK) for __initial_sp
    entry2.o(__vectab_stack_and_reset_area) refers to entry.o(.ARM.Collect$$$$00000000) for __main
    entry5.o(.ARM.Collect$$$$00000004) refers to init.o(.text) for __scatterload
    entry9a.o(.ARM.Collect$$$$0000000B) refers to main.o(.text) for main
    entry9b.o(.ARM.Collect$$$$0000000C) refers to main.o(.text) for main
    fputc.o(i.fputc) refers (Special) to iusesemip.o(.text) for __I$use$semihosting$fputc
    fputc.o(i.fputc) refers (Special) to semi.o(.text) for __semihosting_library_function
    uldiv.o(.text) refers to llushr.o(.text) for __aeabi_llsr
    uldiv.o(.text) refers to llshl.o(.text) for __aeabi_llsl
    depilogue.o(.text) refers to depilogue.o(i.__ARM_clz) for __ARM_clz
    depilogue.o(.text) refers to llshl.o(.text) for __aeabi_llsl
    depilogue.o(.text) refers to llushr.o(.text) for __aeabi_llsr
    dfixul.o(.text) refers to llushr.o(.text) for __aeabi_llsr
    dfixul.o(.text) refers to llshl.o(.text) for __aeabi_llsl
    init.o(.text) refers to entry5.o(.ARM.Collect$$$$00000004) for __main_after_scatterload


==============================================================================

Removing Unused input sections from the image.

    Removing main.o(.rev16_text), (4 bytes).
    Removing main.o(.revsh_text), (4 bytes).
    Removing main.o(.constdata), (1263 bytes).
    Removing debug.o(.rev16_text), (4 bytes).
    Removing debug.o(.revsh_text), (4 bytes).
    Removing gpio.o(.rev16_text), (4 bytes).
    Removing gpio.o(.revsh_text), (4 bytes).
    Removing gpio.o(.text), (160 bytes).
    Removing gpio.o(.text), (56 bytes).
    Removing gpio.o(.text), (56 bytes).
    Removing gpio.o(.text), (64 bytes).
    Removing uart.o(.rev16_text), (4 bytes).
    Removing uart.o(.revsh_text), (4 bytes).
    Removing uart.o(.text), (32 bytes).
    Removing uart.o(.text), (348 bytes).
    Removing uart.o(.text), (44 bytes).
    Removing uart.o(.text), (32 bytes).
    Removing uart.o(.text), (20 bytes).
    Removing delay.o(.rev16_text), (4 bytes).
    Removing delay.o(.revsh_text), (4 bytes).
    Removing delay.o(.text), (26 bytes).
    Removing ota.o(.rev16_text), (4 bytes).
    Removing ota.o(.revsh_text), (4 bytes).
    Removing timer_handler.o(.rev16_text), (4 bytes).
    Removing timer_handler.o(.revsh_text), (4 bytes).
    Removing rtc_handler.o(.rev16_text), (4 bytes).
    Removing rtc_handler.o(.revsh_text), (4 bytes).
    Removing segger_rtt.o(.rev16_text), (4 bytes).
    Removing segger_rtt.o(.revsh_text), (4 bytes).
    Removing segger_rtt_printf.o(.rev16_text), (4 bytes).
    Removing segger_rtt_printf.o(.revsh_text), (4 bytes).
    Removing segger_rtt_syscalls_keil.o(.rev16_text), (4 bytes).
    Removing segger_rtt_syscalls_keil.o(.revsh_text), (4 bytes).
    Removing startup_armcm0.o(HEAP), (3072 bytes).
    Removing system_armcm0.o(.rev16_text), (4 bytes).
    Removing system_armcm0.o(.revsh_text), (4 bytes).
    Removing system_armcm0.o(.text), (16 bytes).
    Removing timer.o(.rev16_text), (4 bytes).
    Removing timer.o(.revsh_text), (4 bytes).
    Removing rtc.o(.rev16_text), (4 bytes).
    Removing rtc.o(.revsh_text), (4 bytes).
    Removing main.o(.rev16_text), (4 bytes).
    Removing main.o(.revsh_text), (4 bytes).

43 unused section(s) (total 5309 bytes) removed from the image.

==============================================================================

Image Symbol Table

    Local Symbols

    Symbol Name                              Value     Ov Type        Size  Object(Section)

    ../clib/../cmprslib/zerorunl2.c          0x00000000   Number         0  __dczerorl2.o ABSOLUTE
    ../clib/microlib/division.c              0x00000000   Number         0  uldiv.o ABSOLUTE
    ../clib/microlib/division.c              0x00000000   Number         0  idiv.o ABSOLUTE
    ../clib/microlib/division.c              0x00000000   Number         0  uidiv.o ABSOLUTE
    ../clib/microlib/init/entry.s            0x00000000   Number         0  entry11b.o ABSOLUTE
    ../clib/microlib/init/entry.s            0x00000000   Number         0  entry10b.o ABSOLUTE
    ../clib/microlib/init/entry.s            0x00000000   Number         0  entry10a.o ABSOLUTE
    ../clib/microlib/init/entry.s            0x00000000   Number         0  entry11a.o ABSOLUTE
    ../clib/microlib/init/entry.s            0x00000000   Number         0  entry2.o ABSOLUTE
    ../clib/microlib/init/entry.s            0x00000000   Number         0  entry5.o ABSOLUTE
    ../clib/microlib/init/entry.s            0x00000000   Number         0  entry7a.o ABSOLUTE
    ../clib/microlib/init/entry.s            0x00000000   Number         0  entry.o ABSOLUTE
    ../clib/microlib/init/entry.s            0x00000000   Number         0  entry7b.o ABSOLUTE
    ../clib/microlib/init/entry.s            0x00000000   Number         0  entry8a.o ABSOLUTE
    ../clib/microlib/init/entry.s            0x00000000   Number         0  entry8b.o ABSOLUTE
    ../clib/microlib/init/entry.s            0x00000000   Number         0  entry9a.o ABSOLUTE
    ../clib/microlib/init/entry.s            0x00000000   Number         0  entry9b.o ABSOLUTE
    ../clib/microlib/longlong.c              0x00000000   Number         0  llshl.o ABSOLUTE
    ../clib/microlib/longlong.c              0x00000000   Number         0  llushr.o ABSOLUTE
    ../clib/microlib/longlong.c              0x00000000   Number         0  llsshr.o ABSOLUTE
    ../clib/microlib/printf/printf.c         0x00000000   Number         0  printfa.o ABSOLUTE
    ../clib/microlib/stdio/fputc.c           0x00000000   Number         0  fputc.o ABSOLUTE
    ../clib/microlib/stdio/semi.s            0x00000000   Number         0  semi.o ABSOLUTE
    ../clib/microlib/stdio/streams.c         0x00000000   Number         0  stdout.o ABSOLUTE
    ../clib/microlib/string/memcpy.c         0x00000000   Number         0  memcpyb.o ABSOLUTE
    ../clib/microlib/string/memcpy.c         0x00000000   Number         0  memcpya.o ABSOLUTE
    ../clib/microlib/string/memset.c         0x00000000   Number         0  memseta.o ABSOLUTE
    ../clib/microlib/stubs.s                 0x00000000   Number         0  iusesemip.o ABSOLUTE
    ../clib/microlib/stubs.s                 0x00000000   Number         0  iusefp.o ABSOLUTE
    ../clib/microlib/unhosted.c              0x00000000   Number         0  uread4.o ABSOLUTE
    ../clib/microlib/unhosted.c              0x00000000   Number         0  uwrite4.o ABSOLUTE
    ../fplib/microlib/f2d.c                  0x00000000   Number         0  f2d.o ABSOLUTE
    ../fplib/microlib/fpadd.c                0x00000000   Number         0  fadd.o ABSOLUTE
    ../fplib/microlib/fpadd.c                0x00000000   Number         0  dadd.o ABSOLUTE
    ../fplib/microlib/fpdiv.c                0x00000000   Number         0  ddiv.o ABSOLUTE
    ../fplib/microlib/fpepilogue.c           0x00000000   Number         0  fepilogue.o ABSOLUTE
    ../fplib/microlib/fpepilogue.c           0x00000000   Number         0  depilogue.o ABSOLUTE
    ../fplib/microlib/fpfix.c                0x00000000   Number         0  dfixul.o ABSOLUTE
    ../fplib/microlib/fpfix.c                0x00000000   Number         0  dfixui.o ABSOLUTE
    ../fplib/microlib/fpflt.c                0x00000000   Number         0  dflti.o ABSOLUTE
    ../fplib/microlib/fpflt.c                0x00000000   Number         0  ffltui.o ABSOLUTE
    ../fplib/microlib/fpflt.c                0x00000000   Number         0  dfltui.o ABSOLUTE
    ../fplib/microlib/fpmul.c                0x00000000   Number         0  dmul.o ABSOLUTE
    ..\..\..\BLE\ota.c                       0x00000000   Number         0  ota.o ABSOLUTE
    ..\..\..\Driver\debug.c                  0x00000000   Number         0  debug.o ABSOLUTE
    ..\..\..\Driver\delay.c                  0x00000000   Number         0  delay.o ABSOLUTE
    ..\..\..\Driver\gpio.c                   0x00000000   Number         0  gpio.o ABSOLUTE
    ..\..\..\Driver\uart.c                   0x00000000   Number         0  uart.o ABSOLUTE
    ..\..\..\Rtt\SEGGER_RTT.c                0x00000000   Number         0  segger_rtt.o ABSOLUTE
    ..\..\..\Rtt\SEGGER_RTT_Syscalls_KEIL.c  0x00000000   Number         0  segger_rtt_syscalls_keil.o ABSOLUTE
    ..\..\..\Rtt\SEGGER_RTT_printf.c         0x00000000   Number         0  segger_rtt_printf.o ABSOLUTE
    ..\\..\\..\\BLE\\ota.c                   0x00000000   Number         0  ota.o ABSOLUTE
    ..\\..\\..\\Driver\\debug.c              0x00000000   Number         0  debug.o ABSOLUTE
    ..\\..\\..\\Driver\\delay.c              0x00000000   Number         0  delay.o ABSOLUTE
    ..\\..\\..\\Driver\\gpio.c               0x00000000   Number         0  gpio.o ABSOLUTE
    ..\\..\\..\\Driver\\uart.c               0x00000000   Number         0  uart.o ABSOLUTE
    ..\\..\\..\\Rtt\\SEGGER_RTT.c            0x00000000   Number         0  segger_rtt.o ABSOLUTE
    ..\\..\\..\\Rtt\\SEGGER_RTT_Syscalls_KEIL.c 0x00000000   Number         0  segger_rtt_syscalls_keil.o ABSOLUTE
    ..\\..\\..\\Rtt\\SEGGER_RTT_printf.c     0x00000000   Number         0  segger_rtt_printf.o ABSOLUTE
    ..\\main.c                               0x00000000   Number         0  main.o ABSOLUTE
    ..\\rtc_handler.c                        0x00000000   Number         0  rtc_handler.o ABSOLUTE
    ..\\timer_handler.c                      0x00000000   Number         0  timer_handler.o ABSOLUTE
    ..\main.c                                0x00000000   Number         0  main.o ABSOLUTE
    ..\rtc_handler.c                         0x00000000   Number         0  rtc_handler.o ABSOLUTE
    ..\timer_handler.c                       0x00000000   Number         0  timer_handler.o ABSOLUTE
    Driver\\rtc.c                            0x00000000   Number         0  rtc.o ABSOLUTE
    Driver\\timer.c                          0x00000000   Number         0  timer.o ABSOLUTE
    Driver\rtc.c                             0x00000000   Number         0  rtc.o ABSOLUTE
    Driver\timer.c                           0x00000000   Number         0  timer.o ABSOLUTE
    Main\\main.c                             0x00000000   Number         0  main.o ABSOLUTE
    Main\main.c                              0x00000000   Number         0  main.o ABSOLUTE
    RTE\Device\ARMCM0\startup_ARMCM0.s       0x00000000   Number         0  startup_armcm0.o ABSOLUTE
    RTE\Device\ARMCM0\system_ARMCM0.c        0x00000000   Number         0  system_armcm0.o ABSOLUTE
    RTE\\Device\\ARMCM0\\system_ARMCM0.c     0x00000000   Number         0  system_armcm0.o ABSOLUTE
    cdrcmple.s                               0x00000000   Number         0  cdrcmple.o ABSOLUTE
    dc.s                                     0x00000000   Number         0  dc.o ABSOLUTE
    handlers.s                               0x00000000   Number         0  handlers.o ABSOLUTE
    init.s                                   0x00000000   Number         0  init.o ABSOLUTE
    RESET                                    0x10000000   Section      192  startup_armcm0.o(RESET)
    .ARM.Collect$$$$00000000                 0x100000c0   Section        0  entry.o(.ARM.Collect$$$$00000000)
    .ARM.Collect$$$$00000001                 0x100000c0   Section        4  entry2.o(.ARM.Collect$$$$00000001)
    .ARM.Collect$$$$00000004                 0x100000c4   Section        4  entry5.o(.ARM.Collect$$$$00000004)
    .ARM.Collect$$$$00000008                 0x100000c8   Section        0  entry7b.o(.ARM.Collect$$$$00000008)
    .ARM.Collect$$$$0000000A                 0x100000c8   Section        0  entry8b.o(.ARM.Collect$$$$0000000A)
    .ARM.Collect$$$$0000000B                 0x100000c8   Section        8  entry9a.o(.ARM.Collect$$$$0000000B)
    .ARM.Collect$$$$0000000D                 0x100000d0   Section        0  entry10a.o(.ARM.Collect$$$$0000000D)
    .ARM.Collect$$$$0000000F                 0x100000d0   Section        0  entry11a.o(.ARM.Collect$$$$0000000F)
    .ARM.Collect$$$$00002712                 0x100000d0   Section        4  entry2.o(.ARM.Collect$$$$00002712)
    __lit__00000000                          0x100000d0   Data           4  entry2.o(.ARM.Collect$$$$00002712)
    .text                                    0x100000d4   Section        0  main.o(.text)
    setup_adv_data                           0x100000d5   Thumb Code   104  main.o(.text)
    ble_gatt_read                            0x100001bf   Thumb Code   372  main.o(.text)
    ble_gatt_write                           0x10000333   Thumb Code   108  main.o(.text)
    ble_init                                 0x1000075d   Thumb Code   130  main.o(.text)
    gpio_callback                            0x10000869   Thumb Code    22  main.o(.text)
    .text                                    0x10000d38   Section        0  debug.o(.text)
    .text                                    0x10000dc8   Section        0  gpio.o(.text)
    .text                                    0x100011b0   Section        0  uart.o(.text)
    NVIC_EnableIRQ                           0x10001491   Thumb Code    14  uart.o(.text)
    .text                                    0x100014b0   Section        0  delay.o(.text)
    .text                                    0x100014d0   Section        0  ota.o(.text)
    EvtCommandComplete                       0x100014d1   Thumb Code    46  ota.o(.text)
    Cmd4KSETTINGWrite                        0x10001515   Thumb Code   114  ota.o(.text)
    CmdFwWriteStart                          0x10001587   Thumb Code    36  ota.o(.text)
    Cmd4KSETTINGUpgrade                      0x100015ab   Thumb Code    72  ota.o(.text)
    CmdFwUpgradev20                          0x100015f3   Thumb Code   122  ota.o(.text)
    .text                                    0x10001990   Section        0  timer_handler.o(.text)
    .text                                    0x100019e0   Section        0  rtc_handler.o(.text)
    .text                                    0x10001a0c   Section       28  startup_armcm0.o(.text)
    .text                                    0x10001a28   Section        0  system_armcm0.o(.text)
    .text                                    0x10001a38   Section        0  timer.o(.text)
    Timer_Evt_Trigger                        0x10001aff   Thumb Code   110  timer.o(.text)
    .text                                    0x10001ed8   Section        0  rtc.o(.text)
    Timer_RTCEVT_Trigger                     0x10002067   Thumb Code   158  rtc.o(.text)
    .text                                    0x100024a8   Section        0  main.o(.text)
    _LCDisConnect                            0x100024a9   Thumb Code    46  main.o(.text)
    _LCTimer_Handler                         0x100024d7   Thumb Code   248  main.o(.text)
    _LCRxPkt_Handler                         0x100025cf   Thumb Code   194  main.o(.text)
    _LCTxPkt_Handler                         0x10002691   Thumb Code   316  main.o(.text)
    _GAPStartAdv                             0x10003289   Thumb Code   540  main.o(.text)
    _BBRXFIFORead                            0x10003bdb   Thumb Code   138  main.o(.text)
    .text                                    0x10003c90   Section        0  uidiv.o(.text)
    .text                                    0x10003cbc   Section        0  idiv.o(.text)
    .text                                    0x10003ce4   Section        0  memcpya.o(.text)
    .text                                    0x10003d08   Section        0  memseta.o(.text)
    .text                                    0x10003d2c   Section        0  uread4.o(.text)
    .text                                    0x10003d40   Section        0  uwrite4.o(.text)
    .text                                    0x10003d52   Section        0  fadd.o(.text)
    .text                                    0x10003e04   Section        0  dadd.o(.text)
    .text                                    0x10003f68   Section        0  dmul.o(.text)
    .text                                    0x10004038   Section        0  ddiv.o(.text)
    .text                                    0x10004128   Section        0  ffltui.o(.text)
    .text                                    0x10004138   Section        0  dflti.o(.text)
    .text                                    0x10004160   Section        0  dfltui.o(.text)
    .text                                    0x1000417c   Section        0  dfixui.o(.text)
    .text                                    0x100041b8   Section        0  f2d.o(.text)
    .text                                    0x100041e0   Section        0  uldiv.o(.text)
    .text                                    0x10004240   Section        0  llshl.o(.text)
    .text                                    0x10004260   Section        0  llushr.o(.text)
    .text                                    0x10004282   Section        0  llsshr.o(.text)
    .text                                    0x100042a8   Section        0  iusefp.o(.text)
    .text                                    0x100042a8   Section        0  fepilogue.o(.text)
    .text                                    0x1000432a   Section        0  depilogue.o(.text)
    .text                                    0x100043e8   Section        0  dfixul.o(.text)
    .text                                    0x10004428   Section       40  cdrcmple.o(.text)
    .text                                    0x10004450   Section       36  init.o(.text)
    .text                                    0x10004474   Section        0  __dczerorl2.o(.text)
    i.__0vsprintf                            0x100044cc   Section        0  printfa.o(i.__0vsprintf)
    i.__ARM_clz                              0x100044f0   Section        0  depilogue.o(i.__ARM_clz)
    i.__ARM_common_switch8                   0x1000451e   Section        0  main.o(i.__ARM_common_switch8)
    i.__scatterload_copy                     0x1000453a   Section       14  handlers.o(i.__scatterload_copy)
    i.__scatterload_null                     0x10004548   Section        2  handlers.o(i.__scatterload_null)
    i.__scatterload_zeroinit                 0x1000454a   Section       14  handlers.o(i.__scatterload_zeroinit)
    i._fp_digits                             0x10004558   Section        0  printfa.o(i._fp_digits)
    _fp_digits                               0x10004559   Thumb Code   316  printfa.o(i._fp_digits)
    i._printf_core                           0x100046b0   Section        0  printfa.o(i._printf_core)
    _printf_core                             0x100046b1   Thumb Code  1754  printfa.o(i._printf_core)
    i._printf_post_padding                   0x10004d9c   Section        0  printfa.o(i._printf_post_padding)
    _printf_post_padding                     0x10004d9d   Thumb Code    32  printfa.o(i._printf_post_padding)
    i._printf_pre_padding                    0x10004dbc   Section        0  printfa.o(i._printf_pre_padding)
    _printf_pre_padding                      0x10004dbd   Thumb Code    44  printfa.o(i._printf_pre_padding)
    i._sputc                                 0x10004de8   Section        0  printfa.o(i._sputc)
    _sputc                                   0x10004de9   Thumb Code    10  printfa.o(i._sputc)
    .data                                    0x20003000   Section       69  main.o(.data)
    g_report                                 0x20003000   Data           4  main.o(.data)
    start_tx                                 0x20003005   Data           1  main.o(.data)
    dev_addr                                 0x2000303e   Data           7  main.o(.data)
    .data                                    0x20003048   Section       72  gpio.o(.data)
    gpio_callback                            0x2000305c   Data           4  gpio.o(.data)
    pinmuxtab48                              0x20003060   Data          24  gpio.o(.data)
    pinmuxtab32                              0x20003078   Data          24  gpio.o(.data)
    .data                                    0x20003090   Section        8  uart.o(.data)
    UART_0_CTRL                              0x20003090   Data           4  uart.o(.data)
    UART_1_CTRL                              0x20003094   Data           4  uart.o(.data)
    .data                                    0x20003098   Section       28  ota.o(.data)
    EvtBuf                                   0x200030a8   Data           8  ota.o(.data)
    .data                                    0x200030b4   Section        4  rtc_handler.o(.data)
    .data                                    0x200030b8   Section        4  system_armcm0.o(.data)
    .data                                    0x200030bc   Section       28  timer.o(.data)
    TIMER_CTRL                               0x200030c0   Data           4  timer.o(.data)
    .data                                    0x200030d8   Section       40  rtc.o(.data)
    enabled                                  0x200030d8   Data           1  rtc.o(.data)
    irq_cb                                   0x200030f8   Data           4  rtc.o(.data)
    .data                                    0x20003100   Section       44  main.o(.data)
    syd_confirm                              0x20003100   Data           1  main.o(.data)
    ww_minus_cnt                             0x20003101   Data           1  main.o(.data)
    ext_uart_en                              0x20003102   Data           1  main.o(.data)
    p_flash_hdr                              0x20003104   Data           4  main.o(.data)
    p_lclink                                 0x20003108   Data           4  main.o(.data)
    p_txpdu                                  0x2000310c   Data           4  main.o(.data)
    p_rxbuf                                  0x20003110   Data           4  main.o(.data)
    EFUSE_CTRL                               0x20003114   Data           4  main.o(.data)
    BB_CTRL                                  0x20003118   Data           4  main.o(.data)
    PW_CTRL                                  0x2000311c   Data           4  main.o(.data)
    PIN_CONFIG                               0x20003120   Data           4  main.o(.data)
    g_evt                                    0x20003124   Data           8  main.o(.data)
    .bss                                     0x2000312c   Section      128  debug.o(.bss)
    s_formatBuffer                           0x2000312c   Data         128  debug.o(.bss)
    .bss                                     0x200031ac   Section       40  ota.o(.bss)
    .bss                                     0x200031d4   Section       48  timer_handler.o(.bss)
    .bss                                     0x20003204   Section       24  rtc_handler.o(.bss)
    .bss                                     0x2000321c   Section       12  timer.o(.bss)
    timer_callback                           0x2000321c   Data          12  timer.o(.bss)
    .bss                                     0x20003228   Section      104  main.o(.bss)
    code_hdr                                 0x20003228   Data          87  main.o(.bss)
    smart_update_ctrol                       0x2000327f   Data          17  main.o(.bss)
    STACK                                    0x20003290   Section     3072  startup_armcm0.o(STACK)

    Global Symbols

    Symbol Name                              Value     Ov Type        Size  Object(Section)

    BuildAttributes$$THM_ISAv3M$S$PE$A:L22$X:L11$S22$IEEE1$IW$USESV6$~STKCKD$USESV7$~SHL$OTIME$ROPI$EBA8$MICROLIB$REQ8$PRES8$EABIv2 0x00000000   Number         0  anon$$obj.o ABSOLUTE
    __ARM_use_no_argv                        0x00000000   Number         0  main.o ABSOLUTE
    __cpp_initialize__aeabi_                  - Undefined Weak Reference
    __cxa_finalize                            - Undefined Weak Reference
    _clock_init                               - Undefined Weak Reference
    _microlib_exit                            - Undefined Weak Reference
    __Vectors_Size                           0x000000c0   Number         0  startup_armcm0.o ABSOLUTE
    __Vectors                                0x10000000   Data           4  startup_armcm0.o(RESET)
    __Vectors_End                            0x100000c0   Data           0  startup_armcm0.o(RESET)
    __main                                   0x100000c1   Thumb Code     0  entry.o(.ARM.Collect$$$$00000000)
    _main_stk                                0x100000c1   Thumb Code     0  entry2.o(.ARM.Collect$$$$00000001)
    _main_scatterload                        0x100000c5   Thumb Code     0  entry5.o(.ARM.Collect$$$$00000004)
    __main_after_scatterload                 0x100000c9   Thumb Code     0  entry5.o(.ARM.Collect$$$$00000004)
    _main_clock                              0x100000c9   Thumb Code     0  entry7b.o(.ARM.Collect$$$$00000008)
    _main_cpp_init                           0x100000c9   Thumb Code     0  entry8b.o(.ARM.Collect$$$$0000000A)
    _main_init                               0x100000c9   Thumb Code     0  entry9a.o(.ARM.Collect$$$$0000000B)
    __rt_final_cpp                           0x100000d1   Thumb Code     0  entry10a.o(.ARM.Collect$$$$0000000D)
    __rt_final_exit                          0x100000d1   Thumb Code     0  entry11a.o(.ARM.Collect$$$$0000000F)
    BLSetConnectionUpdate                    0x1000013d   Thumb Code    80  main.o(.text)
    BLE_SendData                             0x1000018d   Thumb Code    50  main.o(.text)
    HID_Key_Vlaue_Send                       0x1000039f   Thumb Code    74  main.o(.text)
    ble_evt_callback                         0x100003e9   Thumb Code   884  main.o(.text)
    ota_manage                               0x100007df   Thumb Code   138  main.o(.text)
    gpio_init                                0x1000087f   Thumb Code   248  main.o(.text)
    main                                     0x10000977   Thumb Code   832  main.o(.text)
    dbg_init                                 0x10000d39   Thumb Code     8  debug.o(.text)
    dbg_printf                               0x10000d41   Thumb Code    72  debug.o(.text)
    dbg_hexdump                              0x10000d89   Thumb Code    46  debug.o(.text)
    PIN_Set_GPIO                             0x10000dc9   Thumb Code    50  gpio.o(.text)
    PIN_Pullup_Enable                        0x10000dfb   Thumb Code   150  gpio.o(.text)
    GPIO_Set_Output                          0x10000e91   Thumb Code    50  gpio.o(.text)
    GPIO_Set_Input                           0x10000ec3   Thumb Code   200  gpio.o(.text)
    GPIO_Input_Enable                        0x10000f8b   Thumb Code    50  gpio.o(.text)
    GPIO_Pin_Set                             0x10000fbd   Thumb Code    50  gpio.o(.text)
    GPIO_Pin_Clear                           0x10000fef   Thumb Code    50  gpio.o(.text)
    GPIO_Pin_Turn                            0x10001021   Thumb Code    50  gpio.o(.text)
    GPIO_Pin_Read                            0x10001053   Thumb Code    34  gpio.o(.text)
    io_irq_enable                            0x10001075   Thumb Code   142  gpio.o(.text)
    GPIO_IRQHandler                          0x10001103   Thumb Code   132  gpio.o(.text)
    uart_0_init                              0x100011b1   Thumb Code   340  uart.o(.text)
    uart_0_write                             0x10001305   Thumb Code    40  uart.o(.text)
    uart_0_read                              0x1000132d   Thumb Code    72  uart.o(.text)
    UART0_IRQHandler                         0x10001375   Thumb Code   106  uart.o(.text)
    uart_1_read                              0x100013df   Thumb Code    72  uart.o(.text)
    UART1_IRQHandler                         0x10001427   Thumb Code   106  uart.o(.text)
    delay_ms                                 0x100014b1   Thumb Code    28  delay.o(.text)
    CmdFwErase                               0x100014ff   Thumb Code    22  ota.o(.text)
    ota_variable_clear                       0x1000166d   Thumb Code    38  ota.o(.text)
    ota_cmd                                  0x10001693   Thumb Code   420  ota.o(.text)
    ota_rsp                                  0x10001837   Thumb Code    42  ota.o(.text)
    Timer_Evt_2s                             0x10001991   Thumb Code    16  timer_handler.o(.text)
    Timer_EVT_1S_OTA                         0x100019a1   Thumb Code    16  timer_handler.o(.text)
    Timer_Evt_List                           0x100019b1   Thumb Code    36  timer_handler.o(.text)
    RTC_Evt_185s                             0x100019e1   Thumb Code    14  rtc_handler.o(.text)
    RTC_Evt_List                             0x100019ef   Thumb Code    22  rtc_handler.o(.text)
    Reset_Handler                            0x10001a0d   Thumb Code     8  startup_armcm0.o(.text)
    NMI_Handler                              0x10001a15   Thumb Code     2  startup_armcm0.o(.text)
    HardFault_Handler                        0x10001a17   Thumb Code     2  startup_armcm0.o(.text)
    SVC_Handler                              0x10001a19   Thumb Code     2  startup_armcm0.o(.text)
    PendSV_Handler                           0x10001a1b   Thumb Code     2  startup_armcm0.o(.text)
    SysTick_Handler                          0x10001a1d   Thumb Code     2  startup_armcm0.o(.text)
    CAP_IRQHandler                           0x10001a1f   Thumb Code     0  startup_armcm0.o(.text)
    GPADC_IRQHandler                         0x10001a1f   Thumb Code     0  startup_armcm0.o(.text)
    HID_IRQHandler                           0x10001a1f   Thumb Code     0  startup_armcm0.o(.text)
    HPWM_IRQHandler                          0x10001a1f   Thumb Code     0  startup_armcm0.o(.text)
    HTIMER_IRQHandler                        0x10001a1f   Thumb Code     0  startup_armcm0.o(.text)
    I2C0_IRQHandler                          0x10001a1f   Thumb Code     0  startup_armcm0.o(.text)
    I2C1_IRQHandler                          0x10001a1f   Thumb Code     0  startup_armcm0.o(.text)
    IR_Rx_IRQHandler                         0x10001a1f   Thumb Code     0  startup_armcm0.o(.text)
    IR_Tx_IRQHandler                         0x10001a1f   Thumb Code     0  startup_armcm0.o(.text)
    ISO_7816_IRQHandler                      0x10001a1f   Thumb Code     0  startup_armcm0.o(.text)
    LLC2_IRQHandler                          0x10001a1f   Thumb Code     0  startup_armcm0.o(.text)
    LLC_IRQHandler                           0x10001a1f   Thumb Code     0  startup_armcm0.o(.text)
    SPIM_IRQHandler                          0x10001a1f   Thumb Code     0  startup_armcm0.o(.text)
    SW_IRQHandler                            0x10001a1f   Thumb Code     0  startup_armcm0.o(.text)
    TIMER3_IRQHandler                        0x10001a1f   Thumb Code     0  startup_armcm0.o(.text)
    TOUCH_IRQHandler                         0x10001a1f   Thumb Code     0  startup_armcm0.o(.text)
    SystemInit                               0x10001a29   Thumb Code     8  system_armcm0.o(.text)
    Timer_Evt_Creat                          0x10001a39   Thumb Code    50  timer.o(.text)
    Min                                      0x10001a6b   Thumb Code     8  timer.o(.text)
    timer_0_disable                          0x10001a73   Thumb Code    44  timer.o(.text)
    timer_0_enable                           0x10001a9f   Thumb Code    94  timer.o(.text)
    timer_0_start                            0x10001afd   Thumb Code     2  timer.o(.text)
    Timer_Evt_Clr                            0x10001b6d   Thumb Code    10  timer.o(.text)
    timer_0_get                              0x10001b77   Thumb Code    32  timer.o(.text)
    Timer_Evt_Stop                           0x10001b97   Thumb Code   114  timer.o(.text)
    Timer_Evt_Start                          0x10001c09   Thumb Code   144  timer.o(.text)
    Timer_Get_State                          0x10001c99   Thumb Code    34  timer.o(.text)
    SYD_Timer_Init                           0x10001cbb   Thumb Code    34  timer.o(.text)
    timer_0_delay_32us                       0x10001cdd   Thumb Code    66  timer.o(.text)
    TIMER0_IRQHandler                        0x10001d1f   Thumb Code    32  timer.o(.text)
    timer_1_enable                           0x10001d3f   Thumb Code    94  timer.o(.text)
    timer_1_disable                          0x10001d9d   Thumb Code    46  timer.o(.text)
    TIMER1_IRQHandler                        0x10001dcb   Thumb Code    32  timer.o(.text)
    timer_2_enable                           0x10001deb   Thumb Code   112  timer.o(.text)
    timer_2_get_val                          0x10001e5b   Thumb Code    34  timer.o(.text)
    timer_2_disable                          0x10001e7d   Thumb Code    46  timer.o(.text)
    TIMER2_IRQHandler                        0x10001eab   Thumb Code    32  timer.o(.text)
    rtc_get_calendar                         0x10001ed9   Thumb Code    40  rtc.o(.text)
    RTC_RUN                                  0x10001f01   Thumb Code    66  rtc.o(.text)
    rtc_set_compare                          0x10001f43   Thumb Code    68  rtc.o(.text)
    RTC_SET                                  0x10001f87   Thumb Code    84  rtc.o(.text)
    RTC_Refressh                             0x10001fdb   Thumb Code    76  rtc.o(.text)
    RTC_EVT_Creat                            0x10002027   Thumb Code    32  rtc.o(.text)
    Min_RTC                                  0x10002047   Thumb Code     8  rtc.o(.text)
    rtc_int_disable                          0x1000204f   Thumb Code    24  rtc.o(.text)
    RTC_EVT_Clr                              0x10002105   Thumb Code    10  rtc.o(.text)
    RTC_EVT_Stop                             0x1000210f   Thumb Code   112  rtc.o(.text)
    RTC_EVT_Start                            0x1000217f   Thumb Code   146  rtc.o(.text)
    RTC_EVT_whole_minute_setid               0x10002211   Thumb Code     6  rtc.o(.text)
    RTC_EVT_whole_minute_adj                 0x10002217   Thumb Code   132  rtc.o(.text)
    RTC_Get_State                            0x1000229b   Thumb Code    54  rtc.o(.text)
    rtc_start                                0x100022d1   Thumb Code    28  rtc.o(.text)
    rtc_set_interrupt_callback               0x100022ed   Thumb Code     6  rtc.o(.text)
    rtc_int_enable                           0x100022f3   Thumb Code    22  rtc.o(.text)
    rtc_int_clear                            0x10002309   Thumb Code    22  rtc.o(.text)
    rtc_set_calendar                         0x1000231f   Thumb Code    40  rtc.o(.text)
    rtc_set_prescaler                        0x10002347   Thumb Code    34  rtc.o(.text)
    rtc_clear                                0x10002369   Thumb Code    18  rtc.o(.text)
    rtc_stop                                 0x1000237b   Thumb Code    30  rtc.o(.text)
    rtc_init                                 0x10002399   Thumb Code   126  rtc.o(.text)
    SYD_RTC_Init                             0x10002417   Thumb Code    40  rtc.o(.text)
    RTC_IRQHandler                           0x1000243f   Thumb Code    30  rtc.o(.text)
    rtc_status                               0x1000245d   Thumb Code     6  rtc.o(.text)
    rtc_get_compare                          0x10002463   Thumb Code    52  rtc.o(.text)
    _BBGetMask                               0x100027cd   Thumb Code    92  main.o(.text)
    Lib_LLEvtCallback                        0x10002829   Thumb Code   250  main.o(.text)
    ConnectionLatencyMode                    0x10002923   Thumb Code    44  main.o(.text)
    sw_timer_latency_callback                0x1000294f   Thumb Code    42  main.o(.text)
    TimerStart                               0x10002979   Thumb Code    12  main.o(.text)
    smart_latency_start                      0x10002985   Thumb Code   212  main.o(.text)
    smart_update_latency_updatersp           0x10002a59   Thumb Code   150  main.o(.text)
    BBRFRead                                 0x10002aef   Thumb Code     4  main.o(.text)
    BBRFWrite                                0x10002af3   Thumb Code     6  main.o(.text)
    RCOSCCalibration                         0x10002af9   Thumb Code    60  main.o(.text)
    RFSleep                                  0x10002b35   Thumb Code    10  main.o(.text)
    UartEn                                   0x10002b3f   Thumb Code    32  main.o(.text)
    _SYS32kClockSwitch                       0x10002b5f   Thumb Code   222  main.o(.text)
    ClockSwitch                              0x10002c3d   Thumb Code    10  main.o(.text)
    RFWakeup                                 0x10002c47   Thumb Code    24  main.o(.text)
    LPOCalibration                           0x10002c5f   Thumb Code   254  main.o(.text)
    smart_latency_clear                      0x10002d5d   Thumb Code    12  main.o(.text)
    Lib_EvtCallback                          0x10002d69   Thumb Code   242  main.o(.text)
    TimerStop                                0x10002e5b   Thumb Code     4  main.o(.text)
    smart_update_retry                       0x10002e5f   Thumb Code   124  main.o(.text)
    sw_timer_update_callback                 0x10002edb   Thumb Code    60  main.o(.text)
    smart_update_latency_updatareq           0x10002f17   Thumb Code   550  main.o(.text)
    Lib_ProtocolHookCallback                 0x1000313d   Thumb Code    84  main.o(.text)
    Lib_MiscCallback                         0x10003191   Thumb Code    14  main.o(.text)
    BleInit                                  0x1000319f   Thumb Code   150  main.o(.text)
    DisConnect                               0x10003235   Thumb Code    12  main.o(.text)
    SetDevAddr                               0x10003241   Thumb Code    12  main.o(.text)
    GetDevAddr                               0x1000324d   Thumb Code    12  main.o(.text)
    SetLEFeature                             0x10003259   Thumb Code    12  main.o(.text)
    SetAdvAccCode                            0x10003265   Thumb Code    12  main.o(.text)
    SetAdvParams                             0x10003271   Thumb Code    12  main.o(.text)
    SetAdvData                               0x1000327d   Thumb Code    12  main.o(.text)
    StartAdv                                 0x100034a5   Thumb Code    10  main.o(.text)
    StopAdv                                  0x100034af   Thumb Code    38  main.o(.text)
    SetScanParams                            0x100034d5   Thumb Code    10  main.o(.text)
    StartScan                                0x100034df   Thumb Code    12  main.o(.text)
    StopScan                                 0x100034eb   Thumb Code    10  main.o(.text)
    SetSecParams                             0x100034f5   Thumb Code    12  main.o(.text)
    SetConnectionUpdate                      0x10003501   Thumb Code    12  main.o(.text)
    GetLinkParameters                        0x1000350d   Thumb Code    12  main.o(.text)
    SetWinWideMinusCnt                       0x10003519   Thumb Code     8  main.o(.text)
    SetPasskey                               0x10003521   Thumb Code    12  main.o(.text)
    SecurityReq                              0x1000352d   Thumb Code    80  main.o(.text)
    SetEvtCallback                           0x1000357d   Thumb Code    50  main.o(.text)
    GetGATTReportHandle                      0x100035af   Thumb Code    12  main.o(.text)
    SetGATTReadRsp                           0x100035bb   Thumb Code    12  main.o(.text)
    CheckFIFOFull                            0x100035c7   Thumb Code    18  main.o(.text)
    GATTDataSend                             0x100035d9   Thumb Code    38  main.o(.text)
    ATTCSetCallback                          0x100035ff   Thumb Code     4  main.o(.text)
    ATTCMTUReq                               0x10003603   Thumb Code     6  main.o(.text)
    ATTCFindInfoReq                          0x10003609   Thumb Code     6  main.o(.text)
    ATTCFindByTypeValueReq                   0x1000360f   Thumb Code    14  main.o(.text)
    ATTCReadByTypeReq                        0x1000361d   Thumb Code    12  main.o(.text)
    ATTCReadReq                              0x10003629   Thumb Code     6  main.o(.text)
    ATTCReadBlobReq                          0x1000362f   Thumb Code     6  main.o(.text)
    ATTCReadMultipleReq                      0x10003635   Thumb Code     6  main.o(.text)
    ATTCReadByGroupTypeReq                   0x1000363b   Thumb Code    10  main.o(.text)
    ATTCWriteReq                             0x10003645   Thumb Code     6  main.o(.text)
    ATTCWriteCmdReq                          0x1000364b   Thumb Code     6  main.o(.text)
    ATTCPrepareWriteReq                      0x10003651   Thumb Code    12  main.o(.text)
    ATTCExecuteWriteReq                      0x1000365d   Thumb Code     6  main.o(.text)
    ATTCConfirmation                         0x10003663   Thumb Code     6  main.o(.text)
    _SYSClockSwitch                          0x10003669   Thumb Code    88  main.o(.text)
    MCUClockSwitch                           0x100036c1   Thumb Code     2  main.o(.text)
    GetMCUClock                              0x100036c3   Thumb Code    14  main.o(.text)
    GetClock                                 0x100036d1   Thumb Code    16  main.o(.text)
    WakeupConfig                             0x100036e1   Thumb Code    12  main.o(.text)
    LLSleep                                  0x100036ed   Thumb Code    12  main.o(.text)
    Rand                                     0x100036f9   Thumb Code     4  main.o(.text)
    DelayUS                                  0x100036fd   Thumb Code     4  main.o(.text)
    DelayMS                                  0x10003701   Thumb Code     6  main.o(.text)
    GetCompanyID                             0x10003707   Thumb Code    18  main.o(.text)
    GetQFNType                               0x10003719   Thumb Code    20  main.o(.text)
    RFRead                                   0x1000372d   Thumb Code     8  main.o(.text)
    RFWrite                                  0x10003735   Thumb Code     8  main.o(.text)
    SystemSleep                              0x1000373d   Thumb Code    12  main.o(.text)
    SystemPowerDown                          0x10003749   Thumb Code    82  main.o(.text)
    SystemReset                              0x1000379b   Thumb Code    12  main.o(.text)
    CapdetEn                                 0x100037a7   Thumb Code    12  main.o(.text)
    PowerDownLPOEn                           0x100037b3   Thumb Code    12  main.o(.text)
    SetBondManagerIndex                      0x100037bf   Thumb Code    12  main.o(.text)
    GetBondDevice                            0x100037cb   Thumb Code     6  main.o(.text)
    AddBondDevice                            0x100037d1   Thumb Code    12  main.o(.text)
    DelAllBondDevice                         0x100037dd   Thumb Code    10  main.o(.text)
    DelBondDevice                            0x100037e7   Thumb Code    12  main.o(.text)
    ReadProfileData                          0x100037f3   Thumb Code     6  main.o(.text)
    WriteProfileData                         0x100037f9   Thumb Code     6  main.o(.text)
    EraseFlashData                           0x100037ff   Thumb Code    36  main.o(.text)
    ReadFlashData                            0x10003823   Thumb Code    42  main.o(.text)
    WriteFlashData                           0x1000384d   Thumb Code    42  main.o(.text)
    CodeErase                                0x10003877   Thumb Code   194  main.o(.text)
    _FMCodeWrite                             0x10003939   Thumb Code   116  main.o(.text)
    CodeWrite                                0x100039ad   Thumb Code     4  main.o(.text)
    CodeUpdate                               0x100039b1   Thumb Code    10  main.o(.text)
    ble_sched_execute                        0x100039bb   Thumb Code   146  main.o(.text)
    ble_sched_finish                         0x10003a4d   Thumb Code     4  main.o(.text)
    syd52832_chip_confirm                    0x10003a51   Thumb Code    24  main.o(.text)
    gap_s_smart_update_latency               0x10003a69   Thumb Code   160  main.o(.text)
    eFuseManual                              0x10003b09   Thumb Code    28  main.o(.text)
    GPADC_Manual_Calibration                 0x10003b25   Thumb Code    34  main.o(.text)
    GAPGetUartEn                             0x10003b47   Thumb Code     6  main.o(.text)
    GAPUartEn                                0x10003b4d   Thumb Code     6  main.o(.text)
    GAPBBDelayUS                             0x10003b53   Thumb Code     4  main.o(.text)
    GAPBBDelayMS                             0x10003b57   Thumb Code     6  main.o(.text)
    GAPGetRFAutoSleep                        0x10003b5d   Thumb Code     4  main.o(.text)
    GAPSetRFAutoSleep                        0x10003b61   Thumb Code     6  main.o(.text)
    Setting4kUpdate                          0x10003b67   Thumb Code   116  main.o(.text)
    __aeabi_uidiv                            0x10003c91   Thumb Code     0  uidiv.o(.text)
    __aeabi_uidivmod                         0x10003c91   Thumb Code    44  uidiv.o(.text)
    __aeabi_idiv                             0x10003cbd   Thumb Code     0  idiv.o(.text)
    __aeabi_idivmod                          0x10003cbd   Thumb Code    40  idiv.o(.text)
    __aeabi_memcpy                           0x10003ce5   Thumb Code    36  memcpya.o(.text)
    __aeabi_memcpy4                          0x10003ce5   Thumb Code     0  memcpya.o(.text)
    __aeabi_memcpy8                          0x10003ce5   Thumb Code     0  memcpya.o(.text)
    __aeabi_memset                           0x10003d09   Thumb Code    14  memseta.o(.text)
    __aeabi_memset4                          0x10003d09   Thumb Code     0  memseta.o(.text)
    __aeabi_memset8                          0x10003d09   Thumb Code     0  memseta.o(.text)
    __aeabi_memclr                           0x10003d17   Thumb Code     4  memseta.o(.text)
    __aeabi_memclr4                          0x10003d17   Thumb Code     0  memseta.o(.text)
    __aeabi_memclr8                          0x10003d17   Thumb Code     0  memseta.o(.text)
    _memset$wrapper                          0x10003d1b   Thumb Code    18  memseta.o(.text)
    __aeabi_uread4                           0x10003d2d   Thumb Code    20  uread4.o(.text)
    __rt_uread4                              0x10003d2d   Thumb Code     0  uread4.o(.text)
    _uread4                                  0x10003d2d   Thumb Code     0  uread4.o(.text)
    __aeabi_uwrite4                          0x10003d41   Thumb Code    18  uwrite4.o(.text)
    __rt_uwrite4                             0x10003d41   Thumb Code     0  uwrite4.o(.text)
    _uwrite4                                 0x10003d41   Thumb Code     0  uwrite4.o(.text)
    __aeabi_fadd                             0x10003d53   Thumb Code   162  fadd.o(.text)
    __aeabi_fsub                             0x10003df5   Thumb Code     8  fadd.o(.text)
    __aeabi_frsub                            0x10003dfd   Thumb Code     8  fadd.o(.text)
    __aeabi_dadd                             0x10003e05   Thumb Code   328  dadd.o(.text)
    __aeabi_dsub                             0x10003f4d   Thumb Code    12  dadd.o(.text)
    __aeabi_drsub                            0x10003f59   Thumb Code    12  dadd.o(.text)
    __aeabi_dmul                             0x10003f69   Thumb Code   202  dmul.o(.text)
    __aeabi_ddiv                             0x10004039   Thumb Code   234  ddiv.o(.text)
    __aeabi_ui2f                             0x10004129   Thumb Code    14  ffltui.o(.text)
    __aeabi_i2d                              0x10004139   Thumb Code    34  dflti.o(.text)
    __aeabi_ui2d                             0x10004161   Thumb Code    24  dfltui.o(.text)
    __aeabi_d2uiz                            0x1000417d   Thumb Code    50  dfixui.o(.text)
    __aeabi_f2d                              0x100041b9   Thumb Code    40  f2d.o(.text)
    __aeabi_uldivmod                         0x100041e1   Thumb Code    96  uldiv.o(.text)
    __aeabi_llsl                             0x10004241   Thumb Code    32  llshl.o(.text)
    _ll_shift_l                              0x10004241   Thumb Code     0  llshl.o(.text)
    __aeabi_llsr                             0x10004261   Thumb Code    34  llushr.o(.text)
    _ll_ushift_r                             0x10004261   Thumb Code     0  llushr.o(.text)
    __aeabi_lasr                             0x10004283   Thumb Code    38  llsshr.o(.text)
    _ll_sshift_r                             0x10004283   Thumb Code     0  llsshr.o(.text)
    __I$use$fp                               0x100042a9   Thumb Code     0  iusefp.o(.text)
    _float_round                             0x100042a9   Thumb Code    16  fepilogue.o(.text)
    _float_epilogue                          0x100042b9   Thumb Code   114  fepilogue.o(.text)
    _double_round                            0x1000432b   Thumb Code    26  depilogue.o(.text)
    _double_epilogue                         0x10004345   Thumb Code   164  depilogue.o(.text)
    __aeabi_d2ulz                            0x100043e9   Thumb Code    54  dfixul.o(.text)
    __aeabi_cdrcmple                         0x10004429   Thumb Code    38  cdrcmple.o(.text)
    __scatterload                            0x10004451   Thumb Code    28  init.o(.text)
    __scatterload_rt2                        0x10004451   Thumb Code     0  init.o(.text)
    __decompress                             0x10004475   Thumb Code     0  __dczerorl2.o(.text)
    __decompress1                            0x10004475   Thumb Code    86  __dczerorl2.o(.text)
    __0vsprintf                              0x100044cd   Thumb Code    30  printfa.o(i.__0vsprintf)
    __1vsprintf                              0x100044cd   Thumb Code     0  printfa.o(i.__0vsprintf)
    __2vsprintf                              0x100044cd   Thumb Code     0  printfa.o(i.__0vsprintf)
    __c89vsprintf                            0x100044cd   Thumb Code     0  printfa.o(i.__0vsprintf)
    vsprintf                                 0x100044cd   Thumb Code     0  printfa.o(i.__0vsprintf)
    __ARM_clz                                0x100044f1   Thumb Code    46  depilogue.o(i.__ARM_clz)
    __ARM_common_switch8                     0x1000451f   Thumb Code    28  main.o(i.__ARM_common_switch8)
    __scatterload_copy                       0x1000453b   Thumb Code    14  handlers.o(i.__scatterload_copy)
    __scatterload_null                       0x10004549   Thumb Code     2  handlers.o(i.__scatterload_null)
    __scatterload_zeroinit                   0x1000454b   Thumb Code    14  handlers.o(i.__scatterload_zeroinit)
    Region$$Table$$Base                      0x10004df4   Number         0  anon$$obj.o(Region$$Table)
    Region$$Table$$Limit                     0x10004e14   Number         0  anon$$obj.o(Region$$Table)
    per_device_system                        0x20003004   Data           1  main.o(.data)
    battery_tx                               0x20003006   Data           1  main.o(.data)
    hid_key_tx                               0x20003007   Data           1  main.o(.data)
    KEY1_Status                              0x20003008   Data           1  main.o(.data)
    KEY2_Status                              0x20003009   Data           1  main.o(.data)
    CAP_Status                               0x2000300a   Data           1  main.o(.data)
    key_loop                                 0x2000300c   Data           4  main.o(.data)
    connect_flag                             0x20003010   Data           1  main.o(.data)
    update_latency_mode                      0x20003011   Data           1  main.o(.data)
    latency_state                            0x20003012   Data           1  main.o(.data)
    battery_value                            0x20003013   Data           1  main.o(.data)
    delay_tick                               0x20003014   Data           4  main.o(.data)
    syd_nosleep_control                      0x20003018   Data           1  main.o(.data)
    ADV_DATA                                 0x20003019   Data          30  main.o(.data)
    ADV_DATA_SZ                              0x20003038   Data           2  main.o(.data)
    SCAN_DATA                                0x2000303a   Data           1  main.o(.data)
    SCAN_DATA_SZ                             0x2000303c   Data           2  main.o(.data)
    PIN_CONFIG                               0x20003048   Data           4  gpio.o(.data)
    GPIO_CTRL                                0x2000304c   Data           4  gpio.o(.data)
    GPO_CTRL                                 0x20003050   Data           4  gpio.o(.data)
    GPI_CTRL                                 0x20003054   Data           4  gpio.o(.data)
    GPIO_IRQ_CTRL                            0x20003058   Data           4  gpio.o(.data)
    ota_state                                0x20003098   Data           1  ota.o(.data)
    ota_writecnt                             0x20003099   Data           1  ota.o(.data)
    ota_section_size                         0x2000309a   Data           2  ota.o(.data)
    ota_receive_size                         0x2000309c   Data           2  ota.o(.data)
    ota_section_check                        0x2000309e   Data           2  ota.o(.data)
    ota_receive_check                        0x200030a0   Data           2  ota.o(.data)
    ota_section_offset                       0x200030a4   Data           4  ota.o(.data)
    pevt                                     0x200030b0   Data           4  ota.o(.data)
    syd_history_setting_str                  0x200030b4   Data           4  rtc_handler.o(.data)
    SystemCoreClock                          0x200030b8   Data           4  system_armcm0.o(.data)
    Event_Num                                0x200030bc   Data           1  timer.o(.data)
    max_trigger_timer                        0x200030c4   Data           4  timer.o(.data)
    TIMER_EVT                                0x200030c8   Data           4  timer.o(.data)
    Timer_Evt_Trigger_Loop_now               0x200030cc   Data           4  timer.o(.data)
    sys_timer_max_p                          0x200030d0   Data           4  timer.o(.data)
    sys_timer_current_p                      0x200030d4   Data           4  timer.o(.data)
    RTC_Event_Num                            0x200030d9   Data           1  rtc.o(.data)
    max_trigger_rtc                          0x200030dc   Data           4  rtc.o(.data)
    RTC_EVT                                  0x200030e0   Data           4  rtc.o(.data)
    RTC_RTCEVT_Trigger_Loop_now              0x200030e4   Data           4  rtc.o(.data)
    RTC_second_now                           0x200030e8   Data           4  rtc.o(.data)
    sys_rtc_max_p                            0x200030ec   Data           4  rtc.o(.data)
    sys_rtc_current_p                        0x200030f0   Data           4  rtc.o(.data)
    RTCEVT_whole_minute_id                   0x200030f4   Data           4  rtc.o(.data)
    RTC_second_last                          0x200030fc   Data           4  rtc.o(.data)
    ota_w                                    0x200031ac   Data          40  ota.o(.bss)
    syd_sysTimer                             0x200031d4   Data          48  timer_handler.o(.bss)
    syd_rtc                                  0x20003204   Data          24  rtc_handler.o(.bss)
    __initial_sp                             0x20003e90   Data           0  startup_armcm0.o(STACK)



==============================================================================

Memory Map of the image

  Image Entry point : 0x100000c1

  Load Region LR_IROM1 (Base: 0x10000000, Size: 0x00004f40, Max: 0x0003f000, ABSOLUTE, COMPRESSED[0x00004ea4])

    Execution Region ER_IROM1 (Base: 0x10000000, Size: 0x00004e14, Max: 0x0003f000, ABSOLUTE)

    Base Addr    Size         Type   Attr      Idx    E Section Name        Object

    0x10000000   0x000000c0   Data   RO          414    RESET               startup_armcm0.o
    0x100000c0   0x00000000   Code   RO          630  * .ARM.Collect$$$$00000000  mc_p.l(entry.o)
    0x100000c0   0x00000004   Code   RO          693    .ARM.Collect$$$$00000001  mc_p.l(entry2.o)
    0x100000c4   0x00000004   Code   RO          696    .ARM.Collect$$$$00000004  mc_p.l(entry5.o)
    0x100000c8   0x00000000   Code   RO          698    .ARM.Collect$$$$00000008  mc_p.l(entry7b.o)
    0x100000c8   0x00000000   Code   RO          700    .ARM.Collect$$$$0000000A  mc_p.l(entry8b.o)
    0x100000c8   0x00000008   Code   RO          701    .ARM.Collect$$$$0000000B  mc_p.l(entry9a.o)
    0x100000d0   0x00000000   Code   RO          703    .ARM.Collect$$$$0000000D  mc_p.l(entry10a.o)
    0x100000d0   0x00000000   Code   RO          705    .ARM.Collect$$$$0000000F  mc_p.l(entry11a.o)
    0x100000d0   0x00000004   Code   RO          694    .ARM.Collect$$$$00002712  mc_p.l(entry2.o)
    0x100000d4   0x00000c64   Code   RO            3    .text               main.o
    0x10000d38   0x00000090   Code   RO           90    .text               debug.o
    0x10000dc8   0x000003e8   Code   RO          128    .text               gpio.o
    0x100011b0   0x00000300   Code   RO          187    .text               uart.o
    0x100014b0   0x00000020   Code   RO          245    .text               delay.o
    0x100014d0   0x000004c0   Code   RO          277    .text               ota.o
    0x10001990   0x00000050   Code   RO          308    .text               timer_handler.o
    0x100019e0   0x0000002c   Code   RO          341    .text               rtc_handler.o
    0x10001a0c   0x0000001c   Code   RO          415    .text               startup_armcm0.o
    0x10001a28   0x00000010   Code   RO          422    .text               system_armcm0.o
    0x10001a38   0x000004a0   Code   RO          453    .text               Syd8811_softtimer_lib.lib(timer.o)
    0x10001ed8   0x000005d0   Code   RO          498    .text               Syd8811_softtimer_lib.lib(rtc.o)
    0x100024a8   0x000017e8   Code   RO          535    .text               syd8811_ble_lib.lib(main.o)
    0x10003c90   0x0000002c   Code   RO          633    .text               mc_p.l(uidiv.o)
    0x10003cbc   0x00000028   Code   RO          635    .text               mc_p.l(idiv.o)
    0x10003ce4   0x00000024   Code   RO          637    .text               mc_p.l(memcpya.o)
    0x10003d08   0x00000024   Code   RO          639    .text               mc_p.l(memseta.o)
    0x10003d2c   0x00000014   Code   RO          671    .text               mc_p.l(uread4.o)
    0x10003d40   0x00000012   Code   RO          673    .text               mc_p.l(uwrite4.o)
    0x10003d52   0x000000b2   Code   RO          675    .text               mf_p.l(fadd.o)
    0x10003e04   0x00000164   Code   RO          677    .text               mf_p.l(dadd.o)
    0x10003f68   0x000000d0   Code   RO          679    .text               mf_p.l(dmul.o)
    0x10004038   0x000000f0   Code   RO          681    .text               mf_p.l(ddiv.o)
    0x10004128   0x0000000e   Code   RO          683    .text               mf_p.l(ffltui.o)
    0x10004136   0x00000002   PAD
    0x10004138   0x00000028   Code   RO          685    .text               mf_p.l(dflti.o)
    0x10004160   0x0000001c   Code   RO          687    .text               mf_p.l(dfltui.o)
    0x1000417c   0x0000003c   Code   RO          689    .text               mf_p.l(dfixui.o)
    0x100041b8   0x00000028   Code   RO          691    .text               mf_p.l(f2d.o)
    0x100041e0   0x00000060   Code   RO          710    .text               mc_p.l(uldiv.o)
    0x10004240   0x00000020   Code   RO          712    .text               mc_p.l(llshl.o)
    0x10004260   0x00000022   Code   RO          714    .text               mc_p.l(llushr.o)
    0x10004282   0x00000026   Code   RO          716    .text               mc_p.l(llsshr.o)
    0x100042a8   0x00000000   Code   RO          718    .text               mc_p.l(iusefp.o)
    0x100042a8   0x00000082   Code   RO          719    .text               mf_p.l(fepilogue.o)
    0x1000432a   0x000000be   Code   RO          721    .text               mf_p.l(depilogue.o)
    0x100043e8   0x00000040   Code   RO          725    .text               mf_p.l(dfixul.o)
    0x10004428   0x00000028   Code   RO          727    .text               mf_p.l(cdrcmple.o)
    0x10004450   0x00000024   Code   RO          729    .text               mc_p.l(init.o)
    0x10004474   0x00000056   Code   RO          741    .text               mc_p.l(__dczerorl2.o)
    0x100044ca   0x00000002   PAD
    0x100044cc   0x00000024   Code   RO          650    i.__0vsprintf       mc_p.l(printfa.o)
    0x100044f0   0x0000002e   Code   RO          723    i.__ARM_clz         mf_p.l(depilogue.o)
    0x1000451e   0x0000001c   Code   RO           23    i.__ARM_common_switch8  main.o
    0x1000453a   0x0000000e   Code   RO          735    i.__scatterload_copy  mc_p.l(handlers.o)
    0x10004548   0x00000002   Code   RO          736    i.__scatterload_null  mc_p.l(handlers.o)
    0x1000454a   0x0000000e   Code   RO          737    i.__scatterload_zeroinit  mc_p.l(handlers.o)
    0x10004558   0x00000158   Code   RO          651    i._fp_digits        mc_p.l(printfa.o)
    0x100046b0   0x000006ec   Code   RO          652    i._printf_core      mc_p.l(printfa.o)
    0x10004d9c   0x00000020   Code   RO          653    i._printf_post_padding  mc_p.l(printfa.o)
    0x10004dbc   0x0000002c   Code   RO          654    i._printf_pre_padding  mc_p.l(printfa.o)
    0x10004de8   0x0000000a   Code   RO          656    i._sputc            mc_p.l(printfa.o)
    0x10004df2   0x00000002   PAD
    0x10004df4   0x00000020   Data   RO          733    Region$$Table       anon$$obj.o


    Execution Region RW_IRAM1 (Base: 0x20003000, Size: 0x00000e90, Max: 0x00005000, ABSOLUTE, COMPRESSED[0x00000090])

    Base Addr    Size         Type   Attr      Idx    E Section Name        Object

    0x20003000   0x00000045   Data   RW            5    .data               main.o
    0x20003045   0x00000003   PAD
    0x20003048   0x00000048   Data   RW          133    .data               gpio.o
    0x20003090   0x00000008   Data   RW          193    .data               uart.o
    0x20003098   0x0000001c   Data   RW          279    .data               ota.o
    0x200030b4   0x00000004   Data   RW          343    .data               rtc_handler.o
    0x200030b8   0x00000004   Data   RW          423    .data               system_armcm0.o
    0x200030bc   0x0000001c   Data   RW          455    .data               Syd8811_softtimer_lib.lib(timer.o)
    0x200030d8   0x00000028   Data   RW          499    .data               Syd8811_softtimer_lib.lib(rtc.o)
    0x20003100   0x0000002c   Data   RW          537    .data               syd8811_ble_lib.lib(main.o)
    0x2000312c   0x00000080   Zero   RW           91    .bss                debug.o
    0x200031ac   0x00000028   Zero   RW          278    .bss                ota.o
    0x200031d4   0x00000030   Zero   RW          309    .bss                timer_handler.o
    0x20003204   0x00000018   Zero   RW          342    .bss                rtc_handler.o
    0x2000321c   0x0000000c   Zero   RW          454    .bss                Syd8811_softtimer_lib.lib(timer.o)
    0x20003228   0x00000068   Zero   RW          536    .bss                syd8811_ble_lib.lib(main.o)
    0x20003290   0x00000c00   Zero   RW          412    STACK               startup_armcm0.o


==============================================================================

Image component sizes


      Code (inc. data)   RO Data    RW Data    ZI Data      Debug   Object Name

       144         18          0          0        128       2566   debug.o
        32          4          0          0          0        579   delay.o
      1000         42          0         72          0      46459   gpio.o
      3200        866          0         69          0      51469   main.o
      1216        312          0         28         40       5697   ota.o
        44          8          0          4         24       3183   rtc_handler.o
        28          8        192          0       3072        712   startup_armcm0.o
        16          8          0          4          0        859   system_armcm0.o
        80         12          0          0         48       3266   timer_handler.o
       768         18          0          8          0       2605   uart.o

    ----------------------------------------------------------------------
      6528       1296        224        188       3312     117395   Object Totals
         0          0         32          0          0          0   (incl. Generated)
         0          0          0          3          0          0   (incl. Padding)

    ----------------------------------------------------------------------

      Code (inc. data)   RO Data    RW Data    ZI Data      Debug   Library Member Name

      1488         38          0         40          0      16299   rtc.o
      1184         30          0         28         12      40449   timer.o
        86          0          0          0          0          0   __dczerorl2.o
         0          0          0          0          0          0   entry.o
         0          0          0          0          0          0   entry10a.o
         0          0          0          0          0          0   entry11a.o
         8          4          0          0          0          0   entry2.o
         4          0          0          0          0          0   entry5.o
         0          0          0          0          0          0   entry7b.o
         0          0          0          0          0          0   entry8b.o
         8          4          0          0          0          0   entry9a.o
        30          0          0          0          0          0   handlers.o
        40          0          0          0          0         72   idiv.o
        36          8          0          0          0         68   init.o
         0          0          0          0          0          0   iusefp.o
        32          0          0          0          0         68   llshl.o
        38          0          0          0          0         68   llsshr.o
        34          0          0          0          0         68   llushr.o
        36          0          0          0          0         60   memcpya.o
        36          0          0          0          0        100   memseta.o
      2238         96          0          0          0        460   printfa.o
        44          0          0          0          0         72   uidiv.o
        96          0          0          0          0         84   uldiv.o
        20          0          0          0          0         60   uread4.o
        18          0          0          0          0         60   uwrite4.o
        40          2          0          0          0         68   cdrcmple.o
       356          4          0          0          0        140   dadd.o
       240          6          0          0          0         84   ddiv.o
       236          0          0          0          0        216   depilogue.o
        60         10          0          0          0         68   dfixui.o
        64         10          0          0          0         68   dfixul.o
        40          6          0          0          0         68   dflti.o
        28          4          0          0          0         68   dfltui.o
       208          6          0          0          0         88   dmul.o
        40          0          0          0          0         60   f2d.o
       178          0          0          0          0        108   fadd.o
       130          0          0          0          0        144   fepilogue.o
        14          0          0          0          0         68   ffltui.o
      6120        330          0         44        104      94756   main.o

    ----------------------------------------------------------------------
     13236        558          0        112        116     153992   Library Totals
         6          0          0          0          0          0   (incl. Padding)

    ----------------------------------------------------------------------

      Code (inc. data)   RO Data    RW Data    ZI Data      Debug   Library Name

      2672         68          0         68         12      56748   Syd8811_softtimer_lib.lib
      2804        112          0          0          0       1240   mc_p.l
      1634         48          0          0          0       1248   mf_p.l
      6120        330          0         44        104      94756   syd8811_ble_lib.lib

    ----------------------------------------------------------------------
     13236        558          0        112        116     153992   Library Totals

    ----------------------------------------------------------------------

==============================================================================


      Code (inc. data)   RO Data    RW Data    ZI Data      Debug   

     19764       1854        224        300       3428     269315   Grand Totals
     19764       1854        224        144       3428     269315   ELF Image Totals (compressed)
     19764       1854        224        144          0          0   ROM Totals

==============================================================================

    Total RO  Size (Code + RO Data)                19988 (  19.52kB)
    Total RW  Size (RW Data + ZI Data)              3728 (   3.64kB)
    Total ROM Size (Code + RO Data + RW Data)      20132 (  19.66kB)

==============================================================================

