<html>
<body>
<pre>
<h1>µVision Build Log</h1>
<h2>Tool Versions:</h2>
IDE-Version: ¦ÌVision V5.27.0.0
Copyright (C) 2018 ARM Ltd and ARM Germany GmbH. All rights reserved.
License Information: ZJW ZJW, ZJW, LIC=50D12-9F235-C11PU-S1HHU-B1KVI-84P52
 
Tool Versions:
Toolchain:       MDK-ARM Professional  Version: 5.27.0.0
Toolchain Path:  C:\SoftWare\Office SoftWare\Keil_v5\ARM\ARMCC\Bin
C Compiler:      Armcc.exe V5.06 update 6 (build 750)
Assembler:       Armasm.exe V5.06 update 6 (build 750)
Linker/Locator:  ArmLink.exe V5.06 update 6 (build 750)
Library Manager: ArmAr.exe V5.06 update 6 (build 750)
Hex Converter:   FromElf.exe V5.06 update 6 (build 750)
CPU DLL:         SARMCM3.DLL V5.27.0.0
Dialog DLL:      DARMCM1.DLL V1.19.2.0
Target DLL:      Segger\JL2CM3.dll V2.99.34.0
Dialog DLL:      TARMCM1.DLL V1.14.1.0
 
<h2>Project:</h2>
D:\SYD_SVN\SYD8811_SDK_Git_Release\Source Code\SYD8811_freertos\1.FreeRTOS_Task\keil\BLE_RTOS.uvprojx
Project File Date:  06/21/2020

<h2>Output:</h2>
*** Using Compiler 'V5.06 update 6 (build 750)', folder: 'C:\SoftWare\Office SoftWare\Keil_v5\ARM\ARMCC\Bin'
Build target 'SYD8811_FreeRTOS_Cache'
compiling main.c...
linking...
Program Size: Code=28412 RO-data=224 RW-data=300 ZI-data=17036  
FromELF: creating hex file...
After Build - User command #1: fromelf.exe --bin -o "D:\SYD_SVN\SYD8811_SDK_Git_Release\Source Code\SYD8811_freertos\1.FreeRTOS_Task\keil\output\SYD8811_FreeRTOS.bin" "D:\SYD_SVN\SYD8811_SDK_Git_Release\Source Code\SYD8811_freertos\1.FreeRTOS_Task\keil\output\SYD8811_FreeRTOS.axf"
".\output\SYD8811_FreeRTOS.axf" - 0 Error(s), 0 Warning(s).

<h2>Software Packages used:</h2>

Package Vendor: ARM
                http://www.keil.com/pack/ARM.CMSIS.5.4.0.pack
                ARM.CMSIS.5.4.0
                CMSIS (Cortex Microcontroller Software Interface Standard)
   * Component: CORE Version: 5.1.2
   * Component: Startup Version: 1.0.1

<h2>Collection of Component include folders:</h2>
  .\RTE\_SYD8811_FreeRTOS_Cache
  C:\SoftWare\Office SoftWare\Keil_v5\ARM\PACK\ARM\CMSIS\5.4.0\CMSIS\Core\Include
  C:\SoftWare\Office SoftWare\Keil_v5\ARM\PACK\ARM\CMSIS\5.4.0\Device\ARM\ARMCM0\Include

<h2>Collection of Component Files used:</h2>

   * Component: ARM::CMSIS:CORE:5.1.2

   * Component: ARM::Device:Startup:1.0.1
      Include file:  Device\ARM\ARMCM0\Include\ARMCM0.h
      Source file:   Device\ARM\ARMCM0\Source\ARM\startup_ARMCM0.s
      Source file:   Device\ARM\ARMCM0\Source\system_ARMCM0.c
Build Time Elapsed:  00:00:03
</pre>
</body>
</html>
