<html>
<body>
<pre>
<h1>µVision Build Log</h1>
<h2>Tool Versions:</h2>
IDE-Version: ¦ÌVision V5.16.0.0
Copyright (C) 2015 ARM Ltd and ARM Germany GmbH. All rights reserved.
License Information: PIAO RAN, CHENGDONGDIANZI.INC, LIC=IK130-BWBAM-DXZU3-ACDHW-AQN6U-9304R
 
Tool Versions:
Toolchain:       MDK-ARM Standard  Version: 5.16.0.0
Toolchain Path:  D:\Keil_v5\ARM\ARMCC\Bin
C Compiler:      Armcc.exe V5.06 (build 20)
Assembler:       Armasm.exe V5.06 (build 20)
Linker/Locator:  ArmLink.exe V5.06 (build 20)
Library Manager: ArmAr.exe V5.06 (build 20)
Hex Converter:   FromElf.exe V5.06 (build 20)
CPU DLL:         SARMCM3.DLL V5.16.0.0
Dialog DLL:      DARMCM1.DLL V1.12.0.0
Target DLL:      Segger\JL2CM3.dll V2.99.15.2
Dialog DLL:      TARMCM1.DLL V1.9.0.0
 
<h2>Project:</h2>
E:\Lost Cost\test source\ThreeTwo-wire SPI\ThreeTwo-wire SPI\Module_samples.uvprojx
Project File Date:  03/09/2018

<h2>Output:</h2>
*** Using Compiler 'V5.06 (build 20)', folder: 'D:\Keil_v5\ARM\ARMCC\Bin'
Build target 'Module_samples'
Clean started - Project: 'Module_samples'
   deleting intermediate output files for target 'Module_samples'
compiling main.c...
compiling lis3dh.c...
compiling debug.c...
compiling uart.c...
compiling gpio.c...
compiling delay.c...
compiling wdt.c...
compiling spi.c...
assembling startup_ARMCM0.s...
compiling system_ARMCM0.c...
linking...
Program Size: Code=5404 RO-data=224 RW-data=40 ZI-data=1152  
".\Output\Vendor_Services.axf" - 0 Error(s), 0 Warning(s).

*** Performing Cross-Module-Optimization:
compiling main.c...
compiling lis3dh.c...
compiling debug.c...
compiling uart.c...
compiling gpio.c...
compiling delay.c...
compiling wdt.c...
compiling spi.c...
compiling system_ARMCM0.c...
linking...
Program Size: Code=5404 RO-data=224 RW-data=40 ZI-data=1152  
FromELF: creating hex file...
After Build - User command #1: "Output\HEX2BIN.EXE" "Output\Vendor_Services.hex"
hex2bin v1.0.6, Copyright (C) 1998 Jacques Pelletier
checksum extensions Copyright (C) 2004 Rockwell Automation
improved P.G. 2007
Lowest address  = 00000000
Highest address = 00001623
Pad Byte        = FF
8-bit Checksum = 86
After Build - User command #2: "Output\BIN2MIF.exe" "0" "Output\Vendor_Services.hex"
".\Output\Vendor_Services.axf" - 0 Error(s), 0 Warning(s).
*** Completed Cross-Module-Optimization after 2 iteration(s).

<h2>Software Packages used:</h2>

Package Vendor: ARM
                http://www.keil.com/pack/ARM.CMSIS.4.5.0.pack
                ARM::CMSIS:CORE:4.3.0
                CMSIS (Cortex Microcontroller Software Interface Standard)
   * Component: CORE Version: 4.3.0
   * Component: Startup Version: 1.0.1

<h2>Collection of Component include folders:</h2>
  E:\Lost Cost\test source\ThreeTwo-wire SPI\ThreeTwo-wire SPI\RTE
  D:\Keil_v5\ARM\PACK\ARM\CMSIS\4.5.0\CMSIS\Include
  D:\Keil_v5\ARM\PACK\ARM\CMSIS\4.5.0\Device\ARM\ARMCM0\Include

<h2>Collection of Component Files used:</h2>

   * Component: ARM::CMSIS:CORE:4.3.0

   * Component: ARM::Device:Startup:1.0.1
      Include file:  Device\ARM\ARMCM0\Include\ARMCM0.h
      Source file:   Device\ARM\ARMCM0\Source\ARM\startup_ARMCM0.s
      Source file:   Device\ARM\ARMCM0\Source\system_ARMCM0.c
Build Time Elapsed:  00:00:06
</pre>
</body>
</html>
