<html>
<body>
<pre>
<h1>µVision Build Log</h1>
<h2>Tool Versions:</h2>
IDE-Version: ¦ÌVision V5.16.0.0
Copyright (C) 2015 ARM Ltd and ARM Germany GmbH. All rights reserved.
License Information: PIAORAN RAN, chengdongdianzi, LIC=32B2Z-JUFSU-QD7KD-8IB0B-IHFE6-8U8QW
 
Tool Versions:
Toolchain:       MDK-ARM Standard  Version: 5.16.0.0
Toolchain Path:  D:\Keil_v5\ARM\ARMCC\Bin
C Compiler:      Armcc.exe V5.06 (build 20)
Assembler:       Armasm.exe V5.06 (build 20)
Linker/Locator:  ArmLink.exe V5.06 (build 20)
Library Manager: ArmAr.exe V5.06 (build 20)
Hex Converter:   FromElf.exe V5.06 (build 20)
CPU DLL:         SARMCM3.DLL V5.16.0.0
Dialog DLL:      DARMCM1.DLL V1.12.0.0
Target DLL:      Segger\JL2CM3.dll V2.99.15.2
Dialog DLL:      TARMCM1.DLL V1.9.0.0
 
<h2>Project:</h2>
F:\SYD8801\SYD8811\SYD8811_SDK_Git_Release\Source Code\SYD8811_ble_peripheral\2.SYD8811_HID\Keil\syd8811_HID.uvprojx
Project File Date:  12/04/2019

<h2>Output:</h2>
*** Using Compiler 'V5.06 (build 20)', folder: 'D:\Keil_v5\ARM\ARMCC\Bin'
Rebuild target 'syd8811_hid'
Clean started - Project: 'syd8811_HID'
   deleting intermediate output files for target 'syd8811_hid'
compiling main.c...
compiling debug.c...
compiling gpio.c...
compiling uart.c...
compiling delay.c...
compiling ota.c...
compiling timer_handler.c...
compiling rtc_handler.c...
compiling SEGGER_RTT.c...
compiling SEGGER_RTT_printf.c...
compiling SEGGER_RTT_Syscalls_KEIL.c...
assembling startup_ARMCM0.s...
compiling system_ARMCM0.c...
linking...
Program Size: Code=27046 RO-data=242 RW-data=328 ZI-data=4544  
".\Output\syd8811_hid.axf" - 0 Error(s), 0 Warning(s).

*** Performing Cross-Module-Optimization:
compiling main.c...
compiling debug.c...
compiling gpio.c...
compiling uart.c...
compiling delay.c...
compiling ota.c...
compiling timer_handler.c...
compiling rtc_handler.c...
compiling SEGGER_RTT.c...
compiling SEGGER_RTT_printf.c...
compiling SEGGER_RTT_Syscalls_KEIL.c...
compiling system_ARMCM0.c...
linking...
Program Size: Code=21280 RO-data=240 RW-data=328 ZI-data=4416  
compiling main.c...
compiling debug.c...
compiling gpio.c...
compiling uart.c...
compiling delay.c...
compiling ota.c...
compiling timer_handler.c...
compiling rtc_handler.c...
compiling SEGGER_RTT.c...
compiling SEGGER_RTT_printf.c...
compiling SEGGER_RTT_Syscalls_KEIL.c...
compiling system_ARMCM0.c...
linking...
Program Size: Code=21280 RO-data=240 RW-data=328 ZI-data=4416  
FromELF: creating hex file...
After Build - User command #1: "Output\HEX2BIN.EXE" "Output\syd8811_hid.hex"
hex2bin v1.0.6, Copyright (C) 1998 Jacques Pelletier
checksum extensions Copyright (C) 2004 Rockwell Automation
improved P.G. 2007
Lowest address  = 00000000
Highest address = 000054B7
Pad Byte        = FF
8-bit Checksum = CD
After Build - User command #2: fromelf -c  .\output\syd8811_hid.axf  -o  .\output\syd8811_hid.txt
".\Output\syd8811_hid.axf" - 0 Error(s), 0 Warning(s).
*** Completed Cross-Module-Optimization after 3 iteration(s).

<h2>Software Packages used:</h2>

Package Vendor: ARM
                http://www.keil.com/pack/ARM.CMSIS.4.5.0.pack
                ARM::Device:Startup:1.0.1
                CMSIS (Cortex Microcontroller Software Interface Standard)
   * Component: Startup Version: 1.0.1
   * Component: CORE Version: 4.3.0

<h2>Collection of Component include folders:</h2>
  F:\SYD8801\SYD8811\SYD8811_SDK_Git_Release\Source Code\SYD8811_ble_peripheral\2.SYD8811_HID\Keil\RTE
  D:\Keil_v5\ARM\PACK\ARM\CMSIS\4.5.0\CMSIS\Include
  D:\Keil_v5\ARM\PACK\ARM\CMSIS\4.5.0\Device\ARM\ARMCM0\Include

<h2>Collection of Component Files used:</h2>

   * Component: ARM::Device:Startup:1.0.1
      Source file:   Device\ARM\ARMCM0\Source\ARM\startup_ARMCM0.s
      Include file:  Device\ARM\ARMCM0\Include\ARMCM0.h
      Source file:   Device\ARM\ARMCM0\Source\system_ARMCM0.c

   * Component: ARM::CMSIS:CORE:4.3.0
Build Time Elapsed:  00:00:10
</pre>
</body>
</html>
