Component: ARM Compiler 5.06 (build 20) Tool: armlink [4d35a3]

==============================================================================

Section Cross References

    main.o(.text) refers to main.o(.text) for BBRFWrite
    main.o(.text) refers to gpio.o(.text) for GPIO_Set_Output
    main.o(.text) refers to debug.o(.text) for dbg_printf
    main.o(.text) refers to timer.o(.text) for Timer_Evt_Stop
    main.o(.text) refers to uread4.o(.text) for __aeabi_uread4
    main.o(.text) refers to memcpya.o(.text) for __aeabi_memcpy
    main.o(.text) refers to ota.o(.text) for ota_rsp
    main.o(.text) refers to main.o(i.__ARM_common_switch8) for __ARM_common_switch8
    main.o(.text) refers to gpio.o(.data) for PIN_CONFIG
    main.o(.text) refers to main.o(.data) for .data
    main.o(.text) refers to main.o(.bss) for .bss
    main.o(.text) refers to delay.o(.text) for delay_ms
    main.o(.text) refers to uart.o(.text) for uart_0_init
    main.o(.text) refers to timer_handler.o(.text) for Timer_Evt_List
    main.o(.text) refers to rtc.o(.text) for SYD_RTC_Init
    main.o(.text) refers to rtc_handler.o(.text) for RTC_Evt_List
    main.o(.text) refers to uart_protocol.o(.text) for uart_cmd
    main.o(.text) refers to uwrite4.o(.text) for __aeabi_uwrite4
    main.o(.text) refers to ota.o(.data) for ota_state
    main.o(.text) refers to timer_handler.o(.bss) for syd_sysTimer
    main.o(.text) refers to rtc_handler.o(.bss) for syd_rtc
    main.o(.text) refers to timer.o(.data) for TIMER_EVT
    main.o(.text) refers to rtc.o(.data) for RTC_EVT
    uart_protocol.o(.text) refers to uart.o(.text) for uart_0_read
    uart_protocol.o(.text) refers to main.o(.bss) for uart_rx_buf
    ota.o(.text) refers to memcpya.o(.text) for __aeabi_memcpy
    ota.o(.text) refers to main.o(.text) for CodeErase
    ota.o(.text) refers to uread4.o(.text) for __aeabi_uread4
    ota.o(.text) refers to main.o(.text) for BLSetConnectionUpdate
    ota.o(.text) refers to debug.o(.text) for dbg_printf
    ota.o(.text) refers to timer.o(.text) for Timer_Evt_Start
    ota.o(.text) refers to ota.o(.data) for .data
    ota.o(.text) refers to ota.o(.bss) for .bss
    gpio.o(.text) refers to gpio.o(.data) for .data
    gpio.o(.text) refers to gpio.o(.data) for .data
    gpio.o(.text) refers to gpio.o(.data) for .data
    gpio.o(.text) refers to gpio.o(.data) for .data
    gpio.o(.text) refers to gpio.o(.data) for .data
    gpio.o(.text) refers to gpio.o(.data) for .data
    gpio.o(.text) refers to gpio.o(.data) for .data
    gpio.o(.text) refers to gpio.o(.data) for .data
    uart.o(.text) refers to uart_protocol.o(.text) for uartRx_callback
    uart.o(.text) refers to gpio.o(.data) for PIN_CONFIG
    uart.o(.text) refers to uart.o(.data) for .data
    uart.o(.text) refers to uart.o(.data) for .data
    uart.o(.text) refers to gpio.o(.data) for PIN_CONFIG
    uart.o(.text) refers to uart.o(.data) for .data
    uart.o(.text) refers to uart.o(.data) for .data
    uart.o(.text) refers to uart.o(.data) for .data
    uart.o(.text) refers to uart.o(.data) for .data
    timer_handler.o(.text) refers to timer.o(.text) for Timer_Evt_Creat
    timer_handler.o(.text) refers to timer.o(.data) for TIMER_EVT
    rtc_handler.o(.text) refers to rtc.o(.text) for RTC_EVT_Creat
    rtc_handler.o(.text) refers to rtc.o(.data) for RTC_EVT
    debug.o(.text) refers to uart.o(.text) for uart_0_init
    debug.o(.text) refers to printfa.o(i.__0vsprintf) for __c89vsprintf
    debug.o(.text) refers to uart.o(.text) for uart_0_write
    debug.o(.text) refers to debug.o(.bss) for .bss
    startup_armcm0.o(RESET) refers to startup_armcm0.o(STACK) for __initial_sp
    startup_armcm0.o(RESET) refers to startup_armcm0.o(.text) for Reset_Handler
    startup_armcm0.o(RESET) refers to main.o(.text) for HardFault_Handler
    startup_armcm0.o(RESET) refers to rtc.o(.text) for RTC_IRQHandler
    startup_armcm0.o(RESET) refers to uart.o(.text) for UART0_IRQHandler
    startup_armcm0.o(RESET) refers to timer.o(.text) for TIMER0_IRQHandler
    startup_armcm0.o(RESET) refers to gpio.o(.text) for GPIO_IRQHandler
    startup_armcm0.o(.text) refers to system_armcm0.o(.text) for SystemInit
    startup_armcm0.o(.text) refers to entry.o(.ARM.Collect$$$$00000000) for __main
    system_armcm0.o(.text) refers to system_armcm0.o(.data) for .data
    system_armcm0.o(.text) refers to system_armcm0.o(.data) for .data
    main.o(.text) refers to uread4.o(.text) for __aeabi_uread4
    main.o(.text) refers to uwrite4.o(.text) for __aeabi_uwrite4
    main.o(.text) refers to memcpya.o(.text) for __aeabi_memcpy
    main.o(.text) refers to memseta.o(.text) for __aeabi_memclr
    main.o(.text) refers to main.o(.data) for .data
    main.o(.text) refers to dfltui.o(.text) for __aeabi_ui2d
    main.o(.text) refers to dmul.o(.text) for __aeabi_dmul
    main.o(.text) refers to dfixui.o(.text) for __aeabi_d2uiz
    main.o(.text) refers to idiv.o(.text) for __aeabi_idivmod
    main.o(.text) refers to main.o(.bss) for .bss
    main.o(.text) refers to uidiv.o(.text) for __aeabi_uidivmod
    main.o(.text) refers to memcmp.o(.text) for memcmp
    main.o(.text) refers to dflti.o(.text) for __aeabi_i2d
    main.o(.text) refers to dadd.o(.text) for __aeabi_dadd
    main.o(.text) refers to ffltui.o(.text) for __aeabi_ui2f
    main.o(.text) refers to fadd.o(.text) for __aeabi_fadd
    main.o(.text) refers to f2d.o(.text) for __aeabi_f2d
    main.o(.text) refers to ddiv.o(.text) for __aeabi_ddiv
    main.o(.text) refers to main.o(i.__ARM_common_switch8) for __ARM_common_switch8
    timer.o(.text) refers to uidiv.o(.text) for __aeabi_uidivmod
    timer.o(.text) refers to main.o(.text) for GAPBBDelayUS
    timer.o(.text) refers to timer.o(.data) for .data
    timer.o(.text) refers to timer.o(.bss) for .bss
    rtc.o(.text) refers to uidiv.o(.text) for __aeabi_uidivmod
    rtc.o(.text) refers to uread4.o(.text) for __aeabi_uread4
    rtc.o(.text) refers to main.o(.text) for GAPBBDelayUS
    rtc.o(.text) refers to rtc.o(.data) for .data
    rtc.o(.text) refers to rtc_handler.o(.data) for syd_history_setting_str
    entry.o(.ARM.Collect$$$$00000000) refers (Special) to entry10a.o(.ARM.Collect$$$$0000000D) for __rt_final_cpp
    entry.o(.ARM.Collect$$$$00000000) refers (Special) to entry11a.o(.ARM.Collect$$$$0000000F) for __rt_final_exit
    entry.o(.ARM.Collect$$$$00000000) refers (Special) to entry7b.o(.ARM.Collect$$$$00000008) for _main_clock
    entry.o(.ARM.Collect$$$$00000000) refers (Special) to entry8b.o(.ARM.Collect$$$$0000000A) for _main_cpp_init
    entry.o(.ARM.Collect$$$$00000000) refers (Special) to entry9a.o(.ARM.Collect$$$$0000000B) for _main_init
    entry.o(.ARM.Collect$$$$00000000) refers (Special) to entry5.o(.ARM.Collect$$$$00000004) for _main_scatterload
    entry.o(.ARM.Collect$$$$00000000) refers (Special) to entry2.o(.ARM.Collect$$$$00000001) for _main_stk
    idiv.o(.text) refers to uidiv.o(.text) for __aeabi_uidivmod
    printfa.o(i.__0fprintf) refers (Special) to iusefp.o(.text) for __I$use$fp
    printfa.o(i.__0fprintf) refers to printfa.o(i._printf_core) for _printf_core
    printfa.o(i.__0fprintf) refers to fputc.o(i.fputc) for fputc
    printfa.o(i.__0printf) refers (Special) to iusefp.o(.text) for __I$use$fp
    printfa.o(i.__0printf) refers to printfa.o(i._printf_core) for _printf_core
    printfa.o(i.__0printf) refers to fputc.o(i.fputc) for fputc
    printfa.o(i.__0printf) refers to stdout.o(.data) for __stdout
    printfa.o(i.__0snprintf) refers (Special) to iusefp.o(.text) for __I$use$fp
    printfa.o(i.__0snprintf) refers to printfa.o(i._printf_core) for _printf_core
    printfa.o(i.__0snprintf) refers to printfa.o(i._snputc) for _snputc
    printfa.o(i.__0sprintf) refers (Special) to iusefp.o(.text) for __I$use$fp
    printfa.o(i.__0sprintf) refers to printfa.o(i._printf_core) for _printf_core
    printfa.o(i.__0sprintf) refers to printfa.o(i._sputc) for _sputc
    printfa.o(i.__0vfprintf) refers (Special) to iusefp.o(.text) for __I$use$fp
    printfa.o(i.__0vfprintf) refers to printfa.o(i._printf_core) for _printf_core
    printfa.o(i.__0vfprintf) refers to fputc.o(i.fputc) for fputc
    printfa.o(i.__0vprintf) refers (Special) to iusefp.o(.text) for __I$use$fp
    printfa.o(i.__0vprintf) refers to printfa.o(i._printf_core) for _printf_core
    printfa.o(i.__0vprintf) refers to fputc.o(i.fputc) for fputc
    printfa.o(i.__0vprintf) refers to stdout.o(.data) for __stdout
    printfa.o(i.__0vsnprintf) refers (Special) to iusefp.o(.text) for __I$use$fp
    printfa.o(i.__0vsnprintf) refers to printfa.o(i._printf_core) for _printf_core
    printfa.o(i.__0vsnprintf) refers to printfa.o(i._snputc) for _snputc
    printfa.o(i.__0vsprintf) refers (Special) to iusefp.o(.text) for __I$use$fp
    printfa.o(i.__0vsprintf) refers to printfa.o(i._printf_core) for _printf_core
    printfa.o(i.__0vsprintf) refers to printfa.o(i._sputc) for _sputc
    printfa.o(i._fp_digits) refers (Special) to iusefp.o(.text) for __I$use$fp
    printfa.o(i._fp_digits) refers to dmul.o(.text) for __aeabi_dmul
    printfa.o(i._fp_digits) refers to ddiv.o(.text) for __aeabi_ddiv
    printfa.o(i._fp_digits) refers to cdrcmple.o(.text) for __aeabi_cdrcmple
    printfa.o(i._fp_digits) refers to dadd.o(.text) for __aeabi_dadd
    printfa.o(i._fp_digits) refers to dfixul.o(.text) for __aeabi_d2ulz
    printfa.o(i._fp_digits) refers to uldiv.o(.text) for __aeabi_uldivmod
    printfa.o(i._printf_core) refers (Special) to iusefp.o(.text) for __I$use$fp
    printfa.o(i._printf_core) refers to printfa.o(i._printf_pre_padding) for _printf_pre_padding
    printfa.o(i._printf_core) refers to uldiv.o(.text) for __aeabi_uldivmod
    printfa.o(i._printf_core) refers to printfa.o(i._printf_post_padding) for _printf_post_padding
    printfa.o(i._printf_core) refers to printfa.o(i._fp_digits) for _fp_digits
    printfa.o(i._printf_core) refers to uidiv.o(.text) for __aeabi_uidivmod
    printfa.o(i._printf_post_padding) refers (Special) to iusefp.o(.text) for __I$use$fp
    printfa.o(i._printf_pre_padding) refers (Special) to iusefp.o(.text) for __I$use$fp
    printfa.o(i._snputc) refers (Special) to iusefp.o(.text) for __I$use$fp
    printfa.o(i._sputc) refers (Special) to iusefp.o(.text) for __I$use$fp
    fadd.o(.text) refers (Special) to iusefp.o(.text) for __I$use$fp
    fadd.o(.text) refers to fepilogue.o(.text) for _float_epilogue
    dadd.o(.text) refers (Special) to iusefp.o(.text) for __I$use$fp
    dadd.o(.text) refers to llshl.o(.text) for __aeabi_llsl
    dadd.o(.text) refers to llsshr.o(.text) for __aeabi_lasr
    dadd.o(.text) refers to depilogue.o(.text) for _double_epilogue
    dmul.o(.text) refers (Special) to iusefp.o(.text) for __I$use$fp
    dmul.o(.text) refers to depilogue.o(.text) for _double_epilogue
    ddiv.o(.text) refers (Special) to iusefp.o(.text) for __I$use$fp
    ddiv.o(.text) refers to depilogue.o(.text) for _double_round
    ffltui.o(.text) refers (Special) to iusefp.o(.text) for __I$use$fp
    ffltui.o(.text) refers to fepilogue.o(.text) for _float_epilogue
    dflti.o(.text) refers (Special) to iusefp.o(.text) for __I$use$fp
    dflti.o(.text) refers to depilogue.o(.text) for _double_epilogue
    dfltui.o(.text) refers (Special) to iusefp.o(.text) for __I$use$fp
    dfltui.o(.text) refers to depilogue.o(.text) for _double_epilogue
    dfixui.o(.text) refers (Special) to iusefp.o(.text) for __I$use$fp
    dfixui.o(.text) refers to llushr.o(.text) for __aeabi_llsr
    f2d.o(.text) refers (Special) to iusefp.o(.text) for __I$use$fp
    entry2.o(.ARM.Collect$$$$00000001) refers to entry2.o(.ARM.Collect$$$$00002712) for __lit__00000000
    entry2.o(.ARM.Collect$$$$00002712) refers to startup_armcm0.o(STACK) for __initial_sp
    entry2.o(__vectab_stack_and_reset_area) refers to startup_armcm0.o(STACK) for __initial_sp
    entry2.o(__vectab_stack_and_reset_area) refers to entry.o(.ARM.Collect$$$$00000000) for __main
    entry5.o(.ARM.Collect$$$$00000004) refers to init.o(.text) for __scatterload
    entry9a.o(.ARM.Collect$$$$0000000B) refers to main.o(.text) for main
    entry9b.o(.ARM.Collect$$$$0000000C) refers to main.o(.text) for main
    fputc.o(i.fputc) refers (Special) to iusesemip.o(.text) for __I$use$semihosting$fputc
    fputc.o(i.fputc) refers (Special) to semi.o(.text) for __semihosting_library_function
    uldiv.o(.text) refers to llushr.o(.text) for __aeabi_llsr
    uldiv.o(.text) refers to llshl.o(.text) for __aeabi_llsl
    depilogue.o(.text) refers to depilogue.o(i.__ARM_clz) for __ARM_clz
    depilogue.o(.text) refers to llshl.o(.text) for __aeabi_llsl
    depilogue.o(.text) refers to llushr.o(.text) for __aeabi_llsr
    dfixul.o(.text) refers to llushr.o(.text) for __aeabi_llsr
    dfixul.o(.text) refers to llshl.o(.text) for __aeabi_llsl
    init.o(.text) refers to entry5.o(.ARM.Collect$$$$00000004) for __main_after_scatterload


==============================================================================

Removing Unused input sections from the image.

    Removing main.o(.rev16_text), (4 bytes).
    Removing main.o(.revsh_text), (4 bytes).
    Removing uart_protocol.o(.rev16_text), (4 bytes).
    Removing uart_protocol.o(.revsh_text), (4 bytes).
    Removing delay.o(.rev16_text), (4 bytes).
    Removing delay.o(.revsh_text), (4 bytes).
    Removing delay.o(.text), (24 bytes).
    Removing ota.o(.rev16_text), (4 bytes).
    Removing ota.o(.revsh_text), (4 bytes).
    Removing gpio.o(.rev16_text), (4 bytes).
    Removing gpio.o(.revsh_text), (4 bytes).
    Removing gpio.o(.text), (36 bytes).
    Removing gpio.o(.text), (52 bytes).
    Removing gpio.o(.text), (52 bytes).
    Removing gpio.o(.text), (36 bytes).
    Removing gpio.o(.text), (120 bytes).
    Removing gpio.o(.text), (56 bytes).
    Removing gpio.o(.text), (48 bytes).
    Removing uart.o(.rev16_text), (4 bytes).
    Removing uart.o(.revsh_text), (4 bytes).
    Removing uart.o(.text), (28 bytes).
    Removing uart.o(.text), (184 bytes).
    Removing uart.o(.text), (28 bytes).
    Removing uart.o(.text), (56 bytes).
    Removing uart.o(.text), (28 bytes).
    Removing timer_handler.o(.rev16_text), (4 bytes).
    Removing timer_handler.o(.revsh_text), (4 bytes).
    Removing rtc_handler.o(.rev16_text), (4 bytes).
    Removing rtc_handler.o(.revsh_text), (4 bytes).
    Removing debug.o(.rev16_text), (4 bytes).
    Removing debug.o(.revsh_text), (4 bytes).
    Removing debug.o(.text), (8 bytes).
    Removing segger_rtt.o(.rev16_text), (4 bytes).
    Removing segger_rtt.o(.revsh_text), (4 bytes).
    Removing segger_rtt_printf.o(.rev16_text), (4 bytes).
    Removing segger_rtt_printf.o(.revsh_text), (4 bytes).
    Removing segger_rtt_syscalls_keil.o(.rev16_text), (4 bytes).
    Removing segger_rtt_syscalls_keil.o(.revsh_text), (4 bytes).
    Removing startup_armcm0.o(HEAP), (3072 bytes).
    Removing system_armcm0.o(.rev16_text), (4 bytes).
    Removing system_armcm0.o(.revsh_text), (4 bytes).
    Removing system_armcm0.o(.text), (16 bytes).
    Removing main.o(.rev16_text), (4 bytes).
    Removing main.o(.revsh_text), (4 bytes).
    Removing timer.o(.rev16_text), (4 bytes).
    Removing timer.o(.revsh_text), (4 bytes).
    Removing rtc.o(.rev16_text), (4 bytes).
    Removing rtc.o(.revsh_text), (4 bytes).

48 unused section(s) (total 3972 bytes) removed from the image.

==============================================================================

Image Symbol Table

    Local Symbols

    Symbol Name                              Value     Ov Type        Size  Object(Section)

    ../clib/../cmprslib/zerorunl2.c          0x00000000   Number         0  __dczerorl2.o ABSOLUTE
    ../clib/microlib/division.c              0x00000000   Number         0  uidiv.o ABSOLUTE
    ../clib/microlib/division.c              0x00000000   Number         0  uldiv.o ABSOLUTE
    ../clib/microlib/division.c              0x00000000   Number         0  idiv.o ABSOLUTE
    ../clib/microlib/init/entry.s            0x00000000   Number         0  entry9b.o ABSOLUTE
    ../clib/microlib/init/entry.s            0x00000000   Number         0  entry2.o ABSOLUTE
    ../clib/microlib/init/entry.s            0x00000000   Number         0  entry8a.o ABSOLUTE
    ../clib/microlib/init/entry.s            0x00000000   Number         0  entry7b.o ABSOLUTE
    ../clib/microlib/init/entry.s            0x00000000   Number         0  entry7a.o ABSOLUTE
    ../clib/microlib/init/entry.s            0x00000000   Number         0  entry5.o ABSOLUTE
    ../clib/microlib/init/entry.s            0x00000000   Number         0  entry.o ABSOLUTE
    ../clib/microlib/init/entry.s            0x00000000   Number         0  entry10a.o ABSOLUTE
    ../clib/microlib/init/entry.s            0x00000000   Number         0  entry8b.o ABSOLUTE
    ../clib/microlib/init/entry.s            0x00000000   Number         0  entry11b.o ABSOLUTE
    ../clib/microlib/init/entry.s            0x00000000   Number         0  entry9a.o ABSOLUTE
    ../clib/microlib/init/entry.s            0x00000000   Number         0  entry11a.o ABSOLUTE
    ../clib/microlib/init/entry.s            0x00000000   Number         0  entry10b.o ABSOLUTE
    ../clib/microlib/longlong.c              0x00000000   Number         0  llushr.o ABSOLUTE
    ../clib/microlib/longlong.c              0x00000000   Number         0  llshl.o ABSOLUTE
    ../clib/microlib/longlong.c              0x00000000   Number         0  llsshr.o ABSOLUTE
    ../clib/microlib/printf/printf.c         0x00000000   Number         0  printfa.o ABSOLUTE
    ../clib/microlib/stdio/fputc.c           0x00000000   Number         0  fputc.o ABSOLUTE
    ../clib/microlib/stdio/semi.s            0x00000000   Number         0  semi.o ABSOLUTE
    ../clib/microlib/stdio/streams.c         0x00000000   Number         0  stdout.o ABSOLUTE
    ../clib/microlib/string/memcmp.c         0x00000000   Number         0  memcmp.o ABSOLUTE
    ../clib/microlib/string/memcpy.c         0x00000000   Number         0  memcpya.o ABSOLUTE
    ../clib/microlib/string/memcpy.c         0x00000000   Number         0  memcpyb.o ABSOLUTE
    ../clib/microlib/string/memset.c         0x00000000   Number         0  memseta.o ABSOLUTE
    ../clib/microlib/stubs.s                 0x00000000   Number         0  iusesemip.o ABSOLUTE
    ../clib/microlib/stubs.s                 0x00000000   Number         0  iusefp.o ABSOLUTE
    ../clib/microlib/unhosted.c              0x00000000   Number         0  uwrite4.o ABSOLUTE
    ../clib/microlib/unhosted.c              0x00000000   Number         0  uread4.o ABSOLUTE
    ../fplib/microlib/f2d.c                  0x00000000   Number         0  f2d.o ABSOLUTE
    ../fplib/microlib/fpadd.c                0x00000000   Number         0  fadd.o ABSOLUTE
    ../fplib/microlib/fpadd.c                0x00000000   Number         0  dadd.o ABSOLUTE
    ../fplib/microlib/fpdiv.c                0x00000000   Number         0  ddiv.o ABSOLUTE
    ../fplib/microlib/fpepilogue.c           0x00000000   Number         0  depilogue.o ABSOLUTE
    ../fplib/microlib/fpepilogue.c           0x00000000   Number         0  fepilogue.o ABSOLUTE
    ../fplib/microlib/fpfix.c                0x00000000   Number         0  dfixul.o ABSOLUTE
    ../fplib/microlib/fpfix.c                0x00000000   Number         0  dfixui.o ABSOLUTE
    ../fplib/microlib/fpflt.c                0x00000000   Number         0  ffltui.o ABSOLUTE
    ../fplib/microlib/fpflt.c                0x00000000   Number         0  dflti.o ABSOLUTE
    ../fplib/microlib/fpflt.c                0x00000000   Number         0  dfltui.o ABSOLUTE
    ../fplib/microlib/fpmul.c                0x00000000   Number         0  dmul.o ABSOLUTE
    ..\..\..\Driver\debug.c                  0x00000000   Number         0  debug.o ABSOLUTE
    ..\..\..\Driver\delay.c                  0x00000000   Number         0  delay.o ABSOLUTE
    ..\..\..\Driver\gpio.c                   0x00000000   Number         0  gpio.o ABSOLUTE
    ..\..\..\Rtt\SEGGER_RTT.c                0x00000000   Number         0  segger_rtt.o ABSOLUTE
    ..\..\..\Rtt\SEGGER_RTT_Syscalls_KEIL.c  0x00000000   Number         0  segger_rtt_syscalls_keil.o ABSOLUTE
    ..\..\..\Rtt\SEGGER_RTT_printf.c         0x00000000   Number         0  segger_rtt_printf.o ABSOLUTE
    ..\..\..\ble\ota.c                       0x00000000   Number         0  ota.o ABSOLUTE
    ..\\..\\..\\Driver\\debug.c              0x00000000   Number         0  debug.o ABSOLUTE
    ..\\..\\..\\Driver\\delay.c              0x00000000   Number         0  delay.o ABSOLUTE
    ..\\..\\..\\Driver\\gpio.c               0x00000000   Number         0  gpio.o ABSOLUTE
    ..\\..\\..\\Rtt\\SEGGER_RTT.c            0x00000000   Number         0  segger_rtt.o ABSOLUTE
    ..\\..\\..\\Rtt\\SEGGER_RTT_Syscalls_KEIL.c 0x00000000   Number         0  segger_rtt_syscalls_keil.o ABSOLUTE
    ..\\..\\..\\Rtt\\SEGGER_RTT_printf.c     0x00000000   Number         0  segger_rtt_printf.o ABSOLUTE
    ..\\..\\..\\ble\\ota.c                   0x00000000   Number         0  ota.o ABSOLUTE
    ..\\main.c                               0x00000000   Number         0  main.o ABSOLUTE
    ..\\rtc_handler.c                        0x00000000   Number         0  rtc_handler.o ABSOLUTE
    ..\\timer_handler.c                      0x00000000   Number         0  timer_handler.o ABSOLUTE
    ..\\uart.c                               0x00000000   Number         0  uart.o ABSOLUTE
    ..\\uart_protocol.c                      0x00000000   Number         0  uart_protocol.o ABSOLUTE
    ..\main.c                                0x00000000   Number         0  main.o ABSOLUTE
    ..\rtc_handler.c                         0x00000000   Number         0  rtc_handler.o ABSOLUTE
    ..\timer_handler.c                       0x00000000   Number         0  timer_handler.o ABSOLUTE
    ..\uart.c                                0x00000000   Number         0  uart.o ABSOLUTE
    ..\uart_protocol.c                       0x00000000   Number         0  uart_protocol.o ABSOLUTE
    Driver\\rtc.c                            0x00000000   Number         0  rtc.o ABSOLUTE
    Driver\\timer.c                          0x00000000   Number         0  timer.o ABSOLUTE
    Driver\rtc.c                             0x00000000   Number         0  rtc.o ABSOLUTE
    Driver\timer.c                           0x00000000   Number         0  timer.o ABSOLUTE
    Main\\main.c                             0x00000000   Number         0  main.o ABSOLUTE
    Main\main.c                              0x00000000   Number         0  main.o ABSOLUTE
    RTE\Device\ARMCM0\startup_ARMCM0.s       0x00000000   Number         0  startup_armcm0.o ABSOLUTE
    RTE\Device\ARMCM0\system_ARMCM0.c        0x00000000   Number         0  system_armcm0.o ABSOLUTE
    RTE\\Device\\ARMCM0\\system_ARMCM0.c     0x00000000   Number         0  system_armcm0.o ABSOLUTE
    cdrcmple.s                               0x00000000   Number         0  cdrcmple.o ABSOLUTE
    dc.s                                     0x00000000   Number         0  dc.o ABSOLUTE
    handlers.s                               0x00000000   Number         0  handlers.o ABSOLUTE
    init.s                                   0x00000000   Number         0  init.o ABSOLUTE
    RESET                                    0x10000000   Section      192  startup_armcm0.o(RESET)
    .ARM.Collect$$$$00000000                 0x100000c0   Section        0  entry.o(.ARM.Collect$$$$00000000)
    .ARM.Collect$$$$00000001                 0x100000c0   Section        4  entry2.o(.ARM.Collect$$$$00000001)
    .ARM.Collect$$$$00000004                 0x100000c4   Section        4  entry5.o(.ARM.Collect$$$$00000004)
    .ARM.Collect$$$$00000008                 0x100000c8   Section        0  entry7b.o(.ARM.Collect$$$$00000008)
    .ARM.Collect$$$$0000000A                 0x100000c8   Section        0  entry8b.o(.ARM.Collect$$$$0000000A)
    .ARM.Collect$$$$0000000B                 0x100000c8   Section        8  entry9a.o(.ARM.Collect$$$$0000000B)
    .ARM.Collect$$$$0000000D                 0x100000d0   Section        0  entry10a.o(.ARM.Collect$$$$0000000D)
    .ARM.Collect$$$$0000000F                 0x100000d0   Section        0  entry11a.o(.ARM.Collect$$$$0000000F)
    .ARM.Collect$$$$00002712                 0x100000d0   Section        4  entry2.o(.ARM.Collect$$$$00002712)
    __lit__00000000                          0x100000d0   Data           4  entry2.o(.ARM.Collect$$$$00002712)
    .text                                    0x100000d4   Section        0  main.o(.text)
    setup_adv_data                           0x10000173   Thumb Code   100  main.o(.text)
    timer_1_callback                         0x10000275   Thumb Code    36  main.o(.text)
    send_to_master                           0x10000299   Thumb Code   176  main.o(.text)
    ble_gatt_write                           0x1000074b   Thumb Code    88  main.o(.text)
    sendToUart                               0x100007a3   Thumb Code    52  main.o(.text)
    ble_init                                 0x100007d7   Thumb Code   116  main.o(.text)
    .text                                    0x100009d4   Section        0  uart_protocol.o(.text)
    .text                                    0x10000a30   Section        0  delay.o(.text)
    .text                                    0x10000a50   Section        0  ota.o(.text)
    EvtCommandComplete                       0x10000a51   Thumb Code    24  ota.o(.text)
    Cmd4KSETTINGWrite                        0x10000cad   Thumb Code    76  ota.o(.text)
    CmdFwWriteStart                          0x10000cf9   Thumb Code    30  ota.o(.text)
    CmdFwUpgradev20                          0x10000d17   Thumb Code   106  ota.o(.text)
    CmdFlashdataUpgradev30                   0x10000d81   Thumb Code    76  ota.o(.text)
    .text                                    0x10000f3c   Section        0  gpio.o(.text)
    .text                                    0x100011f0   Section        0  uart.o(.text)
    .text                                    0x10001334   Section        0  timer_handler.o(.text)
    .text                                    0x10001380   Section        0  rtc_handler.o(.text)
    .text                                    0x100013cc   Section        0  debug.o(.text)
    .text                                    0x1000143c   Section       28  startup_armcm0.o(.text)
    .text                                    0x10001458   Section        0  system_armcm0.o(.text)
    .text                                    0x10001468   Section        0  main.o(.text)
    _LCDisConnect                            0x10001469   Thumb Code    46  main.o(.text)
    _LCTimer_Handler                         0x10001497   Thumb Code   248  main.o(.text)
    _LCRxPkt_Handler                         0x1000158f   Thumb Code   200  main.o(.text)
    _LCTxPkt_Handler                         0x10001657   Thumb Code   316  main.o(.text)
    _LLENCReq                                0x10001eff   Thumb Code   260  main.o(.text)
    _GAPStartAdv                             0x10002459   Thumb Code   616  main.o(.text)
    WaitLLCOverSlpth                         0x1000348f   Thumb Code    38  main.o(.text)
    _BBRXFIFORead                            0x100034b5   Thumb Code   138  main.o(.text)
    GetOverSlpth                             0x1000353f   Thumb Code    26  main.o(.text)
    .text                                    0x10003564   Section        0  timer.o(.text)
    Timer_Evt_Trigger                        0x10003631   Thumb Code   110  timer.o(.text)
    __NVIC_EnableIRQ                         0x10003a01   Thumb Code    18  timer.o(.text)
    __NVIC_DisableIRQ                        0x10003a13   Thumb Code    28  timer.o(.text)
    .text                                    0x10003a3c   Section        0  rtc.o(.text)
    Timer_RTCEVT_Trigger                     0x10003bcb   Thumb Code   158  rtc.o(.text)
    .text                                    0x1000400c   Section        0  uidiv.o(.text)
    .text                                    0x10004038   Section        0  idiv.o(.text)
    .text                                    0x10004060   Section        0  memcpya.o(.text)
    .text                                    0x10004084   Section        0  memseta.o(.text)
    .text                                    0x100040a8   Section        0  memcmp.o(.text)
    .text                                    0x100040c2   Section        0  uread4.o(.text)
    .text                                    0x100040d6   Section        0  uwrite4.o(.text)
    .text                                    0x100040e8   Section        0  fadd.o(.text)
    .text                                    0x1000419c   Section        0  dadd.o(.text)
    .text                                    0x10004300   Section        0  dmul.o(.text)
    .text                                    0x100043d0   Section        0  ddiv.o(.text)
    .text                                    0x100044c0   Section        0  ffltui.o(.text)
    .text                                    0x100044d0   Section        0  dflti.o(.text)
    .text                                    0x100044f8   Section        0  dfltui.o(.text)
    .text                                    0x10004514   Section        0  dfixui.o(.text)
    .text                                    0x10004550   Section        0  f2d.o(.text)
    .text                                    0x10004578   Section        0  uldiv.o(.text)
    .text                                    0x100045d8   Section        0  llshl.o(.text)
    .text                                    0x100045f8   Section        0  llushr.o(.text)
    .text                                    0x1000461a   Section        0  llsshr.o(.text)
    .text                                    0x10004640   Section        0  fepilogue.o(.text)
    .text                                    0x10004640   Section        0  iusefp.o(.text)
    .text                                    0x100046c2   Section        0  depilogue.o(.text)
    .text                                    0x10004780   Section        0  dfixul.o(.text)
    .text                                    0x100047c0   Section       40  cdrcmple.o(.text)
    .text                                    0x100047e8   Section       36  init.o(.text)
    .text                                    0x1000480c   Section        0  __dczerorl2.o(.text)
    i.__0vsprintf                            0x10004864   Section        0  printfa.o(i.__0vsprintf)
    i.__ARM_clz                              0x10004888   Section        0  depilogue.o(i.__ARM_clz)
    i.__ARM_common_switch8                   0x100048b6   Section        0  main.o(i.__ARM_common_switch8)
    i.__scatterload_copy                     0x100048d0   Section       14  handlers.o(i.__scatterload_copy)
    i.__scatterload_null                     0x100048de   Section        2  handlers.o(i.__scatterload_null)
    i.__scatterload_zeroinit                 0x100048e0   Section       14  handlers.o(i.__scatterload_zeroinit)
    i._fp_digits                             0x100048f0   Section        0  printfa.o(i._fp_digits)
    _fp_digits                               0x100048f1   Thumb Code   316  printfa.o(i._fp_digits)
    i._printf_core                           0x10004a48   Section        0  printfa.o(i._printf_core)
    _printf_core                             0x10004a49   Thumb Code  1754  printfa.o(i._printf_core)
    i._printf_post_padding                   0x10005134   Section        0  printfa.o(i._printf_post_padding)
    _printf_post_padding                     0x10005135   Thumb Code    32  printfa.o(i._printf_post_padding)
    i._printf_pre_padding                    0x10005154   Section        0  printfa.o(i._printf_pre_padding)
    _printf_pre_padding                      0x10005155   Thumb Code    44  printfa.o(i._printf_pre_padding)
    i._sputc                                 0x10005180   Section        0  printfa.o(i._sputc)
    _sputc                                   0x10005181   Thumb Code    10  printfa.o(i._sputc)
    .data                                    0x20003000   Section       59  main.o(.data)
    latency_state                            0x20003001   Data           1  main.o(.data)
    start_tx                                 0x20003003   Data           1  main.o(.data)
    uart_delay_cnt                           0x20003004   Data           2  main.o(.data)
    g_report                                 0x20003008   Data           4  main.o(.data)
    .data                                    0x2000303c   Section       28  ota.o(.data)
    EvtBuf                                   0x20003050   Data           8  ota.o(.data)
    .data                                    0x20003058   Section       72  gpio.o(.data)
    gpio_callback                            0x2000306c   Data           4  gpio.o(.data)
    pinmuxtab48                              0x20003070   Data          24  gpio.o(.data)
    pinmuxtab32                              0x20003088   Data          24  gpio.o(.data)
    .data                                    0x200030a0   Section        8  uart.o(.data)
    UART_0_CTRL                              0x200030a0   Data           4  uart.o(.data)
    UART_1_CTRL                              0x200030a4   Data           4  uart.o(.data)
    .data                                    0x200030a8   Section        4  rtc_handler.o(.data)
    .data                                    0x200030ac   Section        4  system_armcm0.o(.data)
    .data                                    0x200030b0   Section       56  main.o(.data)
    syd_confirm                              0x200030b0   Data           1  main.o(.data)
    ww_minus_cnt                             0x200030b1   Data           1  main.o(.data)
    ext_uart_en                              0x200030b2   Data           1  main.o(.data)
    get_bond_device_idx                      0x200030b3   Data           1  main.o(.data)
    rssi_rx                                  0x200030b4   Data           1  main.o(.data)
    p_flash_hdr                              0x200030b8   Data           4  main.o(.data)
    p_lclink                                 0x200030bc   Data           4  main.o(.data)
    p_txpdu                                  0x200030c0   Data           4  main.o(.data)
    p_rxbuf                                  0x200030c4   Data           4  main.o(.data)
    p_flash                                  0x200030c8   Data           4  main.o(.data)
    p_dump_key                               0x200030cc   Data           4  main.o(.data)
    EFUSE_CTRL                               0x200030d0   Data           4  main.o(.data)
    BB_CTRL                                  0x200030d4   Data           4  main.o(.data)
    PW_CTRL                                  0x200030d8   Data           4  main.o(.data)
    PIN_CONFIG                               0x200030dc   Data           4  main.o(.data)
    g_evt                                    0x200030e0   Data           8  main.o(.data)
    .data                                    0x200030e8   Section       28  timer.o(.data)
    TIMER_CTRL                               0x200030ec   Data           4  timer.o(.data)
    .data                                    0x20003104   Section       40  rtc.o(.data)
    enabled                                  0x20003104   Data           1  rtc.o(.data)
    irq_cb                                   0x20003124   Data           4  rtc.o(.data)
    .bss                                     0x2000312c   Section     2192  main.o(.bss)
    .bss                                     0x200039bc   Section       40  ota.o(.bss)
    .bss                                     0x200039e4   Section       48  timer_handler.o(.bss)
    .bss                                     0x20003a14   Section       48  rtc_handler.o(.bss)
    .bss                                     0x20003a44   Section      128  debug.o(.bss)
    s_formatBuffer                           0x20003a44   Data         128  debug.o(.bss)
    .bss                                     0x20003ac4   Section      104  main.o(.bss)
    code_hdr                                 0x20003ac4   Data          87  main.o(.bss)
    smart_update_ctrol                       0x20003b1b   Data          17  main.o(.bss)
    .bss                                     0x20003b2c   Section       12  timer.o(.bss)
    timer_callback                           0x20003b2c   Data          12  timer.o(.bss)
    STACK                                    0x20003b38   Section     1024  startup_armcm0.o(STACK)

    Global Symbols

    Symbol Name                              Value     Ov Type        Size  Object(Section)

    BuildAttributes$$THM_ISAv3M$S$PE$A:L22$X:L11$S22$IEEE1$IW$USESV6$~STKCKD$USESV7$~SHL$OTIME$ROPI$EBA8$MICROLIB$REQ8$PRES8$EABIv2 0x00000000   Number         0  anon$$obj.o ABSOLUTE
    __ARM_use_no_argv                        0x00000000   Number         0  main.o ABSOLUTE
    __cpp_initialize__aeabi_                  - Undefined Weak Reference
    __cxa_finalize                            - Undefined Weak Reference
    _clock_init                               - Undefined Weak Reference
    _microlib_exit                            - Undefined Weak Reference
    __Vectors_Size                           0x000000c0   Number         0  startup_armcm0.o ABSOLUTE
    __Vectors                                0x10000000   Data           4  startup_armcm0.o(RESET)
    __Vectors_End                            0x100000c0   Data           0  startup_armcm0.o(RESET)
    __main                                   0x100000c1   Thumb Code     0  entry.o(.ARM.Collect$$$$00000000)
    _main_stk                                0x100000c1   Thumb Code     0  entry2.o(.ARM.Collect$$$$00000001)
    _main_scatterload                        0x100000c5   Thumb Code     0  entry5.o(.ARM.Collect$$$$00000004)
    __main_after_scatterload                 0x100000c9   Thumb Code     0  entry5.o(.ARM.Collect$$$$00000004)
    _main_clock                              0x100000c9   Thumb Code     0  entry7b.o(.ARM.Collect$$$$00000008)
    _main_cpp_init                           0x100000c9   Thumb Code     0  entry8b.o(.ARM.Collect$$$$0000000A)
    _main_init                               0x100000c9   Thumb Code     0  entry9a.o(.ARM.Collect$$$$0000000B)
    __rt_final_cpp                           0x100000d1   Thumb Code     0  entry10a.o(.ARM.Collect$$$$0000000D)
    __rt_final_exit                          0x100000d1   Thumb Code     0  entry11a.o(.ARM.Collect$$$$0000000F)
    gpio_init                                0x100000d5   Thumb Code   158  main.o(.text)
    BLSetConnectionUpdate                    0x100001d7   Thumb Code    74  main.o(.text)
    Connection_latency                       0x10000221   Thumb Code    38  main.o(.text)
    BLE_SendUARTData                         0x10000247   Thumb Code    46  main.o(.text)
    ble_evt_callback                         0x10000349   Thumb Code   680  main.o(.text)
    ota_manage                               0x100005f1   Thumb Code   108  main.o(.text)
    main                                     0x1000065d   Thumb Code   230  main.o(.text)
    HardFault_Handler                        0x10000743   Thumb Code     8  main.o(.text)
    uartRx_callback                          0x100009d5   Thumb Code    58  uart_protocol.o(.text)
    uart_cmd                                 0x10000a0f   Thumb Code    26  uart_protocol.o(.text)
    delay_ms                                 0x10000a31   Thumb Code    26  delay.o(.text)
    CmdFwErase                               0x10000a69   Thumb Code    22  ota.o(.text)
    ota_variable_clear                       0x10000a7f   Thumb Code    24  ota.o(.text)
    ota_cmd                                  0x10000a97   Thumb Code   498  ota.o(.text)
    ota_rsp                                  0x10000c89   Thumb Code    36  ota.o(.text)
    PIN_Pullup_Enable                        0x10000f3d   Thumb Code   102  gpio.o(.text)
    PIN_Pullup_Disable                       0x10000fa3   Thumb Code   102  gpio.o(.text)
    GPIO_Set_Output                          0x10001009   Thumb Code    48  gpio.o(.text)
    GPIO_Set_Input                           0x10001039   Thumb Code   172  gpio.o(.text)
    GPIO_Pin_Set                             0x100010e5   Thumb Code    48  gpio.o(.text)
    GPIO_Pin_Clear                           0x10001115   Thumb Code    48  gpio.o(.text)
    GPIO_Pin_Turn                            0x10001145   Thumb Code    48  gpio.o(.text)
    GPIO_IRQHandler                          0x10001175   Thumb Code   116  gpio.o(.text)
    uart_0_init                              0x100011f1   Thumb Code   168  uart.o(.text)
    uart_0_write                             0x10001299   Thumb Code    22  uart.o(.text)
    uart_0_read                              0x100012af   Thumb Code    52  uart.o(.text)
    UART0_IRQHandler                         0x100012e3   Thumb Code    42  uart.o(.text)
    UART1_IRQHandler                         0x1000130d   Thumb Code    26  uart.o(.text)
    Timer_Evt_2s                             0x10001335   Thumb Code    14  timer_handler.o(.text)
    Timer_EVT_1S_OTA                         0x10001343   Thumb Code    14  timer_handler.o(.text)
    Timer_Evt_List                           0x10001351   Thumb Code    36  timer_handler.o(.text)
    RTC_Evt_10S                              0x10001381   Thumb Code    12  rtc_handler.o(.text)
    RTC_Evt_185s                             0x1000138d   Thumb Code    12  rtc_handler.o(.text)
    RTC_Evt_List                             0x10001399   Thumb Code    40  rtc_handler.o(.text)
    dbg_printf                               0x100013cd   Thumb Code    54  debug.o(.text)
    dbg_hexdump                              0x10001403   Thumb Code    40  debug.o(.text)
    Reset_Handler                            0x1000143d   Thumb Code     8  startup_armcm0.o(.text)
    NMI_Handler                              0x10001445   Thumb Code     2  startup_armcm0.o(.text)
    SVC_Handler                              0x10001449   Thumb Code     2  startup_armcm0.o(.text)
    PendSV_Handler                           0x1000144b   Thumb Code     2  startup_armcm0.o(.text)
    SysTick_Handler                          0x1000144d   Thumb Code     2  startup_armcm0.o(.text)
    CAP_IRQHandler                           0x1000144f   Thumb Code     0  startup_armcm0.o(.text)
    GPADC_IRQHandler                         0x1000144f   Thumb Code     0  startup_armcm0.o(.text)
    HID_IRQHandler                           0x1000144f   Thumb Code     0  startup_armcm0.o(.text)
    HPWM_IRQHandler                          0x1000144f   Thumb Code     0  startup_armcm0.o(.text)
    HTIMER_IRQHandler                        0x1000144f   Thumb Code     0  startup_armcm0.o(.text)
    I2C0_IRQHandler                          0x1000144f   Thumb Code     0  startup_armcm0.o(.text)
    I2C1_IRQHandler                          0x1000144f   Thumb Code     0  startup_armcm0.o(.text)
    IR_Rx_IRQHandler                         0x1000144f   Thumb Code     0  startup_armcm0.o(.text)
    IR_Tx_IRQHandler                         0x1000144f   Thumb Code     0  startup_armcm0.o(.text)
    ISO_7816_IRQHandler                      0x1000144f   Thumb Code     0  startup_armcm0.o(.text)
    LLC2_IRQHandler                          0x1000144f   Thumb Code     0  startup_armcm0.o(.text)
    LLC_IRQHandler                           0x1000144f   Thumb Code     0  startup_armcm0.o(.text)
    SPIM_IRQHandler                          0x1000144f   Thumb Code     0  startup_armcm0.o(.text)
    SW_IRQHandler                            0x1000144f   Thumb Code     0  startup_armcm0.o(.text)
    TIMER3_IRQHandler                        0x1000144f   Thumb Code     0  startup_armcm0.o(.text)
    TOUCH_IRQHandler                         0x1000144f   Thumb Code     0  startup_armcm0.o(.text)
    SystemInit                               0x10001459   Thumb Code     8  system_armcm0.o(.text)
    _BBGetMask                               0x10001793   Thumb Code    92  main.o(.text)
    Lib_LLEvtCallback                        0x100017ef   Thumb Code   252  main.o(.text)
    ConnectionLatencyMode                    0x100018eb   Thumb Code   112  main.o(.text)
    sw_timer_latency_callback                0x1000195b   Thumb Code    42  main.o(.text)
    TimerStart                               0x10001985   Thumb Code    10  main.o(.text)
    smart_latency_start                      0x1000198f   Thumb Code   212  main.o(.text)
    smart_update_latency_updatersp           0x10001a63   Thumb Code   150  main.o(.text)
    BBRFRead                                 0x10001af9   Thumb Code     4  main.o(.text)
    BBRFWrite                                0x10001afd   Thumb Code     6  main.o(.text)
    RCOSCCalibration                         0x10001b03   Thumb Code    64  main.o(.text)
    RFSleep                                  0x10001b43   Thumb Code    10  main.o(.text)
    UartEn                                   0x10001b4d   Thumb Code    32  main.o(.text)
    _SYS32kClockSwitch                       0x10001b6d   Thumb Code   222  main.o(.text)
    ClockSwitch                              0x10001c4b   Thumb Code    10  main.o(.text)
    RFWakeup                                 0x10001c55   Thumb Code    24  main.o(.text)
    LPOCalibration                           0x10001c6d   Thumb Code   260  main.o(.text)
    smart_latency_clear                      0x10001d71   Thumb Code    12  main.o(.text)
    Lib_EvtCallback                          0x10001d7d   Thumb Code   242  main.o(.text)
    _BMGetNextBondDevice                     0x10001e6f   Thumb Code   144  main.o(.text)
    TimerStop                                0x10002003   Thumb Code     4  main.o(.text)
    smart_update_retry                       0x10002007   Thumb Code   124  main.o(.text)
    sw_timer_update_callback                 0x10002083   Thumb Code   114  main.o(.text)
    smart_update_latency_updatareq           0x100020f5   Thumb Code   496  main.o(.text)
    Lib_ProtocolHookCallback                 0x100022e5   Thumb Code   104  main.o(.text)
    Lib_MiscCallback                         0x1000234d   Thumb Code    14  main.o(.text)
    BleInit                                  0x1000235b   Thumb Code   170  main.o(.text)
    DisConnect                               0x10002405   Thumb Code    12  main.o(.text)
    SetDevAddr                               0x10002411   Thumb Code    12  main.o(.text)
    GetDevAddr                               0x1000241d   Thumb Code    12  main.o(.text)
    SetLEFeature                             0x10002429   Thumb Code    12  main.o(.text)
    SetAdvAccCode                            0x10002435   Thumb Code    12  main.o(.text)
    SetAdvParams                             0x10002441   Thumb Code    12  main.o(.text)
    SetAdvData                               0x1000244d   Thumb Code    12  main.o(.text)
    StartAdv                                 0x100026c1   Thumb Code    10  main.o(.text)
    StopAdv                                  0x100026cb   Thumb Code    22  main.o(.text)
    StopAdv_Noreset                          0x100026e1   Thumb Code    38  main.o(.text)
    SetScanParams                            0x10002707   Thumb Code    10  main.o(.text)
    StartScan                                0x10002711   Thumb Code    12  main.o(.text)
    StopScan                                 0x1000271d   Thumb Code    10  main.o(.text)
    SetSecParams                             0x10002727   Thumb Code    12  main.o(.text)
    SetConnectionUpdate                      0x10002733   Thumb Code    12  main.o(.text)
    GetLinkParameters                        0x1000273f   Thumb Code    12  main.o(.text)
    SetWinWideMinusCnt                       0x1000274b   Thumb Code     8  main.o(.text)
    SetPasskey                               0x10002753   Thumb Code    12  main.o(.text)
    SecurityReq                              0x1000275f   Thumb Code    12  main.o(.text)
    SetEvtCallback                           0x1000276b   Thumb Code    54  main.o(.text)
    GetGATTReportHandle                      0x100027a1   Thumb Code    10  main.o(.text)
    SetGATTReadRsp                           0x100027ab   Thumb Code    12  main.o(.text)
    CheckFIFOFull                            0x100027b7   Thumb Code    18  main.o(.text)
    GATTDataSend                             0x100027c9   Thumb Code    48  main.o(.text)
    ATTCSetCallback                          0x100027f9   Thumb Code     4  main.o(.text)
    ATTCMTUReq                               0x100027fd   Thumb Code    24  main.o(.text)
    ATTCFindInfoReq                          0x10002815   Thumb Code    28  main.o(.text)
    ATTCFindByTypeValueReq                   0x10002831   Thumb Code    42  main.o(.text)
    ATTCReadByTypeReq                        0x1000285b   Thumb Code    36  main.o(.text)
    ATTCReadReq                              0x1000287f   Thumb Code    24  main.o(.text)
    ATTCReadBlobReq                          0x10002897   Thumb Code    28  main.o(.text)
    ATTCReadMultipleReq                      0x100028b3   Thumb Code    28  main.o(.text)
    ATTCReadByGroupTypeReq                   0x100028cf   Thumb Code    34  main.o(.text)
    ATTCWriteReq                             0x100028f1   Thumb Code    32  main.o(.text)
    ATTCWriteCmdReq                          0x10002911   Thumb Code    32  main.o(.text)
    ATTCPrepareWriteReq                      0x10002931   Thumb Code    36  main.o(.text)
    ATTCExecuteWriteReq                      0x10002955   Thumb Code    24  main.o(.text)
    ATTCConfirmation                         0x1000296d   Thumb Code    84  main.o(.text)
    _SYSClockSwitch                          0x100029c1   Thumb Code    86  main.o(.text)
    MCUClockSwitch                           0x10002a17   Thumb Code     2  main.o(.text)
    GetMCUClock                              0x10002a19   Thumb Code    14  main.o(.text)
    GetClock                                 0x10002a27   Thumb Code    16  main.o(.text)
    WakeupConfig                             0x10002a37   Thumb Code    12  main.o(.text)
    LLSleep                                  0x10002a43   Thumb Code    12  main.o(.text)
    Rand                                     0x10002a4f   Thumb Code     4  main.o(.text)
    DelayUS                                  0x10002a53   Thumb Code     4  main.o(.text)
    DelayMS                                  0x10002a57   Thumb Code     6  main.o(.text)
    GetCompanyID                             0x10002a5d   Thumb Code    18  main.o(.text)
    GetQFNType                               0x10002a6f   Thumb Code    20  main.o(.text)
    RFRead                                   0x10002a83   Thumb Code     8  main.o(.text)
    RFWrite                                  0x10002a8b   Thumb Code     8  main.o(.text)
    lib_check_ble_fsm_state                  0x10002a93   Thumb Code    26  main.o(.text)
    SystemSleep                              0x10002aad   Thumb Code    20  main.o(.text)
    SystemPowerDown                          0x10002ac1   Thumb Code    80  main.o(.text)
    SystemReset                              0x10002b11   Thumb Code    12  main.o(.text)
    CapdetEn                                 0x10002b1d   Thumb Code    12  main.o(.text)
    PowerDownLPOEn                           0x10002b29   Thumb Code    12  main.o(.text)
    SetBondManagerIndex                      0x10002b35   Thumb Code    12  main.o(.text)
    GetBondDevice                            0x10002b41   Thumb Code     6  main.o(.text)
    AddBondDevice                            0x10002b47   Thumb Code    12  main.o(.text)
    DelAllBondDevice                         0x10002b53   Thumb Code    10  main.o(.text)
    DelBondDevice                            0x10002b5d   Thumb Code    12  main.o(.text)
    ReadProfileData                          0x10002b69   Thumb Code     6  main.o(.text)
    WriteProfileData                         0x10002b6f   Thumb Code     6  main.o(.text)
    EraseFlashData                           0x10002b75   Thumb Code    78  main.o(.text)
    ReadFlashData                            0x10002bc3   Thumb Code    58  main.o(.text)
    WriteFlashData                           0x10002bfd   Thumb Code    58  main.o(.text)
    CodeErase                                0x10002c37   Thumb Code   100  main.o(.text)
    CodeErase_sector                         0x10002c9b   Thumb Code    72  main.o(.text)
    _FMCodeWrite                             0x10002ce3   Thumb Code    58  main.o(.text)
    CodeWrite                                0x10002d1d   Thumb Code    32  main.o(.text)
    CodeUpdate                               0x10002d3d   Thumb Code    10  main.o(.text)
    FlashDataUpdate                          0x10002d47   Thumb Code   166  main.o(.text)
    ble_sched_execute                        0x10002ded   Thumb Code   146  main.o(.text)
    ble_sched_finish                         0x10002e7f   Thumb Code     4  main.o(.text)
    syd52832_chip_confirm                    0x10002e83   Thumb Code    24  main.o(.text)
    gap_s_smart_update_latency               0x10002e9b   Thumb Code   160  main.o(.text)
    eFuseManual                              0x10002f3b   Thumb Code    28  main.o(.text)
    GPADC_Manual_Calibration                 0x10002f57   Thumb Code    34  main.o(.text)
    GPADC_Get_Calibration                    0x10002f79   Thumb Code    22  main.o(.text)
    GAPGetUartEn                             0x10002f8f   Thumb Code     6  main.o(.text)
    GAPUartEn                                0x10002f95   Thumb Code     6  main.o(.text)
    GAPBBDelayUS                             0x10002f9b   Thumb Code     4  main.o(.text)
    GAPBBDelayMS                             0x10002f9f   Thumb Code     6  main.o(.text)
    GAPGetRFAutoSleep                        0x10002fa5   Thumb Code     4  main.o(.text)
    GAPSetRFAutoSleep                        0x10002fa9   Thumb Code     6  main.o(.text)
    Setting4kUpdate                          0x10002faf   Thumb Code   116  main.o(.text)
    SetDevAddr_toflash                       0x10003023   Thumb Code    72  main.o(.text)
    gap_s_verdor_datas_get                   0x1000306b   Thumb Code    28  main.o(.text)
    gap_s_verdor_datas_set                   0x10003087   Thumb Code    66  main.o(.text)
    gap_s_is_ll_start_enc                    0x100030c9   Thumb Code    26  main.o(.text)
    GAPBBTXFIFO0Write                        0x100030e3   Thumb Code     4  main.o(.text)
    flash_peotect_key_confirm                0x100030e7   Thumb Code   148  main.o(.text)
    flash_data_offect_get                    0x1000317b   Thumb Code    52  main.o(.text)
    EraseCodeB                               0x100031af   Thumb Code   108  main.o(.text)
    ReadCodeB                                0x1000321b   Thumb Code    62  main.o(.text)
    WriteCodeB                               0x10003259   Thumb Code    62  main.o(.text)
    ble_SetTxPower                           0x10003297   Thumb Code   248  main.o(.text)
    flash_data_size_get                      0x1000338f   Thumb Code    20  main.o(.text)
    code_idx_get                             0x100033a3   Thumb Code     6  main.o(.text)
    flash_data_size_set                      0x100033a9   Thumb Code   148  main.o(.text)
    Get_RSSI_Last_RX                         0x1000343d   Thumb Code    82  main.o(.text)
    Timer_Evt_Creat                          0x10003565   Thumb Code    50  timer.o(.text)
    Min                                      0x10003597   Thumb Code     8  timer.o(.text)
    timer_0_disable                          0x1000359f   Thumb Code    48  timer.o(.text)
    timer_0_enable                           0x100035cf   Thumb Code    96  timer.o(.text)
    timer_0_start                            0x1000362f   Thumb Code     2  timer.o(.text)
    Timer_Evt_Clr                            0x1000369f   Thumb Code    10  timer.o(.text)
    timer_0_get                              0x100036a9   Thumb Code    32  timer.o(.text)
    Timer_Evt_Stop                           0x100036c9   Thumb Code   114  timer.o(.text)
    Timer_Evt_Start                          0x1000373b   Thumb Code   144  timer.o(.text)
    Timer_Get_State                          0x100037cb   Thumb Code    34  timer.o(.text)
    SYD_Timer_Init                           0x100037ed   Thumb Code    34  timer.o(.text)
    timer_0_delay_32us                       0x1000380f   Thumb Code    66  timer.o(.text)
    TIMER0_IRQHandler                        0x10003851   Thumb Code    32  timer.o(.text)
    timer_1_enable                           0x10003871   Thumb Code    96  timer.o(.text)
    timer_1_disable                          0x100038d1   Thumb Code    48  timer.o(.text)
    TIMER1_IRQHandler                        0x10003901   Thumb Code    32  timer.o(.text)
    timer_2_enable                           0x10003921   Thumb Code   110  timer.o(.text)
    timer_2_get_val                          0x1000398f   Thumb Code    34  timer.o(.text)
    timer_2_disable                          0x100039b1   Thumb Code    48  timer.o(.text)
    TIMER2_IRQHandler                        0x100039e1   Thumb Code    32  timer.o(.text)
    rtc_get_calendar                         0x10003a3d   Thumb Code    40  rtc.o(.text)
    RTC_RUN                                  0x10003a65   Thumb Code    66  rtc.o(.text)
    rtc_set_compare                          0x10003aa7   Thumb Code    68  rtc.o(.text)
    RTC_SET                                  0x10003aeb   Thumb Code    84  rtc.o(.text)
    RTC_Refressh                             0x10003b3f   Thumb Code    76  rtc.o(.text)
    RTC_EVT_Creat                            0x10003b8b   Thumb Code    32  rtc.o(.text)
    Min_RTC                                  0x10003bab   Thumb Code     8  rtc.o(.text)
    rtc_int_disable                          0x10003bb3   Thumb Code    24  rtc.o(.text)
    RTC_EVT_Clr                              0x10003c69   Thumb Code    10  rtc.o(.text)
    RTC_EVT_Stop                             0x10003c73   Thumb Code   112  rtc.o(.text)
    RTC_EVT_Start                            0x10003ce3   Thumb Code   146  rtc.o(.text)
    RTC_EVT_whole_minute_setid               0x10003d75   Thumb Code     6  rtc.o(.text)
    RTC_EVT_whole_minute_adj                 0x10003d7b   Thumb Code   132  rtc.o(.text)
    RTC_Get_State                            0x10003dff   Thumb Code    54  rtc.o(.text)
    rtc_start                                0x10003e35   Thumb Code    28  rtc.o(.text)
    rtc_set_interrupt_callback               0x10003e51   Thumb Code     6  rtc.o(.text)
    rtc_int_enable                           0x10003e57   Thumb Code    22  rtc.o(.text)
    rtc_int_clear                            0x10003e6d   Thumb Code    22  rtc.o(.text)
    rtc_set_calendar                         0x10003e83   Thumb Code    40  rtc.o(.text)
    rtc_set_prescaler                        0x10003eab   Thumb Code    34  rtc.o(.text)
    rtc_clear                                0x10003ecd   Thumb Code    18  rtc.o(.text)
    rtc_stop                                 0x10003edf   Thumb Code    30  rtc.o(.text)
    rtc_init                                 0x10003efd   Thumb Code   126  rtc.o(.text)
    SYD_RTC_Init                             0x10003f7b   Thumb Code    40  rtc.o(.text)
    RTC_IRQHandler                           0x10003fa3   Thumb Code    30  rtc.o(.text)
    rtc_status                               0x10003fc1   Thumb Code     6  rtc.o(.text)
    rtc_get_compare                          0x10003fc7   Thumb Code    52  rtc.o(.text)
    __aeabi_uidiv                            0x1000400d   Thumb Code     0  uidiv.o(.text)
    __aeabi_uidivmod                         0x1000400d   Thumb Code    44  uidiv.o(.text)
    __aeabi_idiv                             0x10004039   Thumb Code     0  idiv.o(.text)
    __aeabi_idivmod                          0x10004039   Thumb Code    40  idiv.o(.text)
    __aeabi_memcpy                           0x10004061   Thumb Code    36  memcpya.o(.text)
    __aeabi_memcpy4                          0x10004061   Thumb Code     0  memcpya.o(.text)
    __aeabi_memcpy8                          0x10004061   Thumb Code     0  memcpya.o(.text)
    __aeabi_memset                           0x10004085   Thumb Code    14  memseta.o(.text)
    __aeabi_memset4                          0x10004085   Thumb Code     0  memseta.o(.text)
    __aeabi_memset8                          0x10004085   Thumb Code     0  memseta.o(.text)
    __aeabi_memclr                           0x10004093   Thumb Code     4  memseta.o(.text)
    __aeabi_memclr4                          0x10004093   Thumb Code     0  memseta.o(.text)
    __aeabi_memclr8                          0x10004093   Thumb Code     0  memseta.o(.text)
    _memset$wrapper                          0x10004097   Thumb Code    18  memseta.o(.text)
    memcmp                                   0x100040a9   Thumb Code    26  memcmp.o(.text)
    __aeabi_uread4                           0x100040c3   Thumb Code    20  uread4.o(.text)
    __rt_uread4                              0x100040c3   Thumb Code     0  uread4.o(.text)
    _uread4                                  0x100040c3   Thumb Code     0  uread4.o(.text)
    __aeabi_uwrite4                          0x100040d7   Thumb Code    18  uwrite4.o(.text)
    __rt_uwrite4                             0x100040d7   Thumb Code     0  uwrite4.o(.text)
    _uwrite4                                 0x100040d7   Thumb Code     0  uwrite4.o(.text)
    __aeabi_fadd                             0x100040e9   Thumb Code   162  fadd.o(.text)
    __aeabi_fsub                             0x1000418b   Thumb Code     8  fadd.o(.text)
    __aeabi_frsub                            0x10004193   Thumb Code     8  fadd.o(.text)
    __aeabi_dadd                             0x1000419d   Thumb Code   328  dadd.o(.text)
    __aeabi_dsub                             0x100042e5   Thumb Code    12  dadd.o(.text)
    __aeabi_drsub                            0x100042f1   Thumb Code    12  dadd.o(.text)
    __aeabi_dmul                             0x10004301   Thumb Code   202  dmul.o(.text)
    __aeabi_ddiv                             0x100043d1   Thumb Code   234  ddiv.o(.text)
    __aeabi_ui2f                             0x100044c1   Thumb Code    14  ffltui.o(.text)
    __aeabi_i2d                              0x100044d1   Thumb Code    34  dflti.o(.text)
    __aeabi_ui2d                             0x100044f9   Thumb Code    24  dfltui.o(.text)
    __aeabi_d2uiz                            0x10004515   Thumb Code    50  dfixui.o(.text)
    __aeabi_f2d                              0x10004551   Thumb Code    40  f2d.o(.text)
    __aeabi_uldivmod                         0x10004579   Thumb Code    96  uldiv.o(.text)
    __aeabi_llsl                             0x100045d9   Thumb Code    32  llshl.o(.text)
    _ll_shift_l                              0x100045d9   Thumb Code     0  llshl.o(.text)
    __aeabi_llsr                             0x100045f9   Thumb Code    34  llushr.o(.text)
    _ll_ushift_r                             0x100045f9   Thumb Code     0  llushr.o(.text)
    __aeabi_lasr                             0x1000461b   Thumb Code    38  llsshr.o(.text)
    _ll_sshift_r                             0x1000461b   Thumb Code     0  llsshr.o(.text)
    __I$use$fp                               0x10004641   Thumb Code     0  iusefp.o(.text)
    _float_round                             0x10004641   Thumb Code    16  fepilogue.o(.text)
    _float_epilogue                          0x10004651   Thumb Code   114  fepilogue.o(.text)
    _double_round                            0x100046c3   Thumb Code    26  depilogue.o(.text)
    _double_epilogue                         0x100046dd   Thumb Code   164  depilogue.o(.text)
    __aeabi_d2ulz                            0x10004781   Thumb Code    54  dfixul.o(.text)
    __aeabi_cdrcmple                         0x100047c1   Thumb Code    38  cdrcmple.o(.text)
    __scatterload                            0x100047e9   Thumb Code    28  init.o(.text)
    __scatterload_rt2                        0x100047e9   Thumb Code     0  init.o(.text)
    __decompress                             0x1000480d   Thumb Code     0  __dczerorl2.o(.text)
    __decompress1                            0x1000480d   Thumb Code    86  __dczerorl2.o(.text)
    __0vsprintf                              0x10004865   Thumb Code    30  printfa.o(i.__0vsprintf)
    __1vsprintf                              0x10004865   Thumb Code     0  printfa.o(i.__0vsprintf)
    __2vsprintf                              0x10004865   Thumb Code     0  printfa.o(i.__0vsprintf)
    __c89vsprintf                            0x10004865   Thumb Code     0  printfa.o(i.__0vsprintf)
    vsprintf                                 0x10004865   Thumb Code     0  printfa.o(i.__0vsprintf)
    __ARM_clz                                0x10004889   Thumb Code    46  depilogue.o(i.__ARM_clz)
    __ARM_common_switch8                     0x100048b7   Thumb Code    26  main.o(i.__ARM_common_switch8)
    __scatterload_copy                       0x100048d1   Thumb Code    14  handlers.o(i.__scatterload_copy)
    __scatterload_null                       0x100048df   Thumb Code     2  handlers.o(i.__scatterload_null)
    __scatterload_zeroinit                   0x100048e1   Thumb Code    14  handlers.o(i.__scatterload_zeroinit)
    Region$$Table$$Base                      0x1000518c   Number         0  anon$$obj.o(Region$$Table)
    Region$$Table$$Limit                     0x100051ac   Number         0  anon$$obj.o(Region$$Table)
    connect_flag                             0x20003000   Data           1  main.o(.data)
    update_latency_mode                      0x20003002   Data           1  main.o(.data)
    ADV_DATA                                 0x2000300c   Data          27  main.o(.data)
    SCAN_DATA                                0x20003027   Data          20  main.o(.data)
    ota_state                                0x2000303c   Data           1  ota.o(.data)
    ota_writecnt                             0x2000303d   Data           1  ota.o(.data)
    ota_section_size                         0x2000303e   Data           2  ota.o(.data)
    ota_receive_size                         0x20003040   Data           2  ota.o(.data)
    ota_section_check                        0x20003042   Data           2  ota.o(.data)
    ota_receive_check                        0x20003044   Data           2  ota.o(.data)
    ota_section_offset                       0x20003048   Data           4  ota.o(.data)
    pevt                                     0x2000304c   Data           4  ota.o(.data)
    PIN_CONFIG                               0x20003058   Data           4  gpio.o(.data)
    GPIO_CTRL                                0x2000305c   Data           4  gpio.o(.data)
    GPO_CTRL                                 0x20003060   Data           4  gpio.o(.data)
    GPI_CTRL                                 0x20003064   Data           4  gpio.o(.data)
    GPIO_IRQ_CTRL                            0x20003068   Data           4  gpio.o(.data)
    syd_history_setting_str                  0x200030a8   Data           4  rtc_handler.o(.data)
    SystemCoreClock                          0x200030ac   Data           4  system_armcm0.o(.data)
    Event_Num                                0x200030e8   Data           1  timer.o(.data)
    max_trigger_timer                        0x200030f0   Data           4  timer.o(.data)
    TIMER_EVT                                0x200030f4   Data           4  timer.o(.data)
    Timer_Evt_Trigger_Loop_now               0x200030f8   Data           4  timer.o(.data)
    sys_timer_max_p                          0x200030fc   Data           4  timer.o(.data)
    sys_timer_current_p                      0x20003100   Data           4  timer.o(.data)
    RTC_Event_Num                            0x20003105   Data           1  rtc.o(.data)
    max_trigger_rtc                          0x20003108   Data           4  rtc.o(.data)
    RTC_EVT                                  0x2000310c   Data           4  rtc.o(.data)
    RTC_RTCEVT_Trigger_Loop_now              0x20003110   Data           4  rtc.o(.data)
    RTC_second_now                           0x20003114   Data           4  rtc.o(.data)
    sys_rtc_max_p                            0x20003118   Data           4  rtc.o(.data)
    sys_rtc_current_p                        0x2000311c   Data           4  rtc.o(.data)
    RTCEVT_whole_minute_id                   0x20003120   Data           4  rtc.o(.data)
    RTC_second_last                          0x20003128   Data           4  rtc.o(.data)
    uart_rx_buf                              0x2000312c   Data        1032  main.o(.bss)
    uart_tx_buf                              0x20003534   Data        1160  main.o(.bss)
    ota_w                                    0x200039bc   Data          40  ota.o(.bss)
    syd_sysTimer                             0x200039e4   Data          48  timer_handler.o(.bss)
    syd_rtc                                  0x20003a14   Data          48  rtc_handler.o(.bss)
    __initial_sp                             0x20003f38   Data           0  startup_armcm0.o(STACK)



==============================================================================

Memory Map of the image

  Image Entry point : 0x100000c1

  Load Region LR_IROM1 (Base: 0x10000000, Size: 0x000052d8, Max: 0x0003f000, ABSOLUTE, COMPRESSED[0x00005240])

    Execution Region ER_IROM1 (Base: 0x10000000, Size: 0x000051ac, Max: 0x0003f000, ABSOLUTE)

    Base Addr    Size         Type   Attr      Idx    E Section Name        Object

    0x10000000   0x000000c0   Data   RO          466    RESET               startup_armcm0.o
    0x100000c0   0x00000000   Code   RO          676  * .ARM.Collect$$$$00000000  mc_p.l(entry.o)
    0x100000c0   0x00000004   Code   RO          741    .ARM.Collect$$$$00000001  mc_p.l(entry2.o)
    0x100000c4   0x00000004   Code   RO          744    .ARM.Collect$$$$00000004  mc_p.l(entry5.o)
    0x100000c8   0x00000000   Code   RO          746    .ARM.Collect$$$$00000008  mc_p.l(entry7b.o)
    0x100000c8   0x00000000   Code   RO          748    .ARM.Collect$$$$0000000A  mc_p.l(entry8b.o)
    0x100000c8   0x00000008   Code   RO          749    .ARM.Collect$$$$0000000B  mc_p.l(entry9a.o)
    0x100000d0   0x00000000   Code   RO          751    .ARM.Collect$$$$0000000D  mc_p.l(entry10a.o)
    0x100000d0   0x00000000   Code   RO          753    .ARM.Collect$$$$0000000F  mc_p.l(entry11a.o)
    0x100000d0   0x00000004   Code   RO          742    .ARM.Collect$$$$00002712  mc_p.l(entry2.o)
    0x100000d4   0x00000900   Code   RO            3    .text               main.o
    0x100009d4   0x0000005c   Code   RO           97    .text               uart_protocol.o
    0x10000a30   0x00000020   Code   RO          121    .text               delay.o
    0x10000a50   0x000004ec   Code   RO          147    .text               ota.o
    0x10000f3c   0x000002b4   Code   RO          190    .text               gpio.o
    0x100011f0   0x00000144   Code   RO          260    .text               uart.o
    0x10001334   0x0000004c   Code   RO          322    .text               timer_handler.o
    0x10001380   0x0000004c   Code   RO          355    .text               rtc_handler.o
    0x100013cc   0x00000070   Code   RO          384    .text               debug.o
    0x1000143c   0x0000001c   Code   RO          467    .text               startup_armcm0.o
    0x10001458   0x00000010   Code   RO          474    .text               system_armcm0.o
    0x10001468   0x000020fc   Code   RO          505    .text               syd8811_ble_lib.lib(main.o)
    0x10003564   0x000004d8   Code   RO          583    .text               Syd8811_softtimer_lib.lib(timer.o)
    0x10003a3c   0x000005d0   Code   RO          641    .text               Syd8811_softtimer_lib.lib(rtc.o)
    0x1000400c   0x0000002c   Code   RO          679    .text               mc_p.l(uidiv.o)
    0x10004038   0x00000028   Code   RO          681    .text               mc_p.l(idiv.o)
    0x10004060   0x00000024   Code   RO          683    .text               mc_p.l(memcpya.o)
    0x10004084   0x00000024   Code   RO          685    .text               mc_p.l(memseta.o)
    0x100040a8   0x0000001a   Code   RO          687    .text               mc_p.l(memcmp.o)
    0x100040c2   0x00000014   Code   RO          719    .text               mc_p.l(uread4.o)
    0x100040d6   0x00000012   Code   RO          721    .text               mc_p.l(uwrite4.o)
    0x100040e8   0x000000b2   Code   RO          723    .text               mf_p.l(fadd.o)
    0x1000419a   0x00000002   PAD
    0x1000419c   0x00000164   Code   RO          725    .text               mf_p.l(dadd.o)
    0x10004300   0x000000d0   Code   RO          727    .text               mf_p.l(dmul.o)
    0x100043d0   0x000000f0   Code   RO          729    .text               mf_p.l(ddiv.o)
    0x100044c0   0x0000000e   Code   RO          731    .text               mf_p.l(ffltui.o)
    0x100044ce   0x00000002   PAD
    0x100044d0   0x00000028   Code   RO          733    .text               mf_p.l(dflti.o)
    0x100044f8   0x0000001c   Code   RO          735    .text               mf_p.l(dfltui.o)
    0x10004514   0x0000003c   Code   RO          737    .text               mf_p.l(dfixui.o)
    0x10004550   0x00000028   Code   RO          739    .text               mf_p.l(f2d.o)
    0x10004578   0x00000060   Code   RO          758    .text               mc_p.l(uldiv.o)
    0x100045d8   0x00000020   Code   RO          760    .text               mc_p.l(llshl.o)
    0x100045f8   0x00000022   Code   RO          762    .text               mc_p.l(llushr.o)
    0x1000461a   0x00000026   Code   RO          764    .text               mc_p.l(llsshr.o)
    0x10004640   0x00000000   Code   RO          766    .text               mc_p.l(iusefp.o)
    0x10004640   0x00000082   Code   RO          767    .text               mf_p.l(fepilogue.o)
    0x100046c2   0x000000be   Code   RO          769    .text               mf_p.l(depilogue.o)
    0x10004780   0x00000040   Code   RO          773    .text               mf_p.l(dfixul.o)
    0x100047c0   0x00000028   Code   RO          775    .text               mf_p.l(cdrcmple.o)
    0x100047e8   0x00000024   Code   RO          777    .text               mc_p.l(init.o)
    0x1000480c   0x00000056   Code   RO          789    .text               mc_p.l(__dczerorl2.o)
    0x10004862   0x00000002   PAD
    0x10004864   0x00000024   Code   RO          698    i.__0vsprintf       mc_p.l(printfa.o)
    0x10004888   0x0000002e   Code   RO          771    i.__ARM_clz         mf_p.l(depilogue.o)
    0x100048b6   0x0000001a   Code   RO           23    i.__ARM_common_switch8  main.o
    0x100048d0   0x0000000e   Code   RO          783    i.__scatterload_copy  mc_p.l(handlers.o)
    0x100048de   0x00000002   Code   RO          784    i.__scatterload_null  mc_p.l(handlers.o)
    0x100048e0   0x0000000e   Code   RO          785    i.__scatterload_zeroinit  mc_p.l(handlers.o)
    0x100048ee   0x00000002   PAD
    0x100048f0   0x00000158   Code   RO          699    i._fp_digits        mc_p.l(printfa.o)
    0x10004a48   0x000006ec   Code   RO          700    i._printf_core      mc_p.l(printfa.o)
    0x10005134   0x00000020   Code   RO          701    i._printf_post_padding  mc_p.l(printfa.o)
    0x10005154   0x0000002c   Code   RO          702    i._printf_pre_padding  mc_p.l(printfa.o)
    0x10005180   0x0000000a   Code   RO          704    i._sputc            mc_p.l(printfa.o)
    0x1000518a   0x00000002   PAD
    0x1000518c   0x00000020   Data   RO          781    Region$$Table       anon$$obj.o


    Execution Region RW_IRAM1 (Base: 0x20003000, Size: 0x00000f38, Max: 0x00005000, ABSOLUTE, COMPRESSED[0x00000094])

    Base Addr    Size         Type   Attr      Idx    E Section Name        Object

    0x20003000   0x0000003b   Data   RW            5    .data               main.o
    0x2000303b   0x00000001   PAD
    0x2000303c   0x0000001c   Data   RW          149    .data               ota.o
    0x20003058   0x00000048   Data   RW          197    .data               gpio.o
    0x200030a0   0x00000008   Data   RW          266    .data               uart.o
    0x200030a8   0x00000004   Data   RW          357    .data               rtc_handler.o
    0x200030ac   0x00000004   Data   RW          475    .data               system_armcm0.o
    0x200030b0   0x00000038   Data   RW          507    .data               syd8811_ble_lib.lib(main.o)
    0x200030e8   0x0000001c   Data   RW          585    .data               Syd8811_softtimer_lib.lib(timer.o)
    0x20003104   0x00000028   Data   RW          642    .data               Syd8811_softtimer_lib.lib(rtc.o)
    0x2000312c   0x00000890   Zero   RW            4    .bss                main.o
    0x200039bc   0x00000028   Zero   RW          148    .bss                ota.o
    0x200039e4   0x00000030   Zero   RW          323    .bss                timer_handler.o
    0x20003a14   0x00000030   Zero   RW          356    .bss                rtc_handler.o
    0x20003a44   0x00000080   Zero   RW          385    .bss                debug.o
    0x20003ac4   0x00000068   Zero   RW          506    .bss                syd8811_ble_lib.lib(main.o)
    0x20003b2c   0x0000000c   Zero   RW          584    .bss                Syd8811_softtimer_lib.lib(timer.o)
    0x20003b38   0x00000400   Zero   RW          464    STACK               startup_armcm0.o


==============================================================================

Image component sizes


      Code (inc. data)   RO Data    RW Data    ZI Data      Debug   Object Name

       112         18          0          0        128       2245   debug.o
        32          6          0          0          0        587   delay.o
       692          8          0         72          0       3499   gpio.o
      2330        622          0         59       2192      52007   main.o
      1260        368          0         28         40      35333   ota.o
        76         12          0          4         48       3047   rtc_handler.o
        28          8        192          0       1024        656   startup_armcm0.o
        16          8          0          4          0        739   system_armcm0.o
        76         12          0          0         48       3030   timer_handler.o
       324         14          0          8          0       8389   uart.o
        92          8          0          0          0       1251   uart_protocol.o

    ----------------------------------------------------------------------
      5038       1084        224        176       3480     110783   Object Totals
         0          0         32          0          0          0   (incl. Generated)
         0          0          0          1          0          0   (incl. Padding)

    ----------------------------------------------------------------------

      Code (inc. data)   RO Data    RW Data    ZI Data      Debug   Library Member Name

      1488         38          0         40          0      17407   rtc.o
      1240         26          0         28         12      40773   timer.o
        86          0          0          0          0          0   __dczerorl2.o
         0          0          0          0          0          0   entry.o
         0          0          0          0          0          0   entry10a.o
         0          0          0          0          0          0   entry11a.o
         8          4          0          0          0          0   entry2.o
         4          0          0          0          0          0   entry5.o
         0          0          0          0          0          0   entry7b.o
         0          0          0          0          0          0   entry8b.o
         8          4          0          0          0          0   entry9a.o
        30          0          0          0          0          0   handlers.o
        40          0          0          0          0         72   idiv.o
        36          8          0          0          0         68   init.o
         0          0          0          0          0          0   iusefp.o
        32          0          0          0          0         68   llshl.o
        38          0          0          0          0         68   llsshr.o
        34          0          0          0          0         68   llushr.o
        26          0          0          0          0         72   memcmp.o
        36          0          0          0          0         60   memcpya.o
        36          0          0          0          0        100   memseta.o
      2238         96          0          0          0        460   printfa.o
        44          0          0          0          0         72   uidiv.o
        96          0          0          0          0         84   uldiv.o
        20          0          0          0          0         60   uread4.o
        18          0          0          0          0         60   uwrite4.o
        40          2          0          0          0         68   cdrcmple.o
       356          4          0          0          0        140   dadd.o
       240          6          0          0          0         84   ddiv.o
       236          0          0          0          0        216   depilogue.o
        60         10          0          0          0         68   dfixui.o
        64         10          0          0          0         68   dfixul.o
        40          6          0          0          0         68   dflti.o
        28          4          0          0          0         68   dfltui.o
       208          6          0          0          0         88   dmul.o
        40          0          0          0          0         60   f2d.o
       178          0          0          0          0        108   fadd.o
       130          0          0          0          0        144   fepilogue.o
        14          0          0          0          0         68   ffltui.o
      8444        424          0         56        104     100682   main.o

    ----------------------------------------------------------------------
     15646        648          0        124        116     161422   Library Totals
        10          0          0          0          0          0   (incl. Padding)

    ----------------------------------------------------------------------

      Code (inc. data)   RO Data    RW Data    ZI Data      Debug   Library Name

      2728         64          0         68         12      58180   Syd8811_softtimer_lib.lib
      2830        112          0          0          0       1312   mc_p.l
      1634         48          0          0          0       1248   mf_p.l
      8444        424          0         56        104     100682   syd8811_ble_lib.lib

    ----------------------------------------------------------------------
     15646        648          0        124        116     161422   Library Totals

    ----------------------------------------------------------------------

==============================================================================


      Code (inc. data)   RO Data    RW Data    ZI Data      Debug   

     20684       1732        224        300       3596     269825   Grand Totals
     20684       1732        224        148       3596     269825   ELF Image Totals (compressed)
     20684       1732        224        148          0          0   ROM Totals

==============================================================================

    Total RO  Size (Code + RO Data)                20908 (  20.42kB)
    Total RW  Size (RW Data + ZI Data)              3896 (   3.80kB)
    Total ROM Size (Code + RO Data + RW Data)      21056 (  20.56kB)

==============================================================================

